../Core/Src/main.c:185:5:main	8	static
../Core/Src/main.c:291:6:SystemClock_Config	88	static
../Core/Src/main.c:341:13:MX_CAN1_Init	8	static
../Core/Src/main.c:378:13:MX_CAN2_Init	8	static
../Core/Src/main.c:415:13:MX_I2C3_Init	8	static
../Core/Src/main.c:449:13:MX_SPI1_Init	8	static
../Core/Src/main.c:487:13:MX_TIM1_Init	80	static
../Core/Src/main.c:564:13:MX_TIM4_Init	64	static
../Core/Src/main.c:623:13:MX_TIM5_Init	48	static
../Core/Src/main.c:680:13:MX_TIM8_Init	80	static
../Core/Src/main.c:753:13:MX_TIM10_Init	40	static
../Core/Src/main.c:799:13:MX_USART1_UART_Init	8	static
../Core/Src/main.c:832:13:MX_USART3_UART_Init	8	static
../Core/Src/main.c:865:13:MX_USART6_UART_Init	8	static
../Core/Src/main.c:896:13:MX_DMA_Init	16	static
../Core/Src/main.c:936:13:MX_GPIO_Init	64	static
../Core/Src/main.c:1008:7:determiningTrigAngle	16	static
../Core/Src/main.c:1020:9:wheelRotation	24	static
../Core/Src/main.c:1035:7:swerveScaler	24	static
../Core/Src/main.c:1055:9:PD	24	static
../Core/Src/main.c:1069:6:TaskMain	16	static
../Core/Src/main.c:1088:6:TaskChassis	128	static
../Core/Src/main.c:1173:13:imu_temp_control_task	16	static
../Core/Src/main.c:1191:6:TaskTurret	16	static
../Core/Src/main.c:1207:6:Error_Handler	4	static,ignoring_inline_asm
