Archive member included to satisfy reference by file (symbol)

C:/ST/STM32CubeIDE_1.12.1/STM32CubeIDE/plugins/com.st.stm32cube.ide.mcu.externaltools.gnu-tools-for-stm32.12.3.rel1.win32_1.0.100.202403111256/tools/bin/../lib/gcc/arm-none-eabi/12.3.1/../../../../arm-none-eabi/lib/thumb/v7e-m+fp/hard\libc_nano.a(libc_a-exit.o)
                              C:/ST/STM32CubeIDE_1.12.1/STM32CubeIDE/plugins/com.st.stm32cube.ide.mcu.externaltools.gnu-tools-for-stm32.12.3.rel1.win32_1.0.100.202403111256/tools/bin/../lib/gcc/arm-none-eabi/12.3.1/../../../../arm-none-eabi/lib/thumb/v7e-m+fp/hard/crt0.o (exit)
C:/ST/STM32CubeIDE_1.12.1/STM32CubeIDE/plugins/com.st.stm32cube.ide.mcu.externaltools.gnu-tools-for-stm32.12.3.rel1.win32_1.0.100.202403111256/tools/bin/../lib/gcc/arm-none-eabi/12.3.1/../../../../arm-none-eabi/lib/thumb/v7e-m+fp/hard\libc_nano.a(libc_a-findfp.o)
                              ./Middlewares/Third_Party/FreeRTOS/Source/tasks.o (__sf)
C:/ST/STM32CubeIDE_1.12.1/STM32CubeIDE/plugins/com.st.stm32cube.ide.mcu.externaltools.gnu-tools-for-stm32.12.3.rel1.win32_1.0.100.202403111256/tools/bin/../lib/gcc/arm-none-eabi/12.3.1/../../../../arm-none-eabi/lib/thumb/v7e-m+fp/hard\libc_nano.a(libc_a-fwalk.o)
                              C:/ST/STM32CubeIDE_1.12.1/STM32CubeIDE/plugins/com.st.stm32cube.ide.mcu.externaltools.gnu-tools-for-stm32.12.3.rel1.win32_1.0.100.202403111256/tools/bin/../lib/gcc/arm-none-eabi/12.3.1/../../../../arm-none-eabi/lib/thumb/v7e-m+fp/hard\libc_nano.a(libc_a-findfp.o) (_fwalk_sglue)
C:/ST/STM32CubeIDE_1.12.1/STM32CubeIDE/plugins/com.st.stm32cube.ide.mcu.externaltools.gnu-tools-for-stm32.12.3.rel1.win32_1.0.100.202403111256/tools/bin/../lib/gcc/arm-none-eabi/12.3.1/../../../../arm-none-eabi/lib/thumb/v7e-m+fp/hard\libc_nano.a(libc_a-stdio.o)
                              C:/ST/STM32CubeIDE_1.12.1/STM32CubeIDE/plugins/com.st.stm32cube.ide.mcu.externaltools.gnu-tools-for-stm32.12.3.rel1.win32_1.0.100.202403111256/tools/bin/../lib/gcc/arm-none-eabi/12.3.1/../../../../arm-none-eabi/lib/thumb/v7e-m+fp/hard\libc_nano.a(libc_a-findfp.o) (__sread)
C:/ST/STM32CubeIDE_1.12.1/STM32CubeIDE/plugins/com.st.stm32cube.ide.mcu.externaltools.gnu-tools-for-stm32.12.3.rel1.win32_1.0.100.202403111256/tools/bin/../lib/gcc/arm-none-eabi/12.3.1/../../../../arm-none-eabi/lib/thumb/v7e-m+fp/hard\libc_nano.a(libc_a-vsprintf.o)
                              ./Core/Src/UART.o (vsprintf)
C:/ST/STM32CubeIDE_1.12.1/STM32CubeIDE/plugins/com.st.stm32cube.ide.mcu.externaltools.gnu-tools-for-stm32.12.3.rel1.win32_1.0.100.202403111256/tools/bin/../lib/gcc/arm-none-eabi/12.3.1/../../../../arm-none-eabi/lib/thumb/v7e-m+fp/hard\libc_nano.a(libc_a-memset.o)
                              C:/ST/STM32CubeIDE_1.12.1/STM32CubeIDE/plugins/com.st.stm32cube.ide.mcu.externaltools.gnu-tools-for-stm32.12.3.rel1.win32_1.0.100.202403111256/tools/bin/../lib/gcc/arm-none-eabi/12.3.1/../../../../arm-none-eabi/lib/thumb/v7e-m+fp/hard/crt0.o (memset)
C:/ST/STM32CubeIDE_1.12.1/STM32CubeIDE/plugins/com.st.stm32cube.ide.mcu.externaltools.gnu-tools-for-stm32.12.3.rel1.win32_1.0.100.202403111256/tools/bin/../lib/gcc/arm-none-eabi/12.3.1/../../../../arm-none-eabi/lib/thumb/v7e-m+fp/hard\libc_nano.a(libc_a-closer.o)
                              C:/ST/STM32CubeIDE_1.12.1/STM32CubeIDE/plugins/com.st.stm32cube.ide.mcu.externaltools.gnu-tools-for-stm32.12.3.rel1.win32_1.0.100.202403111256/tools/bin/../lib/gcc/arm-none-eabi/12.3.1/../../../../arm-none-eabi/lib/thumb/v7e-m+fp/hard\libc_nano.a(libc_a-stdio.o) (_close_r)
C:/ST/STM32CubeIDE_1.12.1/STM32CubeIDE/plugins/com.st.stm32cube.ide.mcu.externaltools.gnu-tools-for-stm32.12.3.rel1.win32_1.0.100.202403111256/tools/bin/../lib/gcc/arm-none-eabi/12.3.1/../../../../arm-none-eabi/lib/thumb/v7e-m+fp/hard\libc_nano.a(libc_a-reent.o)
                              ./Middlewares/Third_Party/FreeRTOS/Source/tasks.o (_reclaim_reent)
C:/ST/STM32CubeIDE_1.12.1/STM32CubeIDE/plugins/com.st.stm32cube.ide.mcu.externaltools.gnu-tools-for-stm32.12.3.rel1.win32_1.0.100.202403111256/tools/bin/../lib/gcc/arm-none-eabi/12.3.1/../../../../arm-none-eabi/lib/thumb/v7e-m+fp/hard\libc_nano.a(libc_a-impure.o)
                              ./Middlewares/Third_Party/FreeRTOS/Source/tasks.o (_impure_ptr)
C:/ST/STM32CubeIDE_1.12.1/STM32CubeIDE/plugins/com.st.stm32cube.ide.mcu.externaltools.gnu-tools-for-stm32.12.3.rel1.win32_1.0.100.202403111256/tools/bin/../lib/gcc/arm-none-eabi/12.3.1/../../../../arm-none-eabi/lib/thumb/v7e-m+fp/hard\libc_nano.a(libc_a-lseekr.o)
                              C:/ST/STM32CubeIDE_1.12.1/STM32CubeIDE/plugins/com.st.stm32cube.ide.mcu.externaltools.gnu-tools-for-stm32.12.3.rel1.win32_1.0.100.202403111256/tools/bin/../lib/gcc/arm-none-eabi/12.3.1/../../../../arm-none-eabi/lib/thumb/v7e-m+fp/hard\libc_nano.a(libc_a-stdio.o) (_lseek_r)
[...]
Memory Configuration

Name             Origin             Length             Attributes
CCMRAM           0x10000000         0x00010000         xrw
RAM              0x20000000         0x00020000         xrw
FLASH            0x08000000         0x00100000         xr
*default*        0x00000000         0xffffffff

Linker script and memory map

LOAD C:/ST/STM32CubeIDE_1.12.1/STM32CubeIDE/plugins/com.st.stm32cube.ide.mcu.externaltools.gnu-tools-for-stm32.12.3.rel1.win32_1.0.100.202403111256/tools/bin/../lib/gcc/arm-none-eabi/12.3.1/thumb/v7e-m+fp/hard/crti.o
LOAD C:/ST/STM32CubeIDE_1.12.1/STM32CubeIDE/plugins/com.st.stm32cube.ide.mcu.externaltools.gnu-tools-for-stm32.12.3.rel1.win32_1.0.100.202403111256/tools/bin/../lib/gcc/arm-none-eabi/12.3.1/thumb/v7e-m+fp/hard/crtbegin.o
LOAD C:/ST/STM32CubeIDE_1.12.1/STM32CubeIDE/plugins/com.st.stm32cube.ide.mcu.externaltools.gnu-tools-for-stm32.12.3.rel1.win32_1.0.100.202403111256/tools/bin/../lib/gcc/arm-none-eabi/12.3.1/../../../../arm-none-eabi/lib/thumb/v7e-m+fp/hard/crt0.o
LOAD ./Core/Src/BMI088Middleware.o
LOAD ./Core/Src/BMI088driver.o
LOAD ./Core/Src/CAN_receive.o
LOAD ./Core/Src/UART.o
LOAD ./Core/Src/bsp_can.o
LOAD ./Core/Src/bsp_imu_pwm.o
LOAD ./Core/Src/bsp_rc.o
LOAD ./Core/Src/ctrl_handling.o
LOAD ./Core/Src/freertos.o
LOAD ./Core/Src/imu_temp_control_task.o
LOAD ./Core/Src/ist8310driver.o
LOAD ./Core/Src/ist8310driver_middleware.o
LOAD ./Core/Src/main.o
LOAD ./Core/Src/pid.o
LOAD ./Core/Src/pwm.o
LOAD ./Core/Src/remote_control.o
LOAD ./Core/Src/stm32f4xx_hal_msp.o
LOAD ./Core/Src/stm32f4xx_it.o
LOAD ./Core/Src/syscalls.o
LOAD ./Core/Src/sysmem.o
LOAD ./Core/Src/system_stm32f4xx.o
LOAD ./Core/Startup/startup_stm32f407ighx.o
LOAD ./Drivers/STM32F4xx_HAL_Driver/Src/stm32f4xx_hal.o
LOAD ./Drivers/STM32F4xx_HAL_Driver/Src/stm32f4xx_hal_can.o
LOAD ./Drivers/STM32F4xx_HAL_Driver/Src/stm32f4xx_hal_cortex.o
LOAD ./Drivers/STM32F4xx_HAL_Driver/Src/stm32f4xx_hal_dma.o
LOAD ./Drivers/STM32F4xx_HAL_Driver/Src/stm32f4xx_hal_dma_ex.o
LOAD ./Drivers/STM32F4xx_HAL_Driver/Src/stm32f4xx_hal_exti.o
LOAD ./Drivers/STM32F4xx_HAL_Driver/Src/stm32f4xx_hal_flash.o
LOAD ./Drivers/STM32F4xx_HAL_Driver/Src/stm32f4xx_hal_flash_ex.o
LOAD ./Drivers/STM32F4xx_HAL_Driver/Src/stm32f4xx_hal_flash_ramfunc.o
LOAD ./Drivers/STM32F4xx_HAL_Driver/Src/stm32f4xx_hal_gpio.o
LOAD ./Drivers/STM32F4xx_HAL_Driver/Src/stm32f4xx_hal_i2c.o
LOAD ./Drivers/STM32F4xx_HAL_Driver/Src/stm32f4xx_hal_i2c_ex.o
LOAD ./Drivers/STM32F4xx_HAL_Driver/Src/stm32f4xx_hal_pwr.o
LOAD ./Drivers/STM32F4xx_HAL_Driver/Src/stm32f4xx_hal_pwr_ex.o
LOAD ./Drivers/STM32F4xx_HAL_Driver/Src/stm32f4xx_hal_rcc.o
LOAD ./Drivers/STM32F4xx_HAL_Driver/Src/stm32f4xx_hal_rcc_ex.o
LOAD ./Drivers/STM32F4xx_HAL_Driver/Src/stm32f4xx_hal_spi.o
LOAD ./Drivers/STM32F4xx_HAL_Driver/Src/stm32f4xx_hal_tim.o
LOAD ./Drivers/STM32F4xx_HAL_Driver/Src/stm32f4xx_hal_tim_ex.o
LOAD ./Drivers/STM32F4xx_HAL_Driver/Src/stm32f4xx_hal_uart.o
LOAD ./Middlewares/Third_Party/FreeRTOS/Source/CMSIS_RTOS_V2/cmsis_os2.o
LOAD ./Middlewares/Third_Party/FreeRTOS/Source/croutine.o
LOAD ./Middlewares/Third_Party/FreeRTOS/Source/event_groups.o
LOAD ./Middlewares/Third_Party/FreeRTOS/Source/list.o
LOAD ./Middlewares/Third_Party/FreeRTOS/Source/queue.o
LOAD ./Middlewares/Third_Party/FreeRTOS/Source/stream_buffer.o
LOAD ./Middlewares/Third_Party/FreeRTOS/Source/tasks.o
LOAD ./Middlewares/Third_Party/FreeRTOS/Source/timers.o
LOAD ./Middlewares/Third_Party/FreeRTOS/Source/portable/GCC/ARM_CM4F/port.o
LOAD ./Middlewares/Third_Party/FreeRTOS/Source/portable/MemMang/heap_4.o
START GROUP
LOAD C:/ST/STM32CubeIDE_1.12.1/STM32CubeIDE/plugins/com.st.stm32cube.ide.mcu.externaltools.gnu-tools-for-stm32.12.3.rel1.win32_1.0.100.202403111256/tools/bin/../lib/gcc/arm-none-eabi/12.3.1/../../../../arm-none-eabi/lib/thumb/v7e-m+fp/hard\libc_nano.a
LOAD C:/ST/STM32CubeIDE_1.12.1/STM32CubeIDE/plugins/com.st.stm32cube.ide.mcu.externaltools.gnu-tools-for-stm32.12.3.rel1.win32_1.0.100.202403111256/tools/bin/../lib/gcc/arm-none-eabi/12.3.1/../../../../arm-none-eabi/lib/thumb/v7e-m+fp/hard\libm.a
END GROUP
START GROUP
LOAD C:/ST/STM32CubeIDE_1.12.1/STM32CubeIDE/plugins/com.st.stm32cube.ide.mcu.externaltools.gnu-tools-for-stm32.12.3.rel1.win32_1.0.100.202403111256/tools/bin/../lib/gcc/arm-none-eabi/12.3.1/thumb/v7e-m+fp/hard\libgcc.a
LOAD C:/ST/STM32CubeIDE_1.12.1/STM32CubeIDE/plugins/com.st.stm32cube.ide.mcu.externaltools.gnu-tools-for-stm32.12.3.rel1.win32_1.0.100.202403111256/tools/bin/../lib/gcc/arm-none-eabi/12.3.1/../../../../arm-none-eabi/lib/thumb/v7e-m+fp/hard\libc_nano.a
END GROUP
START GROUP
LOAD C:/ST/STM32CubeIDE_1.12.1/STM32CubeIDE/plugins/com.st.stm32cube.ide.mcu.externaltools.gnu-tools-for-stm32.12.3.rel1.win32_1.0.100.202403111256/tools/bin/../lib/gcc/arm-none-eabi/12.3.1/thumb/v7e-m+fp/hard\libgcc.a
LOAD C:/ST/STM32CubeIDE_1.12.1/STM32CubeIDE/plugins/com.st.stm32cube.ide.mcu.externaltools.gnu-tools-for-stm32.12.3.rel1.win32_1.0.100.202403111256/tools/bin/../lib/gcc/arm-none-eabi/12.3.1/../../../../arm-none-eabi/lib/thumb/v7e-m+fp/hard\libc_nano.a
LOAD C:/ST/STM32CubeIDE_1.12.1/STM32CubeIDE/plugins/com.st.stm32cube.ide.mcu.externaltools.gnu-tools-for-stm32.12.3.rel1.win32_1.0.100.202403111256/tools/bin/../lib/gcc/arm-none-eabi/12.3.1/../../../../arm-none-eabi/lib/thumb/v7e-m+fp/hard\libnosys.a
END GROUP
START GROUP
LOAD C:/ST/STM32CubeIDE_1.12.1/STM32CubeIDE/plugins/com.st.stm32cube.ide.mcu.externaltools.gnu-tools-for-stm32.12.3.rel1.win32_1.0.100.202403111256/tools/bin/../lib/gcc/arm-none-eabi/12.3.1/thumb/v7e-m+fp/hard\libgcc.a
LOAD C:/ST/STM32CubeIDE_1.12.1/STM32CubeIDE/plugins/com.st.stm32cube.ide.mcu.externaltools.gnu-tools-for-stm32.12.3.rel1.win32_1.0.100.202403111256/tools/bin/../lib/gcc/arm-none-eabi/12.3.1/../../../../arm-none-eabi/lib/thumb/v7e-m+fp/hard\libc_nano.a
LOAD C:/ST/STM32CubeIDE_1.12.1/STM32CubeIDE/plugins/com.st.stm32cube.ide.mcu.externaltools.gnu-tools-for-stm32.12.3.rel1.win32_1.0.100.202403111256/tools/bin/../lib/gcc/arm-none-eabi/12.3.1/../../../../arm-none-eabi/lib/thumb/v7e-m+fp/hard\libnosys.a
END GROUP
LOAD C:/ST/STM32CubeIDE_1.12.1/STM32CubeIDE/plugins/com.st.stm32cube.ide.mcu.externaltools.gnu-tools-for-stm32.12.3.rel1.win32_1.0.100.202403111256/tools/bin/../lib/gcc/arm-none-eabi/12.3.1/thumb/v7e-m+fp/hard/crtend.o
LOAD C:/ST/STM32CubeIDE_1.12.1/STM32CubeIDE/plugins/com.st.stm32cube.ide.mcu.externaltools.gnu-tools-for-stm32.12.3.rel1.win32_1.0.100.202403111256/tools/bin/../lib/gcc/arm-none-eabi/12.3.1/thumb/v7e-m+fp/hard/crtn.o
                0x20020000                        _estack = (ORIGIN (RAM) + LENGTH (RAM))
                0x00000200                        _Min_Heap_Size = 0x200
                0x00000400                        _Min_Stack_Size = 0x400

.isr_vector     0x08000000      0x188
                0x08000000                        . = ALIGN (0x4)
 *(.isr_vector)
 .isr_vector    0x08000000      0x188 ./Core/Startup/startup_stm32f407ighx.o
                0x08000000                g_pfnVectors
                0x08000188                        . = ALIGN (0x4)

.text           0x08000190     0xd1a0
                0x08000190                        . = ALIGN (0x4)
 *(.text)
 .text          0x08000190       0x40 C:/ST/STM32CubeIDE_1.12.1/STM32CubeIDE/plugins/com.st.stm32cube.ide.mcu.externaltools.gnu-tools-for-stm32.12.3.rel1.win32_1.0.100.202403111256/tools/bin/../lib/gcc/arm-none-eabi/12.3.1/thumb/v7e-m+fp/hard/crtbegin.o
 .text          0x080001d0       0x10 C:/ST/STM32CubeIDE_1.12.1/STM32CubeIDE/plugins/com.st.stm32cube.ide.mcu.externaltools.gnu-tools-for-stm32.12.3.rel1.win32_1.0.100.202403111256/tools/bin/../lib/gcc/arm-none-eabi/12.3.1/../../../../arm-none-eabi/lib/thumb/v7e-m+fp/hard\libc_nano.a(libc_a-strlen.o)
                0x080001d0                strlen
 .text          0x080001e0       0x30 C:/ST/STM32CubeIDE_1.12.1/STM32CubeIDE/plugins/com.st.stm32cube.ide.mcu.externaltools.gnu-tools-for-stm32.12.3.rel1.win32_1.0.100.202403111256/tools/bin/../lib/gcc/arm-none-eabi/12.3.1/thumb/v7e-m+fp/hard\libgcc.a(_aeabi_uldivmod.o)
                0x080001e0                __aeabi_uldivmod
 .text          0x08000210      0x2bc C:/ST/STM32CubeIDE_1.12.1/STM32CubeIDE/plugins/com.st.stm32cube.ide.mcu.externaltools.gnu-tools-for-stm32.12.3.rel1.win32_1.0.100.202403111256/tools/bin/../lib/gcc/arm-none-eabi/12.3.1/thumb/v7e-m+fp/hard\libgcc.a(_udivmoddi4.o)
                0x08000210                __udivmoddi4
 .text          0x080004cc        0x4 C:/ST/STM32CubeIDE_1.12.1/STM32CubeIDE/plugins/com.st.stm32cube.ide.mcu.externaltools.gnu-tools-for-stm32.12.3.rel1.win32_1.0.100.202403111256/tools/bin/../lib/gcc/arm-none-eabi/12.3.1/thumb/v7e-m+fp/hard\libgcc.a(_dvmd_tls.o)
                0x080004cc                __aeabi_idiv0
                0x080004cc                __aeabi_ldiv0
 *(.text*)
 .text.BMI088_delay_ms
                0x080004d0       0x28 ./Core/Src/BMI088Middleware.o
                0x080004d0                BMI088_delay_ms
 .text.BMI088_delay_us
                0x080004f8       0x88 ./Core/Src/BMI088Middleware.o
                0x080004f8                BMI088_delay_us
 .text.BMI088_ACCEL_NS_L
                0x08000580       0x20 ./Core/Src/BMI088Middleware.o
                0x08000580                BMI088_ACCEL_NS_L
 .text.BMI088_ACCEL_NS_H
                0x080005a0       0x20 ./Core/Src/BMI088Middleware.o
                0x080005a0                BMI088_ACCEL_NS_H
 .text.BMI088_GYRO_NS_L
                0x080005c0       0x20 ./Core/Src/BMI088Middleware.o
                0x080005c0                BMI088_GYRO_NS_L
 .text.BMI088_GYRO_NS_H
                0x080005e0       0x20 ./Core/Src/BMI088Middleware.o
                0x080005e0                BMI088_GYRO_NS_H
 .text.BMI088_read_write_byte
                0x08000600       0x2c ./Core/Src/BMI088Middleware.o
                0x08000600                BMI088_read_write_byte
 .text.BMI088_accel_init
                0x0800062c      0x170 ./Core/Src/BMI088driver.o
                0x0800062c                BMI088_accel_init
 .text.BMI088_gyro_init
                0x0800079c      0x130 ./Core/Src/BMI088driver.o
                0x0800079c                BMI088_gyro_init
 .text.IMU_get_temp
                0x080008cc       0x28 ./Core/Src/BMI088driver.o
                0x080008cc                IMU_get_temp
 .text.BMI088_read
                0x080008f4      0x1dc ./Core/Src/BMI088driver.o
                0x080008f4                BMI088_read
 .text.BMI088_write_single_reg
                0x08000ad0       0x28 ./Core/Src/BMI088driver.o
 .text.BMI088_read_single_reg
                0x08000af8       0x30 ./Core/Src/BMI088driver.o
 .text.BMI088_read_muli_reg
                0x08000b28       0x4a ./Core/Src/BMI088driver.o
 *fill*         0x08000b72        0x2 
 .text.HAL_CAN_RxFifo0MsgPendingCallback
                0x08000b74      0x200 ./Core/Src/CAN_receive.o
                0x08000b74                HAL_CAN_RxFifo0MsgPendingCallback
 .text.CAN2_cmd_motors
                0x08000d74       0xb0 ./Core/Src/CAN_receive.o
                0x08000d74                CAN2_cmd_motors
 .text.set_M3508_current
                0x08000e24       0x8c ./Core/Src/CAN_receive.o
                0x08000e24                set_M3508_current
 .text.calc_current2RPM_PID
                0x08000eb0      0x17c ./Core/Src/CAN_receive.o
                0x08000eb0                calc_current2RPM_PID
 .text.setM3508RPM
                0x0800102c       0x68 ./Core/Src/CAN_receive.o
                0x0800102c                setM3508RPM
 .text.usart_Init
                0x08001094       0x30 ./Core/Src/UART.o
                0x08001094                usart_Init
 .text.HAL_UARTEx_RxEventCallback
                0x080010c4      0x47c ./Core/Src/UART.o
                0x080010c4                HAL_UARTEx_RxEventCallback
 .text.can_filter_init
                0x08001540       0x74 ./Core/Src/bsp_can.o
                0x08001540                can_filter_init
 .text.imu_pwm_set
                0x080015b4       0x20 ./Core/Src/bsp_imu_pwm.o
                0x080015b4                imu_pwm_set
 .text.RC_init  0x080015d4       0xb8 ./Core/Src/bsp_rc.o
                0x080015d4                RC_init
 .text.imu_temp_control_task
                0x0800168c       0xd4 ./Core/Src/imu_temp_control_task.o
                0x0800168c                imu_temp_control_task
 .text.HAL_GPIO_EXTI_Callback
                0x08001760       0x68 ./Core/Src/imu_temp_control_task.o
                0x08001760                HAL_GPIO_EXTI_Callback
 .text.ist8310_init
                0x080017c8       0xe8 ./Core/Src/ist8310driver.o
                0x080017c8                ist8310_init
 .text.ist8310_read_mag
                0x080018b0       0xa4 ./Core/Src/ist8310driver.o
                0x080018b0                ist8310_read_mag
 .text.ist8310_GPIO_init
                0x08001954        0xe ./Core/Src/ist8310driver_middleware.o
                0x08001954                ist8310_GPIO_init
 .text.ist8310_com_init
                0x08001962        0xe ./Core/Src/ist8310driver_middleware.o
                0x08001962                ist8310_com_init
 .text.ist8310_IIC_read_single_reg
                0x08001970       0x38 ./Core/Src/ist8310driver_middleware.o
                0x08001970                ist8310_IIC_read_single_reg
 .text.ist8310_IIC_write_single_reg
                0x080019a8       0x38 ./Core/Src/ist8310driver_middleware.o
                0x080019a8                ist8310_IIC_write_single_reg
 .text.ist8310_IIC_read_muli_reg
                0x080019e0       0x38 ./Core/Src/ist8310driver_middleware.o
                0x080019e0                ist8310_IIC_read_muli_reg
 .text.ist8310_delay_ms
                0x08001a18       0x1a ./Core/Src/ist8310driver_middleware.o
                0x08001a18                ist8310_delay_ms
 *fill*         0x08001a32        0x2 
 .text.ist8310_delay_us
                0x08001a34       0x8c ./Core/Src/ist8310driver_middleware.o
                0x08001a34                ist8310_delay_us
 .text.ist8310_RST_H
                0x08001ac0       0x18 ./Core/Src/ist8310driver_middleware.o
                0x08001ac0                ist8310_RST_H
 .text.ist8310_RST_L
                0x08001ad8       0x18 ./Core/Src/ist8310driver_middleware.o
                0x08001ad8                ist8310_RST_L
 .text.main     0x08001af0       0xf8 ./Core/Src/main.o
                0x08001af0                main
 .text.SystemClock_Config
                0x08001be8       0xd8 ./Core/Src/main.o
                0x08001be8                SystemClock_Config
 .text.MX_CAN1_Init
                0x08001cc0       0x6c ./Core/Src/main.o
 .text.MX_CAN2_Init
                0x08001d2c       0x6c ./Core/Src/main.o
 .text.MX_I2C3_Init
                0x08001d98       0x5c ./Core/Src/main.o
 .text.MX_SPI1_Init
                0x08001df4       0x6c ./Core/Src/main.o
 .text.MX_TIM1_Init
                0x08001e60      0x150 ./Core/Src/main.o
 .text.MX_TIM4_Init
                0x08001fb0       0xec ./Core/Src/main.o
 .text.MX_TIM5_Init
                0x0800209c       0xe0 ./Core/Src/main.o
 .text.MX_TIM8_Init
                0x0800217c      0x138 ./Core/Src/main.o
 .text.MX_TIM10_Init
                0x080022b4       0x9c ./Core/Src/main.o
 .text.MX_USART1_UART_Init
                0x08002350       0x54 ./Core/Src/main.o
 .text.MX_USART3_UART_Init
                0x080023a4       0x58 ./Core/Src/main.o
 .text.MX_USART6_UART_Init
                0x080023fc       0x54 ./Core/Src/main.o
 .text.MX_DMA_Init
                0x08002450       0xec ./Core/Src/main.o
 .text.MX_GPIO_Init
                0x0800253c      0x20c ./Core/Src/main.o
 .text.TaskMain
                0x08002748       0x50 ./Core/Src/main.o
                0x08002748                TaskMain
 .text.TaskChassis
                0x08002798       0x74 ./Core/Src/main.o
                0x08002798                TaskChassis
 .text.TaskTurret
                0x0800280c       0x10 ./Core/Src/main.o
                0x0800280c                TaskTurret
 .text.Error_Handler
                0x0800281c        0xc ./Core/Src/main.o
                0x0800281c                Error_Handler
 .text.PID_init
                0x08002828       0xae ./Core/Src/pid.o
                0x08002828                PID_init
 .text.PID_calc
                0x080028d6      0x290 ./Core/Src/pid.o
                0x080028d6                PID_calc
 *fill*         0x08002b66        0x2 
 .text.PWMInit  0x08002b68       0x68 ./Core/Src/pwm.o
                0x08002b68                PWMInit
 .text.calculateOutputPeriodToGetFrequency
                0x08002bd0       0xac ./Core/Src/pwm.o
                0x08002bd0                calculateOutputPeriodToGetFrequency
 .text.safeOutputPeriodValueCalculator
                0x08002c7c       0x4e ./Core/Src/pwm.o
                0x08002c7c                safeOutputPeriodValueCalculator
 *fill*         0x08002cca        0x2 
 .text.calculateOutputPeriodValue
                0x08002ccc       0xd8 ./Core/Src/pwm.o
                0x08002ccc                calculateOutputPeriodValue
 .text.PWMInitialize
                0x08002da4      0x150 ./Core/Src/pwm.o
                0x08002da4                PWMInitialize
 .text.MotorPositionForInitializingPeriod
                0x08002ef4       0x60 ./Core/Src/pwm.o
                0x08002ef4                MotorPositionForInitializingPeriod
 .text.initializePeriod
                0x08002f54       0x80 ./Core/Src/pwm.o
                0x08002f54                initializePeriod
 .text.PWMOutput
                0x08002fd4       0x60 ./Core/Src/pwm.o
                0x08002fd4                PWMOutput
 .text.PWMOff   0x08003034       0x58 ./Core/Src/pwm.o
                0x08003034                PWMOff
 .text.PWMTimerStarter
                0x0800308c      0x218 ./Core/Src/pwm.o
                0x0800308c                PWMTimerStarter
 .text.remote_control_init
                0x080032a4       0x1c ./Core/Src/remote_control.o
                0x080032a4                remote_control_init
 .text.get_remote_control_point
                0x080032c0       0x14 ./Core/Src/remote_control.o
                0x080032c0                get_remote_control_point
 .text.USART3_IRQHandler
                0x080032d4      0x138 ./Core/Src/remote_control.o
                0x080032d4                USART3_IRQHandler
 .text.sbus_to_rc
                0x0800340c      0x220 ./Core/Src/remote_control.o
 .text.HAL_MspInit
                0x0800362c       0x58 ./Core/Src/stm32f4xx_hal_msp.o
                0x0800362c                HAL_MspInit
 .text.HAL_CAN_MspInit
                0x08003684      0x160 ./Core/Src/stm32f4xx_hal_msp.o
                0x08003684                HAL_CAN_MspInit
 .text.HAL_I2C_MspInit
                0x080037e4       0xd4 ./Core/Src/stm32f4xx_hal_msp.o
                0x080037e4                HAL_I2C_MspInit
 .text.HAL_SPI_MspInit
                0x080038b8       0xd0 ./Core/Src/stm32f4xx_hal_msp.o
                0x080038b8                HAL_SPI_MspInit
 .text.HAL_TIM_PWM_MspInit
                0x08003988      0x24c ./Core/Src/stm32f4xx_hal_msp.o
                0x08003988                HAL_TIM_PWM_MspInit
 .text.HAL_TIM_Base_MspInit
                0x08003bd4       0xd4 ./Core/Src/stm32f4xx_hal_msp.o
                0x08003bd4                HAL_TIM_Base_MspInit
 .text.HAL_TIM_MspPostInit
                0x08003ca8      0x1f8 ./Core/Src/stm32f4xx_hal_msp.o
                0x08003ca8                HAL_TIM_MspPostInit
 .text.HAL_UART_MspInit
                0x08003ea0      0x3e8 ./Core/Src/stm32f4xx_hal_msp.o
                0x08003ea0                HAL_UART_MspInit
 .text.NMI_Handler
                0x08004288        0xc ./Core/Src/stm32f4xx_it.o
                0x08004288                NMI_Handler
 .text.HardFault_Handler
                0x08004294        0x8 ./Core/Src/stm32f4xx_it.o
                0x08004294                HardFault_Handler
 .text.MemManage_Handler
                0x0800429c        0x8 ./Core/Src/stm32f4xx_it.o
                0x0800429c                MemManage_Handler
 .text.BusFault_Handler
                0x080042a4        0x8 ./Core/Src/stm32f4xx_it.o
                0x080042a4                BusFault_Handler
 .text.UsageFault_Handler
                0x080042ac        0x8 ./Core/Src/stm32f4xx_it.o
                0x080042ac                UsageFault_Handler
 .text.DebugMon_Handler
                0x080042b4        0xe ./Core/Src/stm32f4xx_it.o
                0x080042b4                DebugMon_Handler
 .text.SysTick_Handler
                0x080042c2       0x1a ./Core/Src/stm32f4xx_it.o
                0x080042c2                SysTick_Handler
 .text.EXTI3_IRQHandler
                0x080042dc       0x18 ./Core/Src/stm32f4xx_it.o
                0x080042dc                EXTI3_IRQHandler
 .text.EXTI4_IRQHandler
                0x080042f4        0xe ./Core/Src/stm32f4xx_it.o
                0x080042f4                EXTI4_IRQHandler
 *fill*         0x08004302        0x2 
 .text.DMA1_Stream1_IRQHandler
                0x08004304       0x14 ./Core/Src/stm32f4xx_it.o
                0x08004304                DMA1_Stream1_IRQHandler
 .text.DMA1_Stream2_IRQHandler
                0x08004318       0x14 ./Core/Src/stm32f4xx_it.o
                0x08004318                DMA1_Stream2_IRQHandler
 .text.DMA1_Stream4_IRQHandler
                0x0800432c       0x14 ./Core/Src/stm32f4xx_it.o
                0x0800432c                DMA1_Stream4_IRQHandler
 .text.CAN1_RX0_IRQHandler
                0x08004340       0x14 ./Core/Src/stm32f4xx_it.o
                0x08004340                CAN1_RX0_IRQHandler
 .text.USART1_IRQHandler
                0x08004354       0x14 ./Core/Src/stm32f4xx_it.o
                0x08004354                USART1_IRQHandler
 .text.DMA1_Stream7_IRQHandler
                0x08004368       0x14 ./Core/Src/stm32f4xx_it.o
                0x08004368                DMA1_Stream7_IRQHandler
 .text.DMA2_Stream1_IRQHandler
                0x0800437c       0x14 ./Core/Src/stm32f4xx_it.o
                0x0800437c                DMA2_Stream1_IRQHandler
 .text.DMA2_Stream2_IRQHandler
                0x08004390       0x14 ./Core/Src/stm32f4xx_it.o
                0x08004390                DMA2_Stream2_IRQHandler
 .text.DMA2_Stream3_IRQHandler
                0x080043a4       0x14 ./Core/Src/stm32f4xx_it.o
                0x080043a4                DMA2_Stream3_IRQHandler
 .text.CAN2_RX0_IRQHandler
                0x080043b8       0x14 ./Core/Src/stm32f4xx_it.o
                0x080043b8                CAN2_RX0_IRQHandler
 .text.DMA2_Stream5_IRQHandler
                0x080043cc       0x14 ./Core/Src/stm32f4xx_it.o
                0x080043cc                DMA2_Stream5_IRQHandler
 .text.DMA2_Stream6_IRQHandler
                0x080043e0       0x14 ./Core/Src/stm32f4xx_it.o
                0x080043e0                DMA2_Stream6_IRQHandler
 .text.DMA2_Stream7_IRQHandler
                0x080043f4       0x14 ./Core/Src/stm32f4xx_it.o
                0x080043f4                DMA2_Stream7_IRQHandler
 .text.USART6_IRQHandler
                0x08004408       0x14 ./Core/Src/stm32f4xx_it.o
                0x08004408                USART6_IRQHandler
 .text.SystemInit
                0x0800441c       0x24 ./Core/Src/system_stm32f4xx.o
                0x0800441c                SystemInit
 .text.Reset_Handler
                0x08004440       0x50 ./Core/Startup/startup_stm32f407ighx.o
                0x08004440                Reset_Handler
 .text.Default_Handler
                0x08004490        0x2 ./Core/Startup/startup_stm32f407ighx.o
                0x08004490                RTC_Alarm_IRQHandler
                0x08004490                HASH_RNG_IRQHandler
                0x08004490                EXTI2_IRQHandler
                0x08004490                TIM8_CC_IRQHandler
                0x08004490                TIM1_CC_IRQHandler
                0x08004490                DMA1_Stream5_IRQHandler
                0x08004490                PVD_IRQHandler
                0x08004490                SDIO_IRQHandler
                0x08004490                TAMP_STAMP_IRQHandler
                0x08004490                CAN2_RX1_IRQHandler
                0x08004490                TIM8_TRG_COM_TIM14_IRQHandler
                0x08004490                TIM1_UP_TIM10_IRQHandler
                0x08004490                TIM8_UP_TIM13_IRQHandler
                0x08004490                I2C3_ER_IRQHandler
                0x08004490                EXTI0_IRQHandler
                0x08004490                I2C2_EV_IRQHandler
                0x08004490                FPU_IRQHandler
                0x08004490                OTG_HS_WKUP_IRQHandler
                0x08004490                CAN2_SCE_IRQHandler
                0x08004490                SPI1_IRQHandler
                0x08004490                TIM6_DAC_IRQHandler
                0x08004490                TIM1_BRK_TIM9_IRQHandler
                0x08004490                DCMI_IRQHandler
                0x08004490                CAN1_RX1_IRQHandler
                0x08004490                UART5_IRQHandler
                0x08004490                DMA2_Stream0_IRQHandler
                0x08004490                TIM4_IRQHandler
                0x08004490                I2C1_EV_IRQHandler
                0x08004490                DMA1_Stream6_IRQHandler
                0x08004490                UART4_IRQHandler
                0x08004490                TIM3_IRQHandler
                0x08004490                RCC_IRQHandler
                0x08004490                TIM8_BRK_TIM12_IRQHandler
                0x08004490                Default_Handler
                0x08004490                EXTI15_10_IRQHandler
                0x08004490                ADC_IRQHandler
                0x08004490                TIM7_IRQHandler
                0x08004490                CAN2_TX_IRQHandler
                0x08004490                TIM5_IRQHandler
                0x08004490                I2C3_EV_IRQHandler
                0x08004490                EXTI9_5_IRQHandler
                0x08004490                RTC_WKUP_IRQHandler
                0x08004490                ETH_WKUP_IRQHandler
                0x08004490                SPI2_IRQHandler
                0x08004490                OTG_HS_EP1_IN_IRQHandler
                0x08004490                DMA1_Stream0_IRQHandler
                0x08004490                CAN1_TX_IRQHandler
                0x08004490                FSMC_IRQHandler
                0x08004490                ETH_IRQHandler
                0x08004490                OTG_HS_EP1_OUT_IRQHandler
                0x08004490                WWDG_IRQHandler
                0x08004490                TIM2_IRQHandler
                0x08004490                OTG_FS_WKUP_IRQHandler
                0x08004490                TIM1_TRG_COM_TIM11_IRQHandler
                0x08004490                OTG_HS_IRQHandler
                0x08004490                EXTI1_IRQHandler
                0x08004490                USART2_IRQHandler
                0x08004490                I2C2_ER_IRQHandler
                0x08004490                CAN1_SCE_IRQHandler
                0x08004490                FLASH_IRQHandler
                0x08004490                DMA2_Stream4_IRQHandler
                0x08004490                OTG_FS_IRQHandler
                0x08004490                SPI3_IRQHandler
                0x08004490                I2C1_ER_IRQHandler
                0x08004490                DMA1_Stream3_IRQHandler
 *fill*         0x08004492        0x2 
 .text.HAL_Init
                0x08004494       0x44 ./Drivers/STM32F4xx_HAL_Driver/Src/stm32f4xx_hal.o
                0x08004494                HAL_Init
 .text.HAL_InitTick
                0x080044d8       0x60 ./Drivers/STM32F4xx_HAL_Driver/Src/stm32f4xx_hal.o
                0x080044d8                HAL_InitTick
 .text.HAL_IncTick
                0x08004538       0x28 ./Drivers/STM32F4xx_HAL_Driver/Src/stm32f4xx_hal.o
                0x08004538                HAL_IncTick
 .text.HAL_GetTick
                0x08004560       0x18 ./Drivers/STM32F4xx_HAL_Driver/Src/stm32f4xx_hal.o
                0x08004560                HAL_GetTick
 .text.HAL_Delay
                0x08004578       0x48 ./Drivers/STM32F4xx_HAL_Driver/Src/stm32f4xx_hal.o
                0x08004578                HAL_Delay
 .text.HAL_CAN_Init
                0x080045c0      0x1f6 ./Drivers/STM32F4xx_HAL_Driver/Src/stm32f4xx_hal_can.o
                0x080045c0                HAL_CAN_Init
 *fill*         0x080047b6        0x2 
 .text.HAL_CAN_ConfigFilter
                0x080047b8      0x1c0 ./Drivers/STM32F4xx_HAL_Driver/Src/stm32f4xx_hal_can.o
                0x080047b8                HAL_CAN_ConfigFilter
 .text.HAL_CAN_Start
                0x08004978       0x88 ./Drivers/STM32F4xx_HAL_Driver/Src/stm32f4xx_hal_can.o
                0x08004978                HAL_CAN_Start
 .text.HAL_CAN_AddTxMessage
                0x08004a00      0x1a0 ./Drivers/STM32F4xx_HAL_Driver/Src/stm32f4xx_hal_can.o
                0x08004a00                HAL_CAN_AddTxMessage
 .text.HAL_CAN_GetRxMessage
                0x08004ba0      0x244 ./Drivers/STM32F4xx_HAL_Driver/Src/stm32f4xx_hal_can.o
                0x08004ba0                HAL_CAN_GetRxMessage
 .text.HAL_CAN_ActivateNotification
                0x08004de4       0x4c ./Drivers/STM32F4xx_HAL_Driver/Src/stm32f4xx_hal_can.o
                0x08004de4                HAL_CAN_ActivateNotification
 .text.HAL_CAN_IRQHandler
                0x08004e30      0x36e ./Drivers/STM32F4xx_HAL_Driver/Src/stm32f4xx_hal_can.o
                0x08004e30                HAL_CAN_IRQHandler
 .text.HAL_CAN_TxMailbox0CompleteCallback
                0x0800519e       0x14 ./Drivers/STM32F4xx_HAL_Driver/Src/stm32f4xx_hal_can.o
                0x0800519e                HAL_CAN_TxMailbox0CompleteCallback
 .text.HAL_CAN_TxMailbox1CompleteCallback
                0x080051b2       0x14 ./Drivers/STM32F4xx_HAL_Driver/Src/stm32f4xx_hal_can.o
                0x080051b2                HAL_CAN_TxMailbox1CompleteCallback
 .text.HAL_CAN_TxMailbox2CompleteCallback
                0x080051c6       0x14 ./Drivers/STM32F4xx_HAL_Driver/Src/stm32f4xx_hal_can.o
                0x080051c6                HAL_CAN_TxMailbox2CompleteCallback
 .text.HAL_CAN_TxMailbox0AbortCallback
                0x080051da       0x14 ./Drivers/STM32F4xx_HAL_Driver/Src/stm32f4xx_hal_can.o
                0x080051da                HAL_CAN_TxMailbox0AbortCallback
 .text.HAL_CAN_TxMailbox1AbortCallback
                0x080051ee       0x14 ./Drivers/STM32F4xx_HAL_Driver/Src/stm32f4xx_hal_can.o
                0x080051ee                HAL_CAN_TxMailbox1AbortCallback
 .text.HAL_CAN_TxMailbox2AbortCallback
                0x08005202       0x14 ./Drivers/STM32F4xx_HAL_Driver/Src/stm32f4xx_hal_can.o
                0x08005202                HAL_CAN_TxMailbox2AbortCallback
 .text.HAL_CAN_RxFifo0FullCallback
                0x08005216       0x14 ./Drivers/STM32F4xx_HAL_Driver/Src/stm32f4xx_hal_can.o
                0x08005216                HAL_CAN_RxFifo0FullCallback
 .text.HAL_CAN_RxFifo1MsgPendingCallback
                0x0800522a       0x14 ./Drivers/STM32F4xx_HAL_Driver/Src/stm32f4xx_hal_can.o
                0x0800522a                HAL_CAN_RxFifo1MsgPendingCallback
 .text.HAL_CAN_RxFifo1FullCallback
                0x0800523e       0x14 ./Drivers/STM32F4xx_HAL_Driver/Src/stm32f4xx_hal_can.o
                0x0800523e                HAL_CAN_RxFifo1FullCallback
 .text.HAL_CAN_SleepCallback
                0x08005252       0x14 ./Drivers/STM32F4xx_HAL_Driver/Src/stm32f4xx_hal_can.o
                0x08005252                HAL_CAN_SleepCallback
 .text.HAL_CAN_WakeUpFromRxMsgCallback
                0x08005266       0x14 ./Drivers/STM32F4xx_HAL_Driver/Src/stm32f4xx_hal_can.o
                0x08005266                HAL_CAN_WakeUpFromRxMsgCallback
 .text.HAL_CAN_ErrorCallback
                0x0800527a       0x14 ./Drivers/STM32F4xx_HAL_Driver/Src/stm32f4xx_hal_can.o
                0x0800527a                HAL_CAN_ErrorCallback
 *fill*         0x0800528e        0x2 
 .text.__NVIC_SetPriorityGrouping
                0x08005290       0x48 ./Drivers/STM32F4xx_HAL_Driver/Src/stm32f4xx_hal_cortex.o
 .text.__NVIC_GetPriorityGrouping
                0x080052d8       0x1c ./Drivers/STM32F4xx_HAL_Driver/Src/stm32f4xx_hal_cortex.o
 .text.__NVIC_EnableIRQ
                0x080052f4       0x3c ./Drivers/STM32F4xx_HAL_Driver/Src/stm32f4xx_hal_cortex.o
 .text.__NVIC_SetPriority
                0x08005330       0x54 ./Drivers/STM32F4xx_HAL_Driver/Src/stm32f4xx_hal_cortex.o
 .text.NVIC_EncodePriority
                0x08005384       0x66 ./Drivers/STM32F4xx_HAL_Driver/Src/stm32f4xx_hal_cortex.o
 *fill*         0x080053ea        0x2 
 .text.SysTick_Config
                0x080053ec       0x44 ./Drivers/STM32F4xx_HAL_Driver/Src/stm32f4xx_hal_cortex.o
 .text.HAL_NVIC_SetPriorityGrouping
                0x08005430       0x16 ./Drivers/STM32F4xx_HAL_Driver/Src/stm32f4xx_hal_cortex.o
                0x08005430                HAL_NVIC_SetPriorityGrouping
 .text.HAL_NVIC_SetPriority
                0x08005446       0x38 ./Drivers/STM32F4xx_HAL_Driver/Src/stm32f4xx_hal_cortex.o
                0x08005446                HAL_NVIC_SetPriority
 .text.HAL_NVIC_EnableIRQ
                0x0800547e       0x1c ./Drivers/STM32F4xx_HAL_Driver/Src/stm32f4xx_hal_cortex.o
                0x0800547e                HAL_NVIC_EnableIRQ
 .text.HAL_SYSTICK_Config
                0x0800549a       0x18 ./Drivers/STM32F4xx_HAL_Driver/Src/stm32f4xx_hal_cortex.o
                0x0800549a                HAL_SYSTICK_Config
 *fill*         0x080054b2        0x2 
 .text.HAL_DMA_Init
                0x080054b4      0x15c ./Drivers/STM32F4xx_HAL_Driver/Src/stm32f4xx_hal_dma.o
                0x080054b4                HAL_DMA_Init
 .text.HAL_DMA_Start_IT
                0x08005610       0xb0 ./Drivers/STM32F4xx_HAL_Driver/Src/stm32f4xx_hal_dma.o
                0x08005610                HAL_DMA_Start_IT
 .text.HAL_DMA_Abort
                0x080056c0       0xe0 ./Drivers/STM32F4xx_HAL_Driver/Src/stm32f4xx_hal_dma.o
                0x080056c0                HAL_DMA_Abort
 .text.HAL_DMA_Abort_IT
                0x080057a0       0x44 ./Drivers/STM32F4xx_HAL_Driver/Src/stm32f4xx_hal_dma.o
                0x080057a0                HAL_DMA_Abort_IT
 .text.HAL_DMA_IRQHandler
                0x080057e4      0x314 ./Drivers/STM32F4xx_HAL_Driver/Src/stm32f4xx_hal_dma.o
                0x080057e4                HAL_DMA_IRQHandler
 .text.DMA_SetConfig
                0x08005af8       0x5c ./Drivers/STM32F4xx_HAL_Driver/Src/stm32f4xx_hal_dma.o
 .text.DMA_CalcBaseAndBitshift
                0x08005b54       0x6c ./Drivers/STM32F4xx_HAL_Driver/Src/stm32f4xx_hal_dma.o
 .text.DMA_CheckFifoParam
                0x08005bc0       0xf8 ./Drivers/STM32F4xx_HAL_Driver/Src/stm32f4xx_hal_dma.o
 .text.HAL_GPIO_Init
                0x08005cb8      0x338 ./Drivers/STM32F4xx_HAL_Driver/Src/stm32f4xx_hal_gpio.o
                0x08005cb8                HAL_GPIO_Init
 .text.HAL_GPIO_ReadPin
                0x08005ff0       0x30 ./Drivers/STM32F4xx_HAL_Driver/Src/stm32f4xx_hal_gpio.o
                0x08005ff0                HAL_GPIO_ReadPin
 .text.HAL_GPIO_WritePin
                0x08006020       0x32 ./Drivers/STM32F4xx_HAL_Driver/Src/stm32f4xx_hal_gpio.o
                0x08006020                HAL_GPIO_WritePin
 *fill*         0x08006052        0x2 
 .text.HAL_GPIO_EXTI_IRQHandler
                0x08006054       0x30 ./Drivers/STM32F4xx_HAL_Driver/Src/stm32f4xx_hal_gpio.o
                0x08006054                HAL_GPIO_EXTI_IRQHandler
 .text.HAL_I2C_Init
                0x08006084      0x288 ./Drivers/STM32F4xx_HAL_Driver/Src/stm32f4xx_hal_i2c.o
                0x08006084                HAL_I2C_Init
 .text.HAL_I2C_Mem_Write
                0x0800630c      0x1f4 ./Drivers/STM32F4xx_HAL_Driver/Src/stm32f4xx_hal_i2c.o
                0x0800630c                HAL_I2C_Mem_Write
 .text.HAL_I2C_Mem_Read
                0x08006500      0x464 ./Drivers/STM32F4xx_HAL_Driver/Src/stm32f4xx_hal_i2c.o
                0x08006500                HAL_I2C_Mem_Read
 .text.I2C_RequestMemoryWrite
                0x08006964      0x12c ./Drivers/STM32F4xx_HAL_Driver/Src/stm32f4xx_hal_i2c.o
 .text.I2C_RequestMemoryRead
                0x08006a90      0x1d0 ./Drivers/STM32F4xx_HAL_Driver/Src/stm32f4xx_hal_i2c.o
 .text.I2C_WaitOnFlagUntilTimeout
                0x08006c60       0xf4 ./Drivers/STM32F4xx_HAL_Driver/Src/stm32f4xx_hal_i2c.o
 .text.I2C_WaitOnMasterAddressFlagUntilTimeout
                0x08006d54      0x140 ./Drivers/STM32F4xx_HAL_Driver/Src/stm32f4xx_hal_i2c.o
 .text.I2C_WaitOnTXEFlagUntilTimeout
                0x08006e94       0x90 ./Drivers/STM32F4xx_HAL_Driver/Src/stm32f4xx_hal_i2c.o
 .text.I2C_WaitOnBTFFlagUntilTimeout
                0x08006f24       0x90 ./Drivers/STM32F4xx_HAL_Driver/Src/stm32f4xx_hal_i2c.o
 .text.I2C_WaitOnRXNEFlagUntilTimeout
                0x08006fb4       0xba ./Drivers/STM32F4xx_HAL_Driver/Src/stm32f4xx_hal_i2c.o
 .text.I2C_IsAcknowledgeFailed
                0x0800706e       0x5e ./Drivers/STM32F4xx_HAL_Driver/Src/stm32f4xx_hal_i2c.o
 .text.HAL_RCC_OscConfig
                0x080070cc      0x4f0 ./Drivers/STM32F4xx_HAL_Driver/Src/stm32f4xx_hal_rcc.o
                0x080070cc                HAL_RCC_OscConfig
 .text.HAL_RCC_ClockConfig
                0x080075bc      0x1cc ./Drivers/STM32F4xx_HAL_Driver/Src/stm32f4xx_hal_rcc.o
                0x080075bc                HAL_RCC_ClockConfig
 .text.HAL_RCC_EnableCSS
                0x08007788       0x18 ./Drivers/STM32F4xx_HAL_Driver/Src/stm32f4xx_hal_rcc.o
                0x08007788                HAL_RCC_EnableCSS
 .text.HAL_RCC_GetSysClockFreq
                0x080077a0      0x18c ./Drivers/STM32F4xx_HAL_Driver/Src/stm32f4xx_hal_rcc.o
                0x080077a0                HAL_RCC_GetSysClockFreq
 .text.HAL_RCC_GetHCLKFreq
                0x0800792c       0x18 ./Drivers/STM32F4xx_HAL_Driver/Src/stm32f4xx_hal_rcc.o
                0x0800792c                HAL_RCC_GetHCLKFreq
 .text.HAL_RCC_GetPCLK1Freq
                0x08007944       0x28 ./Drivers/STM32F4xx_HAL_Driver/Src/stm32f4xx_hal_rcc.o
                0x08007944                HAL_RCC_GetPCLK1Freq
 .text.HAL_RCC_GetPCLK2Freq
                0x0800796c       0x28 ./Drivers/STM32F4xx_HAL_Driver/Src/stm32f4xx_hal_rcc.o
                0x0800796c                HAL_RCC_GetPCLK2Freq
 .text.HAL_RCC_NMI_IRQHandler
                0x08007994       0x28 ./Drivers/STM32F4xx_HAL_Driver/Src/stm32f4xx_hal_rcc.o
                0x08007994                HAL_RCC_NMI_IRQHandler
 .text.HAL_RCC_CSSCallback
                0x080079bc        0xe ./Drivers/STM32F4xx_HAL_Driver/Src/stm32f4xx_hal_rcc.o
                0x080079bc                HAL_RCC_CSSCallback
 .text.HAL_SPI_Init
                0x080079ca      0x112 ./Drivers/STM32F4xx_HAL_Driver/Src/stm32f4xx_hal_spi.o
                0x080079ca                HAL_SPI_Init
 .text.HAL_SPI_TransmitReceive
                0x08007adc      0x360 ./Drivers/STM32F4xx_HAL_Driver/Src/stm32f4xx_hal_spi.o
                0x08007adc                HAL_SPI_TransmitReceive
 .text.SPI_WaitFlagStateUntilTimeout
                0x08007e3c      0x110 ./Drivers/STM32F4xx_HAL_Driver/Src/stm32f4xx_hal_spi.o
 .text.SPI_EndRxTxTransaction
                0x08007f4c       0xa8 ./Drivers/STM32F4xx_HAL_Driver/Src/stm32f4xx_hal_spi.o
 .text.HAL_TIM_Base_Init
                0x08007ff4       0x9e ./Drivers/STM32F4xx_HAL_Driver/Src/stm32f4xx_hal_tim.o
                0x08007ff4                HAL_TIM_Base_Init
 *fill*         0x08008092        0x2 
 .text.HAL_TIM_Base_Start
                0x08008094       0xd0 ./Drivers/STM32F4xx_HAL_Driver/Src/stm32f4xx_hal_tim.o
                0x08008094                HAL_TIM_Base_Start
 .text.HAL_TIM_PWM_Init
                0x08008164       0x9e ./Drivers/STM32F4xx_HAL_Driver/Src/stm32f4xx_hal_tim.o
                0x08008164                HAL_TIM_PWM_Init
 *fill*         0x08008202        0x2 
 .text.HAL_TIM_PWM_Start
                0x08008204      0x190 ./Drivers/STM32F4xx_HAL_Driver/Src/stm32f4xx_hal_tim.o
                0x08008204                HAL_TIM_PWM_Start
 .text.HAL_TIM_PWM_Stop
                0x08008394       0xe0 ./Drivers/STM32F4xx_HAL_Driver/Src/stm32f4xx_hal_tim.o
                0x08008394                HAL_TIM_PWM_Stop
 .text.HAL_TIM_PWM_ConfigChannel
                0x08008474      0x184 ./Drivers/STM32F4xx_HAL_Driver/Src/stm32f4xx_hal_tim.o
                0x08008474                HAL_TIM_PWM_ConfigChannel
 .text.HAL_TIM_ConfigClockSource
                0x080085f8      0x18e ./Drivers/STM32F4xx_HAL_Driver/Src/stm32f4xx_hal_tim.o
                0x080085f8                HAL_TIM_ConfigClockSource
 *fill*         0x08008786        0x2 
 .text.TIM_Base_SetConfig
                0x08008788      0x158 ./Drivers/STM32F4xx_HAL_Driver/Src/stm32f4xx_hal_tim.o
                0x08008788                TIM_Base_SetConfig
 .text.TIM_OC1_SetConfig
                0x080088e0       0xe0 ./Drivers/STM32F4xx_HAL_Driver/Src/stm32f4xx_hal_tim.o
 .text.TIM_OC2_SetConfig
                0x080089c0       0xec ./Drivers/STM32F4xx_HAL_Driver/Src/stm32f4xx_hal_tim.o
                0x080089c0                TIM_OC2_SetConfig
 .text.TIM_OC3_SetConfig
                0x08008aac       0xe8 ./Drivers/STM32F4xx_HAL_Driver/Src/stm32f4xx_hal_tim.o
 .text.TIM_OC4_SetConfig
                0x08008b94       0xac ./Drivers/STM32F4xx_HAL_Driver/Src/stm32f4xx_hal_tim.o
 .text.TIM_TI1_ConfigInputStage
                0x08008c40       0x5e ./Drivers/STM32F4xx_HAL_Driver/Src/stm32f4xx_hal_tim.o
 .text.TIM_TI2_ConfigInputStage
                0x08008c9e       0x60 ./Drivers/STM32F4xx_HAL_Driver/Src/stm32f4xx_hal_tim.o
 .text.TIM_ITRx_SetConfig
                0x08008cfe       0x36 ./Drivers/STM32F4xx_HAL_Driver/Src/stm32f4xx_hal_tim.o
 .text.TIM_ETR_SetConfig
                0x08008d34       0x40 ./Drivers/STM32F4xx_HAL_Driver/Src/stm32f4xx_hal_tim.o
                0x08008d34                TIM_ETR_SetConfig
 .text.TIM_CCxChannelCmd
                0x08008d74       0x4a ./Drivers/STM32F4xx_HAL_Driver/Src/stm32f4xx_hal_tim.o
                0x08008d74                TIM_CCxChannelCmd
 *fill*         0x08008dbe        0x2 
 .text.HAL_TIMEx_MasterConfigSynchronization
                0x08008dc0       0xf8 ./Drivers/STM32F4xx_HAL_Driver/Src/stm32f4xx_hal_tim_ex.o
                0x08008dc0                HAL_TIMEx_MasterConfigSynchronization
 .text.HAL_TIMEx_ConfigBreakDeadTime
                0x08008eb8       0xa4 ./Drivers/STM32F4xx_HAL_Driver/Src/stm32f4xx_hal_tim_ex.o
                0x08008eb8                HAL_TIMEx_ConfigBreakDeadTime
 .text.HAL_UART_Init
                0x08008f5c       0xa0 ./Drivers/STM32F4xx_HAL_Driver/Src/stm32f4xx_hal_uart.o
                0x08008f5c                HAL_UART_Init
 .text.HAL_UARTEx_ReceiveToIdle_DMA
                0x08008ffc       0xba ./Drivers/STM32F4xx_HAL_Driver/Src/stm32f4xx_hal_uart.o
                0x08008ffc                HAL_UARTEx_ReceiveToIdle_DMA
 *fill*         0x080090b6        0x2 
 .text.HAL_UART_IRQHandler
                0x080090b8      0x524 ./Drivers/STM32F4xx_HAL_Driver/Src/stm32f4xx_hal_uart.o
                0x080090b8                HAL_UART_IRQHandler
 .text.HAL_UART_TxCpltCallback
                0x080095dc       0x14 ./Drivers/STM32F4xx_HAL_Driver/Src/stm32f4xx_hal_uart.o
                0x080095dc                HAL_UART_TxCpltCallback
 .text.HAL_UART_RxCpltCallback
                0x080095f0       0x14 ./Drivers/STM32F4xx_HAL_Driver/Src/stm32f4xx_hal_uart.o
                0x080095f0                HAL_UART_RxCpltCallback
 .text.HAL_UART_RxHalfCpltCallback
                0x08009604       0x14 ./Drivers/STM32F4xx_HAL_Driver/Src/stm32f4xx_hal_uart.o
                0x08009604                HAL_UART_RxHalfCpltCallback
 .text.HAL_UART_ErrorCallback
                0x08009618       0x14 ./Drivers/STM32F4xx_HAL_Driver/Src/stm32f4xx_hal_uart.o
                0x08009618                HAL_UART_ErrorCallback
 .text.UART_DMAReceiveCplt
                0x0800962c      0x12c ./Drivers/STM32F4xx_HAL_Driver/Src/stm32f4xx_hal_uart.o
 .text.UART_DMARxHalfCplt
                0x08009758       0x3c ./Drivers/STM32F4xx_HAL_Driver/Src/stm32f4xx_hal_uart.o
 .text.UART_DMAError
                0x08009794       0x94 ./Drivers/STM32F4xx_HAL_Driver/Src/stm32f4xx_hal_uart.o
 .text.UART_Start_Receive_DMA
                0x08009828      0x134 ./Drivers/STM32F4xx_HAL_Driver/Src/stm32f4xx_hal_uart.o
                0x08009828                UART_Start_Receive_DMA
 .text.UART_EndTxTransfer
                0x0800995c       0x50 ./Drivers/STM32F4xx_HAL_Driver/Src/stm32f4xx_hal_uart.o
 .text.UART_EndRxTransfer
                0x080099ac       0xc6 ./Drivers/STM32F4xx_HAL_Driver/Src/stm32f4xx_hal_uart.o
 .text.UART_DMAAbortOnError
                0x08009a72       0x28 ./Drivers/STM32F4xx_HAL_Driver/Src/stm32f4xx_hal_uart.o
 .text.UART_Transmit_IT
                0x08009a9a       0xa0 ./Drivers/STM32F4xx_HAL_Driver/Src/stm32f4xx_hal_uart.o
 .text.UART_EndTransmit_IT
                0x08009b3a       0x30 ./Drivers/STM32F4xx_HAL_Driver/Src/stm32f4xx_hal_uart.o
 .text.UART_Receive_IT
                0x08009b6a      0x17c ./Drivers/STM32F4xx_HAL_Driver/Src/stm32f4xx_hal_uart.o
 *fill*         0x08009ce6        0x2 
 .text.UART_SetConfig
                0x08009ce8      0x4e8 ./Drivers/STM32F4xx_HAL_Driver/Src/stm32f4xx_hal_uart.o
 .text.__NVIC_SetPriority
                0x0800a1d0       0x54 ./Middlewares/Third_Party/FreeRTOS/Source/CMSIS_RTOS_V2/cmsis_os2.o
 .text.SVC_Setup
                0x0800a224       0x12 ./Middlewares/Third_Party/FreeRTOS/Source/CMSIS_RTOS_V2/cmsis_os2.o
 *fill*         0x0800a236        0x2 
 .text.osKernelInitialize
                0x0800a238       0x48 ./Middlewares/Third_Party/FreeRTOS/Source/CMSIS_RTOS_V2/cmsis_os2.o
                0x0800a238                osKernelInitialize
 .text.osKernelStart
                0x0800a280       0x4c ./Middlewares/Third_Party/FreeRTOS/Source/CMSIS_RTOS_V2/cmsis_os2.o
                0x0800a280                osKernelStart
 .text.osThreadNew
                0x0800a2cc      0x124 ./Middlewares/Third_Party/FreeRTOS/Source/CMSIS_RTOS_V2/cmsis_os2.o
                0x0800a2cc                osThreadNew
 .text.osDelay  0x0800a3f0       0x36 ./Middlewares/Third_Party/FreeRTOS/Source/CMSIS_RTOS_V2/cmsis_os2.o
                0x0800a3f0                osDelay
 *fill*         0x0800a426        0x2 
 .text.vApplicationGetIdleTaskMemory
                0x0800a428       0x34 ./Middlewares/Third_Party/FreeRTOS/Source/CMSIS_RTOS_V2/cmsis_os2.o
                0x0800a428                vApplicationGetIdleTaskMemory
 .text.vApplicationGetTimerTaskMemory
                0x0800a45c       0x34 ./Middlewares/Third_Party/FreeRTOS/Source/CMSIS_RTOS_V2/cmsis_os2.o
                0x0800a45c                vApplicationGetTimerTaskMemory
 .text.vListInitialise
                0x0800a490       0x40 ./Middlewares/Third_Party/FreeRTOS/Source/list.o
                0x0800a490                vListInitialise
 .text.vListInitialiseItem
                0x0800a4d0       0x1a ./Middlewares/Third_Party/FreeRTOS/Source/list.o
                0x0800a4d0                vListInitialiseItem
 .text.vListInsertEnd
                0x0800a4ea       0x48 ./Middlewares/Third_Party/FreeRTOS/Source/list.o
                0x0800a4ea                vListInsertEnd
 .text.vListInsert
                0x0800a532       0x72 ./Middlewares/Third_Party/FreeRTOS/Source/list.o
                0x0800a532                vListInsert
 .text.uxListRemove
                0x0800a5a4       0x54 ./Middlewares/Third_Party/FreeRTOS/Source/list.o
                0x0800a5a4                uxListRemove
 .text.xQueueGenericReset
                0x0800a5f8       0xd4 ./Middlewares/Third_Party/FreeRTOS/Source/queue.o
                0x0800a5f8                xQueueGenericReset
 .text.xQueueGenericCreateStatic
                0x0800a6cc       0xfa ./Middlewares/Third_Party/FreeRTOS/Source/queue.o
                0x0800a6cc                xQueueGenericCreateStatic
 .text.prvInitialiseNewQueue
                0x0800a7c6       0x46 ./Middlewares/Third_Party/FreeRTOS/Source/queue.o
 .text.xQueueGenericSend
                0x0800a80c      0x204 ./Middlewares/Third_Party/FreeRTOS/Source/queue.o
                0x0800a80c                xQueueGenericSend
 .text.xQueueGenericSendFromISR
                0x0800aa10      0x13c ./Middlewares/Third_Party/FreeRTOS/Source/queue.o
                0x0800aa10                xQueueGenericSendFromISR
 .text.xQueueReceive
                0x0800ab4c      0x1c4 ./Middlewares/Third_Party/FreeRTOS/Source/queue.o
                0x0800ab4c                xQueueReceive
 .text.prvCopyDataToQueue
                0x0800ad10       0xd4 ./Middlewares/Third_Party/FreeRTOS/Source/queue.o
 .text.prvCopyDataFromQueue
                0x0800ade4       0x4c ./Middlewares/Third_Party/FreeRTOS/Source/queue.o
 .text.prvUnlockQueue
                0x0800ae30       0xa4 ./Middlewares/Third_Party/FreeRTOS/Source/queue.o
 .text.prvIsQueueEmpty
                0x0800aed4       0x2c ./Middlewares/Third_Party/FreeRTOS/Source/queue.o
 .text.prvIsQueueFull
                0x0800af00       0x30 ./Middlewares/Third_Party/FreeRTOS/Source/queue.o
 .text.vQueueAddToRegistry
                0x0800af30       0x54 ./Middlewares/Third_Party/FreeRTOS/Source/queue.o
                0x0800af30                vQueueAddToRegistry
 .text.vQueueWaitForMessageRestricted
                0x0800af84       0x68 ./Middlewares/Third_Party/FreeRTOS/Source/queue.o
                0x0800af84                vQueueWaitForMessageRestricted
 .text.xTaskCreateStatic
                0x0800afec       0xc0 ./Middlewares/Third_Party/FreeRTOS/Source/tasks.o
                0x0800afec                xTaskCreateStatic
 .text.xTaskCreate
                0x0800b0ac       0x8a ./Middlewares/Third_Party/FreeRTOS/Source/tasks.o
                0x0800b0ac                xTaskCreate
 *fill*         0x0800b136        0x2 
 .text.prvInitialiseNewTask
                0x0800b138      0x150 ./Middlewares/Third_Party/FreeRTOS/Source/tasks.o
 .text.prvAddNewTaskToReadyList
                0x0800b288       0xe0 ./Middlewares/Third_Party/FreeRTOS/Source/tasks.o
 .text.vTaskDelay
                0x0800b368       0x6c ./Middlewares/Third_Party/FreeRTOS/Source/tasks.o
                0x0800b368                vTaskDelay
 .text.vTaskStartScheduler
                0x0800b3d4       0xe0 ./Middlewares/Third_Party/FreeRTOS/Source/tasks.o
                0x0800b3d4                vTaskStartScheduler
 .text.vTaskSuspendAll
                0x0800b4b4       0x1c ./Middlewares/Third_Party/FreeRTOS/Source/tasks.o
                0x0800b4b4                vTaskSuspendAll
 .text.xTaskResumeAll
                0x0800b4d0      0x13c ./Middlewares/Third_Party/FreeRTOS/Source/tasks.o
                0x0800b4d0                xTaskResumeAll
 .text.xTaskGetTickCount
                0x0800b60c       0x20 ./Middlewares/Third_Party/FreeRTOS/Source/tasks.o
                0x0800b60c                xTaskGetTickCount
 .text.pcTaskGetName
                0x0800b62c       0x4c ./Middlewares/Third_Party/FreeRTOS/Source/tasks.o
                0x0800b62c                pcTaskGetName
 .text.prvSearchForNameWithinSingleList
                0x0800b678       0xdc ./Middlewares/Third_Party/FreeRTOS/Source/tasks.o
 .text.xTaskGetHandle
                0x0800b754       0xcc ./Middlewares/Third_Party/FreeRTOS/Source/tasks.o
                0x0800b754                xTaskGetHandle
 .text.xTaskIncrementTick
                0x0800b820      0x174 ./Middlewares/Third_Party/FreeRTOS/Source/tasks.o
                0x0800b820                xTaskIncrementTick
 .text.vTaskSwitchContext
                0x0800b994       0xcc ./Middlewares/Third_Party/FreeRTOS/Source/tasks.o
                0x0800b994                vTaskSwitchContext
 .text.vTaskPlaceOnEventList
                0x0800ba60       0x4c ./Middlewares/Third_Party/FreeRTOS/Source/tasks.o
                0x0800ba60                vTaskPlaceOnEventList
 .text.vTaskPlaceOnEventListRestricted
                0x0800baac       0x58 ./Middlewares/Third_Party/FreeRTOS/Source/tasks.o
                0x0800baac                vTaskPlaceOnEventListRestricted
 .text.xTaskRemoveFromEventList
                0x0800bb04       0xc8 ./Middlewares/Third_Party/FreeRTOS/Source/tasks.o
                0x0800bb04                xTaskRemoveFromEventList
 .text.vTaskInternalSetTimeOutState
                0x0800bbcc       0x2c ./Middlewares/Third_Party/FreeRTOS/Source/tasks.o
                0x0800bbcc                vTaskInternalSetTimeOutState
 .text.xTaskCheckForTimeOut
                0x0800bbf8       0xc8 ./Middlewares/Third_Party/FreeRTOS/Source/tasks.o
                0x0800bbf8                xTaskCheckForTimeOut
 .text.vTaskMissedYield
                0x0800bcc0       0x18 ./Middlewares/Third_Party/FreeRTOS/Source/tasks.o
                0x0800bcc0                vTaskMissedYield
 .text.prvIdleTask
                0x0800bcd8       0x30 ./Middlewares/Third_Party/FreeRTOS/Source/tasks.o
 .text.prvInitialiseTaskLists
                0x0800bd08       0x80 ./Middlewares/Third_Party/FreeRTOS/Source/tasks.o
 .text.prvCheckTasksWaitingTermination
                0x0800bd88       0x5c ./Middlewares/Third_Party/FreeRTOS/Source/tasks.o
 .text.prvDeleteTCB
                0x0800bde4       0x6a ./Middlewares/Third_Party/FreeRTOS/Source/tasks.o
 *fill*         0x0800be4e        0x2 
 .text.prvResetNextTaskUnblockTime
                0x0800be50       0x40 ./Middlewares/Third_Party/FreeRTOS/Source/tasks.o
 .text.xTaskGetSchedulerState
                0x0800be90       0x3c ./Middlewares/Third_Party/FreeRTOS/Source/tasks.o
                0x0800be90                xTaskGetSchedulerState
 .text.xTaskPriorityDisinherit
                0x0800becc       0xe0 ./Middlewares/Third_Party/FreeRTOS/Source/tasks.o
                0x0800becc                xTaskPriorityDisinherit
 .text.ulTaskNotifyTake
                0x0800bfac       0x98 ./Middlewares/Third_Party/FreeRTOS/Source/tasks.o
                0x0800bfac                ulTaskNotifyTake
 .text.vTaskNotifyGiveFromISR
                0x0800c044      0x12c ./Middlewares/Third_Party/FreeRTOS/Source/tasks.o
                0x0800c044                vTaskNotifyGiveFromISR
 .text.prvAddCurrentTaskToDelayedList
                0x0800c170       0xa8 ./Middlewares/Third_Party/FreeRTOS/Source/tasks.o
 .text.xTimerCreateTimerTask
                0x0800c218       0x94 ./Middlewares/Third_Party/FreeRTOS/Source/timers.o
                0x0800c218                xTimerCreateTimerTask
 .text.xTimerGenericCommand
                0x0800c2ac       0x9c ./Middlewares/Third_Party/FreeRTOS/Source/timers.o
                0x0800c2ac                xTimerGenericCommand
 .text.prvProcessExpiredTimer
                0x0800c348       0x9c ./Middlewares/Third_Party/FreeRTOS/Source/timers.o
 .text.prvTimerTask
                0x0800c3e4       0x26 ./Middlewares/Third_Party/FreeRTOS/Source/timers.o
 *fill*         0x0800c40a        0x2 
 .text.prvProcessTimerOrBlockTask
                0x0800c40c       0x9c ./Middlewares/Third_Party/FreeRTOS/Source/timers.o
 .text.prvGetNextExpireTime
                0x0800c4a8       0x48 ./Middlewares/Third_Party/FreeRTOS/Source/timers.o
 .text.prvSampleTimeNow
                0x0800c4f0       0x40 ./Middlewares/Third_Party/FreeRTOS/Source/timers.o
 .text.prvInsertTimerInActiveList
                0x0800c530       0x84 ./Middlewares/Third_Party/FreeRTOS/Source/timers.o
 .text.prvProcessReceivedCommands
                0x0800c5b4      0x1cc ./Middlewares/Third_Party/FreeRTOS/Source/timers.o
 .text.prvSwitchTimerLists
                0x0800c780       0xcc ./Middlewares/Third_Party/FreeRTOS/Source/timers.o
 .text.prvCheckForValidListAndQueue
                0x0800c84c       0x80 ./Middlewares/Third_Party/FreeRTOS/Source/timers.o
 .text.pxPortInitialiseStack
                0x0800c8cc       0x68 ./Middlewares/Third_Party/FreeRTOS/Source/portable/GCC/ARM_CM4F/port.o
                0x0800c8cc                pxPortInitialiseStack
 .text.prvTaskExitError
                0x0800c934       0x5c ./Middlewares/Third_Party/FreeRTOS/Source/portable/GCC/ARM_CM4F/port.o
 .text.SVC_Handler
                0x0800c990       0x28 ./Middlewares/Third_Party/FreeRTOS/Source/portable/GCC/ARM_CM4F/port.o
                0x0800c990                SVC_Handler
 .text.prvPortStartFirstTask
                0x0800c9b8       0x28 ./Middlewares/Third_Party/FreeRTOS/Source/portable/GCC/ARM_CM4F/port.o
 .text.xPortStartScheduler
                0x0800c9e0      0x148 ./Middlewares/Third_Party/FreeRTOS/Source/portable/GCC/ARM_CM4F/port.o
                0x0800c9e0                xPortStartScheduler
 .text.vPortEnterCritical
                0x0800cb28       0x64 ./Middlewares/Third_Party/FreeRTOS/Source/portable/GCC/ARM_CM4F/port.o
                0x0800cb28                vPortEnterCritical
 .text.vPortExitCritical
                0x0800cb8c       0x54 ./Middlewares/Third_Party/FreeRTOS/Source/portable/GCC/ARM_CM4F/port.o
                0x0800cb8c                vPortExitCritical
 .text.PendSV_Handler
                0x0800cbe0       0x68 ./Middlewares/Third_Party/FreeRTOS/Source/portable/GCC/ARM_CM4F/port.o
                0x0800cbe0                PendSV_Handler
 .text.xPortSysTickHandler
                0x0800cc48       0x44 ./Middlewares/Third_Party/FreeRTOS/Source/portable/GCC/ARM_CM4F/port.o
                0x0800cc48                xPortSysTickHandler
 .text.vPortSetupTimerInterrupt
                0x0800cc8c       0x48 ./Middlewares/Third_Party/FreeRTOS/Source/portable/GCC/ARM_CM4F/port.o
                0x0800cc8c                vPortSetupTimerInterrupt
 .text.vPortEnableVFP
                0x0800ccd4       0x14 ./Middlewares/Third_Party/FreeRTOS/Source/portable/GCC/ARM_CM4F/port.o
 .text.vPortValidateInterruptPriority
                0x0800cce8       0x84 ./Middlewares/Third_Party/FreeRTOS/Source/portable/GCC/ARM_CM4F/port.o
                0x0800cce8                vPortValidateInterruptPriority
 .text.pvPortMalloc
                0x0800cd6c      0x19c ./Middlewares/Third_Party/FreeRTOS/Source/portable/MemMang/heap_4.o
                0x0800cd6c                pvPortMalloc
 .text.vPortFree
                0x0800cf08       0xc8 ./Middlewares/Third_Party/FreeRTOS/Source/portable/MemMang/heap_4.o
                0x0800cf08                vPortFree
 .text.prvHeapInit
                0x0800cfd0       0xc4 ./Middlewares/Third_Party/FreeRTOS/Source/portable/MemMang/heap_4.o
 .text.prvInsertBlockIntoFreeList
                0x0800d094       0xb4 ./Middlewares/Third_Party/FreeRTOS/Source/portable/MemMang/heap_4.o
 .text.memset   0x0800d148       0x10 C:/ST/STM32CubeIDE_1.12.1/STM32CubeIDE/plugins/com.st.stm32cube.ide.mcu.externaltools.gnu-tools-for-stm32.12.3.rel1.win32_1.0.100.202403111256/tools/bin/../lib/gcc/arm-none-eabi/12.3.1/../../../../arm-none-eabi/lib/thumb/v7e-m+fp/hard\libc_nano.a(libc_a-memset.o)
                0x0800d148                memset
 .text._reclaim_reent
                0x0800d158       0xac C:/ST/STM32CubeIDE_1.12.1/STM32CubeIDE/plugins/com.st.stm32cube.ide.mcu.externaltools.gnu-tools-for-stm32.12.3.rel1.win32_1.0.100.202403111256/tools/bin/../lib/gcc/arm-none-eabi/12.3.1/../../../../arm-none-eabi/lib/thumb/v7e-m+fp/hard\libc_nano.a(libc_a-reent.o)
                0x0800d158                _reclaim_reent
 .text.__libc_init_array
                0x0800d204       0x48 C:/ST/STM32CubeIDE_1.12.1/STM32CubeIDE/plugins/com.st.stm32cube.ide.mcu.externaltools.gnu-tools-for-stm32.12.3.rel1.win32_1.0.100.202403111256/tools/bin/../lib/gcc/arm-none-eabi/12.3.1/../../../../arm-none-eabi/lib/thumb/v7e-m+fp/hard\libc_nano.a(libc_a-init.o)
                0x0800d204                __libc_init_array
 .text.__retarget_lock_acquire_recursive
                0x0800d24c        0x2 C:/ST/STM32CubeIDE_1.12.1/STM32CubeIDE/plugins/com.st.stm32cube.ide.mcu.externaltools.gnu-tools-for-stm32.12.3.rel1.win32_1.0.100.202403111256/tools/bin/../lib/gcc/arm-none-eabi/12.3.1/../../../../arm-none-eabi/lib/thumb/v7e-m+fp/hard\libc_nano.a(libc_a-lock.o)
                0x0800d24c                __retarget_lock_acquire_recursive
 .text.__retarget_lock_release_recursive
                0x0800d24e        0x2 C:/ST/STM32CubeIDE_1.12.1/STM32CubeIDE/plugins/com.st.stm32cube.ide.mcu.externaltools.gnu-tools-for-stm32.12.3.rel1.win32_1.0.100.202403111256/tools/bin/../lib/gcc/arm-none-eabi/12.3.1/../../../../arm-none-eabi/lib/thumb/v7e-m+fp/hard\libc_nano.a(libc_a-lock.o)
                0x0800d24e                __retarget_lock_release_recursive
 .text.memcpy   0x0800d250       0x1c C:/ST/STM32CubeIDE_1.12.1/STM32CubeIDE/plugins/com.st.stm32cube.ide.mcu.externaltools.gnu-tools-for-stm32.12.3.rel1.win32_1.0.100.202403111256/tools/bin/../lib/gcc/arm-none-eabi/12.3.1/../../../../arm-none-eabi/lib/thumb/v7e-m+fp/hard\libc_nano.a(libc_a-memcpy-stub.o)
                0x0800d250                memcpy
 .text._free_r  0x0800d26c       0x94 C:/ST/STM32CubeIDE_1.12.1/STM32CubeIDE/plugins/com.st.stm32cube.ide.mcu.externaltools.gnu-tools-for-stm32.12.3.rel1.win32_1.0.100.202403111256/tools/bin/../lib/gcc/arm-none-eabi/12.3.1/../../../../arm-none-eabi/lib/thumb/v7e-m+fp/hard\libc_nano.a(libc_a-freer.o)
                0x0800d26c                _free_r
 .text.__malloc_lock
                0x0800d300        0xc C:/ST/STM32CubeIDE_1.12.1/STM32CubeIDE/plugins/com.st.stm32cube.ide.mcu.externaltools.gnu-tools-for-stm32.12.3.rel1.win32_1.0.100.202403111256/tools/bin/../lib/gcc/arm-none-eabi/12.3.1/../../../../arm-none-eabi/lib/thumb/v7e-m+fp/hard\libc_nano.a(libc_a-mlock.o)
                0x0800d300                __malloc_lock
 .text.__malloc_unlock
                0x0800d30c        0xc C:/ST/STM32CubeIDE_1.12.1/STM32CubeIDE/plugins/com.st.stm32cube.ide.mcu.externaltools.gnu-tools-for-stm32.12.3.rel1.win32_1.0.100.202403111256/tools/bin/../lib/gcc/arm-none-eabi/12.3.1/../../../../arm-none-eabi/lib/thumb/v7e-m+fp/hard\libc_nano.a(libc_a-mlock.o)
                0x0800d30c                __malloc_unlock
 *(.glue_7)
 .glue_7        0x0800d318        0x0 linker stubs
 *(.glue_7t)
 .glue_7t       0x0800d318        0x0 linker stubs
 *(.eh_frame)
 .eh_frame      0x0800d318        0x0 C:/ST/STM32CubeIDE_1.12.1/STM32CubeIDE/plugins/com.st.stm32cube.ide.mcu.externaltools.gnu-tools-for-stm32.12.3.rel1.win32_1.0.100.202403111256/tools/bin/../lib/gcc/arm-none-eabi/12.3.1/thumb/v7e-m+fp/hard/crtbegin.o
 *(.init)
 .init          0x0800d318        0x4 C:/ST/STM32CubeIDE_1.12.1/STM32CubeIDE/plugins/com.st.stm32cube.ide.mcu.externaltools.gnu-tools-for-stm32.12.3.rel1.win32_1.0.100.202403111256/tools/bin/../lib/gcc/arm-none-eabi/12.3.1/thumb/v7e-m+fp/hard/crti.o
                0x0800d318                _init
 .init          0x0800d31c        0x8 C:/ST/STM32CubeIDE_1.12.1/STM32CubeIDE/plugins/com.st.stm32cube.ide.mcu.externaltools.gnu-tools-for-stm32.12.3.rel1.win32_1.0.100.202403111256/tools/bin/../lib/gcc/arm-none-eabi/12.3.1/thumb/v7e-m+fp/hard/crtn.o
 *(.fini)
 .fini          0x0800d324        0x4 C:/ST/STM32CubeIDE_1.12.1/STM32CubeIDE/plugins/com.st.stm32cube.ide.mcu.externaltools.gnu-tools-for-stm32.12.3.rel1.win32_1.0.100.202403111256/tools/bin/../lib/gcc/arm-none-eabi/12.3.1/thumb/v7e-m+fp/hard/crti.o
                0x0800d324                _fini
 .fini          0x0800d328        0x8 C:/ST/STM32CubeIDE_1.12.1/STM32CubeIDE/plugins/com.st.stm32cube.ide.mcu.externaltools.gnu-tools-for-stm32.12.3.rel1.win32_1.0.100.202403111256/tools/bin/../lib/gcc/arm-none-eabi/12.3.1/thumb/v7e-m+fp/hard/crtn.o
                0x0800d330                        . = ALIGN (0x4)
                0x0800d330                        _etext = .

.vfp11_veneer   0x0800d330        0x0
 .vfp11_veneer  0x0800d330        0x0 linker stubs

.v4_bx          0x0800d330        0x0
 .v4_bx         0x0800d330        0x0 linker stubs

.iplt           0x0800d330        0x0
 .iplt          0x0800d330        0x0 C:/ST/STM32CubeIDE_1.12.1/STM32CubeIDE/plugins/com.st.stm32cube.ide.mcu.externaltools.gnu-tools-for-stm32.12.3.rel1.win32_1.0.100.202403111256/tools/bin/../lib/gcc/arm-none-eabi/12.3.1/thumb/v7e-m+fp/hard/crtbegin.o

.rodata         0x0800d330      0x120
                0x0800d330                        . = ALIGN (0x4)
 *(.rodata)
 .rodata        0x0800d330        0x8 ./Core/Src/BMI088driver.o
 .rodata        0x0800d338       0x33 ./Core/Src/main.o
 *fill*         0x0800d36b        0x1 
 .rodata        0x0800d36c        0x5 ./Middlewares/Third_Party/FreeRTOS/Source/tasks.o
 *fill*         0x0800d371        0x3 
 .rodata        0x0800d374        0xd ./Middlewares/Third_Party/FreeRTOS/Source/timers.o
 *(.rodata*)
 *fill*         0x0800d381        0x3 
 .rodata.imu_temp_PID
                0x0800d384        0xc ./Core/Src/imu_temp_control_task.o
                0x0800d384                imu_temp_PID
 .rodata.ist8310_write_reg_data_error
                0x0800d390        0xc ./Core/Src/ist8310driver.o
 .rodata.sleepTime.1
                0x0800d39c        0x1 ./Core/Src/ist8310driver.o
 .rodata.wait_time.0
                0x0800d39d        0x1 ./Core/Src/ist8310driver.o
 *fill*         0x0800d39e        0x2 
 .rodata.defaultTask_attributes
                0x0800d3a0       0x24 ./Core/Src/main.o
                0x0800d3a0                defaultTask_attributes
 .rodata.chassisTask_attributes
                0x0800d3c4       0x24 ./Core/Src/main.o
                0x0800d3c4                chassisTask_attributes
 .rodata.IMUtempPIDtask_attributes
                0x0800d3e8       0x24 ./Core/Src/main.o
                0x0800d3e8                IMUtempPIDtask_attributes
 .rodata.turretTask_attributes
                0x0800d40c       0x24 ./Core/Src/main.o
                0x0800d40c                turretTask_attributes
 .rodata.AHBPrescTable
                0x0800d430       0x10 ./Core/Src/system_stm32f4xx.o
                0x0800d430                AHBPrescTable
 .rodata.APBPrescTable
                0x0800d440        0x8 ./Core/Src/system_stm32f4xx.o
                0x0800d440                APBPrescTable
 .rodata.flagBitshiftOffset.0
                0x0800d448        0x8 ./Drivers/STM32F4xx_HAL_Driver/Src/stm32f4xx_hal_dma.o
                0x0800d450                        . = ALIGN (0x4)

.ARM.extab      0x0800d450        0x0
                0x0800d450                        . = ALIGN (0x4)
 *(.ARM.extab* .gnu.linkonce.armextab.*)
                0x0800d450                        . = ALIGN (0x4)

.ARM            0x0800d450        0x8
                0x0800d450                        . = ALIGN (0x4)
                0x0800d450                        __exidx_start = .
 *(.ARM.exidx*)
 .ARM.exidx     0x0800d450        0x8 C:/ST/STM32CubeIDE_1.12.1/STM32CubeIDE/plugins/com.st.stm32cube.ide.mcu.externaltools.gnu-tools-for-stm32.12.3.rel1.win32_1.0.100.202403111256/tools/bin/../lib/gcc/arm-none-eabi/12.3.1/../../../../arm-none-eabi/lib/thumb/v7e-m+fp/hard\libc_nano.a(libc_a-strlen.o)
 .ARM.exidx     0x0800d458        0x0 C:/ST/STM32CubeIDE_1.12.1/STM32CubeIDE/plugins/com.st.stm32cube.ide.mcu.externaltools.gnu-tools-for-stm32.12.3.rel1.win32_1.0.100.202403111256/tools/bin/../lib/gcc/arm-none-eabi/12.3.1/thumb/v7e-m+fp/hard\libgcc.a(_udivmoddi4.o)
                                  0x8 (size before relaxing)
                0x0800d458                        __exidx_end = .
                0x0800d458                        . = ALIGN (0x4)

.preinit_array  0x0800d458        0x0
                0x0800d458                        . = ALIGN (0x4)
                0x0800d458                        PROVIDE (__preinit_array_start = .)
 *(.preinit_array*)
                0x0800d458                        PROVIDE (__preinit_array_end = .)
                0x0800d458                        . = ALIGN (0x4)

.init_array     0x0800d458        0x4
                0x0800d458                        . = ALIGN (0x4)
                0x0800d458                        PROVIDE (__init_array_start = .)
 *(SORT_BY_NAME(.init_array.*))
 *(.init_array*)
 .init_array    0x0800d458        0x4 C:/ST/STM32CubeIDE_1.12.1/STM32CubeIDE/plugins/com.st.stm32cube.ide.mcu.externaltools.gnu-tools-for-stm32.12.3.rel1.win32_1.0.100.202403111256/tools/bin/../lib/gcc/arm-none-eabi/12.3.1/thumb/v7e-m+fp/hard/crtbegin.o
                0x0800d45c                        PROVIDE (__init_array_end = .)
                0x0800d45c                        . = ALIGN (0x4)

.fini_array     0x0800d45c        0x4
                0x0800d45c                        . = ALIGN (0x4)
                [!provide]                        PROVIDE (__fini_array_start = .)
 *(SORT_BY_NAME(.fini_array.*))
 *(.fini_array*)
 .fini_array    0x0800d45c        0x4 C:/ST/STM32CubeIDE_1.12.1/STM32CubeIDE/plugins/com.st.stm32cube.ide.mcu.externaltools.gnu-tools-for-stm32.12.3.rel1.win32_1.0.100.202403111256/tools/bin/../lib/gcc/arm-none-eabi/12.3.1/thumb/v7e-m+fp/hard/crtbegin.o
                [!provide]                        PROVIDE (__fini_array_end = .)
                0x0800d460                        . = ALIGN (0x4)
                0x0800d460                        _sidata = LOADADDR (.data)

.rel.dyn        0x0800d460        0x0
 .rel.iplt      0x0800d460        0x0 C:/ST/STM32CubeIDE_1.12.1/STM32CubeIDE/plugins/com.st.stm32cube.ide.mcu.externaltools.gnu-tools-for-stm32.12.3.rel1.win32_1.0.100.202403111256/tools/bin/../lib/gcc/arm-none-eabi/12.3.1/thumb/v7e-m+fp/hard/crtbegin.o

.data           0x20000000       0xb0 load address 0x0800d460
                0x20000000                        . = ALIGN (0x4)
                0x20000000                        _sdata = .
 *(.data)
 *(.data*)
 .data.CS1_ACCEL_GPIO_Port
                0x20000000        0x4 ./Core/Src/BMI088Middleware.o
                0x20000000                CS1_ACCEL_GPIO_Port
 .data.CS1_ACCEL_Pin
                0x20000004        0x2 ./Core/Src/BMI088Middleware.o
                0x20000004                CS1_ACCEL_Pin
 *fill*         0x20000006        0x2 
 .data.CS1_GYRO_GPIO_Port
                0x20000008        0x4 ./Core/Src/BMI088Middleware.o
                0x20000008                CS1_GYRO_GPIO_Port
 .data.CS1_GYRO_Pin
                0x2000000c        0x2 ./Core/Src/BMI088Middleware.o
                0x2000000c                CS1_GYRO_Pin
 .data.INT1_ACCEL_Pin
                0x2000000e        0x2 ./Core/Src/BMI088Middleware.o
                0x2000000e                INT1_ACCEL_Pin
 .data.BMI088_ACCEL_SEN
                0x20000010        0x4 ./Core/Src/BMI088driver.o
                0x20000010                BMI088_ACCEL_SEN
 .data.BMI088_GYRO_SEN
                0x20000014        0x4 ./Core/Src/BMI088driver.o
                0x20000014                BMI088_GYRO_SEN
 .data.write_BMI088_accel_reg_data_error
                0x20000018       0x12 ./Core/Src/BMI088driver.o
 *fill*         0x2000002a        0x2 
 .data.write_BMI088_gyro_reg_data_error
                0x2000002c       0x12 ./Core/Src/BMI088driver.o
 *fill*         0x2000003e        0x2 
 .data.chassisPreset
                0x20000040        0xc ./Core/Src/main.o
                0x20000040                chassisPreset
 .data.boardID  0x2000004c        0x2 ./Core/Src/main.o
                0x2000004c                boardID
 *fill*         0x2000004e        0x2 
 .data.SystemCoreClock
                0x20000050        0x4 ./Core/Src/system_stm32f4xx.o
                0x20000050                SystemCoreClock
 .data.uwTickPrio
                0x20000054        0x4 ./Drivers/STM32F4xx_HAL_Driver/Src/stm32f4xx_hal.o
                0x20000054                uwTickPrio
 .data.uwTickFreq
                0x20000058        0x1 ./Drivers/STM32F4xx_HAL_Driver/Src/stm32f4xx_hal.o
                0x20000058                uwTickFreq
 *fill*         0x20000059        0x3 
 .data.uxCriticalNesting
                0x2000005c        0x4 ./Middlewares/Third_Party/FreeRTOS/Source/portable/GCC/ARM_CM4F/port.o
 .data._impure_ptr
                0x20000060        0x4 C:/ST/STM32CubeIDE_1.12.1/STM32CubeIDE/plugins/com.st.stm32cube.ide.mcu.externaltools.gnu-tools-for-stm32.12.3.rel1.win32_1.0.100.202403111256/tools/bin/../lib/gcc/arm-none-eabi/12.3.1/../../../../arm-none-eabi/lib/thumb/v7e-m+fp/hard\libc_nano.a(libc_a-impure.o)
                0x20000060                _impure_ptr
 .data._impure_data
                0x20000064       0x4c C:/ST/STM32CubeIDE_1.12.1/STM32CubeIDE/plugins/com.st.stm32cube.ide.mcu.externaltools.gnu-tools-for-stm32.12.3.rel1.win32_1.0.100.202403111256/tools/bin/../lib/gcc/arm-none-eabi/12.3.1/../../../../arm-none-eabi/lib/thumb/v7e-m+fp/hard\libc_nano.a(libc_a-impure.o)
                0x20000064                _impure_data
 *(.RamFunc)
 *(.RamFunc*)
                0x200000b0                        . = ALIGN (0x4)
                0x200000b0                        _edata = .
                0x0800d510                        _siccmram = LOADADDR (.ccmram)

.igot.plt       0x200000b0        0x0 load address 0x0800d510
 .igot.plt      0x200000b0        0x0 C:/ST/STM32CubeIDE_1.12.1/STM32CubeIDE/plugins/com.st.stm32cube.ide.mcu.externaltools.gnu-tools-for-stm32.12.3.rel1.win32_1.0.100.202403111256/tools/bin/../lib/gcc/arm-none-eabi/12.3.1/thumb/v7e-m+fp/hard/crtbegin.o

.ccmram         0x10000000        0x0 load address 0x0800d510
                0x10000000                        . = ALIGN (0x4)
                0x10000000                        _sccmram = .
 *(.ccmram)
 *(.ccmram*)
                0x10000000                        . = ALIGN (0x4)
                0x10000000                        _eccmram = .
                0x10000000                        . = ALIGN (0x4)

.bss            0x200000b0     0x57e8
                0x200000b0                        _sbss = .
                0x200000b0                        __bss_start__ = _sbss
 *(.bss)
 .bss           0x200000b0       0x1c C:/ST/STM32CubeIDE_1.12.1/STM32CubeIDE/plugins/com.st.stm32cube.ide.mcu.externaltools.gnu-tools-for-stm32.12.3.rel1.win32_1.0.100.202403111256/tools/bin/../lib/gcc/arm-none-eabi/12.3.1/thumb/v7e-m+fp/hard/crtbegin.o
 *(.bss*)
 .bss.gyro      0x200000cc        0xc ./Core/Src/BMI088driver.o
                0x200000cc                gyro
 .bss.accel     0x200000d8        0xc ./Core/Src/BMI088driver.o
                0x200000d8                accel
 .bss.temp      0x200000e4        0x4 ./Core/Src/BMI088driver.o
                0x200000e4                temp
 .bss.motorCtrlVal
                0x200000e8       0x16 ./Core/Src/CAN_receive.o
                0x200000e8                motorCtrlVal
 *fill*         0x200000fe        0x2 
 .bss.motor_feedback
                0x20000100       0x6e ./Core/Src/CAN_receive.o
                0x20000100                motor_feedback
 *fill*         0x2000016e        0x2 
 .bss.b2bMotorCtrl
                0x20000170        0x8 ./Core/Src/CAN_receive.o
                0x20000170                b2bMotorCtrl
 .bss.b2bGyro   0x20000178        0x8 ./Core/Src/CAN_receive.o
                0x20000178                b2bGyro
 .bss.lastRPM   0x20000180       0x2c ./Core/Src/CAN_receive.o
                0x20000180                lastRPM
 .bss.dRPM      0x200001ac       0x2c ./Core/Src/CAN_receive.o
                0x200001ac                dRPM
 .bss.iRPM      0x200001d8       0x2c ./Core/Src/CAN_receive.o
                0x200001d8                iRPM
 .bss.errRPM    0x20000204       0x2c ./Core/Src/CAN_receive.o
                0x20000204                errRPM
 .bss.motors_tx_message
                0x20000230       0x18 ./Core/Src/CAN_receive.o
 .bss.motors_can_send_data
                0x20000248        0x8 ./Core/Src/CAN_receive.o
 .bss.i.0       0x20000250        0x1 ./Core/Src/CAN_receive.o
 *fill*         0x20000251        0x3 
 .bss.RxBuff_1  0x20000254      0x100 ./Core/Src/UART.o
 .bss.RxBuff_2  0x20000354      0x100 ./Core/Src/UART.o
 *fill*         0x20000454        0x4 
 .bss.game_status
                0x20000458       0x10 ./Core/Src/UART.o
                0x20000458                game_status
 .bss.game_result
                0x20000468        0x1 ./Core/Src/UART.o
                0x20000468                game_result
 *fill*         0x20000469        0x3 
 .bss.ext_supply_projectile_action
                0x2000046c        0x4 ./Core/Src/UART.o
                0x2000046c                ext_supply_projectile_action
 .bss.referee_warning
                0x20000470        0x3 ./Core/Src/UART.o
                0x20000470                referee_warning
 *fill*         0x20000473        0x1 
 .bss.dart_info
                0x20000474        0x4 ./Core/Src/UART.o
                0x20000474                dart_info
 .bss.robot_status
                0x20000478        0xe ./Core/Src/UART.o
                0x20000478                robot_status
 *fill*         0x20000486        0x2 
 .bss.power_heat_data
                0x20000488       0x10 ./Core/Src/UART.o
                0x20000488                power_heat_data
 .bss.robot_position
                0x20000498        0xc ./Core/Src/UART.o
                0x20000498                robot_position
 .bss.buffs     0x200004a4        0x6 ./Core/Src/UART.o
                0x200004a4                buffs
 *fill*         0x200004aa        0x2 
 .bss.damage_data
                0x200004ac        0x1 ./Core/Src/UART.o
                0x200004ac                damage_data
 *fill*         0x200004ad        0x3 
 .bss.shoot_data
                0x200004b0        0x8 ./Core/Src/UART.o
                0x200004b0                shoot_data
 .bss.projectile_allowance
                0x200004b8        0x6 ./Core/Src/UART.o
                0x200004b8                projectile_allowance
 *fill*         0x200004be        0x2 
 .bss.rfid_status
                0x200004c0        0x4 ./Core/Src/UART.o
                0x200004c0                rfid_status
 .bss.dart_client_cmd
                0x200004c4        0x6 ./Core/Src/UART.o
                0x200004c4                dart_client_cmd
 *fill*         0x200004ca        0x2 
 .bss.robot_positions
                0x200004cc       0x28 ./Core/Src/UART.o
                0x200004cc                robot_positions
 .bss.radar_mark_data
                0x200004f4        0x6 ./Core/Src/UART.o
                0x200004f4                radar_mark_data
 *fill*         0x200004fa        0x2 
 .bss.sentry_info
                0x200004fc        0x4 ./Core/Src/UART.o
                0x200004fc                sentry_info
 .bss.radar_info
                0x20000500        0x1 ./Core/Src/UART.o
                0x20000500                radar_info
 *fill*         0x20000501        0x3 
 .bss.pc_control
                0x20000504       0x1c ./Core/Src/UART.o
                0x20000504                pc_control
 .bss.INS_task_local_handler
                0x20000520        0x4 ./Core/Src/imu_temp_control_task.o
                0x20000520                INS_task_local_handler
 .bss.imu_start_flag
                0x20000524        0x1 ./Core/Src/imu_temp_control_task.o
                0x20000524                imu_start_flag
 *fill*         0x20000525        0x3 
 .bss.imu_temp_pid
                0x20000528       0x48 ./Core/Src/imu_temp_control_task.o
                0x20000528                imu_temp_pid
 .bss.xHigherPriorityTaskWoken.0
                0x20000570        0x4 ./Core/Src/imu_temp_control_task.o
 .bss.magnetometerData
                0x20000574        0xc ./Core/Src/ist8310driver.o
                0x20000574                magnetometerData
 .bss.hcan1     0x20000580       0x28 ./Core/Src/main.o
                0x20000580                hcan1
 .bss.hcan2     0x200005a8       0x28 ./Core/Src/main.o
                0x200005a8                hcan2
 .bss.hi2c3     0x200005d0       0x54 ./Core/Src/main.o
                0x200005d0                hi2c3
 .bss.hspi1     0x20000624       0x58 ./Core/Src/main.o
                0x20000624                hspi1
 .bss.htim1     0x2000067c       0x48 ./Core/Src/main.o
                0x2000067c                htim1
 .bss.htim4     0x200006c4       0x48 ./Core/Src/main.o
                0x200006c4                htim4
 .bss.htim5     0x2000070c       0x48 ./Core/Src/main.o
                0x2000070c                htim5
 .bss.htim8     0x20000754       0x48 ./Core/Src/main.o
                0x20000754                htim8
 .bss.htim10    0x2000079c       0x48 ./Core/Src/main.o
                0x2000079c                htim10
 .bss.hdma_tim1_ch1
                0x200007e4       0x60 ./Core/Src/main.o
                0x200007e4                hdma_tim1_ch1
 .bss.hdma_tim4_ch3
                0x20000844       0x60 ./Core/Src/main.o
                0x20000844                hdma_tim4_ch3
 .bss.hdma_tim5_ch1
                0x200008a4       0x60 ./Core/Src/main.o
                0x200008a4                hdma_tim5_ch1
 .bss.hdma_tim5_ch2
                0x20000904       0x60 ./Core/Src/main.o
                0x20000904                hdma_tim5_ch2
 .bss.hdma_tim8_ch1_ch2_ch3
                0x20000964       0x60 ./Core/Src/main.o
                0x20000964                hdma_tim8_ch1_ch2_ch3
 .bss.huart1    0x200009c4       0x48 ./Core/Src/main.o
                0x200009c4                huart1
 .bss.huart3    0x20000a0c       0x48 ./Core/Src/main.o
                0x20000a0c                huart3
 .bss.huart6    0x20000a54       0x48 ./Core/Src/main.o
                0x20000a54                huart6
 .bss.hdma_usart1_tx
                0x20000a9c       0x60 ./Core/Src/main.o
                0x20000a9c                hdma_usart1_tx
 .bss.hdma_usart1_rx
                0x20000afc       0x60 ./Core/Src/main.o
                0x20000afc                hdma_usart1_rx
 .bss.hdma_usart3_rx
                0x20000b5c       0x60 ./Core/Src/main.o
                0x20000b5c                hdma_usart3_rx
 .bss.hdma_usart6_rx
                0x20000bbc       0x60 ./Core/Src/main.o
                0x20000bbc                hdma_usart6_rx
 .bss.hdma_usart6_tx
                0x20000c1c       0x60 ./Core/Src/main.o
                0x20000c1c                hdma_usart6_tx
 .bss.defaultTaskHandle
                0x20000c7c        0x4 ./Core/Src/main.o
                0x20000c7c                defaultTaskHandle
 .bss.chassisTaskHandle
                0x20000c80        0x4 ./Core/Src/main.o
                0x20000c80                chassisTaskHandle
 .bss.IMUtempPIDtaskHandle
                0x20000c84        0x4 ./Core/Src/main.o
                0x20000c84                IMUtempPIDtaskHandle
 .bss.turretTaskHandle
                0x20000c88        0x4 ./Core/Src/main.o
                0x20000c88                turretTaskHandle
 .bss.local_rc_ctrl
                0x20000c8c        0x4 ./Core/Src/main.o
                0x20000c8c                local_rc_ctrl
 .bss.tim1      0x20000c90        0x4 ./Core/Src/pwm.o
                0x20000c90                tim1
 .bss.tim4      0x20000c94        0x4 ./Core/Src/pwm.o
                0x20000c94                tim4
 .bss.tim5      0x20000c98        0x4 ./Core/Src/pwm.o
                0x20000c98                tim5
 .bss.tim8      0x20000c9c        0x4 ./Core/Src/pwm.o
                0x20000c9c                tim8
 .bss.whichPWMisOn
                0x20000ca0        0xb ./Core/Src/pwm.o
                0x20000ca0                whichPWMisOn
 *fill*         0x20000cab        0x1 
 .bss.subPeriod
                0x20000cac       0x2c ./Core/Src/pwm.o
                0x20000cac                subPeriod
 .bss.period    0x20000cd8       0x2c ./Core/Src/pwm.o
                0x20000cd8                period
 .bss.rc_ctrl   0x20000d04       0x16 ./Core/Src/remote_control.o
                0x20000d04                rc_ctrl
 *fill*         0x20000d1a        0x2 
 .bss.sbus_rx_buf
                0x20000d1c       0x48 ./Core/Src/remote_control.o
 .bss.this_time_rx_len.0
                0x20000d64        0x2 ./Core/Src/remote_control.o
 *fill*         0x20000d66        0x2 
 .bss.HAL_RCC_CAN1_CLK_ENABLED
                0x20000d68        0x4 ./Core/Src/stm32f4xx_hal_msp.o
 .bss.uwTick    0x20000d6c        0x4 ./Drivers/STM32F4xx_HAL_Driver/Src/stm32f4xx_hal.o
                0x20000d6c                uwTick
 .bss.KernelState
                0x20000d70        0x4 ./Middlewares/Third_Party/FreeRTOS/Source/CMSIS_RTOS_V2/cmsis_os2.o
 .bss.Idle_TCB.3
                0x20000d74       0xa8 ./Middlewares/Third_Party/FreeRTOS/Source/CMSIS_RTOS_V2/cmsis_os2.o
 .bss.Idle_Stack.2
                0x20000e1c      0x200 ./Middlewares/Third_Party/FreeRTOS/Source/CMSIS_RTOS_V2/cmsis_os2.o
 .bss.Timer_TCB.1
                0x2000101c       0xa8 ./Middlewares/Third_Party/FreeRTOS/Source/CMSIS_RTOS_V2/cmsis_os2.o
 .bss.Timer_Stack.0
                0x200010c4      0x400 ./Middlewares/Third_Party/FreeRTOS/Source/CMSIS_RTOS_V2/cmsis_os2.o
 .bss.xQueueRegistry
                0x200014c4       0x40 ./Middlewares/Third_Party/FreeRTOS/Source/queue.o
                0x200014c4                xQueueRegistry
 .bss.pxCurrentTCB
                0x20001504        0x4 ./Middlewares/Third_Party/FreeRTOS/Source/tasks.o
                0x20001504                pxCurrentTCB
 .bss.pxReadyTasksLists
                0x20001508      0x460 ./Middlewares/Third_Party/FreeRTOS/Source/tasks.o
 .bss.xDelayedTaskList1
                0x20001968       0x14 ./Middlewares/Third_Party/FreeRTOS/Source/tasks.o
 .bss.xDelayedTaskList2
                0x2000197c       0x14 ./Middlewares/Third_Party/FreeRTOS/Source/tasks.o
 .bss.pxDelayedTaskList
                0x20001990        0x4 ./Middlewares/Third_Party/FreeRTOS/Source/tasks.o
 .bss.pxOverflowDelayedTaskList
                0x20001994        0x4 ./Middlewares/Third_Party/FreeRTOS/Source/tasks.o
 .bss.xPendingReadyList
                0x20001998       0x14 ./Middlewares/Third_Party/FreeRTOS/Source/tasks.o
 .bss.xTasksWaitingTermination
                0x200019ac       0x14 ./Middlewares/Third_Party/FreeRTOS/Source/tasks.o
 .bss.uxDeletedTasksWaitingCleanUp
                0x200019c0        0x4 ./Middlewares/Third_Party/FreeRTOS/Source/tasks.o
 .bss.xSuspendedTaskList
                0x200019c4       0x14 ./Middlewares/Third_Party/FreeRTOS/Source/tasks.o
 .bss.uxCurrentNumberOfTasks
                0x200019d8        0x4 ./Middlewares/Third_Party/FreeRTOS/Source/tasks.o
 .bss.xTickCount
                0x200019dc        0x4 ./Middlewares/Third_Party/FreeRTOS/Source/tasks.o
 .bss.uxTopReadyPriority
                0x200019e0        0x4 ./Middlewares/Third_Party/FreeRTOS/Source/tasks.o
 .bss.xSchedulerRunning
                0x200019e4        0x4 ./Middlewares/Third_Party/FreeRTOS/Source/tasks.o
 .bss.xPendedTicks
                0x200019e8        0x4 ./Middlewares/Third_Party/FreeRTOS/Source/tasks.o
 .bss.xYieldPending
                0x200019ec        0x4 ./Middlewares/Third_Party/FreeRTOS/Source/tasks.o
 .bss.xNumOfOverflows
                0x200019f0        0x4 ./Middlewares/Third_Party/FreeRTOS/Source/tasks.o
 .bss.uxTaskNumber
                0x200019f4        0x4 ./Middlewares/Third_Party/FreeRTOS/Source/tasks.o
 .bss.xNextTaskUnblockTime
                0x200019f8        0x4 ./Middlewares/Third_Party/FreeRTOS/Source/tasks.o
 .bss.xIdleTaskHandle
                0x200019fc        0x4 ./Middlewares/Third_Party/FreeRTOS/Source/tasks.o
 .bss.uxSchedulerSuspended
                0x20001a00        0x4 ./Middlewares/Third_Party/FreeRTOS/Source/tasks.o
 .bss.xActiveTimerList1
                0x20001a04       0x14 ./Middlewares/Third_Party/FreeRTOS/Source/timers.o
 .bss.xActiveTimerList2
                0x20001a18       0x14 ./Middlewares/Third_Party/FreeRTOS/Source/timers.o
 .bss.pxCurrentTimerList
                0x20001a2c        0x4 ./Middlewares/Third_Party/FreeRTOS/Source/timers.o
 .bss.pxOverflowTimerList
                0x20001a30        0x4 ./Middlewares/Third_Party/FreeRTOS/Source/timers.o
 .bss.xTimerQueue
                0x20001a34        0x4 ./Middlewares/Third_Party/FreeRTOS/Source/timers.o
 .bss.xTimerTaskHandle
                0x20001a38        0x4 ./Middlewares/Third_Party/FreeRTOS/Source/timers.o
 .bss.xLastTime.2
                0x20001a3c        0x4 ./Middlewares/Third_Party/FreeRTOS/Source/timers.o
 .bss.ucStaticTimerQueueStorage.1
                0x20001a40       0xa0 ./Middlewares/Third_Party/FreeRTOS/Source/timers.o
 .bss.xStaticTimerQueue.0
                0x20001ae0       0x50 ./Middlewares/Third_Party/FreeRTOS/Source/timers.o
 .bss.ucMaxSysCallPriority
                0x20001b30        0x1 ./Middlewares/Third_Party/FreeRTOS/Source/portable/GCC/ARM_CM4F/port.o
 *fill*         0x20001b31        0x3 
 .bss.ulMaxPRIGROUPValue
                0x20001b34        0x4 ./Middlewares/Third_Party/FreeRTOS/Source/portable/GCC/ARM_CM4F/port.o
 .bss.ucHeap    0x20001b38     0x3c00 ./Middlewares/Third_Party/FreeRTOS/Source/portable/MemMang/heap_4.o
 .bss.xStart    0x20005738        0x8 ./Middlewares/Third_Party/FreeRTOS/Source/portable/MemMang/heap_4.o
 .bss.pxEnd     0x20005740        0x4 ./Middlewares/Third_Party/FreeRTOS/Source/portable/MemMang/heap_4.o
 .bss.xFreeBytesRemaining
                0x20005744        0x4 ./Middlewares/Third_Party/FreeRTOS/Source/portable/MemMang/heap_4.o
 .bss.xMinimumEverFreeBytesRemaining
                0x20005748        0x4 ./Middlewares/Third_Party/FreeRTOS/Source/portable/MemMang/heap_4.o
 .bss.xNumberOfSuccessfulAllocations
                0x2000574c        0x4 ./Middlewares/Third_Party/FreeRTOS/Source/portable/MemMang/heap_4.o
 .bss.xNumberOfSuccessfulFrees
                0x20005750        0x4 ./Middlewares/Third_Party/FreeRTOS/Source/portable/MemMang/heap_4.o
 .bss.xBlockAllocatedBit
                0x20005754        0x4 ./Middlewares/Third_Party/FreeRTOS/Source/portable/MemMang/heap_4.o
 .bss.__sf      0x20005758      0x138 C:/ST/STM32CubeIDE_1.12.1/STM32CubeIDE/plugins/com.st.stm32cube.ide.mcu.externaltools.gnu-tools-for-stm32.12.3.rel1.win32_1.0.100.202403111256/tools/bin/../lib/gcc/arm-none-eabi/12.3.1/../../../../arm-none-eabi/lib/thumb/v7e-m+fp/hard\libc_nano.a(libc_a-findfp.o)
                0x20005758                __sf
 .bss.__lock___malloc_recursive_mutex
                0x20005890        0x1 C:/ST/STM32CubeIDE_1.12.1/STM32CubeIDE/plugins/com.st.stm32cube.ide.mcu.externaltools.gnu-tools-for-stm32.12.3.rel1.win32_1.0.100.202403111256/tools/bin/../lib/gcc/arm-none-eabi/12.3.1/../../../../arm-none-eabi/lib/thumb/v7e-m+fp/hard\libc_nano.a(libc_a-lock.o)
                0x20005890                __lock___malloc_recursive_mutex
 *fill*         0x20005891        0x3 
 .bss.__malloc_free_list
                0x20005894        0x4 C:/ST/STM32CubeIDE_1.12.1/STM32CubeIDE/plugins/com.st.stm32cube.ide.mcu.externaltools.gnu-tools-for-stm32.12.3.rel1.win32_1.0.100.202403111256/tools/bin/../lib/gcc/arm-none-eabi/12.3.1/../../../../arm-none-eabi/lib/thumb/v7e-m+fp/hard\libc_nano.a(libc_a-mallocr.o)
                0x20005894                __malloc_free_list
 *(COMMON)
                0x20005898                        . = ALIGN (0x4)
                0x20005898                        _ebss = .
                0x20005898                        __bss_end__ = _ebss

._user_heap_stack
                0x20005898      0x600
                0x20005898                        . = ALIGN (0x8)
                [!provide]                        PROVIDE (end = .)
                0x20005898                        PROVIDE (_end = .)
                0x20005a98                        . = (. + _Min_Heap_Size)
 *fill*         0x20005898      0x200 
                0x20005e98                        . = (. + _Min_Stack_Size)
 *fill*         0x20005a98      0x400 
                0x20005e98                        . = ALIGN (0x8)

/DISCARD/
 libc.a(*)
 libm.a(*)
 libgcc.a(*)

.ARM.attributes
                0x00000000       0x30
 *(.ARM.attributes)
 .ARM.attributes
                0x00000000       0x22 C:/ST/STM32CubeIDE_1.12.1/STM32CubeIDE/plugins/com.st.stm32cube.ide.mcu.externaltools.gnu-tools-for-stm32.12.3.rel1.win32_1.0.100.202403111256/tools/bin/../lib/gcc/arm-none-eabi/12.3.1/thumb/v7e-m+fp/hard/crti.o
 .ARM.attributes
                0x00000022       0x34 C:/ST/STM32CubeIDE_1.12.1/STM32CubeIDE/plugins/com.st.stm32cube.ide.mcu.externaltools.gnu-tools-for-stm32.12.3.rel1.win32_1.0.100.202403111256/tools/bin/../lib/gcc/arm-none-eabi/12.3.1/thumb/v7e-m+fp/hard/crtbegin.o
 .ARM.attributes
                0x00000056       0x34 ./Core/Src/BMI088Middleware.o
 .ARM.attributes
                0x0000008a       0x34 ./Core/Src/BMI088driver.o
 .ARM.attributes
                0x000000be       0x34 ./Core/Src/CAN_receive.o
 .ARM.attributes
                0x000000f2       0x34 ./Core/Src/UART.o
 .ARM.attributes
                0x00000126       0x34 ./Core/Src/bsp_can.o
 .ARM.attributes
                0x0000015a       0x34 ./Core/Src/bsp_imu_pwm.o
 .ARM.attributes
                0x0000018e       0x34 ./Core/Src/bsp_rc.o
 .ARM.attributes
                0x000001c2       0x34 ./Core/Src/imu_temp_control_task.o
 .ARM.attributes
                0x000001f6       0x34 ./Core/Src/ist8310driver.o
 .ARM.attributes
                0x0000022a       0x34 ./Core/Src/ist8310driver_middleware.o
 .ARM.attributes
                0x0000025e       0x34 ./Core/Src/main.o
 .ARM.attributes
                0x00000292       0x34 ./Core/Src/pid.o
 .ARM.attributes
                0x000002c6       0x34 ./Core/Src/pwm.o
 .ARM.attributes
                0x000002fa       0x34 ./Core/Src/remote_control.o
 .ARM.attributes
                0x0000032e       0x34 ./Core/Src/stm32f4xx_hal_msp.o
 .ARM.attributes
                0x00000362       0x34 ./Core/Src/stm32f4xx_it.o
 .ARM.attributes
                0x00000396       0x34 ./Core/Src/system_stm32f4xx.o
 .ARM.attributes
                0x000003ca       0x21 ./Core/Startup/startup_stm32f407ighx.o
 .ARM.attributes
                0x000003eb       0x34 ./Drivers/STM32F4xx_HAL_Driver/Src/stm32f4xx_hal.o
 .ARM.attributes
                0x0000041f       0x34 ./Drivers/STM32F4xx_HAL_Driver/Src/stm32f4xx_hal_can.o
 .ARM.attributes
                0x00000453       0x34 ./Drivers/STM32F4xx_HAL_Driver/Src/stm32f4xx_hal_cortex.o
 .ARM.attributes
                0x00000487       0x34 ./Drivers/STM32F4xx_HAL_Driver/Src/stm32f4xx_hal_dma.o
 .ARM.attributes
                0x000004bb       0x34 ./Drivers/STM32F4xx_HAL_Driver/Src/stm32f4xx_hal_gpio.o
 .ARM.attributes
                0x000004ef       0x34 ./Drivers/STM32F4xx_HAL_Driver/Src/stm32f4xx_hal_i2c.o
 .ARM.attributes