../Core/Src/main.c:136:5:main	8	static
../Core/Src/main.c:238:6:SystemClock_Config	88	static
../Core/Src/main.c:288:13:MX_CAN1_Init	8	static
../Core/Src/main.c:325:13:MX_CAN2_Init	8	static
../Core/Src/main.c:362:13:MX_I2C3_Init	8	static
../Core/Src/main.c:396:13:MX_SPI1_Init	8	static
../Core/Src/main.c:434:13:MX_TIM1_Init	80	static
../Core/Src/main.c:511:13:MX_TIM4_Init	64	static
../Core/Src/main.c:570:13:MX_TIM5_Init	48	static
../Core/Src/main.c:627:13:MX_TIM8_Init	80	static
../Core/Src/main.c:700:13:MX_TIM10_Init	40	static
../Core/Src/main.c:746:13:MX_USART1_UART_Init	8	static
../Core/Src/main.c:779:13:MX_USART3_UART_Init	8	static
../Core/Src/main.c:812:13:MX_USART6_UART_Init	8	static
../Core/Src/main.c:843:13:MX_DMA_Init	16	static
../Core/Src/main.c:883:13:MX_GPIO_Init	64	static
../Core/Src/main.c:970:6:TaskMain	16	static
../Core/Src/main.c:988:6:TaskChassis	248	static
../Core/Src/main.c:1189:13:imu_temp_control_task	16	static
../Core/Src/main.c:1207:6:TaskTurret	16	static
../Core/Src/main.c:1222:6:Error_Handler	4	static,ignoring_inline_asm
