../Core/Src/CAN_receive.c:92:6:HAL_CAN_RxFifo0MsgPendingCallback	56	static
../Core/Src/CAN_receive.c:145:6:CAN1_cmd_b2b	32	static
../Core/Src/CAN_receive.c:167:6:CAN2_cmd_chassis_reset_ID	16	static
../Core/Src/CAN_receive.c:189:6:CAN2_cmd_motors	32	static
../Core/Src/CAN_receive.c:212:6:set_M3508_current	24	static
../Core/Src/CAN_receive.c:238:6:set_GM6020_voltage	24	static
../Core/Src/CAN_receive.c:258:6:set_GM6020_current	24	static
../Core/Src/CAN_receive.c:278:9:calc_current2RPM_PID	32	static
../Core/Src/CAN_receive.c:293:9:calc_M2006_current2RPM_PID	48	static
../Core/Src/CAN_receive.c:309:9:calc_voltage2RPM_PID	32	static
../Core/Src/CAN_receive.c:326:9:calc_current2Position_PID	32	static
../Core/Src/CAN_receive.c:340:9:calc_voltage2Position_PID	32	static
../Core/Src/CAN_receive.c:356:6:setM3508RPM	24	static
../Core/Src/CAN_receive.c:360:6:setGM6020currentRPM	24	static
../Core/Src/CAN_receive.c:364:6:setGM6020voltageRPM	24	static
../Core/Src/CAN_receive.c:368:6:setGM6020currentPosition	24	static
../Core/Src/CAN_receive.c:373:6:setGM6020voltagePosition	24	static
../Core/Src/CAN_receive.c:377:6:setM2006RPM	24	static
../Core/Src/CAN_receive.c:381:10:getMotorPosition	16	static
../Core/Src/CAN_receive.c:385:9:getMotorRPM	16	static
../Core/Src/CAN_receive.c:389:9:getMotorCurrent	16	static
../Core/Src/CAN_receive.c:393:9:getMotorTemperature	16	static
../Core/Src/CAN_receive.c:397:9:getLastMotorPosition	16	static
../Core/Src/CAN_receive.c:402:6:setB2bID	16	static
../Core/Src/CAN_receive.c:406:6:sendB2bData	32	static
../Core/Src/CAN_receive.c:410:6:setPowerLimit	16	static
../Core/Src/CAN_receive.c:416:23:applyPowerlimit	80	static
../Core/Src/CAN_receive.c:472:24:get_yaw_gimbal_motor_measure_point	4	static
../Core/Src/CAN_receive.c:481:24:get_pitch_gimbal_motor_measure_point	4	static
../Core/Src/CAN_receive.c:490:24:get_trigger_motor_measure_point	4	static
../Core/Src/CAN_receive.c:499:24:get_chassis_motor_measure_point	16	static
