2026-04-07 15:04:27,575 [INFO] Activator:176 - 


2026-04-07 15:04:27,582 [INFO] Activator:177 - !SESSION log4j initialized
2026-04-07 15:04:35,559 [INFO] LogOutputStream:77 - [STDOUT_REDIRECT] 
2026-04-07 15:04:38,394 [INFO] LogOutputStream:77 - [STDOUT_REDIRECT] 
2026-04-07 15:04:44,375 [ERROR] LogOutputStream:75 - [STDERR_REDIRECT] 
2026-04-07 15:04:45,507 [ERROR] LogOutputStream:75 - [STDERR_REDIRECT] java.net.URISyntaxException: Illegal character in path at index 56: file:/Users/liangnie/Documents/GitHub/STM32CUBEIDE/Liang Nie/.metadata/.log4j2.xml
2026-04-07 15:04:45,507 [ERROR] LogOutputStream:75 - [STDERR_REDIRECT] 	at java.base/java.net.URI$Parser.fail(URI.java:2995)
2026-04-07 15:04:45,508 [ERROR] LogOutputStream:75 - [STDERR_REDIRECT] 	at java.base/java.net.URI$Parser.checkChars(URI.java:3166)
2026-04-07 15:04:45,508 [ERROR] LogOutputStream:75 - [STDERR_REDIRECT] 	at java.base/java.net.URI$Parser.parseHierarchical(URI.java:3248)
2026-04-07 15:04:45,508 [ERROR] LogOutputStream:75 - [STDERR_REDIRECT] 	at java.base/java.net.URI$Parser.parse(URI.java:3196)
2026-04-07 15:04:45,508 [ERROR] LogOutputStream:75 - [STDERR_REDIRECT] 	at java.base/java.net.URI.<init>(URI.java:645)
2026-04-07 15:04:45,509 [ERROR] LogOutputStream:75 - [STDERR_REDIRECT] 	at java.base/java.net.URL.toURI(URL.java:1220)
2026-04-07 15:04:45,509 [ERROR] LogOutputStream:75 - [STDERR_REDIRECT] 	at com.st.stm32cube.common.mx.core.CubeMxInstance.getInstance(CubeMxInstance.java:81)
2026-04-07 15:04:45,511 [ERROR] LogOutputStream:75 - [STDERR_REDIRECT] 	at com.st.stm32cube.common.mx.userauth.UserAuthAdapter.<init>(UserAuthAdapter.java:25)
2026-04-07 15:04:45,511 [ERROR] LogOutputStream:75 - [STDERR_REDIRECT] 	at com.st.stm32cube.common.mx.userauth.UserAuthProvider.getUserAuthAdapter(UserAuthProvider.java:16)
2026-04-07 15:04:45,511 [ERROR] LogOutputStream:75 - [STDERR_REDIRECT] 	at com.st.stm32cube.common.ecosystemintegration.ui.core.MCUEcoSystemIntegrationUiHelper.getUserAuth(MCUEcoSystemIntegrationUiHelper.java:100)
2026-04-07 15:04:45,512 [ERROR] LogOutputStream:75 - [STDERR_REDIRECT] 	at com.st.stm32cube.ide.mcu.userauth.UserAuthStartup.earlyStartup(UserAuthStartup.java:32)
2026-04-07 15:04:45,512 [ERROR] LogOutputStream:75 - [STDERR_REDIRECT] 	at org.eclipse.ui.internal.EarlyStartupRunnable.runEarlyStartup(EarlyStartupRunnable.java:79)
2026-04-07 15:04:45,515 [ERROR] LogOutputStream:75 - [STDERR_REDIRECT] 	at org.eclipse.ui.internal.EarlyStartupRunnable.run(EarlyStartupRunnable.java:55)
2026-04-07 15:04:45,515 [ERROR] LogOutputStream:75 - [STDERR_REDIRECT] 	at org.eclipse.core.runtime.SafeRunner.run(SafeRunner.java:47)
2026-04-07 15:04:45,515 [ERROR] LogOutputStream:75 - [STDERR_REDIRECT] 	at org.eclipse.ui.internal.Workbench$39.run(Workbench.java:2733)
2026-04-07 15:04:45,515 [ERROR] LogOutputStream:75 - [STDERR_REDIRECT] 	at org.eclipse.core.internal.jobs.Worker.run(Worker.java:63)
2026-04-07 15:04:45,807 [INFO] ApplicationProperties:184 - Using Application install path: /Applications/STM32CubeIDE.app/Contents/Eclipse/plugins/com.st.stm32cube.common.mx_6.15.0.202507011659
2026-04-07 15:04:45,830 [INFO] DbMcusXml:78 - Set database path to: /Applications/STM32CubeIDE.app/Contents/Eclipse/plugins/com.st.stm32cube.common.mx_6.15.0.202507011659//db//mcu/
2026-04-07 15:04:45,830 [INFO] ApiDb:274 - Set plugin database path to: /Applications/STM32CubeIDE.app/Contents/Eclipse/plugins/com.st.stm32cube.common.mx_6.15.0.202507011659//db//plugins/boardmanager/
2026-04-07 15:04:45,831 [WARN] ApiDb:259 - Overriding images path with different value:  => /Applications/STM32CubeIDE.app/Contents/Eclipse/plugins/com.st.stm32cube.common.mx_6.15.0.202507011659//db//plugins/mcufinder/images/
2026-04-07 15:04:45,839 [INFO] ApiDb:250 - Set database path to: /Users/liangnie/.stmcufinder/plugins/mcufinder//mcu/
2026-04-07 15:04:45,840 [INFO] DbMcusAds:125 - Set database path to: /Users/liangnie/.stmcufinder/plugins/mcufinder//mcu/
2026-04-07 15:04:45,843 [INFO] CrossReferenceDbSqlite:203 - Set database path to: /Users/liangnie/.stmcufinder/plugins/mcufinder//mcu/cs/
2026-04-07 15:04:46,042 [INFO] RulesReader:64 - Compatibility file has been processed (317 Rules)
2026-04-07 15:04:46,115 [INFO] DbMcusXml:78 - Set database path to: /Applications/STM32CubeIDE.app/Contents/Eclipse/plugins/com.st.stm32cube.common.mx_6.15.0.202507011659//db//mcu/
2026-04-07 15:04:46,115 [INFO] ApiDb:274 - Set plugin database path to: /Applications/STM32CubeIDE.app/Contents/Eclipse/plugins/com.st.stm32cube.common.mx_6.15.0.202507011659//db//plugins/boardmanager/
2026-04-07 15:04:46,115 [INFO] ApiDb:261 - Set plugin images path to: /Applications/STM32CubeIDE.app/Contents/Eclipse/plugins/com.st.stm32cube.common.mx_6.15.0.202507011659//db//plugins/mcufinder/images/
2026-04-07 15:04:46,115 [WARN] DbFile:41 - Overriding database path with different value: /Users/liangnie/.stmcufinder/plugins/mcufinder/ => /Users/liangnie/.stmcufinder/plugins/mcufinder
2026-04-07 15:04:46,115 [INFO] ApiDb:250 - Set database path to: /Users/liangnie/.stmcufinder/plugins/mcufinder//mcu/
2026-04-07 15:04:46,116 [WARN] DbFile:41 - Overriding database path with different value: /Users/liangnie/.stmcufinder/plugins/mcufinder/ => /Users/liangnie/.stmcufinder/plugins/mcufinder
2026-04-07 15:04:46,116 [INFO] DbMcusAds:125 - Set database path to: /Users/liangnie/.stmcufinder/plugins/mcufinder//mcu/
2026-04-07 15:04:46,116 [WARN] DbFile:41 - Overriding database path with different value: /Users/liangnie/.stmcufinder/plugins/mcufinder/ => /Users/liangnie/.stmcufinder/plugins/mcufinder
2026-04-07 15:04:46,116 [WARN] DbFile:41 - Overriding database path with different value: /Users/liangnie/.stmcufinder/plugins/mcufinder/ => /Users/liangnie/.stmcufinder/plugins/mcufinder
2026-04-07 15:04:46,116 [INFO] CrossReferenceDbSqlite:203 - Set database path to: /Users/liangnie/.stmcufinder/plugins/mcufinder//mcu/cs/
2026-04-07 15:04:46,205 [INFO] MainPanel:274 - HeapMemory: 268435456
2026-04-07 15:04:47,344 [INFO] DbMcusXml:78 - Set database path to: /Applications/STM32CubeIDE.app/Contents/Eclipse/plugins/com.st.stm32cube.common.mx_6.15.0.202507011659//db//mcu/
2026-04-07 15:04:47,344 [INFO] ApiDb:274 - Set plugin database path to: /Applications/STM32CubeIDE.app/Contents/Eclipse/plugins/com.st.stm32cube.common.mx_6.15.0.202507011659//db//plugins/boardmanager/
2026-04-07 15:04:47,345 [INFO] ApiDb:261 - Set plugin images path to: /Applications/STM32CubeIDE.app/Contents/Eclipse/plugins/com.st.stm32cube.common.mx_6.15.0.202507011659//db//plugins/mcufinder/images/
2026-04-07 15:04:47,345 [WARN] DbFile:41 - Overriding database path with different value: /Users/liangnie/.stmcufinder/plugins/mcufinder/ => /Users/liangnie/.stmcufinder/plugins/mcufinder
2026-04-07 15:04:47,346 [INFO] ApiDb:250 - Set database path to: /Users/liangnie/.stmcufinder/plugins/mcufinder//mcu/
2026-04-07 15:04:47,346 [WARN] DbFile:41 - Overriding database path with different value: /Users/liangnie/.stmcufinder/plugins/mcufinder/ => /Users/liangnie/.stmcufinder/plugins/mcufinder
2026-04-07 15:04:47,346 [INFO] DbMcusAds:125 - Set database path to: /Users/liangnie/.stmcufinder/plugins/mcufinder//mcu/
2026-04-07 15:04:47,346 [WARN] DbFile:41 - Overriding database path with different value: /Users/liangnie/.stmcufinder/plugins/mcufinder/ => /Users/liangnie/.stmcufinder/plugins/mcufinder
2026-04-07 15:04:47,346 [WARN] DbFile:41 - Overriding database path with different value: /Users/liangnie/.stmcufinder/plugins/mcufinder/ => /Users/liangnie/.stmcufinder/plugins/mcufinder
2026-04-07 15:04:47,346 [INFO] CrossReferenceDbSqlite:203 - Set database path to: /Users/liangnie/.stmcufinder/plugins/mcufinder//mcu/cs/
2026-04-07 15:04:47,370 [INFO] ApplicationProperties:184 - Using Application install path: /Applications/STM32CubeIDE.app/Contents/Eclipse/plugins/com.st.stm32cube.common.mx_6.15.0.202507011659
2026-04-07 15:04:47,372 [INFO] PluginManage:196 - Search for loadable plugins [exclusion list=, ]
2026-04-07 15:04:47,374 [INFO] PluginManage:310 - Check plugin analytics
2026-04-07 15:04:47,655 [INFO] AnalyticsPlugin:253 - Accepted Software Licenses: STM32CubeMX.6.17.0
2026-04-07 15:04:47,655 [INFO] AnalyticsPlugin:255 - Accepted CMSIS Pack Licenses: 
2026-04-07 15:04:47,655 [INFO] AnalyticsPlugin:257 - Accepted Firmware Licenses: FW.F4.1.28.0,FW.H7.1.11.0
2026-04-07 15:04:47,660 [INFO] PluginManage:359 - Loaded plugin analytics (category:tool,tabindex:-1)
2026-04-07 15:04:47,660 [INFO] PluginManage:310 - Check plugin cadmodel
2026-04-07 15:04:47,667 [INFO] CADModel:105 - Init CAD model plugin
2026-04-07 15:04:47,668 [INFO] PluginManage:359 - Loaded plugin cadmodel (category:power,tabindex:5)
2026-04-07 15:04:47,668 [INFO] PluginManage:310 - Check plugin clock
2026-04-07 15:04:47,680 [INFO] PluginManage:359 - Loaded plugin clock (category:base,tabindex:2)
2026-04-07 15:04:47,681 [INFO] PluginManage:310 - Check plugin ddr
2026-04-07 15:04:47,684 [INFO] PluginManage:359 - Loaded plugin ddr (category:tool,tabindex:6)
2026-04-07 15:04:47,684 [INFO] PluginManage:310 - Check plugin filemanager
2026-04-07 15:04:47,923 [INFO] PluginManage:359 - Loaded plugin filemanager (category:base,tabindex:10)
2026-04-07 15:04:47,924 [INFO] PluginManage:310 - Check plugin ipmanager
2026-04-07 15:04:47,935 [INFO] PluginManage:359 - Loaded plugin ipmanager (category:base,tabindex:5)
2026-04-07 15:04:47,935 [INFO] PluginManage:310 - Check plugin lpbam
2026-04-07 15:04:47,946 [INFO] PluginManage:359 - Loaded plugin lpbam (category:base,tabindex:0)
2026-04-07 15:04:47,946 [INFO] PluginManage:310 - Check plugin memorymap
2026-04-07 15:04:47,963 [INFO] PluginManage:359 - Loaded plugin memorymap (category:base,tabindex:4)
2026-04-07 15:04:47,964 [INFO] PluginManage:310 - Check plugin pinoutandconfiguration
2026-04-07 15:04:47,974 [INFO] PluginManage:359 - Loaded plugin pinoutandconfiguration (category:base,tabindex:1)
2026-04-07 15:04:47,974 [INFO] PluginManage:310 - Check plugin pinoutconfig
2026-04-07 15:04:48,109 [WARN] SupportedApi:132 - Cannot load RTOS API schema: s4s-elt-must-match.1: The content of 'definitions' must match (annotation?, (simpleType | complexType)?, (unique | key | keyref)*)). A problem was found starting at: attribute.
2026-04-07 15:04:48,311 [INFO] PluginManage:359 - Loaded plugin pinoutconfig (category:base,tabindex:0)
2026-04-07 15:04:48,311 [INFO] PluginManage:310 - Check plugin power
2026-04-07 15:04:48,323 [INFO] PluginManage:359 - Loaded plugin power (category:power,tabindex:4)
2026-04-07 15:04:48,323 [INFO] PluginManage:310 - Check plugin projectmanager
2026-04-07 15:04:48,348 [INFO] PluginManage:359 - Loaded plugin projectmanager (category:projectmanager,tabindex:4)
2026-04-07 15:04:48,348 [INFO] PluginManage:310 - Check plugin rif
2026-04-07 15:04:48,363 [INFO] PluginManage:359 - Loaded plugin rif (category:base,tabindex:3)
2026-04-07 15:04:48,363 [INFO] PluginManage:310 - Check plugin thirdparty
2026-04-07 15:04:48,632 [INFO] PluginManage:359 - Loaded plugin thirdparty (category:base,tabindex:-1)
2026-04-07 15:04:48,632 [WARN] IntegrityCheckThread:84 - waiting for thirdparty lock release [integrity check]
2026-04-07 15:04:48,632 [INFO] PluginManage:310 - Check plugin tools
2026-04-07 15:04:48,632 [INFO] IntegrityCheckThread:86 - entering critical section [integrity check]
2026-04-07 15:04:48,633 [INFO] ThirdPartyUpdaterWithRetryManager:70 - Updater plugin not ready yet. [1/15]
2026-04-07 15:04:48,636 [INFO] PluginManage:359 - Loaded plugin tools (category:base,tabindex:7)
2026-04-07 15:04:48,636 [INFO] PluginManage:310 - Check plugin tutovideos
2026-04-07 15:04:48,995 [INFO] PluginManage:359 - Loaded plugin tutovideos (category:base,tabindex:-1)
2026-04-07 15:04:48,995 [INFO] PluginManage:310 - Check plugin updater
2026-04-07 15:04:49,031 [INFO] PluginManage:359 - Loaded plugin updater (category:base,tabindex:12)
2026-04-07 15:04:49,031 [INFO] PluginManage:310 - Check plugin userauth
2026-04-07 15:04:49,036 [INFO] UserAuth:118 - Init User Auth plugin
2026-04-07 15:04:49,037 [INFO] PluginManage:359 - Loaded plugin userauth (category:base,tabindex:14)
2026-04-07 15:04:49,038 [INFO] PluginManage:283 - PluginManage : Loaded plugins [18]
2026-04-07 15:04:49,282 [INFO] PinOutPanel:1589 - setPackage(No Configuration,No Configuration)
2026-04-07 15:04:49,387 [INFO] CADModel:165 - CPN selected for project level
2026-04-07 15:04:49,387 [INFO] CADModel:114 - Register for checkConnection events
2026-04-07 15:04:49,410 [INFO] IPUIPlugin:80 - create IPUIPlugin
2026-04-07 15:04:49,411 [INFO] PluginManager:220 - loadIPPluginJar : add mdma
2026-04-07 15:04:49,420 [INFO] IPUIPlugin:80 - create IPUIPlugin
2026-04-07 15:04:49,420 [INFO] PluginManager:220 - loadIPPluginJar : add freertos
2026-04-07 15:04:49,426 [INFO] IPUIPlugin:80 - create IPUIPlugin
2026-04-07 15:04:49,427 [INFO] PluginManager:220 - loadIPPluginJar : add gic
2026-04-07 15:04:49,456 [INFO] IPUIPlugin:80 - create IPUIPlugin
2026-04-07 15:04:49,456 [INFO] PluginManager:220 - loadIPPluginJar : add adc
2026-04-07 15:04:49,460 [INFO] IPUIPlugin:80 - create IPUIPlugin
2026-04-07 15:04:49,460 [INFO] PluginManager:220 - loadIPPluginJar : add gtzc
2026-04-07 15:04:49,462 [INFO] IPUIPlugin:80 - create IPUIPlugin
2026-04-07 15:04:49,462 [INFO] PluginManager:220 - loadIPPluginJar : add quadspi
2026-04-07 15:04:49,464 [INFO] IPUIPlugin:80 - create IPUIPlugin
2026-04-07 15:04:49,465 [INFO] PluginManager:220 - loadIPPluginJar : add aes
2026-04-07 15:04:49,468 [INFO] IPUIPlugin:80 - create IPUIPlugin
2026-04-07 15:04:49,468 [INFO] PluginManager:220 - loadIPPluginJar : add pdm2pcm
2026-04-07 15:04:49,471 [INFO] IPUIPlugin:80 - create IPUIPlugin
2026-04-07 15:04:49,471 [INFO] PluginManager:220 - loadIPPluginJar : add hash
2026-04-07 15:04:49,475 [INFO] IPUIPlugin:80 - create IPUIPlugin
2026-04-07 15:04:49,475 [INFO] PluginManager:220 - loadIPPluginJar : add tim
2026-04-07 15:04:49,476 [INFO] IPUIPlugin:80 - create IPUIPlugin
2026-04-07 15:04:49,477 [INFO] PluginManager:220 - loadIPPluginJar : add tsc
2026-04-07 15:04:49,480 [INFO] IPUIPlugin:80 - create IPUIPlugin
2026-04-07 15:04:49,481 [INFO] PluginManager:220 - loadIPPluginJar : add extmemmanager
2026-04-07 15:04:49,483 [INFO] IPUIPlugin:80 - create IPUIPlugin
2026-04-07 15:04:49,483 [INFO] PluginManager:220 - loadIPPluginJar : add ts
2026-04-07 15:04:49,485 [INFO] IPUIPlugin:80 - create IPUIPlugin
2026-04-07 15:04:49,485 [INFO] PluginManager:220 - loadIPPluginJar : add radio
2026-04-07 15:04:49,489 [INFO] IPUIPlugin:80 - create IPUIPlugin
2026-04-07 15:04:49,489 [INFO] PluginManager:220 - loadIPPluginJar : add can
2026-04-07 15:04:49,492 [INFO] IPUIPlugin:80 - create IPUIPlugin
2026-04-07 15:04:49,493 [INFO] PluginManager:220 - loadIPPluginJar : add dma3
2026-04-07 15:04:49,496 [INFO] IPUIPlugin:80 - create IPUIPlugin
2026-04-07 15:04:49,496 [INFO] PluginManager:220 - loadIPPluginJar : add dfsdm
2026-04-07 15:04:49,499 [INFO] IPUIPlugin:80 - create IPUIPlugin
2026-04-07 15:04:49,499 [INFO] PluginManager:220 - loadIPPluginJar : add spi
2026-04-07 15:04:49,503 [INFO] IPUIPlugin:80 - create IPUIPlugin
2026-04-07 15:04:49,503 [INFO] PluginManager:220 - loadIPPluginJar : add gfxmmu
2026-04-07 15:04:49,505 [INFO] IPUIPlugin:80 - create IPUIPlugin
2026-04-07 15:04:49,505 [INFO] PluginManager:220 - loadIPPluginJar : add genericplugin
2026-04-07 15:04:49,508 [INFO] IPUIPlugin:80 - create IPUIPlugin
2026-04-07 15:04:49,508 [INFO] PluginManager:220 - loadIPPluginJar : add cryp
2026-04-07 15:04:49,513 [INFO] IPUIPlugin:80 - create IPUIPlugin
2026-04-07 15:04:49,513 [INFO] PluginManager:220 - loadIPPluginJar : add gpio
2026-04-07 15:04:49,517 [INFO] IPUIPlugin:80 - create IPUIPlugin
2026-04-07 15:04:49,517 [INFO] PluginManager:220 - loadIPPluginJar : add ddr_ctrl_phy
2026-04-07 15:04:49,520 [INFO] IPUIPlugin:80 - create IPUIPlugin
2026-04-07 15:04:49,520 [INFO] PluginManager:220 - loadIPPluginJar : add comp
2026-04-07 15:04:49,522 [INFO] IPUIPlugin:80 - create IPUIPlugin
2026-04-07 15:04:49,522 [INFO] PluginManager:220 - loadIPPluginJar : add tracer_emb
2026-04-07 15:04:49,526 [INFO] IPUIPlugin:80 - create IPUIPlugin
2026-04-07 15:04:49,526 [INFO] PluginManager:220 - loadIPPluginJar : add openamp
2026-04-07 15:04:49,533 [INFO] IPUIPlugin:80 - create IPUIPlugin
2026-04-07 15:04:49,533 [INFO] PluginManager:220 - loadIPPluginJar : add stm32_wpan
2026-04-07 15:04:49,541 [INFO] IPUIPlugin:80 - create IPUIPlugin
2026-04-07 15:04:49,546 [INFO] PluginManager:220 - loadIPPluginJar : add plateformsettings
2026-04-07 15:04:49,549 [INFO] IPUIPlugin:80 - create IPUIPlugin
2026-04-07 15:04:49,549 [INFO] PluginManager:220 - loadIPPluginJar : add ipddr
2026-04-07 15:04:49,552 [INFO] IPUIPlugin:80 - create IPUIPlugin
2026-04-07 15:04:49,552 [INFO] PluginManager:220 - loadIPPluginJar : add usart
2026-04-07 15:04:49,553 [INFO] IPUIPlugin:80 - create IPUIPlugin
2026-04-07 15:04:49,553 [INFO] PluginManager:220 - loadIPPluginJar : add ltdc
2026-04-07 15:04:49,559 [INFO] IPUIPlugin:80 - create IPUIPlugin
2026-04-07 15:04:49,559 [INFO] PluginManager:220 - loadIPPluginJar : add nvic
2026-04-07 15:04:49,561 [INFO] IPUIPlugin:80 - create IPUIPlugin
2026-04-07 15:04:49,561 [INFO] PluginManager:220 - loadIPPluginJar : add fatfs
2026-04-07 15:04:49,570 [INFO] IPUIPlugin:80 - create IPUIPlugin
2026-04-07 15:04:49,570 [INFO] PluginManager:220 - loadIPPluginJar : add linkedlist
2026-04-07 15:04:49,581 [INFO] IPUIPlugin:80 - create IPUIPlugin
2026-04-07 15:04:49,581 [INFO] PluginManager:220 - loadIPPluginJar : add dma
2026-04-07 15:04:49,586 [INFO] IPUIPlugin:80 - create IPUIPlugin
2026-04-07 15:04:49,586 [INFO] PluginManager:220 - loadIPPluginJar : add fmc
2026-04-07 15:04:49,589 [INFO] IPUIPlugin:80 - create IPUIPlugin
2026-04-07 15:04:49,590 [INFO] PluginManager:220 - loadIPPluginJar : add i2s
2026-04-07 15:04:49,591 [INFO] IPUIPlugin:80 - create IPUIPlugin
2026-04-07 15:04:49,591 [INFO] PluginManager:220 - loadIPPluginJar : add ucpd
2026-04-07 15:04:49,594 [INFO] IPUIPlugin:80 - create IPUIPlugin
2026-04-07 15:04:49,594 [INFO] PluginManager:220 - loadIPPluginJar : add lorawan
2026-04-07 15:04:49,597 [INFO] IPUIPlugin:80 - create IPUIPlugin
2026-04-07 15:04:49,597 [INFO] PluginManager:220 - loadIPPluginJar : add opamp
2026-04-07 15:04:49,600 [INFO] IPUIPlugin:80 - create IPUIPlugin
2026-04-07 15:04:49,600 [INFO] PluginManager:220 - loadIPPluginJar : add i3c
2026-04-07 15:04:49,604 [INFO] IPUIPlugin:80 - create IPUIPlugin
2026-04-07 15:04:49,604 [INFO] PluginManager:220 - loadIPPluginJar : add touchsensing
2026-04-07 15:04:49,606 [INFO] IPUIPlugin:80 - create IPUIPlugin
2026-04-07 15:04:49,607 [INFO] PluginManager:220 - loadIPPluginJar : add i2c
2026-04-07 15:04:49,610 [INFO] IPUIPlugin:80 - create IPUIPlugin
2026-04-07 15:04:49,610 [INFO] PluginManager:220 - loadIPPluginJar : add resmgrutility
2026-04-07 15:04:49,613 [INFO] IPUIPlugin:80 - create IPUIPlugin
2026-04-07 15:04:49,613 [INFO] PluginManager:220 - loadIPPluginJar : add sai
2026-04-07 15:04:49,617 [INFO] IPUIPlugin:80 - create IPUIPlugin
2026-04-07 15:04:49,617 [INFO] PluginManager:220 - loadIPPluginJar : add usbx
2026-04-07 15:04:49,729 [FATAL] Updater:351 - Updater called before beeing initialized
2026-04-07 15:04:49,763 [INFO] RulesReader:64 - Compatibility file has been processed (317 Rules)
2026-04-07 15:04:49,781 [INFO] RulesReader:64 - Compatibility file has been processed (317 Rules)
2026-04-07 15:04:49,789 [INFO] CADModel:165 - CPN selected for project level
2026-04-07 15:04:49,789 [INFO] CADModel:114 - Register for checkConnection events
2026-04-07 15:04:49,789 [FATAL] Updater:351 - Updater called before beeing initialized
2026-04-07 15:04:49,789 [ERROR] CADModel:125 - Updater not yet initialized, retry later 
2026-04-07 15:04:50,036 [FATAL] Updater:351 - Updater called before beeing initialized
2026-04-07 15:04:50,038 [INFO] CADModel:165 - CPN selected for project level
2026-04-07 15:04:50,038 [INFO] CADModel:114 - Register for checkConnection events
2026-04-07 15:04:50,039 [FATAL] Updater:351 - Updater called before beeing initialized
2026-04-07 15:04:50,039 [ERROR] CADModel:125 - Updater not yet initialized, retry later 
2026-04-07 15:04:50,042 [FATAL] Updater:351 - Updater called before beeing initialized
2026-04-07 15:04:50,148 [FATAL] Updater:351 - Updater called before beeing initialized
2026-04-07 15:04:50,153 [INFO] DbMcusAds:53 - JSON generation date=Wed Feb 18 06:32:49 PST 2026 (1771425169665)
2026-04-07 15:04:50,153 [FATAL] Updater:351 - Updater called before beeing initialized
2026-04-07 15:04:50,660 [WARN] DetailPanel:346 - Failed to get advertising image, set to default
2026-04-07 15:04:50,779 [FATAL] Updater:351 - Updater called before beeing initialized
2026-04-07 15:04:50,781 [FATAL] Updater:351 - Updater called before beeing initialized
2026-04-07 15:04:50,781 [FATAL] Updater:351 - Updater called before beeing initialized
2026-04-07 15:04:50,781 [WARN] DetailPanel:346 - Failed to get advertising image, set to default
2026-04-07 15:04:50,782 [FATAL] Updater:351 - Updater called before beeing initialized
2026-04-07 15:04:50,823 [ERROR] Updater:1198 - MainUpdater not yet initialized. External WinMGr cannot be set.
2026-04-07 15:04:50,826 [INFO] Updater:1134 - Updater Version found : 6.15.0
2026-04-07 15:04:50,850 [INFO] ApplicationProperties:184 - Using Application install path: /Applications/STM32CubeIDE.app/Contents/Eclipse/plugins/com.st.stm32cube.common.mx_6.15.0.202507011659
2026-04-07 15:04:51,591 [INFO] MainUpdater:2872 - connection check result : 10
2026-04-07 15:04:51,592 [INFO] MainUpdater:3604 - Updater definition file requires update
2026-04-07 15:04:51,592 [INFO] MainUpdater:289 - Updater Check For Update Now.
2026-04-07 15:04:51,603 [INFO] MicroXplorer:498 - Change Database Version : DB.6.0.150
2026-04-07 15:04:51,609 [INFO] McuFinderGlobals:63 - Set McuFinder mode to 2 (CubeIDE integrated)
2026-04-07 15:04:51,610 [INFO] UserAuth:487 - Internet connection configuration mode: 1
2026-04-07 15:04:51,637 [WARN] MainUpdater:1193 - Updater busy. Cannot search thirdparties
2026-04-07 15:04:51,638 [INFO] ThirdPartyUpdaterWithRetryManager:96 - Updater plugin is busy. [1/15]
2026-04-07 15:04:51,639 [INFO] JxBrowserEngine:152 - Initiate JxBrowser Engine with user profile folder
2026-04-07 15:04:51,937 [INFO] ServerAccessManage:452 - Complete download http(s) 200
2026-04-07 15:04:51,939 [INFO] ServerAccessManage:509 - Download File updaters.zip
2026-04-07 15:04:52,106 [INFO] FileExtend:248 - Unzip File : updaters.zip
2026-04-07 15:04:52,106 [INFO] FileExtend:263 - Standard Zip Deflate
2026-04-07 15:04:52,799 [INFO] ServerAccessManage:452 - Complete download http(s) 200
2026-04-07 15:04:52,800 [INFO] ServerAccessManage:509 - Download File PacksControlFlags.xml
2026-04-07 15:04:52,982 [INFO] ServerAccessManage:452 - Complete download http(s) 200
2026-04-07 15:04:52,983 [INFO] ServerAccessManage:509 - Download File cubemx.pidx
2026-04-07 15:04:54,642 [WARN] MainUpdater:1193 - Updater busy. Cannot search thirdparties
2026-04-07 15:04:54,642 [INFO] ThirdPartyUpdaterWithRetryManager:96 - Updater plugin is busy. [2/15]
2026-04-07 15:04:55,087 [INFO] WebApp:169 - Instantiating new browser for Auth
2026-04-07 15:04:55,805 [INFO] ServerAccessManage:452 - Complete download http(s) 200
2026-04-07 15:04:55,805 [INFO] ServerAccessManage:509 - Download File STMicroelectronics.X-CUBE-WB05N.pdsc
2026-04-07 15:04:56,125 [INFO] ServerAccessManage:452 - Complete download http(s) 200
2026-04-07 15:04:56,125 [INFO] ServerAccessManage:509 - Download File STMicroelectronics.eDS-WB_DPC_VIENNA.pdsc
2026-04-07 15:04:57,123 [ERROR] ServerAccessManage:1212 - Problem, file not found on Server
2026-04-07 15:04:57,275 [ERROR] ServerAccessManage:1212 - Problem, file not found on Server
2026-04-07 15:04:57,408 [INFO] WebApp:463 - Apply proxy settings
2026-04-07 15:04:57,414 [INFO] WebApp:508 - Chromium authenticates against Manually configured proxy
2026-04-07 15:04:57,426 [INFO] WebApp:516 - Username used for proxy authentication: 
2026-04-07 15:04:57,468 [INFO] WebApp:900 - Register for checkConnection events
2026-04-07 15:04:57,469 [INFO] WebApp:463 - Apply proxy settings
2026-04-07 15:04:57,472 [INFO] WebApp:508 - Chromium authenticates against Manually configured proxy
2026-04-07 15:04:57,472 [INFO] WebApp:516 - Username used for proxy authentication: 
2026-04-07 15:04:57,643 [WARN] MainUpdater:1193 - Updater busy. Cannot search thirdparties
2026-04-07 15:04:57,644 [INFO] ThirdPartyUpdaterWithRetryManager:96 - Updater plugin is busy. [3/15]
2026-04-07 15:04:57,647 [ERROR] ServerAccessManage:1212 - Problem, file not found on Server
2026-04-07 15:04:57,892 [INFO] WebApp:191 - Connection restablished
2026-04-07 15:04:57,950 [ERROR] ServerAccessManage:1212 - Problem, file not found on Server
2026-04-07 15:04:58,131 [INFO] WebApp:225 - Starting web application
2026-04-07 15:04:58,132 [INFO] WebApp:593 - Web application path used /Applications/STM32CubeIDE.app/Contents/Eclipse/plugins/com.st.stm32cube.common.mx_6.15.0.202507011659/db/plugins/mcufinder/reactClient1/index.html
2026-04-07 15:04:58,370 [ERROR] ServerAccessManage:1212 - Problem, file not found on Server
2026-04-07 15:04:58,386 [INFO] UserAuth:487 - Internet connection configuration mode: 1
2026-04-07 15:04:58,893 [INFO] ServerAccessManage:452 - Complete download http(s) 200
2026-04-07 15:04:58,893 [INFO] ServerAccessManage:509 - Download File STMicroelectronics.eDS-WB_DPC_TT-BIDIR.pdsc
2026-04-07 15:04:59,220 [ERROR] ServerAccessManage:1212 - Problem, file not found on Server
2026-04-07 15:04:59,502 [ERROR] ServerAccessManage:1212 - Problem, file not found on Server
2026-04-07 15:04:59,844 [ERROR] ServerAccessManage:1212 - Problem, file not found on Server
2026-04-07 15:05:00,177 [ERROR] ServerAccessManage:1212 - Problem, file not found on Server
2026-04-07 15:05:00,398 [INFO] ServerAccessManage:452 - Complete download http(s) 200
2026-04-07 15:05:00,398 [INFO] ServerAccessManage:509 - Download File STMicroelectronics.eDS-WB_DPC_3PH2L-BIDIR.pdsc
2026-04-07 15:05:00,644 [WARN] MainUpdater:1193 - Updater busy. Cannot search thirdparties
2026-04-07 15:05:00,645 [INFO] ThirdPartyUpdaterWithRetryManager:96 - Updater plugin is busy. [4/15]
2026-04-07 15:05:00,793 [ERROR] ServerAccessManage:1212 - Problem, file not found on Server
2026-04-07 15:05:01,204 [WARN] PackLoader:240 - Cannot read IP mode file for STMicroelectronics.X-CUBE-WB05N.2.1.0
2026-04-07 15:05:01,214 [WARN] PackLoader:240 - Cannot read IP mode file for STMicroelectronics.eDS-WB_DPC_VIENNA.1.2.0
2026-04-07 15:05:01,218 [WARN] PackLoader:240 - Cannot read IP mode file for STMicroelectronics.eDS-WB_DPC_TT-BIDIR.2.1.1
2026-04-07 15:05:01,223 [WARN] PackLoader:240 - Cannot read IP mode file for STMicroelectronics.eDS-WB_DPC_3PH2L-BIDIR.1.1.1
2026-04-07 15:05:01,223 [INFO] PopulateThirdPartyThread:66 - Ending populate Thread
2026-04-07 15:05:01,225 [INFO] ThirdParty:1030 - CMSIS Pack Vendor :STMicroelectronics eDS-WB_DPC_TT-BIDIR 2.1.1
2026-04-07 15:05:01,225 [INFO] ThirdParty:1030 - CMSIS Pack Vendor :STMicroelectronics eDS-WB_DPC_VIENNA 1.2.0
2026-04-07 15:05:01,225 [INFO] ThirdParty:1030 - CMSIS Pack Vendor :STMicroelectronics eDS-WB_DPC_3PH2L-BIDIR 1.1.1
2026-04-07 15:05:01,225 [INFO] ThirdParty:1030 - CMSIS Pack Vendor :STMicroelectronics X-CUBE-WB05N 2.1.0
2026-04-07 15:05:01,226 [INFO] LoadServerUpdatesThread:375 - End of LoadServerUpdate Thread
2026-04-07 15:05:01,358 [INFO] CheckServerUpdateThread:120 - End of CheckServer Thread
2026-04-07 15:05:04,002 [WARN] PackLoader:240 - Cannot read IP mode file for STMicroelectronics.X-CUBE-AZRTOS-H7.3.5.0
2026-04-07 15:05:04,017 [WARN] PackLoader:240 - Cannot read IP mode file for STMicroelectronics.FP-SNS-MOTENVWB1.1.4.0
2026-04-07 15:05:04,024 [WARN] PackLoader:240 - Cannot read IP mode file for STMicroelectronics.FP-ATR-ASTRA1.2.0.2
2026-04-07 15:05:04,028 [WARN] PackLoader:240 - Cannot read IP mode file for STMicroelectronics.FP-ATR-ASTRA1.2.0.1
2026-04-07 15:05:04,036 [WARN] PackLoader:240 - Cannot read IP mode file for STMicroelectronics.X-CUBE-SMBUS.2.1.0
2026-04-07 15:05:04,044 [WARN] PackLoader:240 - Cannot read IP mode file for STMicroelectronics.X-CUBE-WB05N.1.1.0
2026-04-07 15:05:04,053 [WARN] PackLoader:240 - Cannot read IP mode file for STMicroelectronics.X-CUBE-ST60.1.0.0
2026-04-07 15:05:04,069 [WARN] PackLoader:240 - Cannot read IP mode file for STMicroelectronics.X-CUBE-TOUCHGFX.4.23.1
2026-04-07 15:05:04,073 [WARN] PackLoader:240 - Cannot read IP mode file for STMicroelectronics.X-CUBE-TOUCHGFX.4.23.0
2026-04-07 15:05:04,077 [WARN] PackLoader:240 - Cannot read IP mode file for STMicroelectronics.X-CUBE-TOUCHGFX.4.23.2
2026-04-07 15:05:04,112 [WARN] PackLoader:240 - Cannot read IP mode file for STMicroelectronics.X-CUBE-AZRTOS-F7.1.1.0
2026-04-07 15:05:04,127 [WARN] PackLoader:240 - Cannot read IP mode file for STMicroelectronics.FP-SNS-MOTENV1.4.3.2
2026-04-07 15:05:04,228 [WARN] PackLoader:240 - Cannot read IP mode file for STMicroelectronics.X-CUBE-MEMS1.11.0.0
2026-04-07 15:05:04,564 [WARN] PackLoader:240 - Cannot read IP mode file for STMicroelectronics.FP-SNS-MOTENV1.5.1.0
2026-04-07 15:05:04,579 [WARN] PackLoader:240 - Cannot read IP mode file for WES.I-CUBE-Cesium.1.4.0
2026-04-07 15:05:04,584 [WARN] PackLoader:240 - Cannot read IP mode file for STMicroelectronics.FP-SNS-FLIGHT1.5.0.2
2026-04-07 15:05:04,631 [WARN] PackLoader:240 - Cannot read IP mode file for STMicroelectronics.X-CUBE-AZRTOS-H7.3.4.0
2026-04-07 15:05:04,646 [WARN] PackLoader:240 - Cannot read IP mode file for STMicroelectronics.X-CUBE-DISPLAY.3.0.0
2026-04-07 15:05:04,661 [WARN] PackLoader:240 - Cannot read IP mode file for STMicroelectronics.FP-SNS-MOTENVWB1.1.5.0
2026-04-07 15:05:04,667 [WARN] PackLoader:240 - Cannot read IP mode file for STMicroelectronics.X-CUBE-BLE1.7.0.0
2026-04-07 15:05:04,677 [WARN] PackLoader:240 - Cannot read IP mode file for STMicroelectronics.X-CUBE-NFC10.1.0.0
2026-04-07 15:05:04,695 [WARN] PackLoader:240 - Cannot read IP mode file for STMicroelectronics.X-CUBE-BLEMGR.4.0.0
2026-04-07 15:05:04,709 [WARN] PackLoader:240 - Cannot read IP mode file for STMicroelectronics.X-CUBE-ST60.1.1.0
2026-04-07 15:05:04,717 [WARN] PackLoader:240 - Cannot read IP mode file for emotas.I-CUBE-CANOPEN.1.3.0
2026-04-07 15:05:04,724 [WARN] PackLoader:240 - Cannot read IP mode file for STMicroelectronics.X-CUBE-GNSS1.7.1.0
2026-04-07 15:05:04,752 [WARN] PackLoader:240 - Cannot read IP mode file for STMicroelectronics.X-CUBE-BLEMGR.3.1.0
2026-04-07 15:05:04,824 [WARN] PackLoader:240 - Cannot read IP mode file for STMicroelectronics.X-CUBE-AI.10.0.0
2026-04-07 15:05:04,840 [WARN] PackLoader:240 - Cannot read IP mode file for STMicroelectronics.FP-SNS-STBOX1.2.1.0
2026-04-07 15:05:04,847 [WARN] PackLoader:240 - Cannot read IP mode file for STMicroelectronics.FP-SNS-SMARTAG2.1.2.0
2026-04-07 15:05:04,850 [WARN] PackLoader:240 - Cannot read IP mode file for STMicroelectronics.FP-SNS-FLIGHT1.5.1.0
2026-04-07 15:05:04,927 [WARN] PackLoader:240 - Cannot read IP mode file for STMicroelectronics.X-CUBE-MEMS1.11.1.0
2026-04-07 15:05:05,187 [INFO] LogOutputStream:77 - [STDOUT_REDIRECT] 1 : Invalid condition id : UX_CORESTACK_Condition cause : null
2026-04-07 15:05:05,187 [INFO] LogOutputStream:77 - [STDOUT_REDIRECT] 1 : Invalid condition id : UX_CORESTACK_Condition cause : null
2026-04-07 15:05:05,188 [INFO] LogOutputStream:77 - [STDOUT_REDIRECT] 1 : Invalid condition id : UX_CORESTACK_Condition cause : null
2026-04-07 15:05:05,188 [INFO] LogOutputStream:77 - [STDOUT_REDIRECT] 1 : Invalid condition id : UX_CORESTACK_Condition cause : null
2026-04-07 15:05:05,188 [INFO] LogOutputStream:77 - [STDOUT_REDIRECT] 1 : Invalid condition id : UX_CORESTACK_Condition cause : null
2026-04-07 15:05:05,192 [WARN] PackLoader:240 - Cannot read IP mode file for STMicroelectronics.X-CUBE-AZRTOS-WL.2.0.0
2026-04-07 15:05:05,198 [WARN] PackLoader:240 - Cannot read IP mode file for STMicroelectronics.FP-SNS-MOTENV1.5.0.0
2026-04-07 15:05:05,224 [WARN] PackLoader:240 - Cannot read IP mode file for STMicroelectronics.X-CUBE-AZRTOS-H7RS.1.2.0
2026-04-07 15:05:05,232 [WARN] PackLoader:240 - Cannot read IP mode file for wolfSSL.I-CUBE-wolfMQTT.1.19.0
2026-04-07 15:05:05,238 [WARN] PackLoader:240 - Cannot read IP mode file for WES.I-CUBE-Cesium.1.3.0
2026-04-07 15:05:05,244 [WARN] PackLoader:240 - Cannot read IP mode file for STMicroelectronics.X-CUBE-BLE2.3.3.0
2026-04-07 15:05:05,278 [WARN] PackLoader:240 - Cannot read IP mode file for Infineon.AIROC-Wi-Fi-Bluetooth-STM32.1.8.0
2026-04-07 15:05:05,297 [WARN] PackLoader:240 - Cannot read IP mode file for STMicroelectronics.X-CUBE-NFC9.1.0.0
2026-04-07 15:05:05,304 [WARN] PackLoader:240 - Cannot read IP mode file for STMicroelectronics.X-CUBE-BLE1.7.1.0
2026-04-07 15:05:05,307 [WARN] PackLoader:240 - Cannot read IP mode file for wolfSSL.I-CUBE-wolfMQTT.1.19.2
2026-04-07 15:05:05,312 [WARN] PackLoader:240 - Cannot read IP mode file for STMicroelectronics.X-CUBE-TCPP.4.1.0
2026-04-07 15:05:05,319 [WARN] PackLoader:240 - Cannot read IP mode file for STMicroelectronics.X-CUBE-FREERTOS.1.4.0
2026-04-07 15:05:05,327 [WARN] PackLoader:240 - Cannot read IP mode file for STMicroelectronics.X-CUBE-EEPRMA1.5.2.0
2026-04-07 15:05:05,334 [WARN] PackLoader:240 - Cannot read IP mode file for wolfSSL.I-CUBE-wolfSSL.5.8.4
2026-04-07 15:05:05,337 [WARN] PackLoader:240 - Cannot read IP mode file for Cesanta.I-CUBE-Mongoose.7.20.0
2026-04-07 15:05:05,342 [WARN] PackLoader:240 - Cannot read IP mode file for STMicroelectronics.X-CUBE-ST67W61.1.1.0
2026-04-07 15:05:05,346 [WARN] PackLoader:240 - Cannot read IP mode file for STMicroelectronics.X-CUBE-AI.10.1.0
2026-04-07 15:05:05,418 [WARN] PackLoader:240 - Cannot read IP mode file for STMicroelectronics.X-CUBE-MEMS1.12.0.0
2026-04-07 15:05:05,609 [WARN] PackLoader:240 - Cannot read IP mode file for STMicroelectronics.X-CUBE-ALGOBUILD.1.3.0
2026-04-07 15:05:05,670 [WARN] PackLoader:240 - Cannot read IP mode file for STMicroelectronics.X-CUBE-MEMS1.11.2.0
2026-04-07 15:05:05,922 [WARN] PackLoader:240 - Cannot read IP mode file for STMicroelectronics.X-CUBE-AZRTOS-G0.1.1.0
2026-04-07 15:05:05,930 [WARN] PackLoader:240 - Cannot read IP mode file for STMicroelectronics.X-CUBE-SAFEA1.1.2.2
2026-04-07 15:05:05,936 [WARN] PackLoader:240 - Cannot read IP mode file for STMicroelectronics.X-CUBE-NFC4.3.0.0
2026-04-07 15:05:05,939 [WARN] PackLoader:240 - Cannot read IP mode file for wolfSSL.I-CUBE-wolfMQTT.1.18.0
2026-04-07 15:05:05,948 [WARN] PackLoader:240 - Cannot read IP mode file for EmbeddedOffice.I-CUBE-FS-RTOS.1.0.1
2026-04-07 15:05:05,952 [WARN] PackLoader:240 - Cannot read IP mode file for STMicroelectronics.X-CUBE-WB05N.2.0.0
2026-04-07 15:05:05,963 [WARN] PackLoader:240 - Cannot read IP mode file for STMicroelectronics.X-CUBE-BLEMGR.3.0.0
2026-04-07 15:05:05,968 [WARN] PackLoader:240 - Cannot read IP mode file for wolfSSL.I-CUBE-wolfTPM.3.8.0
2026-04-07 15:05:05,975 [WARN] PackLoader:240 - Cannot read IP mode file for STMicroelectronics.X-CUBE-TCPP.4.2.0
2026-04-07 15:05:05,981 [WARN] PackLoader:240 - Cannot read IP mode file for RealThread.X-CUBE-RT-Thread_Nano.4.1.1
2026-04-07 15:05:05,987 [WARN] PackLoader:240 - Cannot read IP mode file for STMicroelectronics.FP-ATR-SIGFOX1.3.2.0
2026-04-07 15:05:05,992 [WARN] ConditionMgr:438 - getConditionDescription Invalid condition id : Cortex-A Device cause : null
2026-04-07 15:05:06,000 [WARN] ConditionMgr:1044 - genDependencies : Invalid condition id : Cortex-A Device cause : null
2026-04-07 15:05:06,001 [WARN] ConditionMgr:1044 - genDependencies : Invalid condition id : Cortex-A Device cause : null
2026-04-07 15:05:06,001 [WARN] ConditionMgr:1044 - genDependencies : Invalid condition id : Cortex-A Device cause : null
2026-04-07 15:05:06,009 [WARN] PackLoader:240 - Cannot read IP mode file for STMicroelectronics.X-CUBE-EEPRMA1.5.1.0
2026-04-07 15:05:06,015 [WARN] PackLoader:240 - Cannot read IP mode file for STMicroelectronics.X-CUBE-FREERTOS.1.5.0
2026-04-07 15:05:06,021 [WARN] PackLoader:240 - Cannot read IP mode file for ITTIA_DB.I-CUBE-ITTIADB.8.9.0
2026-04-07 15:05:06,031 [WARN] PackLoader:240 - Cannot read IP mode file for STMicroelectronics.X-CUBE-NFC6.3.2.0
2026-04-07 15:05:06,042 [WARN] PackLoader:240 - Cannot read IP mode file for STMicroelectronics.X-CUBE-ST67W61.1.0.0
2026-04-07 15:05:06,046 [WARN] PackLoader:240 - Cannot read IP mode file for STMicroelectronics.X-CUBE-AI.10.2.0
2026-04-07 15:05:06,084 [WARN] PackLoader:240 - Cannot read IP mode file for SEGGER.I-CUBE-embOS.1.3.1
2026-04-07 15:05:06,146 [WARN] PackLoader:240 - Cannot read IP mode file for STMicroelectronics.X-CUBE-ALGOBUILD.1.4.0
2026-04-07 15:05:06,218 [WARN] PackLoader:240 - Cannot read IP mode file for STMicroelectronics.X-CUBE-MEMS1.11.3.0
2026-04-07 15:05:06,448 [WARN] PackLoader:240 - Cannot read IP mode file for STMicroelectronics.X-CUBE-AI.9.1.0
2026-04-07 15:05:06,452 [WARN] PackLoader:240 - Cannot read IP mode file for STMicroelectronics.X-CUBE-PM33A1.1.0.0
2026-04-07 15:05:06,455 [WARN] PackLoader:240 - Cannot read IP mode file for STMicroelectronics.X-CUBE-GNSS1.6.0.0
2026-04-07 15:05:06,472 [WARN] PackLoader:240 - Cannot read IP mode file for STMicroelectronics.X-CUBE-AZRTOS-F4.1.1.0
2026-04-07 15:05:06,477 [WARN] PackLoader:240 - Cannot read IP mode file for Avnet-IotConnect.X-CUBE-IoTC-DA16k-PMOD.1.0.0
2026-04-07 15:05:06,480 [WARN] PackLoader:240 - Cannot read IP mode file for STMicroelectronics.X-CUBE-ISPU.2.1.0
2026-04-07 15:05:06,494 [WARN] PackLoader:240 - Cannot read IP mode file for STMicroelectronics.X-CUBE-IPS.3.2.0
2026-04-07 15:05:06,504 [WARN] PackLoader:240 - Cannot read IP mode file for STMicroelectronics.eDS-WB_DPC_TT-BIDIR.2.1.1
2026-04-07 15:05:06,508 [WARN] PackLoader:240 - Cannot read IP mode file for STMicroelectronics.X-CUBE-FREERTOS.1.2.0
2026-04-07 15:05:06,511 [WARN] PackLoader:240 - Cannot read IP mode file for wolfSSL.I-CUBE-wolfSSL.5.6.6
2026-04-07 15:05:06,517 [WARN] PackLoader:240 - Cannot read IP mode file for STMicroelectronics.X-CUBE-NFC12.1.0.0
2026-04-07 15:05:06,538 [WARN] PackLoader:240 - Cannot read IP mode file for STMicroelectronics.X-CUBE-AZRTOS-L5.2.0.0
2026-04-07 15:05:06,545 [WARN] PackLoader:240 - Cannot read IP mode file for STMicroelectronics.X-CUBE-NFC6.3.1.0
2026-04-07 15:05:06,551 [WARN] PackLoader:240 - Cannot read IP mode file for ITTIA_DB.I-CUBE-ITTIADB.8.8.0
2026-04-07 15:05:06,556 [WARN] PackLoader:240 - Cannot read IP mode file for STMicroelectronics.X-CUBE-DPower.1.2.0
2026-04-07 15:05:06,561 [WARN] PackLoader:240 - Cannot read IP mode file for STMicroelectronics.eDS-WB_DPC_VIENNA.1.2.0
2026-04-07 15:05:06,564 [WARN] PackLoader:240 - Cannot read IP mode file for STMicroelectronics.eDS-WB_DPC_3PH2L-BIDIR.1.1.1
2026-04-07 15:05:06,568 [WARN] PackLoader:240 - Cannot read IP mode file for STMicroelectronics.X-CUBE-AI.9.0.0
2026-04-07 15:05:06,572 [WARN] PackLoader:240 - Cannot read IP mode file for STMicroelectronics.X-CUBE-FREERTOS.1.3.1
2026-04-07 15:05:06,576 [WARN] PackLoader:240 - Cannot read IP mode file for STMicroelectronics.X-CUBE-FREERTOS.1.3.0
2026-04-07 15:05:06,580 [WARN] PackLoader:240 - Cannot read IP mode file for STMicroelectronics.X-CUBE-NFC7.1.0.1
2026-04-07 15:05:06,583 [WARN] PackLoader:240 - Cannot read IP mode file for wolfSSL.I-CUBE-wolfTPM.3.2.0
2026-04-07 15:05:06,585 [WARN] PackLoader:240 - Cannot read IP mode file for STMicroelectronics.X-CUBE-TOUCHGFX.4.26.0
2026-04-07 15:05:06,589 [WARN] PackLoader:240 - Cannot read IP mode file for STMicroelectronics.X-CUBE-NFC6.3.0.0
2026-04-07 15:05:06,593 [WARN] PackLoader:240 - Cannot read IP mode file for STMicroelectronics.X-CUBE-TOUCHGFX.4.26.1
2026-04-07 15:05:06,596 [WARN] PackLoader:240 - Cannot read IP mode file for STMicroelectronics.FP-SNS-STAIOTCFT.1.0.0
2026-04-07 15:05:06,599 [WARN] PackLoader:240 - Cannot read IP mode file for STMicroelectronics.X-CUBE-DPower.1.3.0
2026-04-07 15:05:06,602 [WARN] PackLoader:240 - Cannot read IP mode file for STMicroelectronics.X-CUBE-AI.8.1.0
2026-04-07 15:05:06,620 [WARN] ConditionMgr:438 - getConditionDescription Invalid condition id : LAN8742 Phy interface Condition cause : null
2026-04-07 15:05:06,621 [WARN] PackLoader:240 - Cannot read IP mode file for STMicroelectronics.X-CUBE-AZRTOS-L4.2.0.0
2026-04-07 15:05:06,622 [WARN] ConditionMgr:1044 - genDependencies : Invalid condition id : LAN8742 Phy interface Condition cause : null
2026-04-07 15:05:06,622 [WARN] ConditionMgr:1044 - genDependencies : Invalid condition id : LAN8742 Phy interface Condition cause : null
2026-04-07 15:05:06,623 [WARN] ConditionMgr:1044 - genDependencies : Invalid condition id : LAN8742 Phy interface Condition cause : null
2026-04-07 15:05:06,632 [WARN] PackLoader:240 - Cannot read IP mode file for STMicroelectronics.X-CUBE-SFXS2LP1.4.0.0
2026-04-07 15:05:06,640 [WARN] PackLoader:240 - Cannot read IP mode file for STMicroelectronics.X-CUBE-WB05N.2.1.0
2026-04-07 15:05:06,649 [WARN] PackLoader:240 - Cannot read IP mode file for STMicroelectronics.X-CUBE-ST67W61.1.2.0
2026-04-07 15:05:06,675 [WARN] PackLoader:240 - Cannot read IP mode file for STMicroelectronics.X-CUBE-AZRTOS-H7.3.3.0
2026-04-07 15:05:06,695 [WARN] PackLoader:240 - Cannot read IP mode file for STMicroelectronics.X-CUBE-BLEMGR.4.1.0
2026-04-07 15:05:06,712 [WARN] PackLoader:240 - Cannot read IP mode file for STMicroelectronics.X-CUBE-IPS.3.0.0
2026-04-07 15:05:06,729 [WARN] ConditionMgr:438 - getConditionDescription Invalid condition id : UX DEVICE CLASS RTOS Condition cause : null
2026-04-07 15:05:06,729 [WARN] ConditionMgr:438 - getConditionDescription Invalid condition id : UX DEVICE CLASS RTOS Condition cause : null
2026-04-07 15:05:06,731 [WARN] PackLoader:240 - Cannot read IP mode file for STMicroelectronics.X-CUBE-AZRTOS-WB.2.0.0
2026-04-07 15:05:06,731 [WARN] ConditionMgr:1044 - genDependencies : Invalid condition id : UX DEVICE CLASS RTOS Condition cause : null
2026-04-07 15:05:06,732 [WARN] ConditionMgr:1044 - genDependencies : Invalid condition id : UX DEVICE CLASS RTOS Condition cause : null
2026-04-07 15:05:06,732 [WARN] ConditionMgr:1044 - genDependencies : Invalid condition id : UX DEVICE CLASS RTOS Condition cause : null
2026-04-07 15:05:06,732 [WARN] ConditionMgr:1044 - genDependencies : Invalid condition id : UX DEVICE CLASS RTOS Condition cause : null
2026-04-07 15:05:06,732 [WARN] ConditionMgr:1044 - genDependencies : Invalid condition id : UX DEVICE CLASS RTOS Condition cause : null
2026-04-07 15:05:06,738 [WARN] PackLoader:240 - Cannot read IP mode file for STMicroelectronics.X-CUBE-GNSS1.7.0.0
2026-04-07 15:05:06,743 [WARN] PackLoader:240 - Cannot read IP mode file for STMicroelectronics.X-CUBE-GNSS1.7.0.1
2026-04-07 15:05:06,745 [WARN] PackLoader:240 - Cannot read IP mode file for STMicroelectronics.X-CUBE-TOUCHGFX.4.25.0
2026-04-07 15:05:06,751 [WARN] PackLoader:240 - Cannot read IP mode file for STMicroelectronics.FP-SNS-STBOX1.2.0.0
2026-04-07 15:05:06,755 [WARN] ConditionMgr:438 - getConditionDescription Invalid condition id : Cortex-A Device cause : null
2026-04-07 15:05:06,760 [WARN] ConditionMgr:1044 - genDependencies : Invalid condition id : Cortex-A Device cause : null
2026-04-07 15:05:06,760 [WARN] ConditionMgr:1044 - genDependencies : Invalid condition id : Cortex-A Device cause : null
2026-04-07 15:05:06,760 [WARN] ConditionMgr:1044 - genDependencies : Invalid condition id : Cortex-A Device cause : null
2026-04-07 15:05:06,769 [WARN] PackLoader:240 - Cannot read IP mode file for STMicroelectronics.X-CUBE-STSE01.2.0.0
2026-04-07 15:05:06,778 [WARN] PackLoader:240 - Cannot read IP mode file for STMicroelectronics.X-CUBE-SUBG2.5.0.0
2026-04-07 15:05:06,804 [WARN] PackLoader:240 - Cannot read IP mode file for STMicroelectronics.X-CUBE-AZRTOS-H7RS.1.1.0
2026-04-07 15:05:06,809 [WARN] PackLoader:240 - Cannot read IP mode file for Cesanta.I-CUBE-Mongoose.7.13.0
2026-04-07 15:05:06,824 [WARN] PackLoader:240 - Cannot read IP mode file for STMicroelectronics.X-CUBE-AZRTOS-G4.2.0.0
2026-04-07 15:05:06,836 [WARN] PackLoader:240 - Cannot read IP mode file for Infineon.AIROC-Wi-Fi-Bluetooth-STM32.1.5.1
2026-04-07 15:05:06,841 [WARN] PackLoader:240 - Cannot read IP mode file for wolfSSL.I-CUBE-wolfSSH.1.4.20
2026-04-07 15:05:06,844 [WARN] PackLoader:240 - Cannot read IP mode file for STMicroelectronics.X-CUBE-NFC7.2.0.0
2026-04-07 15:05:06,846 [WARN] PackLoader:240 - Cannot read IP mode file for STMicroelectronics.FP-SNS-MOTENVWB1.1.3.1
2026-04-07 15:05:06,849 [WARN] PackLoader:240 - Cannot read IP mode file for STMicroelectronics.X-CUBE-ISPU.2.0.0
2026-04-07 15:05:06,862 [WARN] PackLoader:240 - Cannot read IP mode file for STMicroelectronics.X-CUBE-IPS.3.1.0
2026-04-07 15:05:06,870 [WARN] PackLoader:240 - Cannot read IP mode file for STMicroelectronics.X-CUBE-ALS.1.0.2
2026-04-07 15:05:06,916 [WARN] PackLoader:240 - Cannot read IP mode file for STMicroelectronics.X-CUBE-MEMS1.10.0.0
2026-04-07 15:05:07,040 [WARN] PackLoader:240 - Cannot read IP mode file for STMicroelectronics.X-CUBE-FREERTOS.1.1.0
2026-04-07 15:05:07,043 [WARN] PackLoader:240 - Cannot read IP mode file for STMicroelectronics.X-CUBE-TOUCHGFX.4.24.0
2026-04-07 15:05:07,045 [WARN] PackLoader:240 - Cannot read IP mode file for STMicroelectronics.X-CUBE-TOUCHGFX.4.24.2
2026-04-07 15:05:07,048 [WARN] PackLoader:240 - Cannot read IP mode file for STMicroelectronics.X-CUBE-TOUCHGFX.4.24.1
2026-04-07 15:05:07,053 [WARN] PackLoader:240 - Cannot read IP mode file for STMicroelectronics.X-CUBE-STSE01.1.0.0
2026-04-07 15:05:07,060 [WARN] PackLoader:240 - Cannot read IP mode file for portGmbH.I-Cube-SoM-uGOAL.1.1.0
2026-04-07 15:05:07,063 [WARN] PackLoader:240 - Cannot read IP mode file for STMicroelectronics.X-CUBE-ALS.1.0.1
2026-04-07 15:05:07,086 [WARN] PackLoader:240 - Cannot read IP mode file for STMicroelectronics.X-CUBE-AZRTOS-H7RS.1.0.0
2026-04-07 15:05:07,091 [WARN] PackLoader:240 - Cannot read IP mode file for STMicroelectronics.FP-ATR-ASTRA1.2.0.0
2026-04-07 15:05:07,102 [WARN] PackLoader:240 - Cannot read IP mode file for STMicroelectronics.X-CUBE-TOF1.3.4.2
2026-04-07 15:05:07,124 [WARN] PackLoader:240 - Cannot read IP mode file for STMicroelectronics.X-CUBE-TOF1.3.4.3
2026-04-07 15:05:07,148 [WARN] PackLoader:240 - Cannot read IP mode file for STMicroelectronics.X-CUBE-TOF1.3.4.0
2026-04-07 15:05:07,169 [WARN] PackLoader:240 - Cannot read IP mode file for STMicroelectronics.X-CUBE-TOF1.3.4.1
2026-04-07 15:05:07,202 [WARN] PackLoader:240 - Cannot read IP mode file for STMicroelectronics.X-CUBE-AZRTOS-H7.3.2.0
2026-04-07 15:05:07,207 [WARN] PackLoader:240 - Cannot read IP mode file for wolfSSL.I-CUBE-wolfSSH.1.4.17
2026-04-07 15:05:07,208 [INFO] ThirdParty:978 - Integrity check success = true
2026-04-07 15:05:07,208 [INFO] IntegrityCheckThread:100 - exiting critical section [integrity check]
2026-04-07 15:05:07,208 [INFO] IntegrityCheckThread:103 - End integrity checks thread
