../Core/Src/main.c:189:5:main	8	static
../Core/Src/main.c:295:6:SystemClock_Config	88	static
../Core/Src/main.c:345:13:MX_CAN1_Init	8	static
../Core/Src/main.c:382:13:MX_CAN2_Init	8	static
../Core/Src/main.c:419:13:MX_I2C3_Init	8	static
../Core/Src/main.c:453:13:MX_SPI1_Init	8	static
../Core/Src/main.c:491:13:MX_TIM1_Init	80	static
../Core/Src/main.c:568:13:MX_TIM4_Init	64	static
../Core/Src/main.c:627:13:MX_TIM5_Init	48	static
../Core/Src/main.c:684:13:MX_TIM8_Init	80	static
../Core/Src/main.c:757:13:MX_TIM10_Init	40	static
../Core/Src/main.c:803:13:MX_USART1_UART_Init	8	static
../Core/Src/main.c:836:13:MX_USART3_UART_Init	8	static
../Core/Src/main.c:869:13:MX_USART6_UART_Init	8	static
../Core/Src/main.c:900:13:MX_DMA_Init	16	static
../Core/Src/main.c:940:13:MX_GPIO_Init	64	static
../Core/Src/main.c:1021:6:TaskMain	16	static
../Core/Src/main.c:1081:6:TaskChassis	224	static
../Core/Src/main.c:1521:13:imu_temp_control_task	16	static
../Core/Src/main.c:1539:6:TaskTurret	16	static
../Core/Src/main.c:1555:6:Error_Handler	4	static,ignoring_inline_asm
