14:10:58 **** Incremental Build of configuration Debug for project MotorHaptic ****
make -j3 all 
arm-none-eabi-size  MotorHaptic.elf 
   text	   data	    bss	    dec	    hex	filename
  51784	    132	  24068	  75984	  128d0	MotorHaptic.elf
Finished building: default.size.stdout
 
14:11:23 **** Incremental Build of configuration Debug for project MotorHaptic ****
make -j3 all 
arm-none-eabi-gcc "../Core/Src/main.c" -mcpu=cortex-m4 -std=gnu11 -g3 -DDEBUG -DUSE_HAL_DRIVER -DSTM32F407xx -c -I../Core/Inc -I../Drivers/STM32F4xx_HAL_Driver/Inc -I../Drivers/STM32F4xx_HAL_Driver/Inc/Legacy -I../Middlewares/Third_Party/FreeRTOS/Source/include -I../Middlewares/Third_Party/FreeRTOS/Source/CMSIS_RTOS_V2 -I../Middlewares/Third_Party/FreeRTOS/Source/portable/GCC/ARM_CM4F -I../Drivers/CMSIS/Device/ST/STM32F4xx/Include -I../Drivers/CMSIS/Include -O0 -ffunction-sections -fdata-sections -Wall -fstack-usage -fcyclomatic-complexity -MMD -MP -MF"Core/Src/main.d" -MT"Core/Src/main.o" --specs=nano.specs -mfpu=fpv4-sp-d16 -mfloat-abi=hard -mthumb -o "Core/Src/main.o"
arm-none-eabi-gcc -o "MotorHaptic.elf" @"objects.list"   -mcpu=cortex-m4 -T"/Users/liangnie/Documents/GitHub/STM32CUBEIDE/Liang Nie/MotorHaptic/STM32F407IGHX_FLASH.ld" --specs=nosys.specs -Wl,-Map="MotorHaptic.map" -Wl,--gc-sections -static --specs=nano.specs -mfpu=fpv4-sp-d16 -mfloat-abi=hard -mthumb -Wl,--start-group -lc -lm -Wl,--end-group
Finished building target: MotorHaptic.elf
 
arm-none-eabi-size  MotorHaptic.elf 
arm-none-eabi-objdump -h -S MotorHaptic.elf  > "MotorHaptic.list"
   text	   data	    bss	    dec	    hex	filename
  53508	    136	  24112	  77756	  12fbc	MotorHaptic.elf
Finished building: default.size.stdout
 
Finished building: MotorHaptic.list
 
14:11:58 **** Incremental Build of configuration Debug for project MotorHaptic ****
make -j3 all 
arm-none-eabi-gcc "../Core/Src/main.c" -mcpu=cortex-m4 -std=gnu11 -g3 -DDEBUG -DUSE_HAL_DRIVER -DSTM32F407xx -c -I../Core/Inc -I../Drivers/STM32F4xx_HAL_Driver/Inc -I../Drivers/STM32F4xx_HAL_Driver/Inc/Legacy -I../Middlewares/Third_Party/FreeRTOS/Source/include -I../Middlewares/Third_Party/FreeRTOS/Source/CMSIS_RTOS_V2 -I../Middlewares/Third_Party/FreeRTOS/Source/portable/GCC/ARM_CM4F -I../Drivers/CMSIS/Device/ST/STM32F4xx/Include -I../Drivers/CMSIS/Include -O0 -ffunction-sections -fdata-sections -Wall -fstack-usage -fcyclomatic-complexity -MMD -MP -MF"Core/Src/main.d" -MT"Core/Src/main.o" --specs=nano.specs -mfpu=fpv4-sp-d16 -mfloat-abi=hard -mthumb -o "Core/Src/main.o"
arm-none-eabi-gcc -o "MotorHaptic.elf" @"objects.list"   -mcpu=cortex-m4 -T"/Users/liangnie/Documents/GitHub/STM32CUBEIDE/Liang Nie/MotorHaptic/STM32F407IGHX_FLASH.ld" --specs=nosys.specs -Wl,-Map="MotorHaptic.map" -Wl,--gc-sections -static --specs=nano.specs -mfpu=fpv4-sp-d16 -mfloat-abi=hard -mthumb -Wl,--start-group -lc -lm -Wl,--end-group
Finished building target: MotorHaptic.elf
 
arm-none-eabi-size  MotorHaptic.elf 
arm-none-eabi-objdump -h -S MotorHaptic.elf  > "MotorHaptic.list"
   text	   data	    bss	    dec	    hex	filename
  53508	    136	  24112	  77756	  12fbc	MotorHaptic.elf
Finished building: default.size.stdout
 
Finished building: MotorHaptic.list
 
14:13:16 **** Incremental Build of configuration Debug for project MotorHaptic ****
make -j3 all 
arm-none-eabi-gcc "../Core/Src/main.c" -mcpu=cortex-m4 -std=gnu11 -g3 -DDEBUG -DUSE_HAL_DRIVER -DSTM32F407xx -c -I../Core/Inc -I../Drivers/STM32F4xx_HAL_Driver/Inc -I../Drivers/STM32F4xx_HAL_Driver/Inc/Legacy -I../Middlewares/Third_Party/FreeRTOS/Source/include -I../Middlewares/Third_Party/FreeRTOS/Source/CMSIS_RTOS_V2 -I../Middlewares/Third_Party/FreeRTOS/Source/portable/GCC/ARM_CM4F -I../Drivers/CMSIS/Device/ST/STM32F4xx/Include -I../Drivers/CMSIS/Include -O0 -ffunction-sections -fdata-sections -Wall -fstack-usage -fcyclomatic-complexity -MMD -MP -MF"Core/Src/main.d" -MT"Core/Src/main.o" --specs=nano.specs -mfpu=fpv4-sp-d16 -mfloat-abi=hard -mthumb -o "Core/Src/main.o"
arm-none-eabi-gcc -o "MotorHaptic.elf" @"objects.list"   -mcpu=cortex-m4 -T"/Users/liangnie/Documents/GitHub/STM32CUBEIDE/Liang Nie/MotorHaptic/STM32F407IGHX_FLASH.ld" --specs=nosys.specs -Wl,-Map="MotorHaptic.map" -Wl,--gc-sections -static --specs=nano.specs -mfpu=fpv4-sp-d16 -mfloat-abi=hard -mthumb -Wl,--start-group -lc -lm -Wl,--end-group
Finished building target: MotorHaptic.elf
 
arm-none-eabi-size  MotorHaptic.elf 
arm-none-eabi-objdump -h -S MotorHaptic.elf  > "MotorHaptic.list"
   text	   data	    bss	    dec	    hex	filename
  53524	    124	  24108	  77756	  12fbc	MotorHaptic.elf
Finished building: default.size.stdout
 
Finished building: MotorHaptic.list
 
14:16:19 **** Incremental Build of configuration Debug for project MotorHaptic ****
make -j3 all 
arm-none-eabi-gcc "../Core/Src/main.c" -mcpu=cortex-m4 -std=gnu11 -g3 -DDEBUG -DUSE_HAL_DRIVER -DSTM32F407xx -c -I../Core/Inc -I../Drivers/STM32F4xx_HAL_Driver/Inc -I../Drivers/STM32F4xx_HAL_Driver/Inc/Legacy -I../Middlewares/Third_Party/FreeRTOS/Source/include -I../Middlewares/Third_Party/FreeRTOS/Source/CMSIS_RTOS_V2 -I../Middlewares/Third_Party/FreeRTOS/Source/portable/GCC/ARM_CM4F -I../Drivers/CMSIS/Device/ST/STM32F4xx/Include -I../Drivers/CMSIS/Include -O0 -ffunction-sections -fdata-sections -Wall -fstack-usage -fcyclomatic-complexity -MMD -MP -MF"Core/Src/main.d" -MT"Core/Src/main.o" --specs=nano.specs -mfpu=fpv4-sp-d16 -mfloat-abi=hard -mthumb -o "Core/Src/main.o"
../Core/Src/main.c: In function 'TaskChassis':
../Core/Src/main.c:1057:9: error: 'rpmOutput' undeclared (first use in this function); did you mean 'PWMOutput'?
 1057 |         rpmOutput = currentPos- 1000;
      |         ^~~~~~~~~
      |         PWMOutput
../Core/Src/main.c:1057:9: note: each undeclared identifier is reported only once for each function it appears in
../Core/Src/main.c:1060:45: error: 'returnScaler' undeclared (first use in this function)
 1060 |                 setMotorRPM(Bus1, M2006, 5, returnScaler * (1000-currentPos), yawPresetVoltageRPM);
      |                                             ^~~~~~~~~~~~
../Core/Src/main.c:1056:17: warning: unused variable 'incrementHigh' [-Wunused-variable]
 1056 |         int16_t incrementHigh = incrementLow+1;
      |                 ^~~~~~~~~~~~~
../Core/Src/main.c:1046:22: warning: unused variable 'YPVoltageRPM' [-Wunused-variable]
 1046 |         PID_preset_t YPVoltageRPM = {100.0, 0.0, 0.0};
      |                      ^~~~~~~~~~~~
make: *** [Core/Src/subdir.mk:91: Core/Src/main.o] Error 1
"make -j3 all" terminated with exit code 2. Build might be incomplete.
14:17:00 **** Incremental Build of configuration Debug for project MotorHaptic ****
make -j3 all 
arm-none-eabi-gcc "../Core/Src/main.c" -mcpu=cortex-m4 -std=gnu11 -g3 -DDEBUG -DUSE_HAL_DRIVER -DSTM32F407xx -c -I../Core/Inc -I../Drivers/STM32F4xx_HAL_Driver/Inc -I../Drivers/STM32F4xx_HAL_Driver/Inc/Legacy -I../Middlewares/Third_Party/FreeRTOS/Source/include -I../Middlewares/Third_Party/FreeRTOS/Source/CMSIS_RTOS_V2 -I../Middlewares/Third_Party/FreeRTOS/Source/portable/GCC/ARM_CM4F -I../Drivers/CMSIS/Device/ST/STM32F4xx/Include -I../Drivers/CMSIS/Include -O0 -ffunction-sections -fdata-sections -Wall -fstack-usage -fcyclomatic-complexity -MMD -MP -MF"Core/Src/main.d" -MT"Core/Src/main.o" --specs=nano.specs -mfpu=fpv4-sp-d16 -mfloat-abi=hard -mthumb -o "Core/Src/main.o"
../Core/Src/main.c: In function 'TaskChassis':
../Core/Src/main.c:1061:17: warning: unused variable 'incrementHigh' [-Wunused-variable]
 1061 |         int16_t incrementHigh = incrementLow+1;
      |                 ^~~~~~~~~~~~~
../Core/Src/main.c:1051:13: warning: unused variable 'maxAmp' [-Wunused-variable]
 1051 |     int16_t maxAmp = 1*819.2; // 819.2 is the scaler for 1 amp
      |             ^~~~~~
../Core/Src/main.c:1050:13: warning: variable 'rpmOutput' set but not used [-Wunused-but-set-variable]
 1050 |     int16_t rpmOutput = 0;
      |             ^~~~~~~~~
../Core/Src/main.c:1048:13: warning: unused variable 'clickScaler' [-Wunused-variable]
 1048 |     int16_t clickScaler = 1;
      |             ^~~~~~~~~~~
arm-none-eabi-gcc -o "MotorHaptic.elf" @"objects.list"   -mcpu=cortex-m4 -T"/Users/liangnie/Documents/GitHub/STM32CUBEIDE/Liang Nie/MotorHaptic/STM32F407IGHX_FLASH.ld" --specs=nosys.specs -Wl,-Map="MotorHaptic.map" -Wl,--gc-sections -static --specs=nano.specs -mfpu=fpv4-sp-d16 -mfloat-abi=hard -mthumb -Wl,--start-group -lc -lm -Wl,--end-group
Finished building target: MotorHaptic.elf
 
arm-none-eabi-size  MotorHaptic.elf 
arm-none-eabi-objdump -h -S MotorHaptic.elf  > "MotorHaptic.list"
   text	   data	    bss	    dec	    hex	filename
  50712	    124	  23836	  74672	  123b0	MotorHaptic.elf
Finished building: default.size.stdout
 
Finished building: MotorHaptic.list
 
14:17:55 **** Incremental Build of configuration Debug for project MotorHaptic ****
make -j3 all 
arm-none-eabi-gcc "../Core/Src/main.c" -mcpu=cortex-m4 -std=gnu11 -g3 -DDEBUG -DUSE_HAL_DRIVER -DSTM32F407xx -c -I../Core/Inc -I../Drivers/STM32F4xx_HAL_Driver/Inc -I../Drivers/STM32F4xx_HAL_Driver/Inc/Legacy -I../Middlewares/Third_Party/FreeRTOS/Source/include -I../Middlewares/Third_Party/FreeRTOS/Source/CMSIS_RTOS_V2 -I../Middlewares/Third_Party/FreeRTOS/Source/portable/GCC/ARM_CM4F -I../Drivers/CMSIS/Device/ST/STM32F4xx/Include -I../Drivers/CMSIS/Include -O0 -ffunction-sections -fdata-sections -Wall -fstack-usage -fcyclomatic-complexity -MMD -MP -MF"Core/Src/main.d" -MT"Core/Src/main.o" --specs=nano.specs -mfpu=fpv4-sp-d16 -mfloat-abi=hard -mthumb -o "Core/Src/main.o"
../Core/Src/main.c: In function 'TaskChassis':
../Core/Src/main.c:1062:17: warning: unused variable 'incrementHigh' [-Wunused-variable]
 1062 |         int16_t incrementHigh = incrementLow+1;
      |                 ^~~~~~~~~~~~~
../Core/Src/main.c:1051:13: warning: unused variable 'maxAmp' [-Wunused-variable]
 1051 |     int16_t maxAmp = 1*819.2; // 819.2 is the scaler for 1 amp
      |             ^~~~~~
../Core/Src/main.c:1050:13: warning: variable 'rpmOutput' set but not used [-Wunused-but-set-variable]
 1050 |     int16_t rpmOutput = 0;
      |             ^~~~~~~~~
../Core/Src/main.c:1048:13: warning: unused variable 'clickScaler' [-Wunused-variable]
 1048 |     int16_t clickScaler = 1;
      |             ^~~~~~~~~~~
arm-none-eabi-gcc -o "MotorHaptic.elf" @"objects.list"   -mcpu=cortex-m4 -T"/Users/liangnie/Documents/GitHub/STM32CUBEIDE/Liang Nie/MotorHaptic/STM32F407IGHX_FLASH.ld" --specs=nosys.specs -Wl,-Map="MotorHaptic.map" -Wl,--gc-sections -static --specs=nano.specs -mfpu=fpv4-sp-d16 -mfloat-abi=hard -mthumb -Wl,--start-group -lc -lm -Wl,--end-group
Finished building target: MotorHaptic.elf
 
arm-none-eabi-size  MotorHaptic.elf 
arm-none-eabi-objdump -h -S MotorHaptic.elf  > "MotorHaptic.list"
   text	   data	    bss	    dec	    hex	filename
  53844	    124	  24108	  78076	  130fc	MotorHaptic.elf
Finished building: default.size.stdout
 
Finished building: MotorHaptic.list
 
14:18:46 **** Incremental Build of configuration Debug for project MotorHaptic ****
make -j3 all 
arm-none-eabi-gcc "../Core/Src/main.c" -mcpu=cortex-m4 -std=gnu11 -g3 -DDEBUG -DUSE_HAL_DRIVER -DSTM32F407xx -c -I../Core/Inc -I../Drivers/STM32F4xx_HAL_Driver/Inc -I../Drivers/STM32F4xx_HAL_Driver/Inc/Legacy -I../Middlewares/Third_Party/FreeRTOS/Source/include -I../Middlewares/Third_Party/FreeRTOS/Source/CMSIS_RTOS_V2 -I../Middlewares/Third_Party/FreeRTOS/Source/portable/GCC/ARM_CM4F -I../Drivers/CMSIS/Device/ST/STM32F4xx/Include -I../Drivers/CMSIS/Include -O0 -ffunction-sections -fdata-sections -Wall -fstack-usage -fcyclomatic-complexity -MMD -MP -MF"Core/Src/main.d" -MT"Core/Src/main.o" --specs=nano.specs -mfpu=fpv4-sp-d16 -mfloat-abi=hard -mthumb -o "Core/Src/main.o"
../Core/Src/main.c: In function 'TaskChassis':
../Core/Src/main.c:1062:17: warning: unused variable 'incrementHigh' [-Wunused-variable]
 1062 |         int16_t incrementHigh = incrementLow+1;
      |                 ^~~~~~~~~~~~~
../Core/Src/main.c:1051:13: warning: unused variable 'maxAmp' [-Wunused-variable]
 1051 |     int16_t maxAmp = 1*819.2; // 819.2 is the scaler for 1 amp
      |             ^~~~~~
../Core/Src/main.c:1050:13: warning: variable 'rpmOutput' set but not used [-Wunused-but-set-variable]
 1050 |     int16_t rpmOutput = 0;
      |             ^~~~~~~~~
../Core/Src/main.c:1048:13: warning: unused variable 'clickScaler' [-Wunused-variable]
 1048 |     int16_t clickScaler = 1;
      |             ^~~~~~~~~~~
arm-none-eabi-gcc -o "MotorHaptic.elf" @"objects.list"   -mcpu=cortex-m4 -T"/Users/liangnie/Documents/GitHub/STM32CUBEIDE/Liang Nie/MotorHaptic/STM32F407IGHX_FLASH.ld" --specs=nosys.specs -Wl,-Map="MotorHaptic.map" -Wl,--gc-sections -static --specs=nano.specs -mfpu=fpv4-sp-d16 -mfloat-abi=hard -mthumb -Wl,--start-group -lc -lm -Wl,--end-group
Finished building target: MotorHaptic.elf
 
arm-none-eabi-size  MotorHaptic.elf 
arm-none-eabi-objdump -h -S MotorHaptic.elf  > "MotorHaptic.list"
   text	   data	    bss	    dec	    hex	filename
  53876	    124	  24108	  78108	  1311c	MotorHaptic.elf
Finished building: default.size.stdout
 
Finished building: MotorHaptic.list
 
14:19:26 **** Incremental Build of configuration Debug for project MotorHaptic ****
make -j3 all 
arm-none-eabi-gcc "../Core/Src/main.c" -mcpu=cortex-m4 -std=gnu11 -g3 -DDEBUG -DUSE_HAL_DRIVER -DSTM32F407xx -c -I../Core/Inc -I../Drivers/STM32F4xx_HAL_Driver/Inc -I../Drivers/STM32F4xx_HAL_Driver/Inc/Legacy -I../Middlewares/Third_Party/FreeRTOS/Source/include -I../Middlewares/Third_Party/FreeRTOS/Source/CMSIS_RTOS_V2 -I../Middlewares/Third_Party/FreeRTOS/Source/portable/GCC/ARM_CM4F -I../Drivers/CMSIS/Device/ST/STM32F4xx/Include -I../Drivers/CMSIS/Include -O0 -ffunction-sections -fdata-sections -Wall -fstack-usage -fcyclomatic-complexity -MMD -MP -MF"Core/Src/main.d" -MT"Core/Src/main.o" --specs=nano.specs -mfpu=fpv4-sp-d16 -mfloat-abi=hard -mthumb -o "Core/Src/main.o"
../Core/Src/main.c: In function 'TaskChassis':
../Core/Src/main.c:1062:17: warning: unused variable 'incrementHigh' [-Wunused-variable]
 1062 |         int16_t incrementHigh = incrementLow+1;
      |                 ^~~~~~~~~~~~~
../Core/Src/main.c:1051:13: warning: unused variable 'maxAmp' [-Wunused-variable]
 1051 |     int16_t maxAmp = 1*819.2; // 819.2 is the scaler for 1 amp
      |             ^~~~~~
../Core/Src/main.c:1050:13: warning: variable 'rpmOutput' set but not used [-Wunused-but-set-variable]
 1050 |     int16_t rpmOutput = 0;
      |             ^~~~~~~~~
../Core/Src/main.c:1048:13: warning: unused variable 'clickScaler' [-Wunused-variable]
 1048 |     int16_t clickScaler = 1;
      |             ^~~~~~~~~~~
arm-none-eabi-gcc -o "MotorHaptic.elf" @"objects.list"   -mcpu=cortex-m4 -T"/Users/liangnie/Documents/GitHub/STM32CUBEIDE/Liang Nie/MotorHaptic/STM32F407IGHX_FLASH.ld" --specs=nosys.specs -Wl,-Map="MotorHaptic.map" -Wl,--gc-sections -static --specs=nano.specs -mfpu=fpv4-sp-d16 -mfloat-abi=hard -mthumb -Wl,--start-group -lc -lm -Wl,--end-group
Finished building target: MotorHaptic.elf
 
arm-none-eabi-size  MotorHaptic.elf 
arm-none-eabi-objdump -h -S MotorHaptic.elf  > "MotorHaptic.list"
   text	   data	    bss	    dec	    hex	filename
  53892	    124	  24108	  78124	  1312c	MotorHaptic.elf
Finished building: default.size.stdout
 
Finished building: MotorHaptic.list
 
14:20:20 **** Incremental Build of configuration Debug for project MotorHaptic ****
make -j3 all 
arm-none-eabi-gcc "../Core/Src/main.c" -mcpu=cortex-m4 -std=gnu11 -g3 -DDEBUG -DUSE_HAL_DRIVER -DSTM32F407xx -c -I../Core/Inc -I../Drivers/STM32F4xx_HAL_Driver/Inc -I../Drivers/STM32F4xx_HAL_Driver/Inc/Legacy -I../Middlewares/Third_Party/FreeRTOS/Source/include -I../Middlewares/Third_Party/FreeRTOS/Source/CMSIS_RTOS_V2 -I../Middlewares/Third_Party/FreeRTOS/Source/portable/GCC/ARM_CM4F -I../Drivers/CMSIS/Device/ST/STM32F4xx/Include -I../Drivers/CMSIS/Include -O0 -ffunction-sections -fdata-sections -Wall -fstack-usage -fcyclomatic-complexity -MMD -MP -MF"Core/Src/main.d" -MT"Core/Src/main.o" --specs=nano.specs -mfpu=fpv4-sp-d16 -mfloat-abi=hard -mthumb -o "Core/Src/main.o"
../Core/Src/main.c: In function 'TaskChassis':
../Core/Src/main.c:1062:17: warning: unused variable 'incrementHigh' [-Wunused-variable]
 1062 |         int16_t incrementHigh = incrementLow+1;
      |                 ^~~~~~~~~~~~~
../Core/Src/main.c:1051:13: warning: unused variable 'maxAmp' [-Wunused-variable]
 1051 |     int16_t maxAmp = 1*819.2; // 819.2 is the scaler for 1 amp
      |             ^~~~~~
../Core/Src/main.c:1050:13: warning: variable 'rpmOutput' set but not used [-Wunused-but-set-variable]
 1050 |     int16_t rpmOutput = 0;
      |             ^~~~~~~~~
../Core/Src/main.c:1049:13: warning: unused variable 'returnScaler' [-Wunused-variable]
 1049 |     int16_t returnScaler = 1;
      |             ^~~~~~~~~~~~
../Core/Src/main.c:1048:13: warning: unused variable 'clickScaler' [-Wunused-variable]
 1048 |     int16_t clickScaler = 1;
      |             ^~~~~~~~~~~
arm-none-eabi-gcc -o "MotorHaptic.elf" @"objects.list"   -mcpu=cortex-m4 -T"/Users/liangnie/Documents/GitHub/STM32CUBEIDE/Liang Nie/MotorHaptic/STM32F407IGHX_FLASH.ld" --specs=nosys.specs -Wl,-Map="MotorHaptic.map" -Wl,--gc-sections -static --specs=nano.specs -mfpu=fpv4-sp-d16 -mfloat-abi=hard -mthumb -Wl,--start-group -lc -lm -Wl,--end-group
Finished building target: MotorHaptic.elf
 
arm-none-eabi-size  MotorHaptic.elf 
arm-none-eabi-objdump -h -S MotorHaptic.elf  > "MotorHaptic.list"
   text	   data	    bss	    dec	    hex	filename
  53844	    124	  24108	  78076	  130fc	MotorHaptic.elf
Finished building: default.size.stdout
 
Finished building: MotorHaptic.list
 
14:21:05 **** Incremental Build of configuration Debug for project MotorHaptic ****
make -j3 all 
arm-none-eabi-gcc "../Core/Src/main.c" -mcpu=cortex-m4 -std=gnu11 -g3 -DDEBUG -DUSE_HAL_DRIVER -DSTM32F407xx -c -I../Core/Inc -I../Drivers/STM32F4xx_HAL_Driver/Inc -I../Drivers/STM32F4xx_HAL_Driver/Inc/Legacy -I../Middlewares/Third_Party/FreeRTOS/Source/include -I../Middlewares/Third_Party/FreeRTOS/Source/CMSIS_RTOS_V2 -I../Middlewares/Third_Party/FreeRTOS/Source/portable/GCC/ARM_CM4F -I../Drivers/CMSIS/Device/ST/STM32F4xx/Include -I../Drivers/CMSIS/Include -O0 -ffunction-sections -fdata-sections -Wall -fstack-usage -fcyclomatic-complexity -MMD -MP -MF"Core/Src/main.d" -MT"Core/Src/main.o" --specs=nano.specs -mfpu=fpv4-sp-d16 -mfloat-abi=hard -mthumb -o "Core/Src/main.o"
../Core/Src/main.c: In function 'TaskChassis':
../Core/Src/main.c:1063:17: warning: unused variable 'incrementHigh' [-Wunused-variable]
 1063 |         int16_t incrementHigh = incrementLow+1;
      |                 ^~~~~~~~~~~~~
../Core/Src/main.c:1051:13: warning: unused variable 'maxAmp' [-Wunused-variable]
 1051 |     int16_t maxAmp = 1*819.2; // 819.2 is the scaler for 1 amp
      |             ^~~~~~
../Core/Src/main.c:1050:13: warning: variable 'rpmOutput' set but not used [-Wunused-but-set-variable]
 1050 |     int16_t rpmOutput = 0;
      |             ^~~~~~~~~
../Core/Src/main.c:1049:13: warning: unused variable 'returnScaler' [-Wunused-variable]
 1049 |     int16_t returnScaler = 1;
      |             ^~~~~~~~~~~~
../Core/Src/main.c:1048:13: warning: unused variable 'clickScaler' [-Wunused-variable]
 1048 |     int16_t clickScaler = 1;
      |             ^~~~~~~~~~~
arm-none-eabi-gcc -o "MotorHaptic.elf" @"objects.list"   -mcpu=cortex-m4 -T"/Users/liangnie/Documents/GitHub/STM32CUBEIDE/Liang Nie/MotorHaptic/STM32F407IGHX_FLASH.ld" --specs=nosys.specs -Wl,-Map="MotorHaptic.map" -Wl,--gc-sections -static --specs=nano.specs -mfpu=fpv4-sp-d16 -mfloat-abi=hard -mthumb -Wl,--start-group -lc -lm -Wl,--end-group
Finished building target: MotorHaptic.elf
 
arm-none-eabi-size  MotorHaptic.elf 
arm-none-eabi-objdump -h -S MotorHaptic.elf  > "MotorHaptic.list"
   text	   data	    bss	    dec	    hex	filename
  53684	    124	  24108	  77916	  1305c	MotorHaptic.elf
Finished building: default.size.stdout
 
Finished building: MotorHaptic.list
 
14:21:36 **** Incremental Build of configuration Debug for project MotorHaptic ****
make -j3 all 
arm-none-eabi-gcc "../Core/Src/main.c" -mcpu=cortex-m4 -std=gnu11 -g3 -DDEBUG -DUSE_HAL_DRIVER -DSTM32F407xx -c -I../Core/Inc -I../Drivers/STM32F4xx_HAL_Driver/Inc -I../Drivers/STM32F4xx_HAL_Driver/Inc/Legacy -I../Middlewares/Third_Party/FreeRTOS/Source/include -I../Middlewares/Third_Party/FreeRTOS/Source/CMSIS_RTOS_V2 -I../Middlewares/Third_Party/FreeRTOS/Source/portable/GCC/ARM_CM4F -I../Drivers/CMSIS/Device/ST/STM32F4xx/Include -I../Drivers/CMSIS/Include -O0 -ffunction-sections -fdata-sections -Wall -fstack-usage -fcyclomatic-complexity -MMD -MP -MF"Core/Src/main.d" -MT"Core/Src/main.o" --specs=nano.specs -mfpu=fpv4-sp-d16 -mfloat-abi=hard -mthumb -o "Core/Src/main.o"
../Core/Src/main.c: In function 'TaskChassis':
../Core/Src/main.c:1063:17: warning: unused variable 'incrementHigh' [-Wunused-variable]
 1063 |         int16_t incrementHigh = incrementLow+1;
      |                 ^~~~~~~~~~~~~
../Core/Src/main.c:1051:13: warning: unused variable 'maxAmp' [-Wunused-variable]
 1051 |     int16_t maxAmp = 1*819.2; // 819.2 is the scaler for 1 amp
      |             ^~~~~~
../Core/Src/main.c:1050:13: warning: variable 'rpmOutput' set but not used [-Wunused-but-set-variable]
 1050 |     int16_t rpmOutput = 0;
      |             ^~~~~~~~~
../Core/Src/main.c:1049:13: warning: unused variable 'returnScaler' [-Wunused-variable]
 1049 |     int16_t returnScaler = 1;
      |             ^~~~~~~~~~~~
../Core/Src/main.c:1048:13: warning: unused variable 'clickScaler' [-Wunused-variable]
 1048 |     int16_t clickScaler = 1;
      |             ^~~~~~~~~~~
arm-none-eabi-gcc -o "MotorHaptic.elf" @"objects.list"   -mcpu=cortex-m4 -T"/Users/liangnie/Documents/GitHub/STM32CUBEIDE/Liang Nie/MotorHaptic/STM32F407IGHX_FLASH.ld" --specs=nosys.specs -Wl,-Map="MotorHaptic.map" -Wl,--gc-sections -static --specs=nano.specs -mfpu=fpv4-sp-d16 -mfloat-abi=hard -mthumb -Wl,--start-group -lc -lm -Wl,--end-group
Finished building target: MotorHaptic.elf
 
arm-none-eabi-size  MotorHaptic.elf 
arm-none-eabi-objdump -h -S MotorHaptic.elf  > "MotorHaptic.list"
   text	   data	    bss	    dec	    hex	filename
  53684	    124	  24108	  77916	  1305c	MotorHaptic.elf
Finished building: default.size.stdout
 
Finished building: MotorHaptic.list
 
14:22:20 **** Incremental Build of configuration Debug for project MotorHaptic ****
make -j3 all 
arm-none-eabi-gcc "../Core/Src/main.c" -mcpu=cortex-m4 -std=gnu11 -g3 -DDEBUG -DUSE_HAL_DRIVER -DSTM32F407xx -c -I../Core/Inc -I../Drivers/STM32F4xx_HAL_Driver/Inc -I../Drivers/STM32F4xx_HAL_Driver/Inc/Legacy -I../Middlewares/Third_Party/FreeRTOS/Source/include -I../Middlewares/Third_Party/FreeRTOS/Source/CMSIS_RTOS_V2 -I../Middlewares/Third_Party/FreeRTOS/Source/portable/GCC/ARM_CM4F -I../Drivers/CMSIS/Device/ST/STM32F4xx/Include -I../Drivers/CMSIS/Include -O0 -ffunction-sections -fdata-sections -Wall -fstack-usage -fcyclomatic-complexity -MMD -MP -MF"Core/Src/main.d" -MT"Core/Src/main.o" --specs=nano.specs -mfpu=fpv4-sp-d16 -mfloat-abi=hard -mthumb -o "Core/Src/main.o"
../Core/Src/main.c: In function 'TaskChassis':
../Core/Src/main.c:1063:17: warning: unused variable 'incrementHigh' [-Wunused-variable]
 1063 |         int16_t incrementHigh = incrementLow+1;
      |                 ^~~~~~~~~~~~~
../Core/Src/main.c:1051:13: warning: unused variable 'maxAmp' [-Wunused-variable]
 1051 |     int16_t maxAmp = 1*819.2; // 819.2 is the scaler for 1 amp
      |             ^~~~~~
../Core/Src/main.c:1050:13: warning: variable 'rpmOutput' set but not used [-Wunused-but-set-variable]
 1050 |     int16_t rpmOutput = 0;
      |             ^~~~~~~~~
../Core/Src/main.c:1049:13: warning: unused variable 'returnScaler' [-Wunused-variable]
 1049 |     int16_t returnScaler = 1;
      |             ^~~~~~~~~~~~
../Core/Src/main.c:1048:13: warning: unused variable 'clickScaler' [-Wunused-variable]
 1048 |     int16_t clickScaler = 1;
      |             ^~~~~~~~~~~
arm-none-eabi-gcc -o "MotorHaptic.elf" @"objects.list"   -mcpu=cortex-m4 -T"/Users/liangnie/Documents/GitHub/STM32CUBEIDE/Liang Nie/MotorHaptic/STM32F407IGHX_FLASH.ld" --specs=nosys.specs -Wl,-Map="MotorHaptic.map" -Wl,--gc-sections -static --specs=nano.specs -mfpu=fpv4-sp-d16 -mfloat-abi=hard -mthumb -Wl,--start-group -lc -lm -Wl,--end-group
Finished building target: MotorHaptic.elf
 
arm-none-eabi-size  MotorHaptic.elf 
arm-none-eabi-objdump -h -S MotorHaptic.elf  > "MotorHaptic.list"
   text	   data	    bss	    dec	    hex	filename
  53684	    124	  24108	  77916	  1305c	MotorHaptic.elf
Finished building: default.size.stdout
 
Finished building: MotorHaptic.list
 
14:24:00 **** Incremental Build of configuration Debug for project MotorHaptic ****
make -j3 all 
arm-none-eabi-gcc "../Core/Src/main.c" -mcpu=cortex-m4 -std=gnu11 -g3 -DDEBUG -DUSE_HAL_DRIVER -DSTM32F407xx -c -I../Core/Inc -I../Drivers/STM32F4xx_HAL_Driver/Inc -I../Drivers/STM32F4xx_HAL_Driver/Inc/Legacy -I../Middlewares/Third_Party/FreeRTOS/Source/include -I../Middlewares/Third_Party/FreeRTOS/Source/CMSIS_RTOS_V2 -I../Middlewares/Third_Party/FreeRTOS/Source/portable/GCC/ARM_CM4F -I../Drivers/CMSIS/Device/ST/STM32F4xx/Include -I../Drivers/CMSIS/Include -O0 -ffunction-sections -fdata-sections -Wall -fstack-usage -fcyclomatic-complexity -MMD -MP -MF"Core/Src/main.d" -MT"Core/Src/main.o" --specs=nano.specs -mfpu=fpv4-sp-d16 -mfloat-abi=hard -mthumb -o "Core/Src/main.o"
../Core/Src/main.c: In function 'TaskChassis':
../Core/Src/main.c:1063:17: warning: unused variable 'incrementHigh' [-Wunused-variable]
 1063 |         int16_t incrementHigh = incrementLow+1;
      |                 ^~~~~~~~~~~~~
../Core/Src/main.c:1051:13: warning: unused variable 'maxAmp' [-Wunused-variable]
 1051 |     int16_t maxAmp = 1*819.2; // 819.2 is the scaler for 1 amp
      |             ^~~~~~
../Core/Src/main.c:1050:13: warning: variable 'rpmOutput' set but not used [-Wunused-but-set-variable]
 1050 |     int16_t rpmOutput = 0;
      |             ^~~~~~~~~
../Core/Src/main.c:1048:13: warning: unused variable 'clickScaler' [-Wunused-variable]
 1048 |     int16_t clickScaler = 1;
      |             ^~~~~~~~~~~
arm-none-eabi-gcc -o "MotorHaptic.elf" @"objects.list"   -mcpu=cortex-m4 -T"/Users/liangnie/Documents/GitHub/STM32CUBEIDE/Liang Nie/MotorHaptic/STM32F407IGHX_FLASH.ld" --specs=nosys.specs -Wl,-Map="MotorHaptic.map" -Wl,--gc-sections -static --specs=nano.specs -mfpu=fpv4-sp-d16 -mfloat-abi=hard -mthumb -Wl,--start-group -lc -lm -Wl,--end-group
Finished building target: MotorHaptic.elf
 
arm-none-eabi-size  MotorHaptic.elf 
arm-none-eabi-objdump -h -S MotorHaptic.elf  > "MotorHaptic.list"
   text	   data	    bss	    dec	    hex	filename
  53716	    124	  24108	  77948	  1307c	MotorHaptic.elf
Finished building: default.size.stdout
 
Finished building: MotorHaptic.list
 
14:25:57 **** Incremental Build of configuration Debug for project MotorHaptic ****
make -j3 all 
arm-none-eabi-gcc "../Core/Src/main.c" -mcpu=cortex-m4 -std=gnu11 -g3 -DDEBUG -DUSE_HAL_DRIVER -DSTM32F407xx -c -I../Core/Inc -I../Drivers/STM32F4xx_HAL_Driver/Inc -I../Drivers/STM32F4xx_HAL_Driver/Inc/Legacy -I../Middlewares/Third_Party/FreeRTOS/Source/include -I../Middlewares/Third_Party/FreeRTOS/Source/CMSIS_RTOS_V2 -I../Middlewares/Third_Party/FreeRTOS/Source/portable/GCC/ARM_CM4F -I../Drivers/CMSIS/Device/ST/STM32F4xx/Include -I../Drivers/CMSIS/Include -O0 -ffunction-sections -fdata-sections -Wall -fstack-usage -fcyclomatic-complexity -MMD -MP -MF"Core/Src/main.d" -MT"Core/Src/main.o" --specs=nano.specs -mfpu=fpv4-sp-d16 -mfloat-abi=hard -mthumb -o "Core/Src/main.o"
../Core/Src/main.c: In function 'TaskChassis':
../Core/Src/main.c:1063:17: warning: unused variable 'incrementHigh' [-Wunused-variable]
 1063 |         int16_t incrementHigh = incrementLow+1;
      |                 ^~~~~~~~~~~~~
../Core/Src/main.c:1051:13: warning: unused variable 'maxAmp' [-Wunused-variable]
 1051 |     int16_t maxAmp = 1*819.2; // 819.2 is the scaler for 1 amp
      |             ^~~~~~
../Core/Src/main.c:1050:13: warning: variable 'rpmOutput' set but not used [-Wunused-but-set-variable]
 1050 |     int16_t rpmOutput = 0;
      |             ^~~~~~~~~
../Core/Src/main.c:1048:13: warning: unused variable 'clickScaler' [-Wunused-variable]
 1048 |     int16_t clickScaler = 1;
      |             ^~~~~~~~~~~
arm-none-eabi-gcc -o "MotorHaptic.elf" @"objects.list"   -mcpu=cortex-m4 -T"/Users/liangnie/Documents/GitHub/STM32CUBEIDE/Liang Nie/MotorHaptic/STM32F407IGHX_FLASH.ld" --specs=nosys.specs -Wl,-Map="MotorHaptic.map" -Wl,--gc-sections -static --specs=nano.specs -mfpu=fpv4-sp-d16 -mfloat-abi=hard -mthumb -Wl,--start-group -lc -lm -Wl,--end-group
Finished building target: MotorHaptic.elf
 
arm-none-eabi-size  MotorHaptic.elf 
arm-none-eabi-objdump -h -S MotorHaptic.elf  > "MotorHaptic.list"
   text	   data	    bss	    dec	    hex	filename
  53716	    124	  24108	  77948	  1307c	MotorHaptic.elf
Finished building: default.size.stdout
 
Finished building: MotorHaptic.list
 
14:26:39 **** Incremental Build of configuration Debug for project MotorHaptic ****
make -j3 all 
arm-none-eabi-gcc "../Core/Src/main.c" -mcpu=cortex-m4 -std=gnu11 -g3 -DDEBUG -DUSE_HAL_DRIVER -DSTM32F407xx -c -I../Core/Inc -I../Drivers/STM32F4xx_HAL_Driver/Inc -I../Drivers/STM32F4xx_HAL_Driver/Inc/Legacy -I../Middlewares/Third_Party/FreeRTOS/Source/include -I../Middlewares/Third_Party/FreeRTOS/Source/CMSIS_RTOS_V2 -I../Middlewares/Third_Party/FreeRTOS/Source/portable/GCC/ARM_CM4F -I../Drivers/CMSIS/Device/ST/STM32F4xx/Include -I../Drivers/CMSIS/Include -O0 -ffunction-sections -fdata-sections -Wall -fstack-usage -fcyclomatic-complexity -MMD -MP -MF"Core/Src/main.d" -MT"Core/Src/main.o" --specs=nano.specs -mfpu=fpv4-sp-d16 -mfloat-abi=hard -mthumb -o "Core/Src/main.o"
../Core/Src/main.c: In function 'TaskChassis':
../Core/Src/main.c:1063:17: warning: unused variable 'incrementHigh' [-Wunused-variable]
 1063 |         int16_t incrementHigh = incrementLow+1;
      |                 ^~~~~~~~~~~~~
../Core/Src/main.c:1051:13: warning: unused variable 'maxAmp' [-Wunused-variable]
 1051 |     int16_t maxAmp = 1*819.2; // 819.2 is the scaler for 1 amp
      |             ^~~~~~
../Core/Src/main.c:1050:13: warning: variable 'rpmOutput' set but not used [-Wunused-but-set-variable]
 1050 |     int16_t rpmOutput = 0;
      |             ^~~~~~~~~
../Core/Src/main.c:1048:13: warning: unused variable 'clickScaler' [-Wunused-variable]
 1048 |     int16_t clickScaler = 1;
      |             ^~~~~~~~~~~
arm-none-eabi-gcc -o "MotorHaptic.elf" @"objects.list"   -mcpu=cortex-m4 -T"/Users/liangnie/Documents/GitHub/STM32CUBEIDE/Liang Nie/MotorHaptic/STM32F407IGHX_FLASH.ld" --specs=nosys.specs -Wl,-Map="MotorHaptic.map" -Wl,--gc-sections -static --specs=nano.specs -mfpu=fpv4-sp-d16 -mfloat-abi=hard -mthumb -Wl,--start-group -lc -lm -Wl,--end-group
Finished building target: MotorHaptic.elf
 
arm-none-eabi-size  MotorHaptic.elf 
arm-none-eabi-objdump -h -S MotorHaptic.elf  > "MotorHaptic.list"
   text	   data	    bss	    dec	    hex	filename
  53716	    124	  24108	  77948	  1307c	MotorHaptic.elf
Finished building: default.size.stdout
 
Finished building: MotorHaptic.list
 
14:32:40 **** Incremental Build of configuration Debug for project MotorHaptic ****
make -j3 all 
arm-none-eabi-gcc "../Core/Src/main.c" -mcpu=cortex-m4 -std=gnu11 -g3 -DDEBUG -DUSE_HAL_DRIVER -DSTM32F407xx -c -I../Core/Inc -I../Drivers/STM32F4xx_HAL_Driver/Inc -I../Drivers/STM32F4xx_HAL_Driver/Inc/Legacy -I../Middlewares/Third_Party/FreeRTOS/Source/include -I../Middlewares/Third_Party/FreeRTOS/Source/CMSIS_RTOS_V2 -I../Middlewares/Third_Party/FreeRTOS/Source/portable/GCC/ARM_CM4F -I../Drivers/CMSIS/Device/ST/STM32F4xx/Include -I../Drivers/CMSIS/Include -O0 -ffunction-sections -fdata-sections -Wall -fstack-usage -fcyclomatic-complexity -MMD -MP -MF"Core/Src/main.d" -MT"Core/Src/main.o" --specs=nano.specs -mfpu=fpv4-sp-d16 -mfloat-abi=hard -mthumb -o "Core/Src/main.o"
../Core/Src/main.c: In function 'TaskChassis':
../Core/Src/main.c:1074:21: error: 'incrementer' undeclared (first use in this function); did you mean 'incrementLow'?
 1074 |                 if (incrementer) {
      |                     ^~~~~~~~~~~
      |                     incrementLow
../Core/Src/main.c:1074:21: note: each undeclared identifier is reported only once for each function it appears in
../Core/Src/main.c:1077:45: error: 'incrementHight' undeclared (first use in this function); did you mean 'incrementHigh'?
 1077 |                         int16_t highDelta = incrementHight - currentPos;
      |                                             ^~~~~~~~~~~~~~
      |                                             incrementHigh
../Core/Src/main.c:1085:69: error: 'M3508ScaledCurrent' undeclared (first use in this function)
 1085 |                                 CAN_setMotorCtrlVal(Bus1, M3508, 5, M3508ScaledCurrent[j]);
      |                                                                     ^~~~~~~~~~~~~~~~~~
../Core/Src/main.c:1085:88: error: 'j' undeclared (first use in this function); did you mean 'jn'?
 1085 |                                 CAN_setMotorCtrlVal(Bus1, M3508, 5, M3508ScaledCurrent[j]);
      |                                                                                        ^
      |                                                                                        jn
../Core/Src/main.c:1063:17: warning: unused variable 'incrementHigh' [-Wunused-variable]
 1063 |         int16_t incrementHigh = incrementLow+1;
      |                 ^~~~~~~~~~~~~
../Core/Src/main.c:1050:13: warning: variable 'rpmOutput' set but not used [-Wunused-but-set-variable]
 1050 |     int16_t rpmOutput = 0;
      |             ^~~~~~~~~
../Core/Src/main.c:1048:13: warning: unused variable 'clickScaler' [-Wunused-variable]
 1048 |     int16_t clickScaler = 1;
      |             ^~~~~~~~~~~
make: *** [Core/Src/subdir.mk:91: Core/Src/main.o] Error 1
"make -j3 all" terminated with exit code 2. Build might be incomplete.
14:33:23 **** Incremental Build of configuration Debug for project MotorHaptic ****
make -j3 all 
arm-none-eabi-gcc "../Core/Src/main.c" -mcpu=cortex-m4 -std=gnu11 -g3 -DDEBUG -DUSE_HAL_DRIVER -DSTM32F407xx -c -I../Core/Inc -I../Drivers/STM32F4xx_HAL_Driver/Inc -I../Drivers/STM32F4xx_HAL_Driver/Inc/Legacy -I../Middlewares/Third_Party/FreeRTOS/Source/include -I../Middlewares/Third_Party/FreeRTOS/Source/CMSIS_RTOS_V2 -I../Middlewares/Third_Party/FreeRTOS/Source/portable/GCC/ARM_CM4F -I../Drivers/CMSIS/Device/ST/STM32F4xx/Include -I../Drivers/CMSIS/Include -O0 -ffunction-sections -fdata-sections -Wall -fstack-usage -fcyclomatic-complexity -MMD -MP -MF"Core/Src/main.d" -MT"Core/Src/main.o" --specs=nano.specs -mfpu=fpv4-sp-d16 -mfloat-abi=hard -mthumb -o "Core/Src/main.o"
../Core/Src/main.c: In function 'TaskChassis':
../Core/Src/main.c:1080:45: error: 'incrementHight' undeclared (first use in this function); did you mean 'incrementHigh'?
 1080 |                         int16_t highDelta = incrementHight - currentPos;
      |                                             ^~~~~~~~~~~~~~
      |                                             incrementHigh
../Core/Src/main.c:1080:45: note: each undeclared identifier is reported only once for each function it appears in
../Core/Src/main.c:1063:17: warning: unused variable 'incrementHigh' [-Wunused-variable]
 1063 |         int16_t incrementHigh = incrementLow+1;
      |                 ^~~~~~~~~~~~~
../Core/Src/main.c:1051:13: warning: unused variable 'maxAmp' [-Wunused-variable]
 1051 |     int16_t maxAmp = 1*819.2; // 819.2 is the scaler for 1 amp
      |             ^~~~~~
../Core/Src/main.c:1050:13: warning: variable 'rpmOutput' set but not used [-Wunused-but-set-variable]
 1050 |     int16_t rpmOutput = 0;
      |             ^~~~~~~~~
../Core/Src/main.c:1048:13: warning: unused variable 'clickScaler' [-Wunused-variable]
 1048 |     int16_t clickScaler = 1;
      |             ^~~~~~~~~~~
make: *** [Core/Src/subdir.mk:91: Core/Src/main.o] Error 1
"make -j3 all" terminated with exit code 2. Build might be incomplete.
14:33:35 **** Incremental Build of configuration Debug for project MotorHaptic ****
make -j3 all 
arm-none-eabi-gcc "../Core/Src/main.c" -mcpu=cortex-m4 -std=gnu11 -g3 -DDEBUG -DUSE_HAL_DRIVER -DSTM32F407xx -c -I../Core/Inc -I../Drivers/STM32F4xx_HAL_Driver/Inc -I../Drivers/STM32F4xx_HAL_Driver/Inc/Legacy -I../Middlewares/Third_Party/FreeRTOS/Source/include -I../Middlewares/Third_Party/FreeRTOS/Source/CMSIS_RTOS_V2 -I../Middlewares/Third_Party/FreeRTOS/Source/portable/GCC/ARM_CM4F -I../Drivers/CMSIS/Device/ST/STM32F4xx/Include -I../Drivers/CMSIS/Include -O0 -ffunction-sections -fdata-sections -Wall -fstack-usage -fcyclomatic-complexity -MMD -MP -MF"Core/Src/main.d" -MT"Core/Src/main.o" --specs=nano.specs -mfpu=fpv4-sp-d16 -mfloat-abi=hard -mthumb -o "Core/Src/main.o"
../Core/Src/main.c: In function 'TaskChassis':
../Core/Src/main.c:1051:13: warning: unused variable 'maxAmp' [-Wunused-variable]
 1051 |     int16_t maxAmp = 1*819.2; // 819.2 is the scaler for 1 amp
      |             ^~~~~~
../Core/Src/main.c:1050:13: warning: variable 'rpmOutput' set but not used [-Wunused-but-set-variable]
 1050 |     int16_t rpmOutput = 0;
      |             ^~~~~~~~~
../Core/Src/main.c:1048:13: warning: unused variable 'clickScaler' [-Wunused-variable]
 1048 |     int16_t clickScaler = 1;
      |             ^~~~~~~~~~~
arm-none-eabi-gcc -o "MotorHaptic.elf" @"objects.list"   -mcpu=cortex-m4 -T"/Users/liangnie/Documents/GitHub/STM32CUBEIDE/Liang Nie/MotorHaptic/STM32F407IGHX_FLASH.ld" --specs=nosys.specs -Wl,-Map="MotorHaptic.map" -Wl,--gc-sections -static --specs=nano.specs -mfpu=fpv4-sp-d16 -mfloat-abi=hard -mthumb -Wl,--start-group -lc -lm -Wl,--end-group
Finished building target: MotorHaptic.elf
 
arm-none-eabi-size  MotorHaptic.elf 
arm-none-eabi-objdump -h -S MotorHaptic.elf  > "MotorHaptic.list"
   text	   data	    bss	    dec	    hex	filename
  54612	    136	  24112	  78860	  1340c	MotorHaptic.elf
Finished building: default.size.stdout
 
Finished building: MotorHaptic.list
 
14:34:15 **** Incremental Build of configuration Debug for project MotorHaptic ****
make -j3 all 
arm-none-eabi-gcc "../Core/Src/main.c" -mcpu=cortex-m4 -std=gnu11 -g3 -DDEBUG -DUSE_HAL_DRIVER -DSTM32F407xx -c -I../Core/Inc -I../Drivers/STM32F4xx_HAL_Driver/Inc -I../Drivers/STM32F4xx_HAL_Driver/Inc/Legacy -I../Middlewares/Third_Party/FreeRTOS/Source/include -I../Middlewares/Third_Party/FreeRTOS/Source/CMSIS_RTOS_V2 -I../Middlewares/Third_Party/FreeRTOS/Source/portable/GCC/ARM_CM4F -I../Drivers/CMSIS/Device/ST/STM32F4xx/Include -I../Drivers/CMSIS/Include -O0 -ffunction-sections -fdata-sections -Wall -fstack-usage -fcyclomatic-complexity -MMD -MP -MF"Core/Src/main.d" -MT"Core/Src/main.o" --specs=nano.specs -mfpu=fpv4-sp-d16 -mfloat-abi=hard -mthumb -o "Core/Src/main.o"
../Core/Src/main.c: In function 'TaskChassis':
../Core/Src/main.c:1051:13: warning: unused variable 'maxAmp' [-Wunused-variable]
 1051 |     int16_t maxAmp = 1*819.2; // 819.2 is the scaler for 1 amp
      |             ^~~~~~
../Core/Src/main.c:1050:13: warning: variable 'rpmOutput' set but not used [-Wunused-but-set-variable]
 1050 |     int16_t rpmOutput = 0;
      |             ^~~~~~~~~
../Core/Src/main.c:1048:13: warning: unused variable 'clickScaler' [-Wunused-variable]
 1048 |     int16_t clickScaler = 1;
      |             ^~~~~~~~~~~
arm-none-eabi-gcc -o "MotorHaptic.elf" @"objects.list"   -mcpu=cortex-m4 -T"/Users/liangnie/Documents/GitHub/STM32CUBEIDE/Liang Nie/MotorHaptic/STM32F407IGHX_FLASH.ld" --specs=nosys.specs -Wl,-Map="MotorHaptic.map" -Wl,--gc-sections -static --specs=nano.specs -mfpu=fpv4-sp-d16 -mfloat-abi=hard -mthumb -Wl,--start-group -lc -lm -Wl,--end-group
Finished building target: MotorHaptic.elf
 
arm-none-eabi-size  MotorHaptic.elf 
arm-none-eabi-objdump -h -S MotorHaptic.elf  > "MotorHaptic.list"
   text	   data	    bss	    dec	    hex	filename
  54644	    136	  24112	  78892	  1342c	MotorHaptic.elf
Finished building: default.size.stdout
 
Finished building: MotorHaptic.list
 
14:42:52 **** Incremental Build of configuration Debug for project MotorHaptic ****
make -j3 all 
arm-none-eabi-gcc "../Core/Src/main.c" -mcpu=cortex-m4 -std=gnu11 -g3 -DDEBUG -DUSE_HAL_DRIVER -DSTM32F407xx -c -I../Core/Inc -I../Drivers/STM32F4xx_HAL_Driver/Inc -I../Drivers/STM32F4xx_HAL_Driver/Inc/Legacy -I../Middlewares/Third_Party/FreeRTOS/Source/include -I../Middlewares/Third_Party/FreeRTOS/Source/CMSIS_RTOS_V2 -I../Middlewares/Third_Party/FreeRTOS/Source/portable/GCC/ARM_CM4F -I../Drivers/CMSIS/Device/ST/STM32F4xx/Include -I../Drivers/CMSIS/Include -O0 -ffunction-sections -fdata-sections -Wall -fstack-usage -fcyclomatic-complexity -MMD -MP -MF"Core/Src/main.d" -MT"Core/Src/main.o" --specs=nano.specs -mfpu=fpv4-sp-d16 -mfloat-abi=hard -mthumb -o "Core/Src/main.o"
../Core/Src/main.c: In function 'TaskChassis':
../Core/Src/main.c:1051:13: warning: unused variable 'maxAmp' [-Wunused-variable]
 1051 |     int16_t maxAmp = 1*819.2; // 819.2 is the scaler for 1 amp
      |             ^~~~~~
../Core/Src/main.c:1050:13: warning: variable 'rpmOutput' set but not used [-Wunused-but-set-variable]
 1050 |     int16_t rpmOutput = 0;
      |             ^~~~~~~~~
../Core/Src/main.c:1048:13: warning: unused variable 'clickScaler' [-Wunused-variable]
 1048 |     int16_t clickScaler = 1;
      |             ^~~~~~~~~~~
arm-none-eabi-gcc -o "MotorHaptic.elf" @"objects.list"   -mcpu=cortex-m4 -T"/Users/liangnie/Documents/GitHub/STM32CUBEIDE/Liang Nie/MotorHaptic/STM32F407IGHX_FLASH.ld" --specs=nosys.specs -Wl,-Map="MotorHaptic.map" -Wl,--gc-sections -static --specs=nano.specs -mfpu=fpv4-sp-d16 -mfloat-abi=hard -mthumb -Wl,--start-group -lc -lm -Wl,--end-group
Finished building target: MotorHaptic.elf
 
arm-none-eabi-size  MotorHaptic.elf 
arm-none-eabi-objdump -h -S MotorHaptic.elf  > "MotorHaptic.list"
   text	   data	    bss	    dec	    hex	filename
  54676	    136	  24112	  78924	  1344c	MotorHaptic.elf
Finished building: default.size.stdout
 
Finished building: MotorHaptic.list
 
14:45:17 **** Incremental Build of configuration Debug for project MotorHaptic ****
make -j3 all 
arm-none-eabi-gcc "../Core/Src/main.c" -mcpu=cortex-m4 -std=gnu11 -g3 -DDEBUG -DUSE_HAL_DRIVER -DSTM32F407xx -c -I../Core/Inc -I../Drivers/STM32F4xx_HAL_Driver/Inc -I../Drivers/STM32F4xx_HAL_Driver/Inc/Legacy -I../Middlewares/Third_Party/FreeRTOS/Source/include -I../Middlewares/Third_Party/FreeRTOS/Source/CMSIS_RTOS_V2 -I../Middlewares/Third_Party/FreeRTOS/Source/portable/GCC/ARM_CM4F -I../Drivers/CMSIS/Device/ST/STM32F4xx/Include -I../Drivers/CMSIS/Include -O0 -ffunction-sections -fdata-sections -Wall -fstack-usage -fcyclomatic-complexity -MMD -MP -MF"Core/Src/main.d" -MT"Core/Src/main.o" --specs=nano.specs -mfpu=fpv4-sp-d16 -mfloat-abi=hard -mthumb -o "Core/Src/main.o"
../Core/Src/main.c: In function 'TaskChassis':
../Core/Src/main.c:1061:9: error: expected ',' or ';' before 'int16_t'
 1061 |         int16_t incrementLow = (currentPos-1000)/614;
      |         ^~~~~~~
../Core/Src/main.c:1062:33: error: 'incrementLow' undeclared (first use in this function); did you mean 'incrementHigh'?
 1062 |         int16_t incrementHigh = incrementLow+1;
      |                                 ^~~~~~~~~~~~
      |                                 incrementHigh
../Core/Src/main.c:1062:33: note: each undeclared identifier is reported only once for each function it appears in
../Core/Src/main.c:1066:17: warning: variable 'turnVal' set but not used [-Wunused-but-set-variable]
 1066 |         int16_t turnVal = 0;
      |                 ^~~~~~~
../Core/Src/main.c:1051:13: warning: unused variable 'maxAmp' [-Wunused-variable]
 1051 |     int16_t maxAmp = 1*819.2; // 819.2 is the scaler for 1 amp
      |             ^~~~~~
../Core/Src/main.c:1050:13: warning: variable 'rpmOutput' set but not used [-Wunused-but-set-variable]
 1050 |     int16_t rpmOutput = 0;
      |             ^~~~~~~~~
../Core/Src/main.c:1048:13: warning: unused variable 'clickScaler' [-Wunused-variable]
 1048 |     int16_t clickScaler = 1;
      |             ^~~~~~~~~~~
make: *** [Core/Src/subdir.mk:91: Core/Src/main.o] Error 1
"make -j3 all" terminated with exit code 2. Build might be incomplete.
14:45:27 **** Incremental Build of configuration Debug for project MotorHaptic ****
make -j3 all 
arm-none-eabi-gcc "../Core/Src/main.c" -mcpu=cortex-m4 -std=gnu11 -g3 -DDEBUG -DUSE_HAL_DRIVER -DSTM32F407xx -c -I../Core/Inc -I../Drivers/STM32F4xx_HAL_Driver/Inc -I../Drivers/STM32F4xx_HAL_Driver/Inc/Legacy -I../Middlewares/Third_Party/FreeRTOS/Source/include -I../Middlewares/Third_Party/FreeRTOS/Source/CMSIS_RTOS_V2 -I../Middlewares/Third_Party/FreeRTOS/Source/portable/GCC/ARM_CM4F -I../Drivers/CMSIS/Device/ST/STM32F4xx/Include -I../Drivers/CMSIS/Include -O0 -ffunction-sections -fdata-sections -Wall -fstack-usage -fcyclomatic-complexity -MMD -MP -MF"Core/Src/main.d" -MT"Core/Src/main.o" --specs=nano.specs -mfpu=fpv4-sp-d16 -mfloat-abi=hard -mthumb -o "Core/Src/main.o"
../Core/Src/main.c: In function 'TaskChassis':
../Core/Src/main.c:1066:17: warning: variable 'turnVal' set but not used [-Wunused-but-set-variable]
 1066 |         int16_t turnVal = 0;
      |                 ^~~~~~~
../Core/Src/main.c:1051:13: warning: unused variable 'maxAmp' [-Wunused-variable]
 1051 |     int16_t maxAmp = 1*819.2; // 819.2 is the scaler for 1 amp
      |             ^~~~~~
../Core/Src/main.c:1050:13: warning: variable 'rpmOutput' set but not used [-Wunused-but-set-variable]
 1050 |     int16_t rpmOutput = 0;
      |             ^~~~~~~~~
../Core/Src/main.c:1048:13: warning: unused variable 'clickScaler' [-Wunused-variable]
 1048 |     int16_t clickScaler = 1;
      |             ^~~~~~~~~~~
arm-none-eabi-gcc -o "MotorHaptic.elf" @"objects.list"   -mcpu=cortex-m4 -T"/Users/liangnie/Documents/GitHub/STM32CUBEIDE/Liang Nie/MotorHaptic/STM32F407IGHX_FLASH.ld" --specs=nosys.specs -Wl,-Map="MotorHaptic.map" -Wl,--gc-sections -static --specs=nano.specs -mfpu=fpv4-sp-d16 -mfloat-abi=hard -mthumb -Wl,--start-group -lc -lm -Wl,--end-group
Finished building target: MotorHaptic.elf
 
arm-none-eabi-size  MotorHaptic.elf 
arm-none-eabi-objdump -h -S MotorHaptic.elf  > "MotorHaptic.list"
   text	   data	    bss	    dec	    hex	filename
  54772	    136	  24112	  79020	  134ac	MotorHaptic.elf
Finished building: default.size.stdout
 
Finished building: MotorHaptic.list
 
14:45:46 **** Incremental Build of configuration Debug for project MotorHaptic ****
make -j3 all 
arm-none-eabi-gcc "../Core/Src/main.c" -mcpu=cortex-m4 -std=gnu11 -g3 -DDEBUG -DUSE_HAL_DRIVER -DSTM32F407xx -c -I../Core/Inc -I../Drivers/STM32F4xx_HAL_Driver/Inc -I../Drivers/STM32F4xx_HAL_Driver/Inc/Legacy -I../Middlewares/Third_Party/FreeRTOS/Source/include -I../Middlewares/Third_Party/FreeRTOS/Source/CMSIS_RTOS_V2 -I../Middlewares/Third_Party/FreeRTOS/Source/portable/GCC/ARM_CM4F -I../Drivers/CMSIS/Device/ST/STM32F4xx/Include -I../Drivers/CMSIS/Include -O0 -ffunction-sections -fdata-sections -Wall -fstack-usage -fcyclomatic-complexity -MMD -MP -MF"Core/Src/main.d" -MT"Core/Src/main.o" --specs=nano.specs -mfpu=fpv4-sp-d16 -mfloat-abi=hard -mthumb -o "Core/Src/main.o"
../Core/Src/main.c: In function 'TaskChassis':
../Core/Src/main.c:1051:13: warning: unused variable 'maxAmp' [-Wunused-variable]
 1051 |     int16_t maxAmp = 1*819.2; // 819.2 is the scaler for 1 amp
      |             ^~~~~~
../Core/Src/main.c:1050:13: warning: variable 'rpmOutput' set but not used [-Wunused-but-set-variable]
 1050 |     int16_t rpmOutput = 0;
      |             ^~~~~~~~~
../Core/Src/main.c:1048:13: warning: unused variable 'clickScaler' [-Wunused-variable]
 1048 |     int16_t clickScaler = 1;
      |             ^~~~~~~~~~~
arm-none-eabi-gcc -o "MotorHaptic.elf" @"objects.list"   -mcpu=cortex-m4 -T"/Users/liangnie/Documents/GitHub/STM32CUBEIDE/Liang Nie/MotorHaptic/STM32F407IGHX_FLASH.ld" --specs=nosys.specs -Wl,-Map="MotorHaptic.map" -Wl,--gc-sections -static --specs=nano.specs -mfpu=fpv4-sp-d16 -mfloat-abi=hard -mthumb -Wl,--start-group -lc -lm -Wl,--end-group
Finished building target: MotorHaptic.elf
 
arm-none-eabi-size  MotorHaptic.elf 
arm-none-eabi-objdump -h -S MotorHaptic.elf  > "MotorHaptic.list"
   text	   data	    bss	    dec	    hex	filename
  54788	    136	  24112	  79036	  134bc	MotorHaptic.elf
Finished building: default.size.stdout
 
Finished building: MotorHaptic.list
 
14:47:05 **** Incremental Build of configuration Debug for project MotorHaptic ****
make -j3 all 
arm-none-eabi-gcc "../Core/Src/main.c" -mcpu=cortex-m4 -std=gnu11 -g3 -DDEBUG -DUSE_HAL_DRIVER -DSTM32F407xx -c -I../Core/Inc -I../Drivers/STM32F4xx_HAL_Driver/Inc -I../Drivers/STM32F4xx_HAL_Driver/Inc/Legacy -I../Middlewares/Third_Party/FreeRTOS/Source/include -I../Middlewares/Third_Party/FreeRTOS/Source/CMSIS_RTOS_V2 -I../Middlewares/Third_Party/FreeRTOS/Source/portable/GCC/ARM_CM4F -I../Drivers/CMSIS/Device/ST/STM32F4xx/Include -I../Drivers/CMSIS/Include -O0 -ffunction-sections -fdata-sections -Wall -fstack-usage -fcyclomatic-complexity -MMD -MP -MF"Core/Src/main.d" -MT"Core/Src/main.o" --specs=nano.specs -mfpu=fpv4-sp-d16 -mfloat-abi=hard -mthumb -o "Core/Src/main.o"
../Core/Src/main.c: In function 'TaskChassis':
../Core/Src/main.c:1051:13: warning: unused variable 'maxAmp' [-Wunused-variable]
 1051 |     int16_t maxAmp = 1*819.2; // 819.2 is the scaler for 1 amp
      |             ^~~~~~
../Core/Src/main.c:1050:13: warning: variable 'rpmOutput' set but not used [-Wunused-but-set-variable]
 1050 |     int16_t rpmOutput = 0;
      |             ^~~~~~~~~
../Core/Src/main.c:1048:13: warning: unused variable 'clickScaler' [-Wunused-variable]
 1048 |     int16_t clickScaler = 1;
      |             ^~~~~~~~~~~
arm-none-eabi-gcc -o "MotorHaptic.elf" @"objects.list"   -mcpu=cortex-m4 -T"/Users/liangnie/Documents/GitHub/STM32CUBEIDE/Liang Nie/MotorHaptic/STM32F407IGHX_FLASH.ld" --specs=nosys.specs -Wl,-Map="MotorHaptic.map" -Wl,--gc-sections -static --specs=nano.specs -mfpu=fpv4-sp-d16 -mfloat-abi=hard -mthumb -Wl,--start-group -lc -lm -Wl,--end-group
Finished building target: MotorHaptic.elf
 
arm-none-eabi-size  MotorHaptic.elf 
arm-none-eabi-objdump -h -S MotorHaptic.elf  > "MotorHaptic.list"
   text	   data	    bss	    dec	    hex	filename
  54796	    136	  24112	  79044	  134c4	MotorHaptic.elf
Finished building: default.size.stdout
 
Finished building: MotorHaptic.list
 
14:48:06 **** Incremental Build of configuration Debug for project MotorHaptic ****
make -j3 all 
arm-none-eabi-gcc "../Core/Src/main.c" -mcpu=cortex-m4 -std=gnu11 -g3 -DDEBUG -DUSE_HAL_DRIVER -DSTM32F407xx -c -I../Core/Inc -I../Drivers/STM32F4xx_HAL_Driver/Inc -I../Drivers/STM32F4xx_HAL_Driver/Inc/Legacy -I../Middlewares/Third_Party/FreeRTOS/Source/include -I../Middlewares/Third_Party/FreeRTOS/Source/CMSIS_RTOS_V2 -I../Middlewares/Third_Party/FreeRTOS/Source/portable/GCC/ARM_CM4F -I../Drivers/CMSIS/Device/ST/STM32F4xx/Include -I../Drivers/CMSIS/Include -O0 -ffunction-sections -fdata-sections -Wall -fstack-usage -fcyclomatic-complexity -MMD -MP -MF"Core/Src/main.d" -MT"Core/Src/main.o" --specs=nano.specs -mfpu=fpv4-sp-d16 -mfloat-abi=hard -mthumb -o "Core/Src/main.o"
../Core/Src/main.c: In function 'TaskChassis':
../Core/Src/main.c:1051:13: warning: unused variable 'maxAmp' [-Wunused-variable]
 1051 |     int16_t maxAmp = 1*819.2; // 819.2 is the scaler for 1 amp
      |             ^~~~~~
../Core/Src/main.c:1050:13: warning: variable 'rpmOutput' set but not used [-Wunused-but-set-variable]
 1050 |     int16_t rpmOutput = 0;
      |             ^~~~~~~~~
../Core/Src/main.c:1048:13: warning: unused variable 'clickScaler' [-Wunused-variable]
 1048 |     int16_t clickScaler = 1;
      |             ^~~~~~~~~~~
arm-none-eabi-gcc -o "MotorHaptic.elf" @"objects.list"   -mcpu=cortex-m4 -T"/Users/liangnie/Documents/GitHub/STM32CUBEIDE/Liang Nie/MotorHaptic/STM32F407IGHX_FLASH.ld" --specs=nosys.specs -Wl,-Map="MotorHaptic.map" -Wl,--gc-sections -static --specs=nano.specs -mfpu=fpv4-sp-d16 -mfloat-abi=hard -mthumb -Wl,--start-group -lc -lm -Wl,--end-group
Finished building target: MotorHaptic.elf
 
arm-none-eabi-size  MotorHaptic.elf 
arm-none-eabi-objdump -h -S MotorHaptic.elf  > "MotorHaptic.list"
   text	   data	    bss	    dec	    hex	filename
  54796	    136	  24112	  79044	  134c4	MotorHaptic.elf
Finished building: default.size.stdout
 
Finished building: MotorHaptic.list
 
14:49:10 **** Incremental Build of configuration Debug for project MotorHaptic ****
make -j3 all 
arm-none-eabi-gcc "../Core/Src/main.c" -mcpu=cortex-m4 -std=gnu11 -g3 -DDEBUG -DUSE_HAL_DRIVER -DSTM32F407xx -c -I../Core/Inc -I../Drivers/STM32F4xx_HAL_Driver/Inc -I../Drivers/STM32F4xx_HAL_Driver/Inc/Legacy -I../Middlewares/Third_Party/FreeRTOS/Source/include -I../Middlewares/Third_Party/FreeRTOS/Source/CMSIS_RTOS_V2 -I../Middlewares/Third_Party/FreeRTOS/Source/portable/GCC/ARM_CM4F -I../Drivers/CMSIS/Device/ST/STM32F4xx/Include -I../Drivers/CMSIS/Include -O0 -ffunction-sections -fdata-sections -Wall -fstack-usage -fcyclomatic-complexity -MMD -MP -MF"Core/Src/main.d" -MT"Core/Src/main.o" --specs=nano.specs -mfpu=fpv4-sp-d16 -mfloat-abi=hard -mthumb -o "Core/Src/main.o"
../Core/Src/main.c: In function 'TaskChassis':
../Core/Src/main.c:1051:13: warning: unused variable 'maxAmp' [-Wunused-variable]
 1051 |     int16_t maxAmp = 1*819.2; // 819.2 is the scaler for 1 amp
      |             ^~~~~~
../Core/Src/main.c:1050:13: warning: variable 'rpmOutput' set but not used [-Wunused-but-set-variable]
 1050 |     int16_t rpmOutput = 0;
      |             ^~~~~~~~~
../Core/Src/main.c:1048:13: warning: unused variable 'clickScaler' [-Wunused-variable]
 1048 |     int16_t clickScaler = 1;
      |             ^~~~~~~~~~~
arm-none-eabi-gcc -o "MotorHaptic.elf" @"objects.list"   -mcpu=cortex-m4 -T"/Users/liangnie/Documents/GitHub/STM32CUBEIDE/Liang Nie/MotorHaptic/STM32F407IGHX_FLASH.ld" --specs=nosys.specs -Wl,-Map="MotorHaptic.map" -Wl,--gc-sections -static --specs=nano.specs -mfpu=fpv4-sp-d16 -mfloat-abi=hard -mthumb -Wl,--start-group -lc -lm -Wl,--end-group
Finished building target: MotorHaptic.elf
 
arm-none-eabi-size  MotorHaptic.elf 
arm-none-eabi-objdump -h -S MotorHaptic.elf  > "MotorHaptic.list"
   text	   data	    bss	    dec	    hex	filename
  54796	    136	  24112	  79044	  134c4	MotorHaptic.elf
Finished building: default.size.stdout
 
Finished building: MotorHaptic.list
 
14:49:21 **** Incremental Build of configuration Debug for project MotorHaptic ****
make -j3 all 
arm-none-eabi-size  MotorHaptic.elf 
   text	   data	    bss	    dec	    hex	filename
  54796	    136	  24112	  79044	  134c4	MotorHaptic.elf
Finished building: default.size.stdout
 
14:50:52 **** Incremental Build of configuration Debug for project MotorHaptic ****
make -j3 all 
arm-none-eabi-gcc "../Core/Src/main.c" -mcpu=cortex-m4 -std=gnu11 -g3 -DDEBUG -DUSE_HAL_DRIVER -DSTM32F407xx -c -I../Core/Inc -I../Drivers/STM32F4xx_HAL_Driver/Inc -I../Drivers/STM32F4xx_HAL_Driver/Inc/Legacy -I../Middlewares/Third_Party/FreeRTOS/Source/include -I../Middlewares/Third_Party/FreeRTOS/Source/CMSIS_RTOS_V2 -I../Middlewares/Third_Party/FreeRTOS/Source/portable/GCC/ARM_CM4F -I../Drivers/CMSIS/Device/ST/STM32F4xx/Include -I../Drivers/CMSIS/Include -O0 -ffunction-sections -fdata-sections -Wall -fstack-usage -fcyclomatic-complexity -MMD -MP -MF"Core/Src/main.d" -MT"Core/Src/main.o" --specs=nano.specs -mfpu=fpv4-sp-d16 -mfloat-abi=hard -mthumb -o "Core/Src/main.o"
../Core/Src/main.c: In function 'TaskChassis':
../Core/Src/main.c:1113:13: error: weak declaration of 'imu_temp_control_task' must be public
 1113 | __weak void imu_temp_control_task(void *argument)
      |             ^~~~~~~~~~~~~~~~~~~~~
../Core/Src/main.c:1156:1: error: expected declaration or statement at end of input
 1156 | }
      | ^
../Core/Src/main.c:1051:13: warning: unused variable 'maxAmp' [-Wunused-variable]
 1051 |     int16_t maxAmp = 1*819.2; // 819.2 is the scaler for 1 amp
      |             ^~~~~~
../Core/Src/main.c:1050:13: warning: variable 'rpmOutput' set but not used [-Wunused-but-set-variable]
 1050 |     int16_t rpmOutput = 0;
      |             ^~~~~~~~~
../Core/Src/main.c:1048:13: warning: unused variable 'clickScaler' [-Wunused-variable]
 1048 |     int16_t clickScaler = 1;
      |             ^~~~~~~~~~~
../Core/Src/main.c: At top level:
../Core/Src/main.c:1147:6: warning: 'Error_Handler' defined but not used [-Wunused-function]
 1147 | void Error_Handler(void)
      |      ^~~~~~~~~~~~~
../Core/Src/main.c:1131:6: warning: 'TaskTurret' defined but not used [-Wunused-function]
 1131 | void TaskTurret(void *argument)
      |      ^~~~~~~~~~
../Core/Src/main.c:1113:13: warning: 'imu_temp_control_task' defined but not used [-Wunused-function]
 1113 | __weak void imu_temp_control_task(void *argument)
      |             ^~~~~~~~~~~~~~~~~~~~~
make: *** [Core/Src/subdir.mk:91: Core/Src/main.o] Error 1
"make -j3 all" terminated with exit code 2. Build might be incomplete.
14:51:47 **** Incremental Build of configuration Debug for project MotorHaptic ****
make -j3 all 
arm-none-eabi-gcc "../Core/Src/main.c" -mcpu=cortex-m4 -std=gnu11 -g3 -DDEBUG -DUSE_HAL_DRIVER -DSTM32F407xx -c -I../Core/Inc -I../Drivers/STM32F4xx_HAL_Driver/Inc -I../Drivers/STM32F4xx_HAL_Driver/Inc/Legacy -I../Middlewares/Third_Party/FreeRTOS/Source/include -I../Middlewares/Third_Party/FreeRTOS/Source/CMSIS_RTOS_V2 -I../Middlewares/Third_Party/FreeRTOS/Source/portable/GCC/ARM_CM4F -I../Drivers/CMSIS/Device/ST/STM32F4xx/Include -I../Drivers/CMSIS/Include -O0 -ffunction-sections -fdata-sections -Wall -fstack-usage -fcyclomatic-complexity -MMD -MP -MF"Core/Src/main.d" -MT"Core/Src/main.o" --specs=nano.specs -mfpu=fpv4-sp-d16 -mfloat-abi=hard -mthumb -o "Core/Src/main.o"
../Core/Src/main.c: In function 'TaskChassis':
../Core/Src/main.c:1051:13: warning: unused variable 'maxAmp' [-Wunused-variable]
 1051 |     int16_t maxAmp = 1*819.2; // 819.2 is the scaler for 1 amp
      |             ^~~~~~
../Core/Src/main.c:1050:13: warning: variable 'rpmOutput' set but not used [-Wunused-but-set-variable]
 1050 |     int16_t rpmOutput = 0;
      |             ^~~~~~~~~
../Core/Src/main.c:1048:13: warning: unused variable 'clickScaler' [-Wunused-variable]
 1048 |     int16_t clickScaler = 1;
      |             ^~~~~~~~~~~
arm-none-eabi-gcc -o "MotorHaptic.elf" @"objects.list"   -mcpu=cortex-m4 -T"/Users/liangnie/Documents/GitHub/STM32CUBEIDE/Liang Nie/MotorHaptic/STM32F407IGHX_FLASH.ld" --specs=nosys.specs -Wl,-Map="MotorHaptic.map" -Wl,--gc-sections -static --specs=nano.specs -mfpu=fpv4-sp-d16 -mfloat-abi=hard -mthumb -Wl,--start-group -lc -lm -Wl,--end-group
Finished building target: MotorHaptic.elf
 
arm-none-eabi-size  MotorHaptic.elf 
arm-none-eabi-objdump -h -S MotorHaptic.elf  > "MotorHaptic.list"
   text	   data	    bss	    dec	    hex	filename
  54812	    136	  24112	  79060	  134d4	MotorHaptic.elf
Finished building: default.size.stdout
 
Finished building: MotorHaptic.list
 
14:53:56 **** Incremental Build of configuration Debug for project MotorHaptic ****
make -j3 all 
arm-none-eabi-gcc "../Core/Src/main.c" -mcpu=cortex-m4 -std=gnu11 -g3 -DDEBUG -DUSE_HAL_DRIVER -DSTM32F407xx -c -I../Core/Inc -I../Drivers/STM32F4xx_HAL_Driver/Inc -I../Drivers/STM32F4xx_HAL_Driver/Inc/Legacy -I../Middlewares/Third_Party/FreeRTOS/Source/include -I../Middlewares/Third_Party/FreeRTOS/Source/CMSIS_RTOS_V2 -I../Middlewares/Third_Party/FreeRTOS/Source/portable/GCC/ARM_CM4F -I../Drivers/CMSIS/Device/ST/STM32F4xx/Include -I../Drivers/CMSIS/Include -O0 -ffunction-sections -fdata-sections -Wall -fstack-usage -fcyclomatic-complexity -MMD -MP -MF"Core/Src/main.d" -MT"Core/Src/main.o" --specs=nano.specs -mfpu=fpv4-sp-d16 -mfloat-abi=hard -mthumb -o "Core/Src/main.o"
../Core/Src/main.c: In function 'TaskChassis':
../Core/Src/main.c:1051:13: warning: unused variable 'maxAmp' [-Wunused-variable]
 1051 |     int16_t maxAmp = 1*819.2; // 819.2 is the scaler for 1 amp
      |             ^~~~~~
../Core/Src/main.c:1050:13: warning: variable 'rpmOutput' set but not used [-Wunused-but-set-variable]
 1050 |     int16_t rpmOutput = 0;
      |             ^~~~~~~~~
../Core/Src/main.c:1048:13: warning: unused variable 'clickScaler' [-Wunused-variable]
 1048 |     int16_t clickScaler = 1;
      |             ^~~~~~~~~~~
arm-none-eabi-gcc -o "MotorHaptic.elf" @"objects.list"   -mcpu=cortex-m4 -T"/Users/liangnie/Documents/GitHub/STM32CUBEIDE/Liang Nie/MotorHaptic/STM32F407IGHX_FLASH.ld" --specs=nosys.specs -Wl,-Map="MotorHaptic.map" -Wl,--gc-sections -static --specs=nano.specs -mfpu=fpv4-sp-d16 -mfloat-abi=hard -mthumb -Wl,--start-group -lc -lm -Wl,--end-group
Finished building target: MotorHaptic.elf
 
arm-none-eabi-size  MotorHaptic.elf 
arm-none-eabi-objdump -h -S MotorHaptic.elf  > "MotorHaptic.list"
   text	   data	    bss	    dec	    hex	filename
  55032	    136	  24112	  79280	  135b0	MotorHaptic.elf
Finished building: default.size.stdout
 
Finished building: MotorHaptic.list
 
14:58:18 **** Incremental Build of configuration Debug for project MotorHaptic ****
make -j3 all 
arm-none-eabi-gcc "../Core/Src/main.c" -mcpu=cortex-m4 -std=gnu11 -g3 -DDEBUG -DUSE_HAL_DRIVER -DSTM32F407xx -c -I../Core/Inc -I../Drivers/STM32F4xx_HAL_Driver/Inc -I../Drivers/STM32F4xx_HAL_Driver/Inc/Legacy -I../Middlewares/Third_Party/FreeRTOS/Source/include -I../Middlewares/Third_Party/FreeRTOS/Source/CMSIS_RTOS_V2 -I../Middlewares/Third_Party/FreeRTOS/Source/portable/GCC/ARM_CM4F -I../Drivers/CMSIS/Device/ST/STM32F4xx/Include -I../Drivers/CMSIS/Include -O0 -ffunction-sections -fdata-sections -Wall -fstack-usage -fcyclomatic-complexity -MMD -MP -MF"Core/Src/main.d" -MT"Core/Src/main.o" --specs=nano.specs -mfpu=fpv4-sp-d16 -mfloat-abi=hard -mthumb -o "Core/Src/main.o"
../Core/Src/main.c: In function 'TaskChassis':
../Core/Src/main.c:1069:15: warning: unused variable 'scalerValThing' [-Wunused-variable]
 1069 |         float scalerValThing = 0.05;
      |               ^~~~~~~~~~~~~~
../Core/Src/main.c:1051:13: warning: unused variable 'maxAmp' [-Wunused-variable]
 1051 |     int16_t maxAmp = 1*819.2; // 819.2 is the scaler for 1 amp
      |             ^~~~~~
../Core/Src/main.c:1050:13: warning: variable 'rpmOutput' set but not used [-Wunused-but-set-variable]
 1050 |     int16_t rpmOutput = 0;
      |             ^~~~~~~~~
../Core/Src/main.c:1048:13: warning: unused variable 'clickScaler' [-Wunused-variable]
 1048 |     int16_t clickScaler = 1;
      |             ^~~~~~~~~~~
arm-none-eabi-gcc -o "MotorHaptic.elf" @"objects.list"   -mcpu=cortex-m4 -T"/Users/liangnie/Documents/GitHub/STM32CUBEIDE/Liang Nie/MotorHaptic/STM32F407IGHX_FLASH.ld" --specs=nosys.specs -Wl,-Map="MotorHaptic.map" -Wl,--gc-sections -static --specs=nano.specs -mfpu=fpv4-sp-d16 -mfloat-abi=hard -mthumb -Wl,--start-group -lc -lm -Wl,--end-group
Finished building target: MotorHaptic.elf
 
arm-none-eabi-size  MotorHaptic.elf 
arm-none-eabi-objdump -h -S MotorHaptic.elf  > "MotorHaptic.list"
   text	   data	    bss	    dec	    hex	filename
  56280	    124	  24108	  80512	  13a80	MotorHaptic.elf
Finished building: default.size.stdout
 
Finished building: MotorHaptic.list
 
15:00:42 **** Incremental Build of configuration Debug for project MotorHaptic ****
make -j3 all 
arm-none-eabi-gcc "../Core/Src/main.c" -mcpu=cortex-m4 -std=gnu11 -g3 -DDEBUG -DUSE_HAL_DRIVER -DSTM32F407xx -c -I../Core/Inc -I../Drivers/STM32F4xx_HAL_Driver/Inc -I../Drivers/STM32F4xx_HAL_Driver/Inc/Legacy -I../Middlewares/Third_Party/FreeRTOS/Source/include -I../Middlewares/Third_Party/FreeRTOS/Source/CMSIS_RTOS_V2 -I../Middlewares/Third_Party/FreeRTOS/Source/portable/GCC/ARM_CM4F -I../Drivers/CMSIS/Device/ST/STM32F4xx/Include -I../Drivers/CMSIS/Include -O0 -ffunction-sections -fdata-sections -Wall -fstack-usage -fcyclomatic-complexity -MMD -MP -MF"Core/Src/main.d" -MT"Core/Src/main.o" --specs=nano.specs -mfpu=fpv4-sp-d16 -mfloat-abi=hard -mthumb -o "Core/Src/main.o"
../Core/Src/main.c: In function 'TaskChassis':
../Core/Src/main.c:1070:15: warning: unused variable 'scalerValThing' [-Wunused-variable]
 1070 |         float scalerValThing = 0.05;
      |               ^~~~~~~~~~~~~~
../Core/Src/main.c:1051:13: warning: unused variable 'maxAmp' [-Wunused-variable]
 1051 |     int16_t maxAmp = 1*819.2; // 819.2 is the scaler for 1 amp
      |             ^~~~~~
../Core/Src/main.c:1050:13: warning: variable 'rpmOutput' set but not used [-Wunused-but-set-variable]
 1050 |     int16_t rpmOutput = 0;
      |             ^~~~~~~~~
../Core/Src/main.c:1048:13: warning: unused variable 'clickScaler' [-Wunused-variable]
 1048 |     int16_t clickScaler = 1;
      |             ^~~~~~~~~~~
arm-none-eabi-gcc -o "MotorHaptic.elf" @"objects.list"   -mcpu=cortex-m4 -T"/Users/liangnie/Documents/GitHub/STM32CUBEIDE/Liang Nie/MotorHaptic/STM32F407IGHX_FLASH.ld" --specs=nosys.specs -Wl,-Map="MotorHaptic.map" -Wl,--gc-sections -static --specs=nano.specs -mfpu=fpv4-sp-d16 -mfloat-abi=hard -mthumb -Wl,--start-group -lc -lm -Wl,--end-group
Finished building target: MotorHaptic.elf
 
arm-none-eabi-size  MotorHaptic.elf 
arm-none-eabi-objdump -h -S MotorHaptic.elf  > "MotorHaptic.list"
   text	   data	    bss	    dec	    hex	filename
  56304	    124	  24108	  80536	  13a98	MotorHaptic.elf
Finished building: default.size.stdout
 
Finished building: MotorHaptic.list
 
15:01:35 **** Incremental Build of configuration Debug for project MotorHaptic ****
make -j3 all 
arm-none-eabi-gcc "../Core/Src/main.c" -mcpu=cortex-m4 -std=gnu11 -g3 -DDEBUG -DUSE_HAL_DRIVER -DSTM32F407xx -c -I../Core/Inc -I../Drivers/STM32F4xx_HAL_Driver/Inc -I../Drivers/STM32F4xx_HAL_Driver/Inc/Legacy -I../Middlewares/Third_Party/FreeRTOS/Source/include -I../Middlewares/Third_Party/FreeRTOS/Source/CMSIS_RTOS_V2 -I../Middlewares/Third_Party/FreeRTOS/Source/portable/GCC/ARM_CM4F -I../Drivers/CMSIS/Device/ST/STM32F4xx/Include -I../Drivers/CMSIS/Include -O0 -ffunction-sections -fdata-sections -Wall -fstack-usage -fcyclomatic-complexity -MMD -MP -MF"Core/Src/main.d" -MT"Core/Src/main.o" --specs=nano.specs -mfpu=fpv4-sp-d16 -mfloat-abi=hard -mthumb -o "Core/Src/main.o"
../Core/Src/main.c: In function 'TaskChassis':
../Core/Src/main.c:1070:15: warning: unused variable 'scalerValThing' [-Wunused-variable]
 1070 |         float scalerValThing = 0.05;
      |               ^~~~~~~~~~~~~~
../Core/Src/main.c:1067:17: warning: variable 'turnVal' set but not used [-Wunused-but-set-variable]
 1067 |         int16_t turnVal = 0;
      |                 ^~~~~~~
../Core/Src/main.c:1051:13: warning: unused variable 'maxAmp' [-Wunused-variable]
 1051 |     int16_t maxAmp = 1*819.2; // 819.2 is the scaler for 1 amp
      |             ^~~~~~
../Core/Src/main.c:1050:13: warning: variable 'rpmOutput' set but not used [-Wunused-but-set-variable]
 1050 |     int16_t rpmOutput = 0;
      |             ^~~~~~~~~
../Core/Src/main.c:1048:13: warning: unused variable 'clickScaler' [-Wunused-variable]
 1048 |     int16_t clickScaler = 1;
      |             ^~~~~~~~~~~
arm-none-eabi-gcc -o "MotorHaptic.elf" @"objects.list"   -mcpu=cortex-m4 -T"/Users/liangnie/Documents/GitHub/STM32CUBEIDE/Liang Nie/MotorHaptic/STM32F407IGHX_FLASH.ld" --specs=nosys.specs -Wl,-Map="MotorHaptic.map" -Wl,--gc-sections -static --specs=nano.specs -mfpu=fpv4-sp-d16 -mfloat-abi=hard -mthumb -Wl,--start-group -lc -lm -Wl,--end-group
Finished building target: MotorHaptic.elf
 
arm-none-eabi-size  MotorHaptic.elf 
arm-none-eabi-objdump -h -S MotorHaptic.elf  > "MotorHaptic.list"
   text	   data	    bss	    dec	    hex	filename
  56112	    124	  24108	  80344	  139d8	MotorHaptic.elf
Finished building: default.size.stdout
 
Finished building: MotorHaptic.list
 
15:03:17 **** Incremental Build of configuration Debug for project MotorHaptic ****
make -j3 all 
arm-none-eabi-gcc "../Core/Src/main.c" -mcpu=cortex-m4 -std=gnu11 -g3 -DDEBUG -DUSE_HAL_DRIVER -DSTM32F407xx -c -I../Core/Inc -I../Drivers/STM32F4xx_HAL_Driver/Inc -I../Drivers/STM32F4xx_HAL_Driver/Inc/Legacy -I../Middlewares/Third_Party/FreeRTOS/Source/include -I../Middlewares/Third_Party/FreeRTOS/Source/CMSIS_RTOS_V2 -I../Middlewares/Third_Party/FreeRTOS/Source/portable/GCC/ARM_CM4F -I../Drivers/CMSIS/Device/ST/STM32F4xx/Include -I../Drivers/CMSIS/Include -O0 -ffunction-sections -fdata-sections -Wall -fstack-usage -fcyclomatic-complexity -MMD -MP -MF"Core/Src/main.d" -MT"Core/Src/main.o" --specs=nano.specs -mfpu=fpv4-sp-d16 -mfloat-abi=hard -mthumb -o "Core/Src/main.o"
../Core/Src/main.c: In function 'TaskChassis':
../Core/Src/main.c:1070:15: warning: unused variable 'scalerValThing' [-Wunused-variable]
 1070 |         float scalerValThing = 0.05;
      |               ^~~~~~~~~~~~~~
../Core/Src/main.c:1067:17: warning: variable 'turnVal' set but not used [-Wunused-but-set-variable]
 1067 |         int16_t turnVal = 0;
      |                 ^~~~~~~
../Core/Src/main.c:1051:13: warning: unused variable 'maxAmp' [-Wunused-variable]
 1051 |     int16_t maxAmp = 1*819.2; // 819.2 is the scaler for 1 amp
      |             ^~~~~~
../Core/Src/main.c:1050:13: warning: variable 'rpmOutput' set but not used [-Wunused-but-set-variable]
 1050 |     int16_t rpmOutput = 0;
      |             ^~~~~~~~~
../Core/Src/main.c:1048:13: warning: unused variable 'clickScaler' [-Wunused-variable]
 1048 |     int16_t clickScaler = 1;
      |             ^~~~~~~~~~~
arm-none-eabi-gcc -o "MotorHaptic.elf" @"objects.list"   -mcpu=cortex-m4 -T"/Users/liangnie/Documents/GitHub/STM32CUBEIDE/Liang Nie/MotorHaptic/STM32F407IGHX_FLASH.ld" --specs=nosys.specs -Wl,-Map="MotorHaptic.map" -Wl,--gc-sections -static --specs=nano.specs -mfpu=fpv4-sp-d16 -mfloat-abi=hard -mthumb -Wl,--start-group -lc -lm -Wl,--end-group
Finished building target: MotorHaptic.elf
 
arm-none-eabi-size  MotorHaptic.elf 
arm-none-eabi-objdump -h -S MotorHaptic.elf  > "MotorHaptic.list"
   text	   data	    bss	    dec	    hex	filename
  56124	    124	  24108	  80356	  139e4	MotorHaptic.elf
Finished building: default.size.stdout
 
Finished building: MotorHaptic.list
 
15:06:52 **** Incremental Build of configuration Debug for project MotorHaptic ****
make -j3 all 
arm-none-eabi-gcc "../Core/Src/main.c" -mcpu=cortex-m4 -std=gnu11 -g3 -DDEBUG -DUSE_HAL_DRIVER -DSTM32F407xx -c -I../Core/Inc -I../Drivers/STM32F4xx_HAL_Driver/Inc -I../Drivers/STM32F4xx_HAL_Driver/Inc/Legacy -I../Middlewares/Third_Party/FreeRTOS/Source/include -I../Middlewares/Third_Party/FreeRTOS/Source/CMSIS_RTOS_V2 -I../Middlewares/Third_Party/FreeRTOS/Source/portable/GCC/ARM_CM4F -I../Drivers/CMSIS/Device/ST/STM32F4xx/Include -I../Drivers/CMSIS/Include -O0 -ffunction-sections -fdata-sections -Wall -fstack-usage -fcyclomatic-complexity -MMD -MP -MF"Core/Src/main.d" -MT"Core/Src/main.o" --specs=nano.specs -mfpu=fpv4-sp-d16 -mfloat-abi=hard -mthumb -o "Core/Src/main.o"
../Core/Src/main.c: In function 'TaskChassis':
../Core/Src/main.c:1070:15: warning: unused variable 'scalerValThing' [-Wunused-variable]
 1070 |         float scalerValThing = 0.05;
      |               ^~~~~~~~~~~~~~
../Core/Src/main.c:1067:17: warning: variable 'turnVal' set but not used [-Wunused-but-set-variable]
 1067 |         int16_t turnVal = 0;
      |                 ^~~~~~~
../Core/Src/main.c:1051:13: warning: unused variable 'maxAmp' [-Wunused-variable]
 1051 |     int16_t maxAmp = 1*819.2; // 819.2 is the scaler for 1 amp
      |             ^~~~~~
../Core/Src/main.c:1050:13: warning: variable 'rpmOutput' set but not used [-Wunused-but-set-variable]
 1050 |     int16_t rpmOutput = 0;
      |             ^~~~~~~~~
../Core/Src/main.c:1048:13: warning: unused variable 'clickScaler' [-Wunused-variable]
 1048 |     int16_t clickScaler = 1;
      |             ^~~~~~~~~~~
arm-none-eabi-gcc -o "MotorHaptic.elf" @"objects.list"   -mcpu=cortex-m4 -T"/Users/liangnie/Documents/GitHub/STM32CUBEIDE/Liang Nie/MotorHaptic/STM32F407IGHX_FLASH.ld" --specs=nosys.specs -Wl,-Map="MotorHaptic.map" -Wl,--gc-sections -static --specs=nano.specs -mfpu=fpv4-sp-d16 -mfloat-abi=hard -mthumb -Wl,--start-group -lc -lm -Wl,--end-group
Finished building target: MotorHaptic.elf
 
arm-none-eabi-size  MotorHaptic.elf 
arm-none-eabi-objdump -h -S MotorHaptic.elf  > "MotorHaptic.list"
   text	   data	    bss	    dec	    hex	filename
  56188	    124	  24108	  80420	  13a24	MotorHaptic.elf
Finished building: default.size.stdout
 
Finished building: MotorHaptic.list
 
15:09:13 **** Incremental Build of configuration Debug for project MotorHaptic ****
make -j3 all 
arm-none-eabi-gcc "../Core/Src/main.c" -mcpu=cortex-m4 -std=gnu11 -g3 -DDEBUG -DUSE_HAL_DRIVER -DSTM32F407xx -c -I../Core/Inc -I../Drivers/STM32F4xx_HAL_Driver/Inc -I../Drivers/STM32F4xx_HAL_Driver/Inc/Legacy -I../Middlewares/Third_Party/FreeRTOS/Source/include -I../Middlewares/Third_Party/FreeRTOS/Source/CMSIS_RTOS_V2 -I../Middlewares/Third_Party/FreeRTOS/Source/portable/GCC/ARM_CM4F -I../Drivers/CMSIS/Device/ST/STM32F4xx/Include -I../Drivers/CMSIS/Include -O0 -ffunction-sections -fdata-sections -Wall -fstack-usage -fcyclomatic-complexity -MMD -MP -MF"Core/Src/main.d" -MT"Core/Src/main.o" --specs=nano.specs -mfpu=fpv4-sp-d16 -mfloat-abi=hard -mthumb -o "Core/Src/main.o"
../Core/Src/main.c: In function 'TaskChassis':
../Core/Src/main.c:1070:15: warning: unused variable 'scalerValThing' [-Wunused-variable]
 1070 |         float scalerValThing = 0.05;
      |               ^~~~~~~~~~~~~~
../Core/Src/main.c:1067:17: warning: variable 'turnVal' set but not used [-Wunused-but-set-variable]
 1067 |         int16_t turnVal = 0;
      |                 ^~~~~~~
../Core/Src/main.c:1051:13: warning: unused variable 'maxAmp' [-Wunused-variable]
 1051 |     int16_t maxAmp = 1*819.2; // 819.2 is the scaler for 1 amp
      |             ^~~~~~
../Core/Src/main.c:1050:13: warning: variable 'rpmOutput' set but not used [-Wunused-but-set-variable]
 1050 |     int16_t rpmOutput = 0;
      |             ^~~~~~~~~
../Core/Src/main.c:1048:13: warning: unused variable 'clickScaler' [-Wunused-variable]
 1048 |     int16_t clickScaler = 1;
      |             ^~~~~~~~~~~
arm-none-eabi-gcc -o "MotorHaptic.elf" @"objects.list"   -mcpu=cortex-m4 -T"/Users/liangnie/Documents/GitHub/STM32CUBEIDE/Liang Nie/MotorHaptic/STM32F407IGHX_FLASH.ld" --specs=nosys.specs -Wl,-Map="MotorHaptic.map" -Wl,--gc-sections -static --specs=nano.specs -mfpu=fpv4-sp-d16 -mfloat-abi=hard -mthumb -Wl,--start-group -lc -lm -Wl,--end-group
Finished building target: MotorHaptic.elf
 
arm-none-eabi-size  MotorHaptic.elf 
arm-none-eabi-objdump -h -S MotorHaptic.elf  > "MotorHaptic.list"
   text	   data	    bss	    dec	    hex	filename
  56188	    124	  24108	  80420	  13a24	MotorHaptic.elf
Finished building: default.size.stdout
 
Finished building: MotorHaptic.list
 
15:37:38 **** Incremental Build of configuration Debug for project MotorHaptic ****
make -j3 all 
arm-none-eabi-gcc "../Core/Src/main.c" -mcpu=cortex-m4 -std=gnu11 -g3 -DDEBUG -DUSE_HAL_DRIVER -DSTM32F407xx -c -I../Core/Inc -I../Drivers/STM32F4xx_HAL_Driver/Inc -I../Drivers/STM32F4xx_HAL_Driver/Inc/Legacy -I../Middlewares/Third_Party/FreeRTOS/Source/include -I../Middlewares/Third_Party/FreeRTOS/Source/CMSIS_RTOS_V2 -I../Middlewares/Third_Party/FreeRTOS/Source/portable/GCC/ARM_CM4F -I../Drivers/CMSIS/Device/ST/STM32F4xx/Include -I../Drivers/CMSIS/Include -O0 -ffunction-sections -fdata-sections -Wall -fstack-usage -fcyclomatic-complexity -MMD -MP -MF"Core/Src/main.d" -MT"Core/Src/main.o" --specs=nano.specs -mfpu=fpv4-sp-d16 -mfloat-abi=hard -mthumb -o "Core/Src/main.o"
../Core/Src/main.c: In function 'TaskChassis':
../Core/Src/main.c:1051:13: warning: unused variable 'maxAmp' [-Wunused-variable]
 1051 |     int16_t maxAmp = 1*819.2; // 819.2 is the scaler for 1 amp
      |             ^~~~~~
../Core/Src/main.c:1050:13: warning: unused variable 'rpmOutput' [-Wunused-variable]
 1050 |     int16_t rpmOutput = 0;
      |             ^~~~~~~~~
../Core/Src/main.c:1049:13: warning: unused variable 'returnScaler' [-Wunused-variable]
 1049 |     int16_t returnScaler = 2;
      |             ^~~~~~~~~~~~
../Core/Src/main.c:1048:13: warning: unused variable 'clickScaler' [-Wunused-variable]
 1048 |     int16_t clickScaler = 1;
      |             ^~~~~~~~~~~
../Core/Src/main.c:1046:22: warning: unused variable 'YPVoltageRPM' [-Wunused-variable]
 1046 |         PID_preset_t YPVoltageRPM = {10.0, 0.0, 0.0};
      |                      ^~~~~~~~~~~~
arm-none-eabi-gcc -o "MotorHaptic.elf" @"objects.list"   -mcpu=cortex-m4 -T"/Users/liangnie/Documents/GitHub/STM32CUBEIDE/Liang Nie/MotorHaptic/STM32F407IGHX_FLASH.ld" --specs=nosys.specs -Wl,-Map="MotorHaptic.map" -Wl,--gc-sections -static --specs=nano.specs -mfpu=fpv4-sp-d16 -mfloat-abi=hard -mthumb -Wl,--start-group -lc -lm -Wl,--end-group
Finished building target: MotorHaptic.elf
 
arm-none-eabi-size  MotorHaptic.elf 
arm-none-eabi-objdump -h -S MotorHaptic.elf  > "MotorHaptic.list"
   text	   data	    bss	    dec	    hex	filename
  47880	    124	  23404	  71408	  116f0	MotorHaptic.elf
Finished building: default.size.stdout
 
Finished building: MotorHaptic.list
 
15:39:47 **** Incremental Build of configuration Debug for project MotorHaptic ****
make -j3 all 
arm-none-eabi-gcc "../Core/Src/main.c" -mcpu=cortex-m4 -std=gnu11 -g3 -DDEBUG -DUSE_HAL_DRIVER -DSTM32F407xx -c -I../Core/Inc -I../Drivers/STM32F4xx_HAL_Driver/Inc -I../Drivers/STM32F4xx_HAL_Driver/Inc/Legacy -I../Middlewares/Third_Party/FreeRTOS/Source/include -I../Middlewares/Third_Party/FreeRTOS/Source/CMSIS_RTOS_V2 -I../Middlewares/Third_Party/FreeRTOS/Source/portable/GCC/ARM_CM4F -I../Drivers/CMSIS/Device/ST/STM32F4xx/Include -I../Drivers/CMSIS/Include -O0 -ffunction-sections -fdata-sections -Wall -fstack-usage -fcyclomatic-complexity -MMD -MP -MF"Core/Src/main.d" -MT"Core/Src/main.o" --specs=nano.specs -mfpu=fpv4-sp-d16 -mfloat-abi=hard -mthumb -o "Core/Src/main.o"
arm-none-eabi-gcc -o "MotorHaptic.elf" @"objects.list"   -mcpu=cortex-m4 -T"/Users/liangnie/Documents/GitHub/STM32CUBEIDE/Liang Nie/MotorHaptic/STM32F407IGHX_FLASH.ld" --specs=nosys.specs -Wl,-Map="MotorHaptic.map" -Wl,--gc-sections -static --specs=nano.specs -mfpu=fpv4-sp-d16 -mfloat-abi=hard -mthumb -Wl,--start-group -lc -lm -Wl,--end-group
Finished building target: MotorHaptic.elf
 
arm-none-eabi-size  MotorHaptic.elf 
arm-none-eabi-objdump -h -S MotorHaptic.elf  > "MotorHaptic.list"
   text	   data	    bss	    dec	    hex	filename
  50376	    136	  23832	  74344	  12268	MotorHaptic.elf
Finished building: default.size.stdout
 
Finished building: MotorHaptic.list
 
15:40:35 **** Incremental Build of configuration Debug for project MotorHaptic ****
make -j3 all 
arm-none-eabi-gcc "../Core/Src/main.c" -mcpu=cortex-m4 -std=gnu11 -g3 -DDEBUG -DUSE_HAL_DRIVER -DSTM32F407xx -c -I../Core/Inc -I../Drivers/STM32F4xx_HAL_Driver/Inc -I../Drivers/STM32F4xx_HAL_Driver/Inc/Legacy -I../Middlewares/Third_Party/FreeRTOS/Source/include -I../Middlewares/Third_Party/FreeRTOS/Source/CMSIS_RTOS_V2 -I../Middlewares/Third_Party/FreeRTOS/Source/portable/GCC/ARM_CM4F -I../Drivers/CMSIS/Device/ST/STM32F4xx/Include -I../Drivers/CMSIS/Include -O0 -ffunction-sections -fdata-sections -Wall -fstack-usage -fcyclomatic-complexity -MMD -MP -MF"Core/Src/main.d" -MT"Core/Src/main.o" --specs=nano.specs -mfpu=fpv4-sp-d16 -mfloat-abi=hard -mthumb -o "Core/Src/main.o"
arm-none-eabi-gcc -o "MotorHaptic.elf" @"objects.list"   -mcpu=cortex-m4 -T"/Users/liangnie/Documents/GitHub/STM32CUBEIDE/Liang Nie/MotorHaptic/STM32F407IGHX_FLASH.ld" --specs=nosys.specs -Wl,-Map="MotorHaptic.map" -Wl,--gc-sections -static --specs=nano.specs -mfpu=fpv4-sp-d16 -mfloat-abi=hard -mthumb -Wl,--start-group -lc -lm -Wl,--end-group
Finished building target: MotorHaptic.elf
 
arm-none-eabi-size  MotorHaptic.elf 
arm-none-eabi-objdump -h -S MotorHaptic.elf  > "MotorHaptic.list"
[...]
arm-none-eabi-gcc "../Core/Src/stm32h7xx_hal_msp.c" -mcpu=cortex-m7 -std=gnu11 -g3 -DDEBUG -DUSE_HAL_DRIVER -DSTM32H723xx -c -I../Core/Inc -I../Drivers/STM32H7xx_HAL_Driver/Inc -I../Drivers/STM32H7xx_HAL_Driver/Inc/Legacy -I../Drivers/CMSIS/Device/ST/STM32H7xx/Include -I../Drivers/CMSIS/Include -I../Middlewares/Third_Party/FreeRTOS/Source/include -I../Middlewares/Third_Party/FreeRTOS/Source/CMSIS_RTOS -I../Middlewares/Third_Party/FreeRTOS/Source/portable/GCC/ARM_CM4F -O0 -ffunction-sections -fdata-sections -Wall -fstack-usage -fcyclomatic-complexity -MMD -MP -MF"Core/Src/stm32h7xx_hal_msp.d" -MT"Core/Src/stm32h7xx_hal_msp.o" --specs=nano.specs -mfpu=fpv5-d16 -mfloat-abi=hard -mthumb -o "Core/Src/stm32h7xx_hal_msp.o"
../Core/Src/remote_control.c:171:13: warning: 'sbus_to_rc' defined but not used [-Wunused-function]
  171 | static void sbus_to_rc(volatile const uint8_t *sbus_buf, RC_ctrl_t *rc_ctrl) {
      |             ^~~~~~~~~~
arm-none-eabi-gcc "../Core/Src/stm32h7xx_it.c" -mcpu=cortex-m7 -std=gnu11 -g3 -DDEBUG -DUSE_HAL_DRIVER -DSTM32H723xx -c -I../Core/Inc -I../Drivers/STM32H7xx_HAL_Driver/Inc -I../Drivers/STM32H7xx_HAL_Driver/Inc/Legacy -I../Drivers/CMSIS/Device/ST/STM32H7xx/Include -I../Drivers/CMSIS/Include -I../Middlewares/Third_Party/FreeRTOS/Source/include -I../Middlewares/Third_Party/FreeRTOS/Source/CMSIS_RTOS -I../Middlewares/Third_Party/FreeRTOS/Source/portable/GCC/ARM_CM4F -O0 -ffunction-sections -fdata-sections -Wall -fstack-usage -fcyclomatic-complexity -MMD -MP -MF"Core/Src/stm32h7xx_it.d" -MT"Core/Src/stm32h7xx_it.o" --specs=nano.specs -mfpu=fpv5-d16 -mfloat-abi=hard -mthumb -o "Core/Src/stm32h7xx_it.o"
arm-none-eabi-gcc "../Core/Src/syscalls.c" -mcpu=cortex-m7 -std=gnu11 -g3 -DDEBUG -DUSE_HAL_DRIVER -DSTM32H723xx -c -I../Core/Inc -I../Drivers/STM32H7xx_HAL_Driver/Inc -I../Drivers/STM32H7xx_HAL_Driver/Inc/Legacy -I../Drivers/CMSIS/Device/ST/STM32H7xx/Include -I../Drivers/CMSIS/Include -I../Middlewares/Third_Party/FreeRTOS/Source/include -I../Middlewares/Third_Party/FreeRTOS/Source/CMSIS_RTOS -I../Middlewares/Third_Party/FreeRTOS/Source/portable/GCC/ARM_CM4F -O0 -ffunction-sections -fdata-sections -Wall -fstack-usage -fcyclomatic-complexity -MMD -MP -MF"Core/Src/syscalls.d" -MT"Core/Src/syscalls.o" --specs=nano.specs -mfpu=fpv5-d16 -mfloat-abi=hard -mthumb -o "Core/Src/syscalls.o"
arm-none-eabi-gcc "../Core/Src/sysmem.c" -mcpu=cortex-m7 -std=gnu11 -g3 -DDEBUG -DUSE_HAL_DRIVER -DSTM32H723xx -c -I../Core/Inc -I../Drivers/STM32H7xx_HAL_Driver/Inc -I../Drivers/STM32H7xx_HAL_Driver/Inc/Legacy -I../Drivers/CMSIS/Device/ST/STM32H7xx/Include -I../Drivers/CMSIS/Include -I../Middlewares/Third_Party/FreeRTOS/Source/include -I../Middlewares/Third_Party/FreeRTOS/Source/CMSIS_RTOS -I../Middlewares/Third_Party/FreeRTOS/Source/portable/GCC/ARM_CM4F -O0 -ffunction-sections -fdata-sections -Wall -fstack-usage -fcyclomatic-complexity -MMD -MP -MF"Core/Src/sysmem.d" -MT"Core/Src/sysmem.o" --specs=nano.specs -mfpu=fpv5-d16 -mfloat-abi=hard -mthumb -o "Core/Src/sysmem.o"
arm-none-eabi-gcc "../Core/Src/system_stm32h7xx.c" -mcpu=cortex-m7 -std=gnu11 -g3 -DDEBUG -DUSE_HAL_DRIVER -DSTM32H723xx -c -I../Core/Inc -I../Drivers/STM32H7xx_HAL_Driver/Inc -I../Drivers/STM32H7xx_HAL_Driver/Inc/Legacy -I../Drivers/CMSIS/Device/ST/STM32H7xx/Include -I../Drivers/CMSIS/Include -I../Middlewares/Third_Party/FreeRTOS/Source/include -I../Middlewares/Third_Party/FreeRTOS/Source/CMSIS_RTOS -I../Middlewares/Third_Party/FreeRTOS/Source/portable/GCC/ARM_CM4F -O0 -ffunction-sections -fdata-sections -Wall -fstack-usage -fcyclomatic-complexity -MMD -MP -MF"Core/Src/system_stm32h7xx.d" -MT"Core/Src/system_stm32h7xx.o" --specs=nano.specs -mfpu=fpv5-d16 -mfloat-abi=hard -mthumb -o "Core/Src/system_stm32h7xx.o"
arm-none-eabi-gcc -o "SuperCapController.elf" @"objects.list"   -mcpu=cortex-m7 -T"/Users/liangnie/Documents/GitHub/STM32CUBEIDE/Liang Nie/SuperCapController/STM32H723ZGTX_FLASH.ld" --specs=nosys.specs -Wl,-Map="SuperCapController.map" -Wl,--gc-sections -static --specs=nano.specs -mfpu=fpv5-d16 -mfloat-abi=hard -mthumb -Wl,--start-group -lc -lm -Wl,--end-group
Finished building target: SuperCapController.elf
 
arm-none-eabi-size  SuperCapController.elf 
arm-none-eabi-objdump -h -S SuperCapController.elf  > "SuperCapController.list"
   text	   data	    bss	    dec	    hex	filename
  78020	    100	  22268	 100388	  18824	SuperCapController.elf
Finished building: default.size.stdout
 
Finished building: SuperCapController.list
 
17:00:20 **** Incremental Build of configuration Debug for project SuperCapController ****
make -j3 all 
arm-none-eabi-gcc "../Core/Src/main.c" -mcpu=cortex-m7 -std=gnu11 -g3 -DDEBUG -DUSE_HAL_DRIVER -DSTM32H723xx -c -I../Core/Inc -I../Drivers/STM32H7xx_HAL_Driver/Inc -I../Drivers/STM32H7xx_HAL_Driver/Inc/Legacy -I../Drivers/CMSIS/Device/ST/STM32H7xx/Include -I../Drivers/CMSIS/Include -I../Middlewares/Third_Party/FreeRTOS/Source/include -I../Middlewares/Third_Party/FreeRTOS/Source/CMSIS_RTOS -I../Middlewares/Third_Party/FreeRTOS/Source/portable/GCC/ARM_CM4F -O0 -ffunction-sections -fdata-sections -Wall -fstack-usage -fcyclomatic-complexity -MMD -MP -MF"Core/Src/main.d" -MT"Core/Src/main.o" --specs=nano.specs -mfpu=fpv5-d16 -mfloat-abi=hard -mthumb -o "Core/Src/main.o"
../Core/Src/main.c: In function 'StartDefaultTask':
../Core/Src/main.c:1535:18: warning: unused variable 'voltage' [-Wunused-variable]
 1535 |         uint32_t voltage = 0;
      |                  ^~~~~~~
../Core/Src/main.c:1532:17: warning: unused variable 'CAN_State' [-Wunused-variable]
 1532 |         uint8_t CAN_State = 0;
      |                 ^~~~~~~~~
../Core/Src/main.c:1531:17: warning: unused variable 'CAN_Extended_Data' [-Wunused-variable]
 1531 |         uint8_t CAN_Extended_Data = 0x00;
      |                 ^~~~~~~~~~~~~~~~~
../Core/Src/main.c:1530:18: warning: unused variable 'CAN_Extended_Header' [-Wunused-variable]
 1530 |         uint32_t CAN_Extended_Header = 0xFFF0000;
      |                  ^~~~~~~~~~~~~~~~~~~
../Core/Src/main.c:1529:17: warning: unused variable 'CAN_Data' [-Wunused-variable]
 1529 |         uint8_t CAN_Data[] = {0x00, 0x01, 0x02, 0x03, 0x04, 0x05, 0x06, 0x07};
      |                 ^~~~~~~~
arm-none-eabi-gcc -o "SuperCapController.elf" @"objects.list"   -mcpu=cortex-m7 -T"/Users/liangnie/Documents/GitHub/STM32CUBEIDE/Liang Nie/SuperCapController/STM32H723ZGTX_FLASH.ld" --specs=nosys.specs -Wl,-Map="SuperCapController.map" -Wl,--gc-sections -static --specs=nano.specs -mfpu=fpv5-d16 -mfloat-abi=hard -mthumb -Wl,--start-group -lc -lm -Wl,--end-group
Finished building target: SuperCapController.elf
 
arm-none-eabi-size  SuperCapController.elf 
arm-none-eabi-objdump -h -S SuperCapController.elf  > "SuperCapController.list"
   text	   data	    bss	    dec	    hex	filename
  78020	    100	  22268	 100388	  18824	SuperCapController.elf
Finished building: default.size.stdout
 
Finished building: SuperCapController.list
 
17:04:13 **** Incremental Build of configuration Debug for project SuperCapController ****
make -j3 all 
arm-none-eabi-gcc "../Core/Src/main.c" -mcpu=cortex-m7 -std=gnu11 -g3 -DDEBUG -DUSE_HAL_DRIVER -DSTM32H723xx -c -I../Core/Inc -I../Drivers/STM32H7xx_HAL_Driver/Inc -I../Drivers/STM32H7xx_HAL_Driver/Inc/Legacy -I../Drivers/CMSIS/Device/ST/STM32H7xx/Include -I../Drivers/CMSIS/Include -I../Middlewares/Third_Party/FreeRTOS/Source/include -I../Middlewares/Third_Party/FreeRTOS/Source/CMSIS_RTOS -I../Middlewares/Third_Party/FreeRTOS/Source/portable/GCC/ARM_CM4F -O0 -ffunction-sections -fdata-sections -Wall -fstack-usage -fcyclomatic-complexity -MMD -MP -MF"Core/Src/main.d" -MT"Core/Src/main.o" --specs=nano.specs -mfpu=fpv5-d16 -mfloat-abi=hard -mthumb -o "Core/Src/main.o"
../Core/Src/main.c: In function 'wheelRotation':
../Core/Src/main.c:1531:23: warning: implicit declaration of function 'abs' [-Wimplicit-function-declaration]
 1531 |         int16_t ACD = abs(destinationRotation - currentRotation);
      |                       ^~~
../Core/Src/main.c:32:1: note: include '<stdlib.h>' or provide a declaration of 'abs'
   31 | #include "remote_control.h"
  +++ |+#include <stdlib.h>
   32 | /* USER CODE END Includes */
../Core/Src/main.c: In function 'swerveScaler':
../Core/Src/main.c:1557:27: error: 'maxValAllowed' undeclared (first use in this function)
 1557 |         if (largestVal <= maxValAllowed) {
      |                           ^~~~~~~~~~~~~
../Core/Src/main.c:1557:27: note: each undeclared identifier is reported only once for each function it appears in
../Core/Src/main.c: In function 'PD':
../Core/Src/main.c:1566:16: warning: implicit declaration of function 'applyCtrlLimit' [-Wimplicit-function-declaration]
 1566 |         return applyCtrlLimit(motorType, (currentDelta*kP + (*previousDelta - currentDelta)*kD));
      |                ^~~~~~~~~~~~~~
../Core/Src/main.c: In function 'StartDefaultTask':
../Core/Src/main.c:1629:11: warning: implicit declaration of function 'setMotorSpeed'; did you mean 'setMotorRPM'? [-Wimplicit-function-declaration]
 1629 |           setMotorSpeed(Bus2, GM6020, 1, 10, test);
      |           ^~~~~~~~~~~~~
      |           setMotorRPM
../Core/Src/main.c:1599:17: warning: unused variable 'motorInfo' [-Wunused-variable]
 1599 |         int16_t motorInfo[4][4];
      |                 ^~~~~~~~~
../Core/Src/main.c:1596:17: warning: unused variable 'forwardsID' [-Wunused-variable]
 1596 |         int16_t forwardsID[4] = {380, 5070, 348, 5140};
      |                 ^~~~~~~~~~
../Core/Src/main.c:1591:16: warning: unused variable 'rotationVectors' [-Wunused-variable]
 1591 |         int8_t rotationVectors[4][2] =  {{1,  -1},
      |                ^~~~~~~~~~~~~~~
../Core/Src/main.c:1583:17: warning: unused variable 'wheelPrev' [-Wunused-variable]
 1583 |         int16_t wheelPrev[8] = {0, 0, 0, 0, 0, 0, 0, 0};
      |                 ^~~~~~~~~
../Core/Src/main.c: In function 'swerveScaler':
../Core/Src/main.c:1562:1: warning: control reaches end of non-void function [-Wreturn-type]
 1562 | }
      | ^
make: *** [Core/Src/subdir.mk:52: Core/Src/main.o] Error 1
"make -j3 all" terminated with exit code 2. Build might be incomplete.
17:04:43 **** Incremental Build of configuration Debug for project SuperCapController ****
make -j3 all 
arm-none-eabi-gcc "../Core/Src/main.c" -mcpu=cortex-m7 -std=gnu11 -g3 -DDEBUG -DUSE_HAL_DRIVER -DSTM32H723xx -c -I../Core/Inc -I../Drivers/STM32H7xx_HAL_Driver/Inc -I../Drivers/STM32H7xx_HAL_Driver/Inc/Legacy -I../Drivers/CMSIS/Device/ST/STM32H7xx/Include -I../Drivers/CMSIS/Include -I../Middlewares/Third_Party/FreeRTOS/Source/include -I../Middlewares/Third_Party/FreeRTOS/Source/CMSIS_RTOS -I../Middlewares/Third_Party/FreeRTOS/Source/portable/GCC/ARM_CM4F -O0 -ffunction-sections -fdata-sections -Wall -fstack-usage -fcyclomatic-complexity -MMD -MP -MF"Core/Src/main.d" -MT"Core/Src/main.o" --specs=nano.specs -mfpu=fpv5-d16 -mfloat-abi=hard -mthumb -o "Core/Src/main.o"
../Core/Src/main.c: In function 'wheelRotation':
../Core/Src/main.c:1533:23: warning: implicit declaration of function 'abs' [-Wimplicit-function-declaration]
 1533 |         int16_t ACD = abs(destinationRotation - currentRotation);
      |                       ^~~
../Core/Src/main.c:32:1: note: include '<stdlib.h>' or provide a declaration of 'abs'
   31 | #include "remote_control.h"
  +++ |+#include <stdlib.h>
   32 | /* USER CODE END Includes */
../Core/Src/main.c: In function 'PD':
../Core/Src/main.c:1568:16: warning: implicit declaration of function 'applyCtrlLimit' [-Wimplicit-function-declaration]
 1568 |         return applyCtrlLimit(motorType, (currentDelta*kP + (*previousDelta - currentDelta)*kD));
      |                ^~~~~~~~~~~~~~
../Core/Src/main.c: In function 'StartDefaultTask':
../Core/Src/main.c:1631:11: warning: implicit declaration of function 'setMotorSpeed'; did you mean 'setMotorRPM'? [-Wimplicit-function-declaration]
 1631 |           setMotorSpeed(Bus2, GM6020, 1, 10, test);
      |           ^~~~~~~~~~~~~
      |           setMotorRPM
../Core/Src/main.c:1601:17: warning: unused variable 'motorInfo' [-Wunused-variable]
 1601 |         int16_t motorInfo[4][4];
      |                 ^~~~~~~~~
../Core/Src/main.c:1598:17: warning: unused variable 'forwardsID' [-Wunused-variable]
 1598 |         int16_t forwardsID[4] = {380, 5070, 348, 5140};
      |                 ^~~~~~~~~~
../Core/Src/main.c:1593:16: warning: unused variable 'rotationVectors' [-Wunused-variable]
 1593 |         int8_t rotationVectors[4][2] =  {{1,  -1},
      |                ^~~~~~~~~~~~~~~
../Core/Src/main.c:1585:17: warning: unused variable 'wheelPrev' [-Wunused-variable]
 1585 |         int16_t wheelPrev[8] = {0, 0, 0, 0, 0, 0, 0, 0};
      |                 ^~~~~~~~~
arm-none-eabi-gcc -o "SuperCapController.elf" @"objects.list"   -mcpu=cortex-m7 -T"/Users/liangnie/Documents/GitHub/STM32CUBEIDE/Liang Nie/SuperCapController/STM32H723ZGTX_FLASH.ld" --specs=nosys.specs -Wl,-Map="SuperCapController.map" -Wl,--gc-sections -static --specs=nano.specs -mfpu=fpv5-d16 -mfloat-abi=hard -mthumb -Wl,--start-group -lc -lm -Wl,--end-group
/Applications/STM32CubeIDE.app/Contents/Eclipse/plugins/com.st.stm32cube.ide.mcu.externaltools.gnu-tools-for-stm32.12.3.rel1.macos64_1.0.200.202406191456/tools/bin/../lib/gcc/arm-none-eabi/12.3.1/../../../../arm-none-eabi/bin/ld: ./Core/Src/main.o: in function `StartDefaultTask':
/Users/liangnie/Documents/GitHub/STM32CUBEIDE/Liang Nie/SuperCapController/Debug/../Core/Src/main.c:1631: undefined reference to `setMotorSpeed'
collect2: error: ld returned 1 exit status
make: *** [makefile:68: SuperCapController.elf] Error 1
"make -j3 all" terminated with exit code 2. Build might be incomplete.
17:05:09 **** Incremental Build of configuration Debug for project SuperCapController ****
make -j3 all 
arm-none-eabi-gcc "../Core/Src/main.c" -mcpu=cortex-m7 -std=gnu11 -g3 -DDEBUG -DUSE_HAL_DRIVER -DSTM32H723xx -c -I../Core/Inc -I../Drivers/STM32H7xx_HAL_Driver/Inc -I../Drivers/STM32H7xx_HAL_Driver/Inc/Legacy -I../Drivers/CMSIS/Device/ST/STM32H7xx/Include -I../Drivers/CMSIS/Include -I../Middlewares/Third_Party/FreeRTOS/Source/include -I../Middlewares/Third_Party/FreeRTOS/Source/CMSIS_RTOS -I../Middlewares/Third_Party/FreeRTOS/Source/portable/GCC/ARM_CM4F -O0 -ffunction-sections -fdata-sections -Wall -fstack-usage -fcyclomatic-complexity -MMD -MP -MF"Core/Src/main.d" -MT"Core/Src/main.o" --specs=nano.specs -mfpu=fpv5-d16 -mfloat-abi=hard -mthumb -o "Core/Src/main.o"
../Core/Src/main.c: In function 'wheelRotation':
../Core/Src/main.c:1533:23: warning: implicit declaration of function 'abs' [-Wimplicit-function-declaration]
 1533 |         int16_t ACD = abs(destinationRotation - currentRotation);
      |                       ^~~
../Core/Src/main.c:32:1: note: include '<stdlib.h>' or provide a declaration of 'abs'
   31 | #include "remote_control.h"
  +++ |+#include <stdlib.h>
   32 | /* USER CODE END Includes */
../Core/Src/main.c: In function 'PD':
../Core/Src/main.c:1568:16: warning: implicit declaration of function 'applyCtrlLimit' [-Wimplicit-function-declaration]
 1568 |         return applyCtrlLimit(motorType, (currentDelta*kP + (*previousDelta - currentDelta)*kD));
      |                ^~~~~~~~~~~~~~
../Core/Src/main.c: In function 'StartDefaultTask':
../Core/Src/main.c:1601:17: warning: unused variable 'motorInfo' [-Wunused-variable]
 1601 |         int16_t motorInfo[4][4];
      |                 ^~~~~~~~~
../Core/Src/main.c:1598:17: warning: unused variable 'forwardsID' [-Wunused-variable]
 1598 |         int16_t forwardsID[4] = {380, 5070, 348, 5140};
      |                 ^~~~~~~~~~
../Core/Src/main.c:1593:16: warning: unused variable 'rotationVectors' [-Wunused-variable]
 1593 |         int8_t rotationVectors[4][2] =  {{1,  -1},
      |                ^~~~~~~~~~~~~~~
../Core/Src/main.c:1585:17: warning: unused variable 'wheelPrev' [-Wunused-variable]
 1585 |         int16_t wheelPrev[8] = {0, 0, 0, 0, 0, 0, 0, 0};
      |                 ^~~~~~~~~
arm-none-eabi-gcc -o "SuperCapController.elf" @"objects.list"   -mcpu=cortex-m7 -T"/Users/liangnie/Documents/GitHub/STM32CUBEIDE/Liang Nie/SuperCapController/STM32H723ZGTX_FLASH.ld" --specs=nosys.specs -Wl,-Map="SuperCapController.map" -Wl,--gc-sections -static --specs=nano.specs -mfpu=fpv5-d16 -mfloat-abi=hard -mthumb -Wl,--start-group -lc -lm -Wl,--end-group
Finished building target: SuperCapController.elf
 
arm-none-eabi-size  SuperCapController.elf 
arm-none-eabi-objdump -h -S SuperCapController.elf  > "SuperCapController.list"
   text	   data	    bss	    dec	    hex	filename
  80140	    100	  22676	 102916	  19204	SuperCapController.elf
Finished building: default.size.stdout
 
Finished building: SuperCapController.list
 
17:06:56 **** Incremental Build of configuration Debug for project SuperCapController ****
make -j3 all 
arm-none-eabi-gcc "../Core/Src/main.c" -mcpu=cortex-m7 -std=gnu11 -g3 -DDEBUG -DUSE_HAL_DRIVER -DSTM32H723xx -c -I../Core/Inc -I../Drivers/STM32H7xx_HAL_Driver/Inc -I../Drivers/STM32H7xx_HAL_Driver/Inc/Legacy -I../Drivers/CMSIS/Device/ST/STM32H7xx/Include -I../Drivers/CMSIS/Include -I../Middlewares/Third_Party/FreeRTOS/Source/include -I../Middlewares/Third_Party/FreeRTOS/Source/CMSIS_RTOS -I../Middlewares/Third_Party/FreeRTOS/Source/portable/GCC/ARM_CM4F -O0 -ffunction-sections -fdata-sections -Wall -fstack-usage -fcyclomatic-complexity -MMD -MP -MF"Core/Src/main.d" -MT"Core/Src/main.o" --specs=nano.specs -mfpu=fpv5-d16 -mfloat-abi=hard -mthumb -o "Core/Src/main.o"
../Core/Src/main.c: In function 'wheelRotation':
../Core/Src/main.c:1533:23: warning: implicit declaration of function 'abs' [-Wimplicit-function-declaration]
 1533 |         int16_t ACD = abs(destinationRotation - currentRotation);
      |                       ^~~
../Core/Src/main.c:32:1: note: include '<stdlib.h>' or provide a declaration of 'abs'
   31 | #include "remote_control.h"
  +++ |+#include <stdlib.h>
   32 | /* USER CODE END Includes */
../Core/Src/main.c: In function 'PD':
../Core/Src/main.c:1568:16: warning: implicit declaration of function 'applyCtrlLimit' [-Wimplicit-function-declaration]
 1568 |         return applyCtrlLimit(motorType, (currentDelta*kP + (*previousDelta - currentDelta)*kD));
      |                ^~~~~~~~~~~~~~
../Core/Src/main.c: In function 'StartDefaultTask':
../Core/Src/main.c:1601:17: warning: unused variable 'motorInfo' [-Wunused-variable]
 1601 |         int16_t motorInfo[4][4];
      |                 ^~~~~~~~~
../Core/Src/main.c:1598:17: warning: unused variable 'forwardsID' [-Wunused-variable]
 1598 |         int16_t forwardsID[4] = {380, 5070, 348, 5140};
      |                 ^~~~~~~~~~
../Core/Src/main.c:1593:16: warning: unused variable 'rotationVectors' [-Wunused-variable]
 1593 |         int8_t rotationVectors[4][2] =  {{1,  -1},
      |                ^~~~~~~~~~~~~~~
../Core/Src/main.c:1585:17: warning: unused variable 'wheelPrev' [-Wunused-variable]
 1585 |         int16_t wheelPrev[8] = {0, 0, 0, 0, 0, 0, 0, 0};
      |                 ^~~~~~~~~
arm-none-eabi-gcc -o "SuperCapController.elf" @"objects.list"   -mcpu=cortex-m7 -T"/Users/liangnie/Documents/GitHub/STM32CUBEIDE/Liang Nie/SuperCapController/STM32H723ZGTX_FLASH.ld" --specs=nosys.specs -Wl,-Map="SuperCapController.map" -Wl,--gc-sections -static --specs=nano.specs -mfpu=fpv5-d16 -mfloat-abi=hard -mthumb -Wl,--start-group -lc -lm -Wl,--end-group
Finished building target: SuperCapController.elf
 
arm-none-eabi-size  SuperCapController.elf 
arm-none-eabi-objdump -h -S SuperCapController.elf  > "SuperCapController.list"
   text	   data	    bss	    dec	    hex	filename
  80140	    100	  22676	 102916	  19204	SuperCapController.elf
Finished building: default.size.stdout
 
Finished building: SuperCapController.list
 
