14:50:18 **** Incremental Build of configuration Debug for project HeroShooter2025 ****
make -j3 all 
arm-none-eabi-gcc "../Core/Src/main.c" -mcpu=cortex-m4 -std=gnu11 -g3 -DDEBUG -DUSE_HAL_DRIVER -DSTM32F407xx -c -I../Core/Inc -I../Drivers/STM32F4xx_HAL_Driver/Inc -I../Drivers/STM32F4xx_HAL_Driver/Inc/Legacy -I../Middlewares/Third_Party/FreeRTOS/Source/include -I../Middlewares/Third_Party/FreeRTOS/Source/CMSIS_RTOS_V2 -I../Middlewares/Third_Party/FreeRTOS/Source/portable/GCC/ARM_CM4F -I../Drivers/CMSIS/Device/ST/STM32F4xx/Include -I../Drivers/CMSIS/Include -O0 -ffunction-sections -fdata-sections -Wall -fstack-usage -fcyclomatic-complexity -MMD -MP -MF"Core/Src/main.d" -MT"Core/Src/main.o" --specs=nano.specs -mfpu=fpv4-sp-d16 -mfloat-abi=hard -mthumb -o "Core/Src/main.o"
../Core/Src/main.c: In function 'TaskChassis':
../Core/Src/main.c:1080:17: warning: unused variable 'returnScaler' [-Wunused-variable]
 1080 |         int16_t returnScaler = 2;
      |                 ^~~~~~~~~~~~
../Core/Src/main.c:1078:22: warning: unused variable 'yawBoi' [-Wunused-variable]
 1078 |         PID_preset_t yawBoi = {80.0, 0.0, 0.0};
      |                      ^~~~~~
../Core/Src/main.c:1075:22: warning: unused variable 'yawPresetVoltageRPM' [-Wunused-variable]
 1075 |         PID_preset_t yawPresetVoltageRPM = {18.0, 0.0, 0.0};
      |                      ^~~~~~~~~~~~~~~~~~~
../Core/Src/main.c:1073:22: warning: unused variable 'fondler' [-Wunused-variable]
 1073 |         PID_preset_t fondler = {3.0, 0.0, 0.0};
      |                      ^~~~~~~
arm-none-eabi-gcc -o "HeroShooter2025.elf" @"objects.list"   -mcpu=cortex-m4 -T"/Users/liangnie/Documents/GitHub/STM32CUBEIDE/Liang Nie/HeroShooter2025/STM32F407IGHX_FLASH.ld" --specs=nosys.specs -Wl,-Map="HeroShooter2025.map" -Wl,--gc-sections -static --specs=nano.specs -mfpu=fpv4-sp-d16 -mfloat-abi=hard -mthumb -Wl,--start-group -lc -lm -Wl,--end-group
Finished building target: HeroShooter2025.elf
 
arm-none-eabi-size  HeroShooter2025.elf 
arm-none-eabi-objdump -h -S HeroShooter2025.elf  > "HeroShooter2025.list"
   text	   data	    bss	    dec	    hex	filename
  57660	    124	  23860	  81644	  13eec	HeroShooter2025.elf
Finished building: default.size.stdout
 
Finished building: HeroShooter2025.list
 

14:50:19 Build Finished. 0 errors, 4 warnings. (took 1s.564ms)

