10:19:41 **** Incremental Build of configuration Debug for project InfantrySwerve2025FINAL ****
make -j3 all 
arm-none-eabi-gcc "../Core/Src/SWERVE.c" -mcpu=cortex-m4 -std=gnu11 -g3 -DDEBUG -DUSE_HAL_DRIVER -DSTM32F407xx -c -I../Core/Inc -I../Drivers/STM32F4xx_HAL_Driver/Inc -I../Drivers/STM32F4xx_HAL_Driver/Inc/Legacy -I../Middlewares/Third_Party/FreeRTOS/Source/include -I../Middlewares/Third_Party/FreeRTOS/Source/CMSIS_RTOS_V2 -I../Middlewares/Third_Party/FreeRTOS/Source/portable/GCC/ARM_CM4F -I../Drivers/CMSIS/Device/ST/STM32F4xx/Include -I../Drivers/CMSIS/Include -O0 -ffunction-sections -fdata-sections -Wall -fstack-usage -fcyclomatic-complexity -MMD -MP -MF"Core/Src/SWERVE.d" -MT"Core/Src/SWERVE.o" --specs=nano.specs -mfpu=fpv4-sp-d16 -mfloat-abi=hard -mthumb -o "Core/Src/SWERVE.o"
arm-none-eabi-gcc -o "InfantrySwerve2025FINAL.elf" @"objects.list"   -mcpu=cortex-m4 -T"/Users/liangnie/Documents/GitHub/STM32CUBEIDE/Liang Nie/InfantrySwerve2025FINAL/STM32F407IGHX_FLASH.ld" --specs=nosys.specs -Wl,-Map="InfantrySwerve2025FINAL.map" -Wl,--gc-sections -static --specs=nano.specs -mfpu=fpv4-sp-d16 -mfloat-abi=hard -mthumb -u _printf_float -Wl,--start-group -lc -lm -Wl,--end-group
Finished building target: InfantrySwerve2025FINAL.elf
 
arm-none-eabi-size  InfantrySwerve2025FINAL.elf 
arm-none-eabi-objdump -h -S InfantrySwerve2025FINAL.elf  > "InfantrySwerve2025FINAL.list"
   text	   data	    bss	    dec	    hex	filename
  77240	    564	  24320	 102124	  18eec	InfantrySwerve2025FINAL.elf
Finished building: default.size.stdout
 
Finished building: InfantrySwerve2025FINAL.list
 

10:19:43 Build Finished. 0 errors, 0 warnings. (took 1s.751ms)

