16:36:24 **** Incremental Build of configuration Debug for project InfantryShooter2025FINAL ****
make -j3 all 
arm-none-eabi-gcc "../Core/Src/main.c" -mcpu=cortex-m4 -std=gnu11 -g3 -DDEBUG -DUSE_HAL_DRIVER -DSTM32F407xx -c -I../Core/Inc -I../Drivers/STM32F4xx_HAL_Driver/Inc -I../Drivers/STM32F4xx_HAL_Driver/Inc/Legacy -I../Middlewares/Third_Party/FreeRTOS/Source/include -I../Middlewares/Third_Party/FreeRTOS/Source/CMSIS_RTOS_V2 -I../Middlewares/Third_Party/FreeRTOS/Source/portable/GCC/ARM_CM4F -I../Drivers/CMSIS/Device/ST/STM32F4xx/Include -I../Drivers/CMSIS/Include -O0 -ffunction-sections -fdata-sections -Wall -fstack-usage -fcyclomatic-complexity -MMD -MP -MF"Core/Src/main.d" -MT"Core/Src/main.o" --specs=nano.specs -mfpu=fpv4-sp-d16 -mfloat-abi=hard -mthumb -o "Core/Src/main.o"
../Core/Src/main.c: In function 'StartFlowManager':
../Core/Src/main.c:974:17: warning: unused variable 'txData' [-Wunused-variable]
  974 |         uint8_t txData[8] = {1, 2, 3, 4, 5, 6, 7, 8};
      |                 ^~~~~~
../Core/Src/main.c: In function 'StartChassisTask':
../Core/Src/main.c:1047:16: warning: unused variable 'fondlerVars' [-Wunused-variable]
 1047 |         int8_t fondlerVars[5] = {0, 0, 0, 0, 0};
      |                ^~~~~~~~~~~
arm-none-eabi-gcc -o "InfantryShooter2025FINAL.elf" @"objects.list"   -mcpu=cortex-m4 -T"/Users/liangnie/Documents/GitHub/STM32CUBEIDE/Liang Nie/InfantryShooter2025FINAL/STM32F407IGHX_FLASH.ld" --specs=nosys.specs -Wl,-Map="InfantryShooter2025FINAL.map" -Wl,--gc-sections -static --specs=nano.specs -mfpu=fpv4-sp-d16 -mfloat-abi=hard -mthumb -u _printf_float -Wl,--start-group -lc -lm -Wl,--end-group
Finished building target: InfantryShooter2025FINAL.elf
 
arm-none-eabi-size  InfantryShooter2025FINAL.elf 
arm-none-eabi-objdump -h -S InfantryShooter2025FINAL.elf  > "InfantryShooter2025FINAL.list"
   text	   data	    bss	    dec	    hex	filename
  74204	    516	  24224	  98944	  18280	InfantryShooter2025FINAL.elf
Finished building: default.size.stdout
 
Finished building: InfantryShooter2025FINAL.list
 

16:36:26 Build Finished. 0 errors, 2 warnings. (took 2s.37ms)

