15:32:40 **** Incremental Build of configuration Debug for project LibraryTestingProject ****
make -j3 all 
arm-none-eabi-gcc "../Core/Src/main.c" -mcpu=cortex-m4 -std=gnu11 -g3 -DDEBUG -DUSE_HAL_DRIVER -DSTM32F407xx -c -I../Core/Inc -I../Drivers/STM32F4xx_HAL_Driver/Inc -I../Drivers/STM32F4xx_HAL_Driver/Inc/Legacy -I../Middlewares/Third_Party/FreeRTOS/Source/include -I../Middlewares/Third_Party/FreeRTOS/Source/CMSIS_RTOS_V2 -I../Middlewares/Third_Party/FreeRTOS/Source/portable/GCC/ARM_CM4F -I../Drivers/CMSIS/Device/ST/STM32F4xx/Include -I../Drivers/CMSIS/Include -O0 -ffunction-sections -fdata-sections -Wall -fstack-usage -fcyclomatic-complexity -MMD -MP -MF"Core/Src/main.d" -MT"Core/Src/main.o" --specs=nano.specs -mfpu=fpv4-sp-d16 -mfloat-abi=hard -mthumb -o "Core/Src/main.o"
arm-none-eabi-gcc -o "LibraryTestingProject.elf" @"objects.list"   -mcpu=cortex-m4 -T"/Users/liangnie/Documents/GitHub/STM32CUBEIDE/Liang Nie/LibraryTestingProject/STM32F407IGHX_FLASH.ld" --specs=nosys.specs -Wl,-Map="LibraryTestingProject.map" -Wl,--gc-sections -static --specs=nano.specs -mfpu=fpv4-sp-d16 -mfloat-abi=hard -mthumb -Wl,--start-group -lc -lm -Wl,--end-group
Finished building target: LibraryTestingProject.elf
 
arm-none-eabi-size  LibraryTestingProject.elf 
arm-none-eabi-objdump -h -S LibraryTestingProject.elf  > "LibraryTestingProject.list"
   text	   data	    bss	    dec	    hex	filename
  44484	    100	  22584	  67168	  10660	LibraryTestingProject.elf
Finished building: default.size.stdout
 
Finished building: LibraryTestingProject.list
 

15:32:43 Build Finished. 0 errors, 0 warnings. (took 3s.452ms)

