16:25:26 **** Incremental Build of configuration Debug for project projectthingamabob ****
make -j3 all 
arm-none-eabi-gcc "../Core/Src/main.c" -mcpu=cortex-m4 -std=gnu11 -g3 -DDEBUG -DUSE_HAL_DRIVER -DSTM32F411xE -c -I../Core/Inc -I../Drivers/STM32F4xx_HAL_Driver/Inc -I../Drivers/STM32F4xx_HAL_Driver/Inc/Legacy -I../Drivers/CMSIS/Device/ST/STM32F4xx/Include -I../Drivers/CMSIS/Include -O0 -ffunction-sections -fdata-sections -Wall -fstack-usage -fcyclomatic-complexity -MMD -MP -MF"Core/Src/main.d" -MT"Core/Src/main.o" --specs=nano.specs -mfpu=fpv4-sp-d16 -mfloat-abi=hard -mthumb -o "Core/Src/main.o"
arm-none-eabi-gcc -o "projectthingamabob.elf" @"objects.list"   -mcpu=cortex-m4 -T"/Users/liangnie/Documents/GitHub/STM32CUBEIDE/Liang Nie/projectthingamabob/STM32F411CEUX_FLASH.ld" --specs=nosys.specs -Wl,-Map="projectthingamabob.map" -Wl,--gc-sections -static --specs=nano.specs -mfpu=fpv4-sp-d16 -mfloat-abi=hard -mthumb -Wl,--start-group -lc -lm -Wl,--end-group
Finished building target: projectthingamabob.elf
 
arm-none-eabi-size  projectthingamabob.elf 
arm-none-eabi-objdump -h -S projectthingamabob.elf  > "projectthingamabob.list"
   text	   data	    bss	    dec	    hex	filename
   5820	     12	   1572	   7404	   1cec	projectthingamabob.elf
Finished building: default.size.stdout
 
Finished building: projectthingamabob.list
 

16:25:28 Build Finished. 0 errors, 0 warnings. (took 2s.67ms)

