18:16:06 **** Incremental Build of configuration Debug for project RMTemplate ****
make -j20 all 
arm-none-eabi-gcc "../Core/Src/main.c" -mcpu=cortex-m4 -std=gnu11 -g3 -DDEBUG -DUSE_HAL_DRIVER -DSTM32F407xx -c -I../Core/Inc -I../Drivers/STM32F4xx_HAL_Driver/Inc -I../Drivers/STM32F4xx_HAL_Driver/Inc/Legacy -I../Drivers/CMSIS/Device/ST/STM32F4xx/Include -I../Drivers/CMSIS/Include -I../Middlewares/Third_Party/FreeRTOS/Source/include -I../Middlewares/Third_Party/FreeRTOS/Source/CMSIS_RTOS_V2 -I../Middlewares/Third_Party/FreeRTOS/Source/portable/GCC/ARM_CM4F -O0 -ffunction-sections -fdata-sections -Wall -fstack-usage -fcyclomatic-complexity -MMD -MP -MF"Core/Src/main.d" -MT"Core/Src/main.o" --specs=nano.specs -mfpu=fpv4-sp-d16 -mfloat-abi=hard -mthumb -o "Core/Src/main.o"
../Core/Src/main.c: In function 'TaskChassis':
../Core/Src/main.c:1008:11: warning: variable 'calcChassisPower' set but not used [-Wunused-but-set-variable]
 1008 |     float calcChassisPower = 0;                                 // range: 3376 ~ 2132
      |           ^~~~~~~~~~~~~~~~
arm-none-eabi-gcc -o "RMTemplate.elf" @"objects.list"   -mcpu=cortex-m4 -T"C:\Users\Liang Nie\Documents\GitHub\STM32CUBEIDE\Liang Nie\RMTemplate\STM32F407IGHX_FLASH.ld" --specs=nosys.specs -Wl,-Map="RMTemplate.map" -Wl,--gc-sections -static --specs=nano.specs -mfpu=fpv4-sp-d16 -mfloat-abi=hard -mthumb -u _printf_float -Wl,--start-group -lc -lm -Wl,--end-group
C:/ST/STM32CubeIDE_1.12.1/STM32CubeIDE/plugins/com.st.stm32cube.ide.mcu.externaltools.gnu-tools-for-stm32.12.3.rel1.win32_1.0.100.202403111256/tools/bin/../lib/gcc/arm-none-eabi/12.3.1/../../../../arm-none-eabi/bin/ld.exe: warning: RMTemplate.elf has a LOAD segment with RWX permissions
Finished building target: RMTemplate.elf
 
arm-none-eabi-size  RMTemplate.elf 
arm-none-eabi-objdump -h -S RMTemplate.elf  > "RMTemplate.list"
   text	   data	    bss	    dec	    hex	filename
  69876	    612	  23728	  94216	  17008	RMTemplate.elf
Finished building: default.size.stdout
 
Finished building: RMTemplate.list
 

18:16:07 Build Finished. 0 errors, 2 warnings. (took 872ms)

