12:27:20 **** Incremental Build of configuration Debug for project RMTemplate ****
make -j3 all 
arm-none-eabi-gcc "../Core/Src/main.c" -mcpu=cortex-m4 -std=gnu11 -g3 -DDEBUG -DUSE_HAL_DRIVER -DSTM32F407xx -c -I../Core/Inc -I../Drivers/STM32F4xx_HAL_Driver/Inc -I../Drivers/STM32F4xx_HAL_Driver/Inc/Legacy -I../Drivers/CMSIS/Device/ST/STM32F4xx/Include -I../Drivers/CMSIS/Include -I../Middlewares/Third_Party/FreeRTOS/Source/include -I../Middlewares/Third_Party/FreeRTOS/Source/CMSIS_RTOS_V2 -I../Middlewares/Third_Party/FreeRTOS/Source/portable/GCC/ARM_CM4F -O0 -ffunction-sections -fdata-sections -Wall -fstack-usage -fcyclomatic-complexity -MMD -MP -MF"Core/Src/main.d" -MT"Core/Src/main.o" --specs=nano.specs -mfpu=fpv4-sp-d16 -mfloat-abi=hard -mthumb -o "Core/Src/main.o"
../Core/Src/main.c: In function 'TaskChassis':
../Core/Src/main.c:1558:44: warning: passing argument 2 of 'HAL_UART_Transmit' makes pointer from integer without a cast [-Wint-conversion]
 1558 |                 HAL_UART_Transmit(&huart1, txDataBuffer,8,0);
      |                                            ^~~~~~~~~~~~
      |                                            |
      |                                            uint8_t {aka unsigned char}
In file included from ../Core/Inc/stm32f4xx_hal_conf.h:411,
                 from ../Drivers/STM32F4xx_HAL_Driver/Inc/stm32f4xx_hal.h:29,
                 from ../Core/Inc/main.h:30,
                 from ../Core/Src/main.c:20:
../Drivers/STM32F4xx_HAL_Driver/Inc/stm32f4xx_hal_uart.h:745:79: note: expected 'const uint8_t *' {aka 'const unsigned char *'} but argument is of type 'uint8_t' {aka 'unsigned char'}
  745 | HAL_StatusTypeDef HAL_UART_Transmit(UART_HandleTypeDef *huart, const uint8_t *pData, uint16_t Size, uint32_t Timeout);
      |                                                                ~~~~~~~~~~~~~~~^~~~~
../Core/Src/main.c:1105:23: warning: unused variable 'rotationScalar' [-Wunused-variable]
 1105 |                 float rotationScalar = -540; //-540
      |                       ^~~~~~~~~~~~~~
../Core/Src/main.c:1079:16: warning: unused variable 'beepingInProgress' [-Wunused-variable]
 1079 |         int8_t beepingInProgress = 0;
      |                ^~~~~~~~~~~~~~~~~
../Core/Src/main.c:1041:17: warning: unused variable 'prevDiff4' [-Wunused-variable]
 1041 |         int16_t prevDiff4 = 0;
      |                 ^~~~~~~~~
../Core/Src/main.c:1040:17: warning: unused variable 'prevDiff3' [-Wunused-variable]
 1040 |         int16_t prevDiff3 = 0;
      |                 ^~~~~~~~~
../Core/Src/main.c:1033:16: warning: variable 'isNegativeRegion4' set but not used [-Wunused-but-set-variable]
 1033 |         int8_t isNegativeRegion4 = 0;
      |                ^~~~~~~~~~~~~~~~~
../Core/Src/main.c:1032:16: warning: variable 'isNegativeRegion3' set but not used [-Wunused-but-set-variable]
 1032 |         int8_t isNegativeRegion3 = 0;
      |                ^~~~~~~~~~~~~~~~~
../Core/Src/main.c:1024:16: warning: unused variable 'shot1Round' [-Wunused-variable]
 1024 |         int8_t shot1Round = 0;
      |                ^~~~~~~~~~
../Core/Src/main.c:1011:17: warning: variable 'rcPitch' set but not used [-Wunused-but-set-variable]
 1011 |         int16_t rcPitch = 0;                                   // range: 3376 ~ 2132
      |                 ^~~~~~~
arm-none-eabi-gcc -o "RMTemplate.elf" @"objects.list"   -mcpu=cortex-m4 -T"/Users/liangnie/Documents/GitHub/STM32CUBEIDE/Liang Nie/RMTemplate/STM32F407IGHX_FLASH.ld" --specs=nosys.specs -Wl,-Map="RMTemplate.map" -Wl,--gc-sections -static --specs=nano.specs -mfpu=fpv4-sp-d16 -mfloat-abi=hard -mthumb -u _printf_float -Wl,--start-group -lc -lm -Wl,--end-group
/Applications/STM32CubeIDE.app/Contents/Eclipse/plugins/com.st.stm32cube.ide.mcu.externaltools.gnu-tools-for-stm32.12.3.rel1.macos64_1.0.100.202403111906/tools/bin/../lib/gcc/arm-none-eabi/12.3.1/../../../../arm-none-eabi/bin/ld: warning: RMTemplate.elf has a LOAD segment with RWX permissions
Finished building target: RMTemplate.elf
 
arm-none-eabi-size  RMTemplate.elf 
arm-none-eabi-objdump -h -S RMTemplate.elf  > "RMTemplate.list"
   text	   data	    bss	    dec	    hex	filename
  75880	    576	  23256	  99712	  18580	RMTemplate.elf
Finished building: default.size.stdout
 
Finished building: RMTemplate.list
 

12:27:22 Build Finished. 0 errors, 10 warnings. (took 2s.833ms)

