19:34:23 **** Incremental Build of configuration Debug for project RMTemplateMay12 ****
make -j3 all 
arm-none-eabi-gcc "../Core/Src/driving.c" -mcpu=cortex-m4 -std=gnu11 -g3 -DDEBUG -DUSE_HAL_DRIVER -DSTM32F407xx -c -I../Core/Inc -I../Drivers/STM32F4xx_HAL_Driver/Inc -I../Drivers/STM32F4xx_HAL_Driver/Inc/Legacy -I../Drivers/CMSIS/Device/ST/STM32F4xx/Include -I../Drivers/CMSIS/Include -I../Middlewares/Third_Party/FreeRTOS/Source/include -I../Middlewares/Third_Party/FreeRTOS/Source/CMSIS_RTOS_V2 -I../Middlewares/Third_Party/FreeRTOS/Source/portable/GCC/ARM_CM4F -O0 -ffunction-sections -fdata-sections -Wall -fstack-usage -fcyclomatic-complexity -MMD -MP -MF"Core/Src/driving.d" -MT"Core/Src/driving.o" --specs=nano.specs -mfpu=fpv4-sp-d16 -mfloat-abi=hard -mthumb -o "Core/Src/driving.o"
arm-none-eabi-gcc -o "RMTemplateMay12.elf" @"objects.list"   -mcpu=cortex-m4 -T"/Users/liangnie/Documents/GitHub/STM32CUBEIDE/Liang Nie/RMTemplateMay12/STM32F407IGHX_FLASH.ld" --specs=nosys.specs -Wl,-Map="RMTemplateMay12.map" -Wl,--gc-sections -static --specs=nano.specs -mfpu=fpv4-sp-d16 -mfloat-abi=hard -mthumb -u _printf_float -Wl,--start-group -lc -lm -Wl,--end-group
/Applications/STM32CubeIDE.app/Contents/Eclipse/plugins/com.st.stm32cube.ide.mcu.externaltools.gnu-tools-for-stm32.12.3.rel1.macos64_1.0.100.202403111906/tools/bin/../lib/gcc/arm-none-eabi/12.3.1/../../../../arm-none-eabi/bin/ld: warning: RMTemplateMay12.elf has a LOAD segment with RWX permissions
Finished building target: RMTemplateMay12.elf
 
arm-none-eabi-size  RMTemplateMay12.elf 
arm-none-eabi-objdump -h -S RMTemplateMay12.elf  > "RMTemplateMay12.list"
   text	   data	    bss	    dec	    hex	filename
  83024	    644	  24268	 107936	  1a5a0	RMTemplateMay12.elf
Finished building: default.size.stdout
 
Finished building: RMTemplateMay12.list
 

19:34:24 Build Finished. 0 errors, 1 warnings. (took 1s.118ms)

