../Core/Src/CAN.c:39:6:HAL_CAN_RxFifo0MsgPendingCallback	72	static
../Core/Src/CAN.c:128:9:getRCfakechannel	16	static
../Core/Src/CAN.c:133:6:CAN_transmit	32	static
../Core/Src/CAN.c:143:6:CAN_ResetID	24	static
../Core/Src/CAN.c:160:6:CAN_DriveMotor	32	static
../Core/Src/CAN.c:186:6:CAN_defineMotor	16	static
../Core/Src/CAN.c:245:6:CAN_setMotorDefinition	16	static
../Core/Src/CAN.c:253:8:CAN_getMotorDefinition	16	static
../Core/Src/CAN.c:305:6:CAN_setMotorCurrent	32	static
../Core/Src/CAN.c:365:6:CAN_setMotorVoltage	32	static
../Core/Src/CAN.c:402:6:CAN_setMotorCtrlVal	32	static
../Core/Src/CAN.c:488:9:calcRPM_PID	56	static
../Core/Src/CAN.c:518:9:calcPosition_PID	56	static
../Core/Src/CAN.c:577:9:applyCtrlLimit	16	static
../Core/Src/CAN.c:601:6:setMotorRPM	40	static
../Core/Src/CAN.c:605:6:setMotorPosition	40	static
../Core/Src/CAN.c:609:10:getRotorPosition	16	static
../Core/Src/CAN.c:629:9:getMotorRPM	16	static
../Core/Src/CAN.c:649:9:getMotorCurrent	16	static
../Core/Src/CAN.c:669:9:getMotorTemperature	16	static
