../Core/Src/ist8310driver_middleware.c:29:6:ist8310_GPIO_init	4	static
../Core/Src/ist8310driver_middleware.c:39:6:ist8310_com_init	4	static
../Core/Src/ist8310driver_middleware.c:48:9:ist8310_IIC_read_single_reg	40	static
../Core/Src/ist8310driver_middleware.c:62:6:ist8310_IIC_write_single_reg	32	static
../Core/Src/ist8310driver_middleware.c:74:6:ist8310_IIC_read_muli_reg	32	static
../Core/Src/ist8310driver_middleware.c:87:6:ist8310_IIC_write_muli_reg	32	static
../Core/Src/ist8310driver_middleware.c:97:6:ist8310_delay_ms	16	static
../Core/Src/ist8310driver_middleware.c:108:6:ist8310_delay_us	40	static
../Core/Src/ist8310driver_middleware.c:144:6:ist8310_RST_H	8	static
../Core/Src/ist8310driver_middleware.c:155:13:ist8310_RST_L	8	static
