Archive member included to satisfy reference by file (symbol)

/Applications/STM32CubeIDE.app/Contents/Eclipse/plugins/com.st.stm32cube.ide.mcu.externaltools.gnu-tools-for-stm32.12.3.rel1.macos64_1.0.100.202403111906/tools/bin/../lib/gcc/arm-none-eabi/12.3.1/../../../../arm-none-eabi/lib/thumb/v7e-m+fp/hard/libc_nano.a(libc_a-exit.o)
                              /Applications/STM32CubeIDE.app/Contents/Eclipse/plugins/com.st.stm32cube.ide.mcu.externaltools.gnu-tools-for-stm32.12.3.rel1.macos64_1.0.100.202403111906/tools/bin/../lib/gcc/arm-none-eabi/12.3.1/../../../../arm-none-eabi/lib/thumb/v7e-m+fp/hard/crt0.o (exit)
/Applications/STM32CubeIDE.app/Contents/Eclipse/plugins/com.st.stm32cube.ide.mcu.externaltools.gnu-tools-for-stm32.12.3.rel1.macos64_1.0.100.202403111906/tools/bin/../lib/gcc/arm-none-eabi/12.3.1/../../../../arm-none-eabi/lib/thumb/v7e-m+fp/hard/libc_nano.a(libc_a-nano-vfprintf_float.o)
                              (_printf_float)
/Applications/STM32CubeIDE.app/Contents/Eclipse/plugins/com.st.stm32cube.ide.mcu.externaltools.gnu-tools-for-stm32.12.3.rel1.macos64_1.0.100.202403111906/tools/bin/../lib/gcc/arm-none-eabi/12.3.1/../../../../arm-none-eabi/lib/thumb/v7e-m+fp/hard/libc_nano.a(libc_a-nano-vfprintf_i.o)
                              /Applications/STM32CubeIDE.app/Contents/Eclipse/plugins/com.st.stm32cube.ide.mcu.externaltools.gnu-tools-for-stm32.12.3.rel1.macos64_1.0.100.202403111906/tools/bin/../lib/gcc/arm-none-eabi/12.3.1/../../../../arm-none-eabi/lib/thumb/v7e-m+fp/hard/libc_nano.a(libc_a-nano-vfprintf_float.o) (_printf_common)
/Applications/STM32CubeIDE.app/Contents/Eclipse/plugins/com.st.stm32cube.ide.mcu.externaltools.gnu-tools-for-stm32.12.3.rel1.macos64_1.0.100.202403111906/tools/bin/../lib/gcc/arm-none-eabi/12.3.1/../../../../arm-none-eabi/lib/thumb/v7e-m+fp/hard/libc_nano.a(libc_a-findfp.o)
                              ./Middlewares/Third_Party/FreeRTOS/Source/tasks.o (__sf)
/Applications/STM32CubeIDE.app/Contents/Eclipse/plugins/com.st.stm32cube.ide.mcu.externaltools.gnu-tools-for-stm32.12.3.rel1.macos64_1.0.100.202403111906/tools/bin/../lib/gcc/arm-none-eabi/12.3.1/../../../../arm-none-eabi/lib/thumb/v7e-m+fp/hard/libc_nano.a(libc_a-fwalk.o)
                              /Applications/STM32CubeIDE.app/Contents/Eclipse/plugins/com.st.stm32cube.ide.mcu.externaltools.gnu-tools-for-stm32.12.3.rel1.macos64_1.0.100.202403111906/tools/bin/../lib/gcc/arm-none-eabi/12.3.1/../../../../arm-none-eabi/lib/thumb/v7e-m+fp/hard/libc_nano.a(libc_a-findfp.o) (_fwalk_sglue)
/Applications/STM32CubeIDE.app/Contents/Eclipse/plugins/com.st.stm32cube.ide.mcu.externaltools.gnu-tools-for-stm32.12.3.rel1.macos64_1.0.100.202403111906/tools/bin/../lib/gcc/arm-none-eabi/12.3.1/../../../../arm-none-eabi/lib/thumb/v7e-m+fp/hard/libc_nano.a(libc_a-vsprintf.o)
                              ./Core/Src/UART.o (vsprintf)
/Applications/STM32CubeIDE.app/Contents/Eclipse/plugins/com.st.stm32cube.ide.mcu.externaltools.gnu-tools-for-stm32.12.3.rel1.macos64_1.0.100.202403111906/tools/bin/../lib/gcc/arm-none-eabi/12.3.1/../../../../arm-none-eabi/lib/thumb/v7e-m+fp/hard/libc_nano.a(libc_a-memset.o)
                              /Applications/STM32CubeIDE.app/Contents/Eclipse/plugins/com.st.stm32cube.ide.mcu.externaltools.gnu-tools-for-stm32.12.3.rel1.macos64_1.0.100.202403111906/tools/bin/../lib/gcc/arm-none-eabi/12.3.1/../../../../arm-none-eabi/lib/thumb/v7e-m+fp/hard/crt0.o (memset)
/Applications/STM32CubeIDE.app/Contents/Eclipse/plugins/com.st.stm32cube.ide.mcu.externaltools.gnu-tools-for-stm32.12.3.rel1.macos64_1.0.100.202403111906/tools/bin/../lib/gcc/arm-none-eabi/12.3.1/../../../../arm-none-eabi/lib/thumb/v7e-m+fp/hard/libc_nano.a(libc_a-localeconv.o)
                              /Applications/STM32CubeIDE.app/Contents/Eclipse/plugins/com.st.stm32cube.ide.mcu.externaltools.gnu-tools-for-stm32.12.3.rel1.macos64_1.0.100.202403111906/tools/bin/../lib/gcc/arm-none-eabi/12.3.1/../../../../arm-none-eabi/lib/thumb/v7e-m+fp/hard/libc_nano.a(libc_a-nano-vfprintf_float.o) (_localeconv_r)
/Applications/STM32CubeIDE.app/Contents/Eclipse/plugins/com.st.stm32cube.ide.mcu.externaltools.gnu-tools-for-stm32.12.3.rel1.macos64_1.0.100.202403111906/tools/bin/../lib/gcc/arm-none-eabi/12.3.1/../../../../arm-none-eabi/lib/thumb/v7e-m+fp/hard/libc_nano.a(libc_a-reent.o)
                              ./Middlewares/Third_Party/FreeRTOS/Source/tasks.o (_reclaim_reent)
/Applications/STM32CubeIDE.app/Contents/Eclipse/plugins/com.st.stm32cube.ide.mcu.externaltools.gnu-tools-for-stm32.12.3.rel1.macos64_1.0.100.202403111906/tools/bin/../lib/gcc/arm-none-eabi/12.3.1/../../../../arm-none-eabi/lib/thumb/v7e-m+fp/hard/libc_nano.a(libc_a-impure.o)
                              ./Middlewares/Third_Party/FreeRTOS/Source/tasks.o (_impure_ptr)
[...]
Memory Configuration

Name             Origin             Length             Attributes
CCMRAM           0x10000000         0x00010000         xrw
RAM              0x20000000         0x00020000         xrw
FLASH            0x08000000         0x00100000         xr
*default*        0x00000000         0xffffffff

Linker script and memory map

LOAD /Applications/STM32CubeIDE.app/Contents/Eclipse/plugins/com.st.stm32cube.ide.mcu.externaltools.gnu-tools-for-stm32.12.3.rel1.macos64_1.0.100.202403111906/tools/bin/../lib/gcc/arm-none-eabi/12.3.1/thumb/v7e-m+fp/hard/crti.o
LOAD /Applications/STM32CubeIDE.app/Contents/Eclipse/plugins/com.st.stm32cube.ide.mcu.externaltools.gnu-tools-for-stm32.12.3.rel1.macos64_1.0.100.202403111906/tools/bin/../lib/gcc/arm-none-eabi/12.3.1/thumb/v7e-m+fp/hard/crtbegin.o
LOAD /Applications/STM32CubeIDE.app/Contents/Eclipse/plugins/com.st.stm32cube.ide.mcu.externaltools.gnu-tools-for-stm32.12.3.rel1.macos64_1.0.100.202403111906/tools/bin/../lib/gcc/arm-none-eabi/12.3.1/../../../../arm-none-eabi/lib/thumb/v7e-m+fp/hard/crt0.o
LOAD ./Core/Src/BMI088Middleware.o
LOAD ./Core/Src/BMI088driver.o
LOAD ./Core/Src/CAN.o
LOAD ./Core/Src/CAN_receive.o
LOAD ./Core/Src/UART.o
LOAD ./Core/Src/bsp_can.o
LOAD ./Core/Src/bsp_imu_pwm.o
LOAD ./Core/Src/bsp_rc.o
LOAD ./Core/Src/buffer.o
LOAD ./Core/Src/freertos.o
LOAD ./Core/Src/imu_temp_control_task.o
LOAD ./Core/Src/ist8310driver.o
LOAD ./Core/Src/ist8310driver_middleware.o
LOAD ./Core/Src/main.o
LOAD ./Core/Src/pid.o
LOAD ./Core/Src/pwm.o
LOAD ./Core/Src/remote_control.o
LOAD ./Core/Src/songs.o
LOAD ./Core/Src/stm32f4xx_hal_msp.o
LOAD ./Core/Src/stm32f4xx_it.o
LOAD ./Core/Src/syscalls.o
LOAD ./Core/Src/sysmem.o
LOAD ./Core/Src/system_stm32f4xx.o
LOAD ./Core/Startup/startup_stm32f407ighx.o
LOAD ./Drivers/STM32F4xx_HAL_Driver/Src/stm32f4xx_hal.o
LOAD ./Drivers/STM32F4xx_HAL_Driver/Src/stm32f4xx_hal_can.o
LOAD ./Drivers/STM32F4xx_HAL_Driver/Src/stm32f4xx_hal_cortex.o
LOAD ./Drivers/STM32F4xx_HAL_Driver/Src/stm32f4xx_hal_dma.o
LOAD ./Drivers/STM32F4xx_HAL_Driver/Src/stm32f4xx_hal_dma_ex.o
LOAD ./Drivers/STM32F4xx_HAL_Driver/Src/stm32f4xx_hal_exti.o
LOAD ./Drivers/STM32F4xx_HAL_Driver/Src/stm32f4xx_hal_flash.o
LOAD ./Drivers/STM32F4xx_HAL_Driver/Src/stm32f4xx_hal_flash_ex.o
LOAD ./Drivers/STM32F4xx_HAL_Driver/Src/stm32f4xx_hal_flash_ramfunc.o
LOAD ./Drivers/STM32F4xx_HAL_Driver/Src/stm32f4xx_hal_gpio.o
LOAD ./Drivers/STM32F4xx_HAL_Driver/Src/stm32f4xx_hal_i2c.o
LOAD ./Drivers/STM32F4xx_HAL_Driver/Src/stm32f4xx_hal_i2c_ex.o
LOAD ./Drivers/STM32F4xx_HAL_Driver/Src/stm32f4xx_hal_pwr.o
LOAD ./Drivers/STM32F4xx_HAL_Driver/Src/stm32f4xx_hal_pwr_ex.o
LOAD ./Drivers/STM32F4xx_HAL_Driver/Src/stm32f4xx_hal_rcc.o
LOAD ./Drivers/STM32F4xx_HAL_Driver/Src/stm32f4xx_hal_rcc_ex.o
LOAD ./Drivers/STM32F4xx_HAL_Driver/Src/stm32f4xx_hal_spi.o
LOAD ./Drivers/STM32F4xx_HAL_Driver/Src/stm32f4xx_hal_tim.o
LOAD ./Drivers/STM32F4xx_HAL_Driver/Src/stm32f4xx_hal_tim_ex.o
LOAD ./Drivers/STM32F4xx_HAL_Driver/Src/stm32f4xx_hal_uart.o
LOAD ./Middlewares/Third_Party/FreeRTOS/Source/CMSIS_RTOS_V2/cmsis_os2.o
LOAD ./Middlewares/Third_Party/FreeRTOS/Source/croutine.o
LOAD ./Middlewares/Third_Party/FreeRTOS/Source/event_groups.o
LOAD ./Middlewares/Third_Party/FreeRTOS/Source/list.o
LOAD ./Middlewares/Third_Party/FreeRTOS/Source/queue.o
LOAD ./Middlewares/Third_Party/FreeRTOS/Source/stream_buffer.o
LOAD ./Middlewares/Third_Party/FreeRTOS/Source/tasks.o
LOAD ./Middlewares/Third_Party/FreeRTOS/Source/timers.o
LOAD ./Middlewares/Third_Party/FreeRTOS/Source/portable/GCC/ARM_CM4F/port.o
LOAD ./Middlewares/Third_Party/FreeRTOS/Source/portable/MemMang/heap_4.o
START GROUP
LOAD /Applications/STM32CubeIDE.app/Contents/Eclipse/plugins/com.st.stm32cube.ide.mcu.externaltools.gnu-tools-for-stm32.12.3.rel1.macos64_1.0.100.202403111906/tools/bin/../lib/gcc/arm-none-eabi/12.3.1/../../../../arm-none-eabi/lib/thumb/v7e-m+fp/hard/libc_nano.a
LOAD /Applications/STM32CubeIDE.app/Contents/Eclipse/plugins/com.st.stm32cube.ide.mcu.externaltools.gnu-tools-for-stm32.12.3.rel1.macos64_1.0.100.202403111906/tools/bin/../lib/gcc/arm-none-eabi/12.3.1/../../../../arm-none-eabi/lib/thumb/v7e-m+fp/hard/libm.a
END GROUP
START GROUP
LOAD /Applications/STM32CubeIDE.app/Contents/Eclipse/plugins/com.st.stm32cube.ide.mcu.externaltools.gnu-tools-for-stm32.12.3.rel1.macos64_1.0.100.202403111906/tools/bin/../lib/gcc/arm-none-eabi/12.3.1/thumb/v7e-m+fp/hard/libgcc.a
LOAD /Applications/STM32CubeIDE.app/Contents/Eclipse/plugins/com.st.stm32cube.ide.mcu.externaltools.gnu-tools-for-stm32.12.3.rel1.macos64_1.0.100.202403111906/tools/bin/../lib/gcc/arm-none-eabi/12.3.1/../../../../arm-none-eabi/lib/thumb/v7e-m+fp/hard/libc_nano.a
END GROUP
START GROUP
LOAD /Applications/STM32CubeIDE.app/Contents/Eclipse/plugins/com.st.stm32cube.ide.mcu.externaltools.gnu-tools-for-stm32.12.3.rel1.macos64_1.0.100.202403111906/tools/bin/../lib/gcc/arm-none-eabi/12.3.1/thumb/v7e-m+fp/hard/libgcc.a
LOAD /Applications/STM32CubeIDE.app/Contents/Eclipse/plugins/com.st.stm32cube.ide.mcu.externaltools.gnu-tools-for-stm32.12.3.rel1.macos64_1.0.100.202403111906/tools/bin/../lib/gcc/arm-none-eabi/12.3.1/../../../../arm-none-eabi/lib/thumb/v7e-m+fp/hard/libc_nano.a
LOAD /Applications/STM32CubeIDE.app/Contents/Eclipse/plugins/com.st.stm32cube.ide.mcu.externaltools.gnu-tools-for-stm32.12.3.rel1.macos64_1.0.100.202403111906/tools/bin/../lib/gcc/arm-none-eabi/12.3.1/../../../../arm-none-eabi/lib/thumb/v7e-m+fp/hard/libnosys.a
END GROUP
START GROUP
LOAD /Applications/STM32CubeIDE.app/Contents/Eclipse/plugins/com.st.stm32cube.ide.mcu.externaltools.gnu-tools-for-stm32.12.3.rel1.macos64_1.0.100.202403111906/tools/bin/../lib/gcc/arm-none-eabi/12.3.1/thumb/v7e-m+fp/hard/libgcc.a
LOAD /Applications/STM32CubeIDE.app/Contents/Eclipse/plugins/com.st.stm32cube.ide.mcu.externaltools.gnu-tools-for-stm32.12.3.rel1.macos64_1.0.100.202403111906/tools/bin/../lib/gcc/arm-none-eabi/12.3.1/../../../../arm-none-eabi/lib/thumb/v7e-m+fp/hard/libc_nano.a
LOAD /Applications/STM32CubeIDE.app/Contents/Eclipse/plugins/com.st.stm32cube.ide.mcu.externaltools.gnu-tools-for-stm32.12.3.rel1.macos64_1.0.100.202403111906/tools/bin/../lib/gcc/arm-none-eabi/12.3.1/../../../../arm-none-eabi/lib/thumb/v7e-m+fp/hard/libnosys.a
END GROUP
LOAD /Applications/STM32CubeIDE.app/Contents/Eclipse/plugins/com.st.stm32cube.ide.mcu.externaltools.gnu-tools-for-stm32.12.3.rel1.macos64_1.0.100.202403111906/tools/bin/../lib/gcc/arm-none-eabi/12.3.1/thumb/v7e-m+fp/hard/crtend.o
LOAD /Applications/STM32CubeIDE.app/Contents/Eclipse/plugins/com.st.stm32cube.ide.mcu.externaltools.gnu-tools-for-stm32.12.3.rel1.macos64_1.0.100.202403111906/tools/bin/../lib/gcc/arm-none-eabi/12.3.1/thumb/v7e-m+fp/hard/crtn.o
                0x20020000                        _estack = (ORIGIN (RAM) + LENGTH (RAM))
                0x00000200                        _Min_Heap_Size = 0x200
                0x00000400                        _Min_Stack_Size = 0x400

.isr_vector     0x08000000      0x188
                0x08000000                        . = ALIGN (0x4)
 *(.isr_vector)
 .isr_vector    0x08000000      0x188 ./Core/Startup/startup_stm32f407ighx.o
                0x08000000                g_pfnVectors
                0x08000188                        . = ALIGN (0x4)

.text           0x08000190    0x12148
                0x08000190                        . = ALIGN (0x4)
 *(.text)
 .text          0x08000190       0x40 /Applications/STM32CubeIDE.app/Contents/Eclipse/plugins/com.st.stm32cube.ide.mcu.externaltools.gnu-tools-for-stm32.12.3.rel1.macos64_1.0.100.202403111906/tools/bin/../lib/gcc/arm-none-eabi/12.3.1/thumb/v7e-m+fp/hard/crtbegin.o
 .text          0x080001d0       0xa0 /Applications/STM32CubeIDE.app/Contents/Eclipse/plugins/com.st.stm32cube.ide.mcu.externaltools.gnu-tools-for-stm32.12.3.rel1.macos64_1.0.100.202403111906/tools/bin/../lib/gcc/arm-none-eabi/12.3.1/../../../../arm-none-eabi/lib/thumb/v7e-m+fp/hard/libc_nano.a(libc_a-memchr.o)
                0x080001d0                memchr
 .text          0x08000270       0x10 /Applications/STM32CubeIDE.app/Contents/Eclipse/plugins/com.st.stm32cube.ide.mcu.externaltools.gnu-tools-for-stm32.12.3.rel1.macos64_1.0.100.202403111906/tools/bin/../lib/gcc/arm-none-eabi/12.3.1/../../../../arm-none-eabi/lib/thumb/v7e-m+fp/hard/libc_nano.a(libc_a-strlen.o)
                0x08000270                strlen
 .text          0x08000280      0x378 /Applications/STM32CubeIDE.app/Contents/Eclipse/plugins/com.st.stm32cube.ide.mcu.externaltools.gnu-tools-for-stm32.12.3.rel1.macos64_1.0.100.202403111906/tools/bin/../lib/gcc/arm-none-eabi/12.3.1/thumb/v7e-m+fp/hard/libgcc.a(_arm_addsubdf3.o)
                0x08000280                __aeabi_drsub
                0x08000288                __subdf3
                0x08000288                __aeabi_dsub
                0x0800028c                __aeabi_dadd
                0x0800028c                __adddf3
                0x08000504                __aeabi_ui2d
                0x08000504                __floatunsidf
                0x08000524                __floatsidf
                0x08000524                __aeabi_i2d
                0x08000548                __extendsfdf2
                0x08000548                __aeabi_f2d
                0x0800058c                __aeabi_ul2d
                0x0800058c                __floatundidf
                0x0800059c                __aeabi_l2d
                0x0800059c                __floatdidf
 .text          0x080005f8      0x424 /Applications/STM32CubeIDE.app/Contents/Eclipse/plugins/com.st.stm32cube.ide.mcu.externaltools.gnu-tools-for-stm32.12.3.rel1.macos64_1.0.100.202403111906/tools/bin/../lib/gcc/arm-none-eabi/12.3.1/thumb/v7e-m+fp/hard/libgcc.a(_arm_muldivdf3.o)
                0x080005f8                __aeabi_dmul
                0x080005f8                __muldf3
                0x0800084c                __aeabi_ddiv
                0x0800084c                __divdf3
 .text          0x08000a1c      0x110 /Applications/STM32CubeIDE.app/Contents/Eclipse/plugins/com.st.stm32cube.ide.mcu.externaltools.gnu-tools-for-stm32.12.3.rel1.macos64_1.0.100.202403111906/tools/bin/../lib/gcc/arm-none-eabi/12.3.1/thumb/v7e-m+fp/hard/libgcc.a(_arm_cmpdf2.o)
                0x08000a1c                __gedf2
                0x08000a1c                __gtdf2
                0x08000a24                __ledf2
                0x08000a24                __ltdf2
                0x08000a2c                __cmpdf2
                0x08000a2c                __eqdf2
                0x08000a2c                __nedf2
                0x08000aa8                __aeabi_cdrcmple
                0x08000ab8                __aeabi_cdcmple
                0x08000ab8                __aeabi_cdcmpeq
                0x08000ac8                __aeabi_dcmpeq
                0x08000adc                __aeabi_dcmplt
                0x08000af0                __aeabi_dcmple
                0x08000b04                __aeabi_dcmpge
                0x08000b18                __aeabi_dcmpgt
 .text          0x08000b2c       0x2c /Applications/STM32CubeIDE.app/Contents/Eclipse/plugins/com.st.stm32cube.ide.mcu.externaltools.gnu-tools-for-stm32.12.3.rel1.macos64_1.0.100.202403111906/tools/bin/../lib/gcc/arm-none-eabi/12.3.1/thumb/v7e-m+fp/hard/libgcc.a(_arm_unorddf2.o)
                0x08000b2c                __aeabi_dcmpun
                0x08000b2c                __unorddf2
 .text          0x08000b58       0x50 /Applications/STM32CubeIDE.app/Contents/Eclipse/plugins/com.st.stm32cube.ide.mcu.externaltools.gnu-tools-for-stm32.12.3.rel1.macos64_1.0.100.202403111906/tools/bin/../lib/gcc/arm-none-eabi/12.3.1/thumb/v7e-m+fp/hard/libgcc.a(_arm_fixdfsi.o)
                0x08000b58                __fixdfsi
                0x08000b58                __aeabi_d2iz
 .text          0x08000ba8       0xa0 /Applications/STM32CubeIDE.app/Contents/Eclipse/plugins/com.st.stm32cube.ide.mcu.externaltools.gnu-tools-for-stm32.12.3.rel1.macos64_1.0.100.202403111906/tools/bin/../lib/gcc/arm-none-eabi/12.3.1/thumb/v7e-m+fp/hard/libgcc.a(_arm_truncdfsf2.o)
                0x08000ba8                __aeabi_d2f
                0x08000ba8                __truncdfsf2
 .text          0x08000c48       0x30 /Applications/STM32CubeIDE.app/Contents/Eclipse/plugins/com.st.stm32cube.ide.mcu.externaltools.gnu-tools-for-stm32.12.3.rel1.macos64_1.0.100.202403111906/tools/bin/../lib/gcc/arm-none-eabi/12.3.1/thumb/v7e-m+fp/hard/libgcc.a(_aeabi_uldivmod.o)
                0x08000c48                __aeabi_uldivmod
 .text          0x08000c78      0x2bc /Applications/STM32CubeIDE.app/Contents/Eclipse/plugins/com.st.stm32cube.ide.mcu.externaltools.gnu-tools-for-stm32.12.3.rel1.macos64_1.0.100.202403111906/tools/bin/../lib/gcc/arm-none-eabi/12.3.1/thumb/v7e-m+fp/hard/libgcc.a(_udivmoddi4.o)
                0x08000c78                __udivmoddi4
 .text          0x08000f34        0x4 /Applications/STM32CubeIDE.app/Contents/Eclipse/plugins/com.st.stm32cube.ide.mcu.externaltools.gnu-tools-for-stm32.12.3.rel1.macos64_1.0.100.202403111906/tools/bin/../lib/gcc/arm-none-eabi/12.3.1/thumb/v7e-m+fp/hard/libgcc.a(_dvmd_tls.o)
                0x08000f34                __aeabi_ldiv0
                0x08000f34                __aeabi_idiv0
 *(.text*)
 .text.BMI088_delay_ms
                0x08000f38       0x28 ./Core/Src/BMI088Middleware.o
                0x08000f38                BMI088_delay_ms
 .text.BMI088_delay_us
                0x08000f60       0x88 ./Core/Src/BMI088Middleware.o
                0x08000f60                BMI088_delay_us
 .text.BMI088_ACCEL_NS_L
                0x08000fe8       0x20 ./Core/Src/BMI088Middleware.o
                0x08000fe8                BMI088_ACCEL_NS_L
 .text.BMI088_ACCEL_NS_H
                0x08001008       0x20 ./Core/Src/BMI088Middleware.o
                0x08001008                BMI088_ACCEL_NS_H
 .text.BMI088_GYRO_NS_L
                0x08001028       0x20 ./Core/Src/BMI088Middleware.o
                0x08001028                BMI088_GYRO_NS_L
 .text.BMI088_GYRO_NS_H
                0x08001048       0x20 ./Core/Src/BMI088Middleware.o
                0x08001048                BMI088_GYRO_NS_H
 .text.BMI088_read_write_byte
                0x08001068       0x2c ./Core/Src/BMI088Middleware.o
                0x08001068                BMI088_read_write_byte
 .text.BMI088_accel_init
                0x08001094      0x170 ./Core/Src/BMI088driver.o
                0x08001094                BMI088_accel_init
 .text.BMI088_gyro_init
                0x08001204      0x130 ./Core/Src/BMI088driver.o
                0x08001204                BMI088_gyro_init
 .text.IMU_get_gyro
                0x08001334       0x58 ./Core/Src/BMI088driver.o
                0x08001334                IMU_get_gyro
 .text.IMU_get_temp
                0x0800138c       0x28 ./Core/Src/BMI088driver.o
                0x0800138c                IMU_get_temp
 .text.BMI088_read
                0x080013b4      0x1dc ./Core/Src/BMI088driver.o
                0x080013b4                BMI088_read
 .text.BMI088_write_single_reg
                0x08001590       0x28 ./Core/Src/BMI088driver.o
 .text.BMI088_read_single_reg
                0x080015b8       0x30 ./Core/Src/BMI088driver.o
 .text.BMI088_read_muli_reg
                0x080015e8       0x4a ./Core/Src/BMI088driver.o
 *fill*         0x08001632        0x2 
 .text.HAL_CAN_RxFifo0MsgPendingCallback
                0x08001634      0x128 ./Core/Src/CAN.o
                0x08001634                HAL_CAN_RxFifo0MsgPendingCallback
 .text.CAN_DriveMotor
                0x0800175c       0xd0 ./Core/Src/CAN.o
                0x0800175c                CAN_DriveMotor
 .text.CAN_defineMotor
                0x0800182c      0x148 ./Core/Src/CAN.o
                0x0800182c                CAN_defineMotor
 .text.CAN_setMotorDefinition
                0x08001974       0x34 ./Core/Src/CAN.o
                0x08001974                CAN_setMotorDefinition
 .text.CAN_setMotorCtrlVal
                0x080019a8      0x3fc ./Core/Src/CAN.o
                0x080019a8                CAN_setMotorCtrlVal
 .text.calcRPM_PID
                0x08001da4      0x248 ./Core/Src/CAN.o
                0x08001da4                calcRPM_PID
 .text.calcPosition_PID
                0x08001fec      0x318 ./Core/Src/CAN.o
                0x08001fec                calcPosition_PID
 .text.applyCtrlLimit
                0x08002304       0x80 ./Core/Src/CAN.o
                0x08002304                applyCtrlLimit
 .text.setMotorRPM
                0x08002384       0x76 ./Core/Src/CAN.o
                0x08002384                setMotorRPM
 .text.setMotorPosition
                0x080023fa       0x76 ./Core/Src/CAN.o
                0x080023fa                setMotorPosition
 .text.getMotorRPM
                0x08002470       0xa4 ./Core/Src/CAN.o
                0x08002470                getMotorRPM
 .text.getMotorCurrent
                0x08002514       0xa4 ./Core/Src/CAN.o
                0x08002514                getMotorCurrent
 .text.usart_Init
                0x080025b8       0x30 ./Core/Src/UART.o
                0x080025b8                usart_Init
 .text.usart_printf
                0x080025e8       0x4c ./Core/Src/UART.o
                0x080025e8                usart_printf
 .text.HAL_UARTEx_RxEventCallback
                0x08002634      0x264 ./Core/Src/UART.o
                0x08002634                HAL_UARTEx_RxEventCallback
 .text.usart_decode_keyboard
                0x08002898      0x220 ./Core/Src/UART.o
                0x08002898                usart_decode_keyboard
 .text.can_filter_init
                0x08002ab8       0x74 ./Core/Src/bsp_can.o
                0x08002ab8                can_filter_init
 .text.imu_pwm_set
                0x08002b2c       0x20 ./Core/Src/bsp_imu_pwm.o
                0x08002b2c                imu_pwm_set
 .text.RC_init  0x08002b4c       0xb8 ./Core/Src/bsp_rc.o
                0x08002b4c                RC_init
 .text.findingKIScaler
                0x08002c04       0xb4 ./Core/Src/buffer.o
                0x08002c04                findingKIScaler
 .text.settingMaxCurrentVal
                0x08002cb8      0x13c ./Core/Src/buffer.o
                0x08002cb8                settingMaxCurrentVal
 .text.driveMotorRPM
                0x08002df4       0x84 ./Core/Src/buffer.o
                0x08002df4                driveMotorRPM
 .text.ScaleAllCurrentValuesForDriveMotors
                0x08002e78       0x60 ./Core/Src/buffer.o
                0x08002e78                ScaleAllCurrentValuesForDriveMotors
 .text.createDriveMotorCAN
                0x08002ed8       0x40 ./Core/Src/buffer.o
                0x08002ed8                createDriveMotorCAN
 .text.bufferLimitedDriveMode
                0x08002f18       0x52 ./Core/Src/buffer.o
                0x08002f18                bufferLimitedDriveMode
 *fill*         0x08002f6a        0x2 
 .text.imu_temp_control_task
                0x08002f6c       0xd4 ./Core/Src/imu_temp_control_task.o
                0x08002f6c                imu_temp_control_task
 .text.HAL_GPIO_EXTI_Callback
                0x08003040       0x68 ./Core/Src/imu_temp_control_task.o
                0x08003040                HAL_GPIO_EXTI_Callback
 .text.ist8310_init
                0x080030a8       0xe8 ./Core/Src/ist8310driver.o
                0x080030a8                ist8310_init
 .text.ist8310_read_mag
                0x08003190       0xa4 ./Core/Src/ist8310driver.o
                0x08003190                ist8310_read_mag
 .text.ist8310_GPIO_init
                0x08003234        0xe ./Core/Src/ist8310driver_middleware.o
                0x08003234                ist8310_GPIO_init
 .text.ist8310_com_init
                0x08003242        0xe ./Core/Src/ist8310driver_middleware.o
                0x08003242                ist8310_com_init
 .text.ist8310_IIC_read_single_reg
                0x08003250       0x38 ./Core/Src/ist8310driver_middleware.o
                0x08003250                ist8310_IIC_read_single_reg
 .text.ist8310_IIC_write_single_reg
                0x08003288       0x38 ./Core/Src/ist8310driver_middleware.o
                0x08003288                ist8310_IIC_write_single_reg
 .text.ist8310_IIC_read_muli_reg
                0x080032c0       0x38 ./Core/Src/ist8310driver_middleware.o
                0x080032c0                ist8310_IIC_read_muli_reg
 .text.ist8310_delay_ms
                0x080032f8       0x1a ./Core/Src/ist8310driver_middleware.o
                0x080032f8                ist8310_delay_ms
 *fill*         0x08003312        0x2 
 .text.ist8310_delay_us
                0x08003314       0x8c ./Core/Src/ist8310driver_middleware.o
                0x08003314                ist8310_delay_us
 .text.ist8310_RST_H
                0x080033a0       0x18 ./Core/Src/ist8310driver_middleware.o
                0x080033a0                ist8310_RST_H
 .text.ist8310_RST_L
                0x080033b8       0x18 ./Core/Src/ist8310driver_middleware.o
                0x080033b8                ist8310_RST_L
 .text.main     0x080033d0       0xdc ./Core/Src/main.o
                0x080033d0                main
 .text.SystemClock_Config
                0x080034ac       0xd8 ./Core/Src/main.o
                0x080034ac                SystemClock_Config
 .text.MX_CAN1_Init
                0x08003584       0x6c ./Core/Src/main.o
 .text.MX_CAN2_Init
                0x080035f0       0x6c ./Core/Src/main.o
 .text.MX_I2C3_Init
                0x0800365c       0x5c ./Core/Src/main.o
 .text.MX_SPI1_Init
                0x080036b8       0x6c ./Core/Src/main.o
 .text.MX_TIM1_Init
                0x08003724      0x150 ./Core/Src/main.o
 .text.MX_TIM4_Init
                0x08003874       0xf0 ./Core/Src/main.o
 .text.MX_TIM5_Init
                0x08003964       0xe0 ./Core/Src/main.o
 .text.MX_TIM8_Init
                0x08003a44      0x138 ./Core/Src/main.o
 .text.MX_TIM10_Init
                0x08003b7c       0x9c ./Core/Src/main.o
 .text.MX_USART1_UART_Init
                0x08003c18       0x54 ./Core/Src/main.o
 .text.MX_USART3_UART_Init
                0x08003c6c       0x58 ./Core/Src/main.o
 .text.MX_USART6_UART_Init
                0x08003cc4       0x54 ./Core/Src/main.o
 .text.MX_DMA_Init
                0x08003d18       0xcc ./Core/Src/main.o
 .text.MX_GPIO_Init
                0x08003de4      0x1f4 ./Core/Src/main.o
 .text.TaskMain
                0x08003fd8      0x174 ./Core/Src/main.o
                0x08003fd8                TaskMain
 *fill*         0x0800414c        0x4 
 .text.TaskChassis
                0x08004150      0x7e0 ./Core/Src/main.o
                0x08004150                TaskChassis
 .text.TaskTurret
                0x08004930       0x10 ./Core/Src/main.o
                0x08004930                TaskTurret
 .text.Error_Handler
                0x08004940        0xc ./Core/Src/main.o
                0x08004940                Error_Handler
 .text.PID_init
                0x0800494c       0xae ./Core/Src/pid.o
                0x0800494c                PID_init
 .text.PID_calc
                0x080049fa      0x290 ./Core/Src/pid.o
                0x080049fa                PID_calc
 *fill*         0x08004c8a        0x2 
 .text.PWMInit  0x08004c8c       0x68 ./Core/Src/pwm.o
                0x08004c8c                PWMInit
 .text.calculateOutputPeriodToGetFrequency
                0x08004cf4       0xac ./Core/Src/pwm.o
                0x08004cf4                calculateOutputPeriodToGetFrequency
 .text.safeOutputPeriodValueCalculator
                0x08004da0       0x4e ./Core/Src/pwm.o
                0x08004da0                safeOutputPeriodValueCalculator
 *fill*         0x08004dee        0x2 
 .text.calculateOutputPeriodValue
                0x08004df0       0xd8 ./Core/Src/pwm.o
                0x08004df0                calculateOutputPeriodValue
 .text.PWMInitialize
                0x08004ec8      0x150 ./Core/Src/pwm.o
                0x08004ec8                PWMInitialize
 .text.MotorPositionForInitializingPeriod
                0x08005018       0x60 ./Core/Src/pwm.o
                0x08005018                MotorPositionForInitializingPeriod
 .text.initializePeriod
                0x08005078       0x80 ./Core/Src/pwm.o
                0x08005078                initializePeriod
 .text.PWMOutput
                0x080050f8       0x60 ./Core/Src/pwm.o
                0x080050f8                PWMOutput
 .text.PWMOn    0x08005158       0x58 ./Core/Src/pwm.o
                0x08005158                PWMOn
 .text.PWMOff   0x080051b0       0x58 ./Core/Src/pwm.o
                0x080051b0                PWMOff
 .text.PWMTimerStarter
                0x08005208      0x218 ./Core/Src/pwm.o
                0x08005208                PWMTimerStarter
 .text.remote_control_init
                0x08005420       0x1c ./Core/Src/remote_control.o
                0x08005420                remote_control_init
 .text.get_remote_control_point
                0x0800543c       0x14 ./Core/Src/remote_control.o
                0x0800543c                get_remote_control_point
 .text.USART3_IRQHandler
                0x08005450      0x138 ./Core/Src/remote_control.o
                0x08005450                USART3_IRQHandler
 .text.sbus_to_rc
                0x08005588      0x220 ./Core/Src/remote_control.o
 .text.getRCchannel
                0x080057a8       0x28 ./Core/Src/remote_control.o
                0x080057a8                getRCchannel
 .text.getRCswitch
                0x080057d0       0x28 ./Core/Src/remote_control.o
                0x080057d0                getRCswitch
 .text.CountryRoadsNotes
                0x080057f8       0x74 ./Core/Src/songs.o
                0x080057f8                CountryRoadsNotes
 .text.HAL_MspInit
                0x0800586c       0x58 ./Core/Src/stm32f4xx_hal_msp.o
                0x0800586c                HAL_MspInit
 .text.HAL_CAN_MspInit
                0x080058c4      0x160 ./Core/Src/stm32f4xx_hal_msp.o
                0x080058c4                HAL_CAN_MspInit
 .text.HAL_I2C_MspInit
                0x08005a24       0xd4 ./Core/Src/stm32f4xx_hal_msp.o
                0x08005a24                HAL_I2C_MspInit
 .text.HAL_SPI_MspInit
                0x08005af8       0xd0 ./Core/Src/stm32f4xx_hal_msp.o
                0x08005af8                HAL_SPI_MspInit
 .text.HAL_TIM_PWM_MspInit
                0x08005bc8      0x168 ./Core/Src/stm32f4xx_hal_msp.o
                0x08005bc8                HAL_TIM_PWM_MspInit
 .text.HAL_TIM_Base_MspInit
                0x08005d30       0xd4 ./Core/Src/stm32f4xx_hal_msp.o
                0x08005d30                HAL_TIM_Base_MspInit
 .text.HAL_TIM_MspPostInit
                0x08005e04      0x1f8 ./Core/Src/stm32f4xx_hal_msp.o
                0x08005e04                HAL_TIM_MspPostInit
 .text.HAL_UART_MspInit
                0x08005ffc      0x3e8 ./Core/Src/stm32f4xx_hal_msp.o
                0x08005ffc                HAL_UART_MspInit
 .text.NMI_Handler
                0x080063e4        0xc ./Core/Src/stm32f4xx_it.o
                0x080063e4                NMI_Handler
 .text.HardFault_Handler
                0x080063f0        0x8 ./Core/Src/stm32f4xx_it.o
                0x080063f0                HardFault_Handler
 .text.MemManage_Handler
                0x080063f8        0x8 ./Core/Src/stm32f4xx_it.o
                0x080063f8                MemManage_Handler
 .text.BusFault_Handler
                0x08006400        0x8 ./Core/Src/stm32f4xx_it.o
                0x08006400                BusFault_Handler
 .text.UsageFault_Handler
                0x08006408        0x8 ./Core/Src/stm32f4xx_it.o
                0x08006408                UsageFault_Handler
 .text.DebugMon_Handler
                0x08006410        0xe ./Core/Src/stm32f4xx_it.o
                0x08006410                DebugMon_Handler
 .text.SysTick_Handler
                0x0800641e       0x1a ./Core/Src/stm32f4xx_it.o
                0x0800641e                SysTick_Handler
 .text.EXTI3_IRQHandler
                0x08006438       0x18 ./Core/Src/stm32f4xx_it.o
                0x08006438                EXTI3_IRQHandler
 .text.EXTI4_IRQHandler
                0x08006450        0xe ./Core/Src/stm32f4xx_it.o
                0x08006450                EXTI4_IRQHandler
 *fill*         0x0800645e        0x2 
 .text.DMA1_Stream1_IRQHandler
                0x08006460       0x14 ./Core/Src/stm32f4xx_it.o
                0x08006460                DMA1_Stream1_IRQHandler
 .text.DMA1_Stream2_IRQHandler
                0x08006474       0x14 ./Core/Src/stm32f4xx_it.o
                0x08006474                DMA1_Stream2_IRQHandler
 .text.DMA1_Stream4_IRQHandler
                0x08006488       0x14 ./Core/Src/stm32f4xx_it.o
                0x08006488                DMA1_Stream4_IRQHandler
 .text.CAN1_RX0_IRQHandler
                0x0800649c       0x14 ./Core/Src/stm32f4xx_it.o
                0x0800649c                CAN1_RX0_IRQHandler
 .text.USART1_IRQHandler
                0x080064b0       0x14 ./Core/Src/stm32f4xx_it.o
                0x080064b0                USART1_IRQHandler
 .text.DMA1_Stream7_IRQHandler
                0x080064c4       0x14 ./Core/Src/stm32f4xx_it.o
                0x080064c4                DMA1_Stream7_IRQHandler
 .text.DMA2_Stream1_IRQHandler
                0x080064d8       0x14 ./Core/Src/stm32f4xx_it.o
                0x080064d8                DMA2_Stream1_IRQHandler
 .text.DMA2_Stream2_IRQHandler
                0x080064ec       0x14 ./Core/Src/stm32f4xx_it.o
                0x080064ec                DMA2_Stream2_IRQHandler
 .text.CAN2_RX0_IRQHandler
                0x08006500       0x14 ./Core/Src/stm32f4xx_it.o
                0x08006500                CAN2_RX0_IRQHandler
 .text.DMA2_Stream6_IRQHandler
                0x08006514       0x14 ./Core/Src/stm32f4xx_it.o
                0x08006514                DMA2_Stream6_IRQHandler
 .text.DMA2_Stream7_IRQHandler
                0x08006528       0x14 ./Core/Src/stm32f4xx_it.o
                0x08006528                DMA2_Stream7_IRQHandler
 .text.USART6_IRQHandler
                0x0800653c       0x14 ./Core/Src/stm32f4xx_it.o
                0x0800653c                USART6_IRQHandler
 .text._getpid  0x08006550       0x10 ./Core/Src/syscalls.o
                0x08006550                _getpid
 .text._kill    0x08006560       0x20 ./Core/Src/syscalls.o
                0x08006560                _kill
 .text._exit    0x08006580       0x16 ./Core/Src/syscalls.o
                0x08006580                _exit
 .text._read    0x08006596       0x3a ./Core/Src/syscalls.o
                0x08006596                _read
 .text._write   0x080065d0       0x38 ./Core/Src/syscalls.o
                0x080065d0                _write
 .text._close   0x08006608       0x18 ./Core/Src/syscalls.o
                0x08006608                _close
 .text._fstat   0x08006620       0x20 ./Core/Src/syscalls.o
                0x08006620                _fstat
 .text._isatty  0x08006640       0x16 ./Core/Src/syscalls.o
                0x08006640                _isatty
 .text._lseek   0x08006656       0x1a ./Core/Src/syscalls.o
                0x08006656                _lseek
 .text._sbrk    0x08006670       0x6c ./Core/Src/sysmem.o
                0x08006670                _sbrk
 .text.SystemInit
                0x080066dc       0x24 ./Core/Src/system_stm32f4xx.o
                0x080066dc                SystemInit
 .text.Reset_Handler
                0x08006700       0x50 ./Core/Startup/startup_stm32f407ighx.o
                0x08006700                Reset_Handler
 .text.Default_Handler
                0x08006750        0x2 ./Core/Startup/startup_stm32f407ighx.o
                0x08006750                DMA1_Stream3_IRQHandler
                0x08006750                HASH_RNG_IRQHandler
                0x08006750                EXTI2_IRQHandler
                0x08006750                TIM8_CC_IRQHandler
                0x08006750                TIM1_CC_IRQHandler
                0x08006750                DMA2_Stream5_IRQHandler
                0x08006750                DMA1_Stream5_IRQHandler
                0x08006750                PVD_IRQHandler
                0x08006750                SDIO_IRQHandler
                0x08006750                TAMP_STAMP_IRQHandler
                0x08006750                CAN2_RX1_IRQHandler
                0x08006750                TIM8_TRG_COM_TIM14_IRQHandler
                0x08006750                TIM1_UP_TIM10_IRQHandler
                0x08006750                TIM8_UP_TIM13_IRQHandler
                0x08006750                I2C3_ER_IRQHandler
                0x08006750                EXTI0_IRQHandler
                0x08006750                I2C2_EV_IRQHandler
                0x08006750                FPU_IRQHandler
                0x08006750                OTG_HS_WKUP_IRQHandler
                0x08006750                CAN2_SCE_IRQHandler
                0x08006750                SPI1_IRQHandler
                0x08006750                TIM6_DAC_IRQHandler
                0x08006750                TIM1_BRK_TIM9_IRQHandler
                0x08006750                DCMI_IRQHandler
                0x08006750                DMA2_Stream3_IRQHandler
                0x08006750                CAN1_RX1_IRQHandler
                0x08006750                UART5_IRQHandler
                0x08006750                DMA2_Stream0_IRQHandler
                0x08006750                TIM4_IRQHandler
                0x08006750                I2C1_EV_IRQHandler
                0x08006750                DMA1_Stream6_IRQHandler
                0x08006750                UART4_IRQHandler
                0x08006750                TIM3_IRQHandler
                0x08006750                RCC_IRQHandler
                0x08006750                TIM8_BRK_TIM12_IRQHandler
                0x08006750                Default_Handler
                0x08006750                EXTI15_10_IRQHandler
                0x08006750                ADC_IRQHandler
                0x08006750                TIM7_IRQHandler
                0x08006750                CAN2_TX_IRQHandler
                0x08006750                TIM5_IRQHandler
                0x08006750                I2C3_EV_IRQHandler
                0x08006750                EXTI9_5_IRQHandler
                0x08006750                RTC_WKUP_IRQHandler
                0x08006750                ETH_WKUP_IRQHandler
                0x08006750                SPI2_IRQHandler
                0x08006750                OTG_HS_EP1_IN_IRQHandler
                0x08006750                DMA1_Stream0_IRQHandler
                0x08006750                CAN1_TX_IRQHandler
                0x08006750                FSMC_IRQHandler
                0x08006750                ETH_IRQHandler
                0x08006750                OTG_HS_EP1_OUT_IRQHandler
                0x08006750                WWDG_IRQHandler
                0x08006750                TIM2_IRQHandler
                0x08006750                OTG_FS_WKUP_IRQHandler
                0x08006750                TIM1_TRG_COM_TIM11_IRQHandler
                0x08006750                OTG_HS_IRQHandler
                0x08006750                EXTI1_IRQHandler
                0x08006750                USART2_IRQHandler
                0x08006750                I2C2_ER_IRQHandler
                0x08006750                CAN1_SCE_IRQHandler
                0x08006750                FLASH_IRQHandler
                0x08006750                DMA2_Stream4_IRQHandler
                0x08006750                OTG_FS_IRQHandler
                0x08006750                SPI3_IRQHandler
                0x08006750                I2C1_ER_IRQHandler
                0x08006750                RTC_Alarm_IRQHandler
 *fill*         0x08006752        0x2 
 .text.HAL_Init
                0x08006754       0x44 ./Drivers/STM32F4xx_HAL_Driver/Src/stm32f4xx_hal.o
                0x08006754                HAL_Init
 .text.HAL_InitTick
                0x08006798       0x60 ./Drivers/STM32F4xx_HAL_Driver/Src/stm32f4xx_hal.o
                0x08006798                HAL_InitTick
 .text.HAL_IncTick
                0x080067f8       0x28 ./Drivers/STM32F4xx_HAL_Driver/Src/stm32f4xx_hal.o
                0x080067f8                HAL_IncTick
 .text.HAL_GetTick
                0x08006820       0x18 ./Drivers/STM32F4xx_HAL_Driver/Src/stm32f4xx_hal.o
                0x08006820                HAL_GetTick
 .text.HAL_Delay
                0x08006838       0x48 ./Drivers/STM32F4xx_HAL_Driver/Src/stm32f4xx_hal.o
                0x08006838                HAL_Delay
 .text.HAL_CAN_Init
                0x08006880      0x1f6 ./Drivers/STM32F4xx_HAL_Driver/Src/stm32f4xx_hal_can.o
                0x08006880                HAL_CAN_Init
 *fill*         0x08006a76        0x2 
 .text.HAL_CAN_ConfigFilter
                0x08006a78      0x1c0 ./Drivers/STM32F4xx_HAL_Driver/Src/stm32f4xx_hal_can.o
                0x08006a78                HAL_CAN_ConfigFilter
 .text.HAL_CAN_Start
                0x08006c38       0x88 ./Drivers/STM32F4xx_HAL_Driver/Src/stm32f4xx_hal_can.o
                0x08006c38                HAL_CAN_Start
 .text.HAL_CAN_AddTxMessage
                0x08006cc0      0x1a0 ./Drivers/STM32F4xx_HAL_Driver/Src/stm32f4xx_hal_can.o
                0x08006cc0                HAL_CAN_AddTxMessage
 .text.HAL_CAN_GetRxMessage
                0x08006e60      0x244 ./Drivers/STM32F4xx_HAL_Driver/Src/stm32f4xx_hal_can.o
                0x08006e60                HAL_CAN_GetRxMessage
 .text.HAL_CAN_ActivateNotification
                0x080070a4       0x4c ./Drivers/STM32F4xx_HAL_Driver/Src/stm32f4xx_hal_can.o
                0x080070a4                HAL_CAN_ActivateNotification
 .text.HAL_CAN_IRQHandler
                0x080070f0      0x36e ./Drivers/STM32F4xx_HAL_Driver/Src/stm32f4xx_hal_can.o
                0x080070f0                HAL_CAN_IRQHandler
 .text.HAL_CAN_TxMailbox0CompleteCallback
                0x0800745e       0x14 ./Drivers/STM32F4xx_HAL_Driver/Src/stm32f4xx_hal_can.o
                0x0800745e                HAL_CAN_TxMailbox0CompleteCallback
 .text.HAL_CAN_TxMailbox1CompleteCallback
                0x08007472       0x14 ./Drivers/STM32F4xx_HAL_Driver/Src/stm32f4xx_hal_can.o
                0x08007472                HAL_CAN_TxMailbox1CompleteCallback
 .text.HAL_CAN_TxMailbox2CompleteCallback
                0x08007486       0x14 ./Drivers/STM32F4xx_HAL_Driver/Src/stm32f4xx_hal_can.o
                0x08007486                HAL_CAN_TxMailbox2CompleteCallback
 .text.HAL_CAN_TxMailbox0AbortCallback
                0x0800749a       0x14 ./Drivers/STM32F4xx_HAL_Driver/Src/stm32f4xx_hal_can.o
                0x0800749a                HAL_CAN_TxMailbox0AbortCallback
 .text.HAL_CAN_TxMailbox1AbortCallback
                0x080074ae       0x14 ./Drivers/STM32F4xx_HAL_Driver/Src/stm32f4xx_hal_can.o
                0x080074ae                HAL_CAN_TxMailbox1AbortCallback
 .text.HAL_CAN_TxMailbox2AbortCallback
                0x080074c2       0x14 ./Drivers/STM32F4xx_HAL_Driver/Src/stm32f4xx_hal_can.o
                0x080074c2                HAL_CAN_TxMailbox2AbortCallback
 .text.HAL_CAN_RxFifo0FullCallback
                0x080074d6       0x14 ./Drivers/STM32F4xx_HAL_Driver/Src/stm32f4xx_hal_can.o
                0x080074d6                HAL_CAN_RxFifo0FullCallback
 .text.HAL_CAN_RxFifo1MsgPendingCallback
                0x080074ea       0x14 ./Drivers/STM32F4xx_HAL_Driver/Src/stm32f4xx_hal_can.o
                0x080074ea                HAL_CAN_RxFifo1MsgPendingCallback
 .text.HAL_CAN_RxFifo1FullCallback
                0x080074fe       0x14 ./Drivers/STM32F4xx_HAL_Driver/Src/stm32f4xx_hal_can.o
                0x080074fe                HAL_CAN_RxFifo1FullCallback
 .text.HAL_CAN_SleepCallback
                0x08007512       0x14 ./Drivers/STM32F4xx_HAL_Driver/Src/stm32f4xx_hal_can.o
                0x08007512                HAL_CAN_SleepCallback
 .text.HAL_CAN_WakeUpFromRxMsgCallback
                0x08007526       0x14 ./Drivers/STM32F4xx_HAL_Driver/Src/stm32f4xx_hal_can.o
                0x08007526                HAL_CAN_WakeUpFromRxMsgCallback
 .text.HAL_CAN_ErrorCallback
                0x0800753a       0x14 ./Drivers/STM32F4xx_HAL_Driver/Src/stm32f4xx_hal_can.o
                0x0800753a                HAL_CAN_ErrorCallback
 *fill*         0x0800754e        0x2 
 .text.__NVIC_SetPriorityGrouping
                0x08007550       0x48 ./Drivers/STM32F4xx_HAL_Driver/Src/stm32f4xx_hal_cortex.o
 .text.__NVIC_GetPriorityGrouping
                0x08007598       0x1c ./Drivers/STM32F4xx_HAL_Driver/Src/stm32f4xx_hal_cortex.o
 .text.__NVIC_EnableIRQ
                0x080075b4       0x3c ./Drivers/STM32F4xx_HAL_Driver/Src/stm32f4xx_hal_cortex.o
 .text.__NVIC_SetPriority
                0x080075f0       0x54 ./Drivers/STM32F4xx_HAL_Driver/Src/stm32f4xx_hal_cortex.o
 .text.NVIC_EncodePriority
                0x08007644       0x66 ./Drivers/STM32F4xx_HAL_Driver/Src/stm32f4xx_hal_cortex.o
 *fill*         0x080076aa        0x2 
 .text.SysTick_Config
                0x080076ac       0x44 ./Drivers/STM32F4xx_HAL_Driver/Src/stm32f4xx_hal_cortex.o
 .text.HAL_NVIC_SetPriorityGrouping
                0x080076f0       0x16 ./Drivers/STM32F4xx_HAL_Driver/Src/stm32f4xx_hal_cortex.o
                0x080076f0                HAL_NVIC_SetPriorityGrouping
 .text.HAL_NVIC_SetPriority
                0x08007706       0x38 ./Drivers/STM32F4xx_HAL_Driver/Src/stm32f4xx_hal_cortex.o
                0x08007706                HAL_NVIC_SetPriority
 .text.HAL_NVIC_EnableIRQ
                0x0800773e       0x1c ./Drivers/STM32F4xx_HAL_Driver/Src/stm32f4xx_hal_cortex.o
                0x0800773e                HAL_NVIC_EnableIRQ
 .text.HAL_SYSTICK_Config
                0x0800775a       0x18 ./Drivers/STM32F4xx_HAL_Driver/Src/stm32f4xx_hal_cortex.o
                0x0800775a                HAL_SYSTICK_Config
 *fill*         0x08007772        0x2 
 .text.HAL_DMA_Init
                0x08007774      0x15c ./Drivers/STM32F4xx_HAL_Driver/Src/stm32f4xx_hal_dma.o
                0x08007774                HAL_DMA_Init
 .text.HAL_DMA_Start_IT
                0x080078d0       0xb0 ./Drivers/STM32F4xx_HAL_Driver/Src/stm32f4xx_hal_dma.o
                0x080078d0                HAL_DMA_Start_IT
 .text.HAL_DMA_Abort
                0x08007980       0xe0 ./Drivers/STM32F4xx_HAL_Driver/Src/stm32f4xx_hal_dma.o
                0x08007980                HAL_DMA_Abort
 .text.HAL_DMA_Abort_IT
                0x08007a60       0x44 ./Drivers/STM32F4xx_HAL_Driver/Src/stm32f4xx_hal_dma.o
                0x08007a60                HAL_DMA_Abort_IT
 .text.HAL_DMA_IRQHandler
                0x08007aa4      0x314 ./Drivers/STM32F4xx_HAL_Driver/Src/stm32f4xx_hal_dma.o
                0x08007aa4                HAL_DMA_IRQHandler
 .text.DMA_SetConfig
                0x08007db8       0x5c ./Drivers/STM32F4xx_HAL_Driver/Src/stm32f4xx_hal_dma.o
 .text.DMA_CalcBaseAndBitshift
                0x08007e14       0x6c ./Drivers/STM32F4xx_HAL_Driver/Src/stm32f4xx_hal_dma.o
 .text.DMA_CheckFifoParam
                0x08007e80       0xf8 ./Drivers/STM32F4xx_HAL_Driver/Src/stm32f4xx_hal_dma.o
 .text.HAL_GPIO_Init
                0x08007f78      0x338 ./Drivers/STM32F4xx_HAL_Driver/Src/stm32f4xx_hal_gpio.o
                0x08007f78                HAL_GPIO_Init
 .text.HAL_GPIO_WritePin
                0x080082b0       0x32 ./Drivers/STM32F4xx_HAL_Driver/Src/stm32f4xx_hal_gpio.o
                0x080082b0                HAL_GPIO_WritePin
 *fill*         0x080082e2        0x2 
 .text.HAL_GPIO_EXTI_IRQHandler
                0x080082e4       0x30 ./Drivers/STM32F4xx_HAL_Driver/Src/stm32f4xx_hal_gpio.o
                0x080082e4                HAL_GPIO_EXTI_IRQHandler
 .text.HAL_I2C_Init
                0x08008314      0x288 ./Drivers/STM32F4xx_HAL_Driver/Src/stm32f4xx_hal_i2c.o
                0x08008314                HAL_I2C_Init
 .text.HAL_I2C_Mem_Write
                0x0800859c      0x1f4 ./Drivers/STM32F4xx_HAL_Driver/Src/stm32f4xx_hal_i2c.o
                0x0800859c                HAL_I2C_Mem_Write
 .text.HAL_I2C_Mem_Read
                0x08008790      0x464 ./Drivers/STM32F4xx_HAL_Driver/Src/stm32f4xx_hal_i2c.o
                0x08008790                HAL_I2C_Mem_Read
 .text.I2C_RequestMemoryWrite
                0x08008bf4      0x12c ./Drivers/STM32F4xx_HAL_Driver/Src/stm32f4xx_hal_i2c.o
 .text.I2C_RequestMemoryRead
                0x08008d20      0x1d0 ./Drivers/STM32F4xx_HAL_Driver/Src/stm32f4xx_hal_i2c.o
 .text.I2C_WaitOnFlagUntilTimeout
                0x08008ef0       0xf4 ./Drivers/STM32F4xx_HAL_Driver/Src/stm32f4xx_hal_i2c.o
 .text.I2C_WaitOnMasterAddressFlagUntilTimeout
                0x08008fe4      0x140 ./Drivers/STM32F4xx_HAL_Driver/Src/stm32f4xx_hal_i2c.o
 .text.I2C_WaitOnTXEFlagUntilTimeout
                0x08009124       0x90 ./Drivers/STM32F4xx_HAL_Driver/Src/stm32f4xx_hal_i2c.o
 .text.I2C_WaitOnBTFFlagUntilTimeout
                0x080091b4       0x90 ./Drivers/STM32F4xx_HAL_Driver/Src/stm32f4xx_hal_i2c.o
 .text.I2C_WaitOnRXNEFlagUntilTimeout
                0x08009244       0xba ./Drivers/STM32F4xx_HAL_Driver/Src/stm32f4xx_hal_i2c.o
 .text.I2C_IsAcknowledgeFailed
                0x080092fe       0x5e ./Drivers/STM32F4xx_HAL_Driver/Src/stm32f4xx_hal_i2c.o
 .text.HAL_RCC_OscConfig
                0x0800935c      0x4f0 ./Drivers/STM32F4xx_HAL_Driver/Src/stm32f4xx_hal_rcc.o
                0x0800935c                HAL_RCC_OscConfig
 .text.HAL_RCC_ClockConfig
                0x0800984c      0x1cc ./Drivers/STM32F4xx_HAL_Driver/Src/stm32f4xx_hal_rcc.o
                0x0800984c                HAL_RCC_ClockConfig
 .text.HAL_RCC_EnableCSS
                0x08009a18       0x18 ./Drivers/STM32F4xx_HAL_Driver/Src/stm32f4xx_hal_rcc.o
                0x08009a18                HAL_RCC_EnableCSS
 .text.HAL_RCC_GetSysClockFreq
                0x08009a30      0x18c ./Drivers/STM32F4xx_HAL_Driver/Src/stm32f4xx_hal_rcc.o
                0x08009a30                HAL_RCC_GetSysClockFreq
 .text.HAL_RCC_GetHCLKFreq
                0x08009bbc       0x18 ./Drivers/STM32F4xx_HAL_Driver/Src/stm32f4xx_hal_rcc.o
                0x08009bbc                HAL_RCC_GetHCLKFreq
 .text.HAL_RCC_GetPCLK1Freq
                0x08009bd4       0x28 ./Drivers/STM32F4xx_HAL_Driver/Src/stm32f4xx_hal_rcc.o
                0x08009bd4                HAL_RCC_GetPCLK1Freq
 .text.HAL_RCC_GetPCLK2Freq
                0x08009bfc       0x28 ./Drivers/STM32F4xx_HAL_Driver/Src/stm32f4xx_hal_rcc.o
                0x08009bfc                HAL_RCC_GetPCLK2Freq
 .text.HAL_RCC_NMI_IRQHandler
                0x08009c24       0x28 ./Drivers/STM32F4xx_HAL_Driver/Src/stm32f4xx_hal_rcc.o
                0x08009c24                HAL_RCC_NMI_IRQHandler
 .text.HAL_RCC_CSSCallback
                0x08009c4c        0xe ./Drivers/STM32F4xx_HAL_Driver/Src/stm32f4xx_hal_rcc.o
                0x08009c4c                HAL_RCC_CSSCallback
 .text.HAL_SPI_Init
                0x08009c5a      0x112 ./Drivers/STM32F4xx_HAL_Driver/Src/stm32f4xx_hal_spi.o
                0x08009c5a                HAL_SPI_Init
 .text.HAL_SPI_TransmitReceive
                0x08009d6c      0x360 ./Drivers/STM32F4xx_HAL_Driver/Src/stm32f4xx_hal_spi.o
                0x08009d6c                HAL_SPI_TransmitReceive
 .text.SPI_WaitFlagStateUntilTimeout
                0x0800a0cc      0x110 ./Drivers/STM32F4xx_HAL_Driver/Src/stm32f4xx_hal_spi.o
 .text.SPI_EndRxTxTransaction
                0x0800a1dc       0xa8 ./Drivers/STM32F4xx_HAL_Driver/Src/stm32f4xx_hal_spi.o
 .text.HAL_TIM_Base_Init
                0x0800a284       0x9e ./Drivers/STM32F4xx_HAL_Driver/Src/stm32f4xx_hal_tim.o
                0x0800a284                HAL_TIM_Base_Init
 *fill*         0x0800a322        0x2 
 .text.HAL_TIM_Base_Start
                0x0800a324       0xd0 ./Drivers/STM32F4xx_HAL_Driver/Src/stm32f4xx_hal_tim.o
                0x0800a324                HAL_TIM_Base_Start
 .text.HAL_TIM_PWM_Init
                0x0800a3f4       0x9e ./Drivers/STM32F4xx_HAL_Driver/Src/stm32f4xx_hal_tim.o
                0x0800a3f4                HAL_TIM_PWM_Init
 *fill*         0x0800a492        0x2 
 .text.HAL_TIM_PWM_Start
                0x0800a494      0x190 ./Drivers/STM32F4xx_HAL_Driver/Src/stm32f4xx_hal_tim.o
                0x0800a494                HAL_TIM_PWM_Start
 .text.HAL_TIM_PWM_Stop
                0x0800a624       0xe0 ./Drivers/STM32F4xx_HAL_Driver/Src/stm32f4xx_hal_tim.o
                0x0800a624                HAL_TIM_PWM_Stop
 .text.HAL_TIM_PWM_ConfigChannel
                0x0800a704      0x184 ./Drivers/STM32F4xx_HAL_Driver/Src/stm32f4xx_hal_tim.o
                0x0800a704                HAL_TIM_PWM_ConfigChannel
 .text.HAL_TIM_ConfigClockSource
                0x0800a888      0x18e ./Drivers/STM32F4xx_HAL_Driver/Src/stm32f4xx_hal_tim.o
                0x0800a888                HAL_TIM_ConfigClockSource
 *fill*         0x0800aa16        0x2 
 .text.TIM_Base_SetConfig
                0x0800aa18      0x158 ./Drivers/STM32F4xx_HAL_Driver/Src/stm32f4xx_hal_tim.o
                0x0800aa18                TIM_Base_SetConfig
 .text.TIM_OC1_SetConfig
                0x0800ab70       0xe0 ./Drivers/STM32F4xx_HAL_Driver/Src/stm32f4xx_hal_tim.o
 .text.TIM_OC2_SetConfig
                0x0800ac50       0xec ./Drivers/STM32F4xx_HAL_Driver/Src/stm32f4xx_hal_tim.o
                0x0800ac50                TIM_OC2_SetConfig
 .text.TIM_OC3_SetConfig
                0x0800ad3c       0xe8 ./Drivers/STM32F4xx_HAL_Driver/Src/stm32f4xx_hal_tim.o
 .text.TIM_OC4_SetConfig
                0x0800ae24       0xac ./Drivers/STM32F4xx_HAL_Driver/Src/stm32f4xx_hal_tim.o
 .text.TIM_TI1_ConfigInputStage
                0x0800aed0       0x5e ./Drivers/STM32F4xx_HAL_Driver/Src/stm32f4xx_hal_tim.o
 .text.TIM_TI2_ConfigInputStage
                0x0800af2e       0x60 ./Drivers/STM32F4xx_HAL_Driver/Src/stm32f4xx_hal_tim.o
 .text.TIM_ITRx_SetConfig
                0x0800af8e       0x36 ./Drivers/STM32F4xx_HAL_Driver/Src/stm32f4xx_hal_tim.o
 .text.TIM_ETR_SetConfig
                0x0800afc4       0x40 ./Drivers/STM32F4xx_HAL_Driver/Src/stm32f4xx_hal_tim.o
                0x0800afc4                TIM_ETR_SetConfig
 .text.TIM_CCxChannelCmd
                0x0800b004       0x4a ./Drivers/STM32F4xx_HAL_Driver/Src/stm32f4xx_hal_tim.o
                0x0800b004                TIM_CCxChannelCmd
 *fill*         0x0800b04e        0x2 
 .text.HAL_TIMEx_MasterConfigSynchronization
                0x0800b050       0xf8 ./Drivers/STM32F4xx_HAL_Driver/Src/stm32f4xx_hal_tim_ex.o
                0x0800b050                HAL_TIMEx_MasterConfigSynchronization
 .text.HAL_TIMEx_ConfigBreakDeadTime
                0x0800b148       0xa4 ./Drivers/STM32F4xx_HAL_Driver/Src/stm32f4xx_hal_tim_ex.o
                0x0800b148                HAL_TIMEx_ConfigBreakDeadTime
 .text.HAL_UART_Init
                0x0800b1ec       0xa0 ./Drivers/STM32F4xx_HAL_Driver/Src/stm32f4xx_hal_uart.o
                0x0800b1ec                HAL_UART_Init
 .text.HAL_UART_Transmit_DMA
                0x0800b28c       0xe0 ./Drivers/STM32F4xx_HAL_Driver/Src/stm32f4xx_hal_uart.o
                0x0800b28c                HAL_UART_Transmit_DMA
 .text.HAL_UARTEx_ReceiveToIdle_DMA
                0x0800b36c       0xba ./Drivers/STM32F4xx_HAL_Driver/Src/stm32f4xx_hal_uart.o
                0x0800b36c                HAL_UARTEx_ReceiveToIdle_DMA
 *fill*         0x0800b426        0x2 
 .text.HAL_UART_IRQHandler
                0x0800b428      0x524 ./Drivers/STM32F4xx_HAL_Driver/Src/stm32f4xx_hal_uart.o
                0x0800b428                HAL_UART_IRQHandler
 .text.HAL_UART_TxCpltCallback
                0x0800b94c       0x14 ./Drivers/STM32F4xx_HAL_Driver/Src/stm32f4xx_hal_uart.o
                0x0800b94c                HAL_UART_TxCpltCallback
 .text.HAL_UART_TxHalfCpltCallback
                0x0800b960       0x14 ./Drivers/STM32F4xx_HAL_Driver/Src/stm32f4xx_hal_uart.o
                0x0800b960                HAL_UART_TxHalfCpltCallback
 .text.HAL_UART_RxCpltCallback
                0x0800b974       0x14 ./Drivers/STM32F4xx_HAL_Driver/Src/stm32f4xx_hal_uart.o
                0x0800b974                HAL_UART_RxCpltCallback
 .text.HAL_UART_RxHalfCpltCallback
                0x0800b988       0x14 ./Drivers/STM32F4xx_HAL_Driver/Src/stm32f4xx_hal_uart.o
                0x0800b988                HAL_UART_RxHalfCpltCallback
 .text.HAL_UART_ErrorCallback
                0x0800b99c       0x14 ./Drivers/STM32F4xx_HAL_Driver/Src/stm32f4xx_hal_uart.o
                0x0800b99c                HAL_UART_ErrorCallback
 .text.UART_DMATransmitCplt
                0x0800b9b0       0x9a ./Drivers/STM32F4xx_HAL_Driver/Src/stm32f4xx_hal_uart.o
 .text.UART_DMATxHalfCplt
                0x0800ba4a       0x1c ./Drivers/STM32F4xx_HAL_Driver/Src/stm32f4xx_hal_uart.o
 .text.UART_DMAReceiveCplt
                0x0800ba66      0x12c ./Drivers/STM32F4xx_HAL_Driver/Src/stm32f4xx_hal_uart.o
 .text.UART_DMARxHalfCplt
                0x0800bb92       0x3c ./Drivers/STM32F4xx_HAL_Driver/Src/stm32f4xx_hal_uart.o
 .text.UART_DMAError
                0x0800bbce       0x94 ./Drivers/STM32F4xx_HAL_Driver/Src/stm32f4xx_hal_uart.o
 *fill*         0x0800bc62        0x2 
 .text.UART_Start_Receive_DMA
                0x0800bc64      0x134 ./Drivers/STM32F4xx_HAL_Driver/Src/stm32f4xx_hal_uart.o
                0x0800bc64                UART_Start_Receive_DMA
 .text.UART_EndTxTransfer
                0x0800bd98       0x50 ./Drivers/STM32F4xx_HAL_Driver/Src/stm32f4xx_hal_uart.o
 .text.UART_EndRxTransfer
                0x0800bde8       0xc6 ./Drivers/STM32F4xx_HAL_Driver/Src/stm32f4xx_hal_uart.o
 .text.UART_DMAAbortOnError
                0x0800beae       0x28 ./Drivers/STM32F4xx_HAL_Driver/Src/stm32f4xx_hal_uart.o
 .text.UART_Transmit_IT
                0x0800bed6       0xa0 ./Drivers/STM32F4xx_HAL_Driver/Src/stm32f4xx_hal_uart.o
 .text.UART_EndTransmit_IT
                0x0800bf76       0x30 ./Drivers/STM32F4xx_HAL_Driver/Src/stm32f4xx_hal_uart.o
 .text.UART_Receive_IT
                0x0800bfa6      0x17c ./Drivers/STM32F4xx_HAL_Driver/Src/stm32f4xx_hal_uart.o
 *fill*         0x0800c122        0x2 
 .text.UART_SetConfig
                0x0800c124      0x4e8 ./Drivers/STM32F4xx_HAL_Driver/Src/stm32f4xx_hal_uart.o
 .text.__NVIC_SetPriority
                0x0800c60c       0x54 ./Middlewares/Third_Party/FreeRTOS/Source/CMSIS_RTOS_V2/cmsis_os2.o
 .text.SVC_Setup
                0x0800c660       0x12 ./Middlewares/Third_Party/FreeRTOS/Source/CMSIS_RTOS_V2/cmsis_os2.o
 *fill*         0x0800c672        0x2 
 .text.osKernelInitialize
                0x0800c674       0x48 ./Middlewares/Third_Party/FreeRTOS/Source/CMSIS_RTOS_V2/cmsis_os2.o
                0x0800c674                osKernelInitialize
 .text.osKernelStart
                0x0800c6bc       0x4c ./Middlewares/Third_Party/FreeRTOS/Source/CMSIS_RTOS_V2/cmsis_os2.o
                0x0800c6bc                osKernelStart
 .text.osThreadNew
                0x0800c708      0x124 ./Middlewares/Third_Party/FreeRTOS/Source/CMSIS_RTOS_V2/cmsis_os2.o
                0x0800c708                osThreadNew
 .text.osDelay  0x0800c82c       0x36 ./Middlewares/Third_Party/FreeRTOS/Source/CMSIS_RTOS_V2/cmsis_os2.o
                0x0800c82c                osDelay
 *fill*         0x0800c862        0x2 
 .text.vApplicationGetIdleTaskMemory
                0x0800c864       0x34 ./Middlewares/Third_Party/FreeRTOS/Source/CMSIS_RTOS_V2/cmsis_os2.o
                0x0800c864                vApplicationGetIdleTaskMemory
 .text.vApplicationGetTimerTaskMemory
                0x0800c898       0x34 ./Middlewares/Third_Party/FreeRTOS/Source/CMSIS_RTOS_V2/cmsis_os2.o
                0x0800c898                vApplicationGetTimerTaskMemory
 .text.vListInitialise
                0x0800c8cc       0x40 ./Middlewares/Third_Party/FreeRTOS/Source/list.o
                0x0800c8cc                vListInitialise
 .text.vListInitialiseItem
                0x0800c90c       0x1a ./Middlewares/Third_Party/FreeRTOS/Source/list.o
                0x0800c90c                vListInitialiseItem
 .text.vListInsertEnd
                0x0800c926       0x48 ./Middlewares/Third_Party/FreeRTOS/Source/list.o
                0x0800c926                vListInsertEnd
 .text.vListInsert
                0x0800c96e       0x72 ./Middlewares/Third_Party/FreeRTOS/Source/list.o
                0x0800c96e                vListInsert
 .text.uxListRemove
                0x0800c9e0       0x54 ./Middlewares/Third_Party/FreeRTOS/Source/list.o
                0x0800c9e0                uxListRemove
 .text.xQueueGenericReset
                0x0800ca34       0xd4 ./Middlewares/Third_Party/FreeRTOS/Source/queue.o
                0x0800ca34                xQueueGenericReset
 .text.xQueueGenericCreateStatic
                0x0800cb08       0xfa ./Middlewares/Third_Party/FreeRTOS/Source/queue.o
                0x0800cb08                xQueueGenericCreateStatic
 .text.prvInitialiseNewQueue
                0x0800cc02       0x46 ./Middlewares/Third_Party/FreeRTOS/Source/queue.o
 .text.xQueueGenericSend
                0x0800cc48      0x204 ./Middlewares/Third_Party/FreeRTOS/Source/queue.o
                0x0800cc48                xQueueGenericSend
 .text.xQueueGenericSendFromISR
                0x0800ce4c      0x13c ./Middlewares/Third_Party/FreeRTOS/Source/queue.o
                0x0800ce4c                xQueueGenericSendFromISR
 .text.xQueueReceive
                0x0800cf88      0x1c4 ./Middlewares/Third_Party/FreeRTOS/Source/queue.o
                0x0800cf88                xQueueReceive
 .text.prvCopyDataToQueue
                0x0800d14c       0xd4 ./Middlewares/Third_Party/FreeRTOS/Source/queue.o
 .text.prvCopyDataFromQueue
                0x0800d220       0x4c ./Middlewares/Third_Party/FreeRTOS/Source/queue.o
 .text.prvUnlockQueue
                0x0800d26c       0xa4 ./Middlewares/Third_Party/FreeRTOS/Source/queue.o
 .text.prvIsQueueEmpty
                0x0800d310       0x2c ./Middlewares/Third_Party/FreeRTOS/Source/queue.o
 .text.prvIsQueueFull
                0x0800d33c       0x30 ./Middlewares/Third_Party/FreeRTOS/Source/queue.o
 .text.vQueueAddToRegistry
                0x0800d36c       0x54 ./Middlewares/Third_Party/FreeRTOS/Source/queue.o
                0x0800d36c                vQueueAddToRegistry
 .text.vQueueWaitForMessageRestricted
                0x0800d3c0       0x68 ./Middlewares/Third_Party/FreeRTOS/Source/queue.o
                0x0800d3c0                vQueueWaitForMessageRestricted
 .text.xTaskCreateStatic
                0x0800d428       0xc0 ./Middlewares/Third_Party/FreeRTOS/Source/tasks.o
                0x0800d428                xTaskCreateStatic
 .text.xTaskCreate
                0x0800d4e8       0x8a ./Middlewares/Third_Party/FreeRTOS/Source/tasks.o
                0x0800d4e8                xTaskCreate
 *fill*         0x0800d572        0x2 
 .text.prvInitialiseNewTask
                0x0800d574      0x150 ./Middlewares/Third_Party/FreeRTOS/Source/tasks.o
 .text.prvAddNewTaskToReadyList
                0x0800d6c4       0xe0 ./Middlewares/Third_Party/FreeRTOS/Source/tasks.o
 .text.vTaskDelay
                0x0800d7a4       0x6c ./Middlewares/Third_Party/FreeRTOS/Source/tasks.o
                0x0800d7a4                vTaskDelay
 .text.vTaskStartScheduler
                0x0800d810       0xe0 ./Middlewares/Third_Party/FreeRTOS/Source/tasks.o
                0x0800d810                vTaskStartScheduler
 .text.vTaskSuspendAll
                0x0800d8f0       0x1c ./Middlewares/Third_Party/FreeRTOS/Source/tasks.o
                0x0800d8f0                vTaskSuspendAll
 .text.xTaskResumeAll
                0x0800d90c      0x13c ./Middlewares/Third_Party/FreeRTOS/Source/tasks.o
                0x0800d90c                xTaskResumeAll
 .text.xTaskGetTickCount
                0x0800da48       0x20 ./Middlewares/Third_Party/FreeRTOS/Source/tasks.o
                0x0800da48                xTaskGetTickCount
 .text.pcTaskGetName
                0x0800da68       0x4c ./Middlewares/Third_Party/FreeRTOS/Source/tasks.o
                0x0800da68                pcTaskGetName
 .text.prvSearchForNameWithinSingleList
                0x0800dab4       0xdc ./Middlewares/Third_Party/FreeRTOS/Source/tasks.o
 .text.xTaskGetHandle
                0x0800db90       0xcc ./Middlewares/Third_Party/FreeRTOS/Source/tasks.o
                0x0800db90                xTaskGetHandle
 .text.xTaskIncrementTick
                0x0800dc5c      0x174 ./Middlewares/Third_Party/FreeRTOS/Source/tasks.o
                0x0800dc5c                xTaskIncrementTick
 .text.vTaskSwitchContext
                0x0800ddd0       0xcc ./Middlewares/Third_Party/FreeRTOS/Source/tasks.o
                0x0800ddd0                vTaskSwitchContext
 .text.vTaskPlaceOnEventList
                0x0800de9c       0x4c ./Middlewares/Third_Party/FreeRTOS/Source/tasks.o
                0x0800de9c                vTaskPlaceOnEventList
 .text.vTaskPlaceOnEventListRestricted
                0x0800dee8       0x58 ./Middlewares/Third_Party/FreeRTOS/Source/tasks.o
                0x0800dee8                vTaskPlaceOnEventListRestricted
 .text.xTaskRemoveFromEventList
                0x0800df40       0xc8 ./Middlewares/Third_Party/FreeRTOS/Source/tasks.o
                0x0800df40                xTaskRemoveFromEventList
 .text.vTaskInternalSetTimeOutState
                0x0800e008       0x2c ./Middlewares/Third_Party/FreeRTOS/Source/tasks.o
                0x0800e008                vTaskInternalSetTimeOutState
 .text.xTaskCheckForTimeOut
                0x0800e034       0xc8 ./Middlewares/Third_Party/FreeRTOS/Source/tasks.o
                0x0800e034                xTaskCheckForTimeOut
 .text.vTaskMissedYield
                0x0800e0fc       0x18 ./Middlewares/Third_Party/FreeRTOS/Source/tasks.o
                0x0800e0fc                vTaskMissedYield
 .text.prvIdleTask
                0x0800e114       0x30 ./Middlewares/Third_Party/FreeRTOS/Source/tasks.o
 .text.prvInitialiseTaskLists
                0x0800e144       0x80 ./Middlewares/Third_Party/FreeRTOS/Source/tasks.o
 .text.prvCheckTasksWaitingTermination
                0x0800e1c4       0x5c ./Middlewares/Third_Party/FreeRTOS/Source/tasks.o
 .text.prvDeleteTCB
                0x0800e220       0x6a ./Middlewares/Third_Party/FreeRTOS/Source/tasks.o
 *fill*         0x0800e28a        0x2 
 .text.prvResetNextTaskUnblockTime
                0x0800e28c       0x40 ./Middlewares/Third_Party/FreeRTOS/Source/tasks.o
 .text.xTaskGetSchedulerState
                0x0800e2cc       0x3c ./Middlewares/Third_Party/FreeRTOS/Source/tasks.o
                0x0800e2cc                xTaskGetSchedulerState
 .text.xTaskPriorityDisinherit
                0x0800e308       0xe0 ./Middlewares/Third_Party/FreeRTOS/Source/tasks.o
                0x0800e308                xTaskPriorityDisinherit
 .text.ulTaskNotifyTake
                0x0800e3e8       0x98 ./Middlewares/Third_Party/FreeRTOS/Source/tasks.o
                0x0800e3e8                ulTaskNotifyTake
 .text.vTaskNotifyGiveFromISR
                0x0800e480      0x12c ./Middlewares/Third_Party/FreeRTOS/Source/tasks.o
                0x0800e480                vTaskNotifyGiveFromISR
 .text.prvAddCurrentTaskToDelayedList
                0x0800e5ac       0xa8 ./Middlewares/Third_Party/FreeRTOS/Source/tasks.o
 .text.xTimerCreateTimerTask
                0x0800e654       0x94 ./Middlewares/Third_Party/FreeRTOS/Source/timers.o
                0x0800e654                xTimerCreateTimerTask
 .text.xTimerGenericCommand
                0x0800e6e8       0x9c ./Middlewares/Third_Party/FreeRTOS/Source/timers.o
                0x0800e6e8                xTimerGenericCommand
 .text.prvProcessExpiredTimer
                0x0800e784       0x9c ./Middlewares/Third_Party/FreeRTOS/Source/timers.o
 .text.prvTimerTask
                0x0800e820       0x26 ./Middlewares/Third_Party/FreeRTOS/Source/timers.o
 *fill*         0x0800e846        0x2 
 .text.prvProcessTimerOrBlockTask
                0x0800e848       0x9c ./Middlewares/Third_Party/FreeRTOS/Source/timers.o
 .text.prvGetNextExpireTime
                0x0800e8e4       0x48 ./Middlewares/Third_Party/FreeRTOS/Source/timers.o
 .text.prvSampleTimeNow
                0x0800e92c       0x40 ./Middlewares/Third_Party/FreeRTOS/Source/timers.o
 .text.prvInsertTimerInActiveList
                0x0800e96c       0x84 ./Middlewares/Third_Party/FreeRTOS/Source/timers.o
 .text.prvProcessReceivedCommands
                0x0800e9f0      0x1cc ./Middlewares/Third_Party/FreeRTOS/Source/timers.o
 .text.prvSwitchTimerLists
                0x0800ebbc       0xcc ./Middlewares/Third_Party/FreeRTOS/Source/timers.o
 .text.prvCheckForValidListAndQueue
                0x0800ec88       0x80 ./Middlewares/Third_Party/FreeRTOS/Source/timers.o
 .text.pxPortInitialiseStack
                0x0800ed08       0x68 ./Middlewares/Third_Party/FreeRTOS/Source/portable/GCC/ARM_CM4F/port.o
                0x0800ed08                pxPortInitialiseStack
 .text.prvTaskExitError
                0x0800ed70       0x5c ./Middlewares/Third_Party/FreeRTOS/Source/portable/GCC/ARM_CM4F/port.o
 *fill*         0x0800edcc        0x4 
 .text.SVC_Handler
                0x0800edd0       0x28 ./Middlewares/Third_Party/FreeRTOS/Source/portable/GCC/ARM_CM4F/port.o
                0x0800edd0                SVC_Handler
 .text.prvPortStartFirstTask
                0x0800edf8       0x28 ./Middlewares/Third_Party/FreeRTOS/Source/portable/GCC/ARM_CM4F/port.o
 .text.xPortStartScheduler
                0x0800ee20      0x148 ./Middlewares/Third_Party/FreeRTOS/Source/portable/GCC/ARM_CM4F/port.o
                0x0800ee20                xPortStartScheduler
 .text.vPortEnterCritical
                0x0800ef68       0x64 ./Middlewares/Third_Party/FreeRTOS/Source/portable/GCC/ARM_CM4F/port.o
                0x0800ef68                vPortEnterCritical
 .text.vPortExitCritical
                0x0800efcc       0x54 ./Middlewares/Third_Party/FreeRTOS/Source/portable/GCC/ARM_CM4F/port.o
                0x0800efcc                vPortExitCritical
 .text.PendSV_Handler
                0x0800f020       0x68 ./Middlewares/Third_Party/FreeRTOS/Source/portable/GCC/ARM_CM4F/port.o
                0x0800f020                PendSV_Handler
 .text.xPortSysTickHandler
                0x0800f088       0x44 ./Middlewares/Third_Party/FreeRTOS/Source/portable/GCC/ARM_CM4F/port.o
                0x0800f088                xPortSysTickHandler
 .text.vPortSetupTimerInterrupt
                0x0800f0cc       0x48 ./Middlewares/Third_Party/FreeRTOS/Source/portable/GCC/ARM_CM4F/port.o
                0x0800f0cc                vPortSetupTimerInterrupt
 .text.vPortEnableVFP
                0x0800f114       0x14 ./Middlewares/Third_Party/FreeRTOS/Source/portable/GCC/ARM_CM4F/port.o
 .text.vPortValidateInterruptPriority
                0x0800f128       0x84 ./Middlewares/Third_Party/FreeRTOS/Source/portable/GCC/ARM_CM4F/port.o
                0x0800f128                vPortValidateInterruptPriority
 .text.pvPortMalloc
                0x0800f1ac      0x19c ./Middlewares/Third_Party/FreeRTOS/Source/portable/MemMang/heap_4.o
                0x0800f1ac                pvPortMalloc
 .text.vPortFree
                0x0800f348       0xc8 ./Middlewares/Third_Party/FreeRTOS/Source/portable/MemMang/heap_4.o
                0x0800f348                vPortFree
 .text.prvHeapInit
                0x0800f410       0xc4 ./Middlewares/Third_Party/FreeRTOS/Source/portable/MemMang/heap_4.o
 .text.prvInsertBlockIntoFreeList
                0x0800f4d4       0xb4 ./Middlewares/Third_Party/FreeRTOS/Source/portable/MemMang/heap_4.o
 .text.__cvt    0x0800f588       0xca /Applications/STM32CubeIDE.app/Contents/Eclipse/plugins/com.st.stm32cube.ide.mcu.externaltools.gnu-tools-for-stm32.12.3.rel1.macos64_1.0.100.202403111906/tools/bin/../lib/gcc/arm-none-eabi/12.3.1/../../../../arm-none-eabi/lib/thumb/v7e-m+fp/hard/libc_nano.a(libc_a-nano-vfprintf_float.o)
                0x0800f588                __cvt
 .text.__exponent
                0x0800f652       0x74 /Applications/STM32CubeIDE.app/Contents/Eclipse/plugins/com.st.stm32cube.ide.mcu.externaltools.gnu-tools-for-stm32.12.3.rel1.macos64_1.0.100.202403111906/tools/bin/../lib/gcc/arm-none-eabi/12.3.1/../../../../arm-none-eabi/lib/thumb/v7e-m+fp/hard/libc_nano.a(libc_a-nano-vfprintf_float.o)
                0x0800f652                __exponent
 *fill*         0x0800f6c6        0x2 
 .text._printf_float
                0x0800f6c8      0x454 /Applications/STM32CubeIDE.app/Contents/Eclipse/plugins/com.st.stm32cube.ide.mcu.externaltools.gnu-tools-for-stm32.12.3.rel1.macos64_1.0.100.202403111906/tools/bin/../lib/gcc/arm-none-eabi/12.3.1/../../../../arm-none-eabi/lib/thumb/v7e-m+fp/hard/libc_nano.a(libc_a-nano-vfprintf_float.o)
                0x0800f6c8                _printf_float
 .text._printf_common
                0x0800fb1c       0xda /Applications/STM32CubeIDE.app/Contents/Eclipse/plugins/com.st.stm32cube.ide.mcu.externaltools.gnu-tools-for-stm32.12.3.rel1.macos64_1.0.100.202403111906/tools/bin/../lib/gcc/arm-none-eabi/12.3.1/../../../../arm-none-eabi/lib/thumb/v7e-m+fp/hard/libc_nano.a(libc_a-nano-vfprintf_i.o)
                0x0800fb1c                _printf_common
 *fill*         0x0800fbf6        0x2 
 .text._printf_i
                0x0800fbf8      0x240 /Applications/STM32CubeIDE.app/Contents/Eclipse/plugins/com.st.stm32cube.ide.mcu.externaltools.gnu-tools-for-stm32.12.3.rel1.macos64_1.0.100.202403111906/tools/bin/../lib/gcc/arm-none-eabi/12.3.1/../../../../arm-none-eabi/lib/thumb/v7e-m+fp/hard/libc_nano.a(libc_a-nano-vfprintf_i.o)
                0x0800fbf8                _printf_i
 .text.std      0x0800fe38       0x6c /Applications/STM32CubeIDE.app/Contents/Eclipse/plugins/com.st.stm32cube.ide.mcu.externaltools.gnu-tools-for-stm32.12.3.rel1.macos64_1.0.100.202403111906/tools/bin/../lib/gcc/arm-none-eabi/12.3.1/../../../../arm-none-eabi/lib/thumb/v7e-m+fp/hard/libc_nano.a(libc_a-findfp.o)
 .text.stdio_exit_handler
                0x0800fea4       0x18 /Applications/STM32CubeIDE.app/Contents/Eclipse/plugins/com.st.stm32cube.ide.mcu.externaltools.gnu-tools-for-stm32.12.3.rel1.macos64_1.0.100.202403111906/tools/bin/../lib/gcc/arm-none-eabi/12.3.1/../../../../arm-none-eabi/lib/thumb/v7e-m+fp/hard/libc_nano.a(libc_a-findfp.o)
 .text.cleanup_stdio
                0x0800febc       0x40 /Applications/STM32CubeIDE.app/Contents/Eclipse/plugins/com.st.stm32cube.ide.mcu.externaltools.gnu-tools-for-stm32.12.3.rel1.macos64_1.0.100.202403111906/tools/bin/../lib/gcc/arm-none-eabi/12.3.1/../../../../arm-none-eabi/lib/thumb/v7e-m+fp/hard/libc_nano.a(libc_a-findfp.o)
 .text.global_stdio_init.part.0
                0x0800fefc       0x3c /Applications/STM32CubeIDE.app/Contents/Eclipse/plugins/com.st.stm32cube.ide.mcu.externaltools.gnu-tools-for-stm32.12.3.rel1.macos64_1.0.100.202403111906/tools/bin/../lib/gcc/arm-none-eabi/12.3.1/../../../../arm-none-eabi/lib/thumb/v7e-m+fp/hard/libc_nano.a(libc_a-findfp.o)
 .text.__sfp_lock_acquire
                0x0800ff38        0xc /Applications/STM32CubeIDE.app/Contents/Eclipse/plugins/com.st.stm32cube.ide.mcu.externaltools.gnu-tools-for-stm32.12.3.rel1.macos64_1.0.100.202403111906/tools/bin/../lib/gcc/arm-none-eabi/12.3.1/../../../../arm-none-eabi/lib/thumb/v7e-m+fp/hard/libc_nano.a(libc_a-findfp.o)
                0x0800ff38                __sfp_lock_acquire
 .text.__sfp_lock_release
                0x0800ff44        0xc /Applications/STM32CubeIDE.app/Contents/Eclipse/plugins/com.st.stm32cube.ide.mcu.externaltools.gnu-tools-for-stm32.12.3.rel1.macos64_1.0.100.202403111906/tools/bin/../lib/gcc/arm-none-eabi/12.3.1/../../../../arm-none-eabi/lib/thumb/v7e-m+fp/hard/libc_nano.a(libc_a-findfp.o)
                0x0800ff44                __sfp_lock_release
 .text.__sinit  0x0800ff50       0x30 /Applications/STM32CubeIDE.app/Contents/Eclipse/plugins/com.st.stm32cube.ide.mcu.externaltools.gnu-tools-for-stm32.12.3.rel1.macos64_1.0.100.202403111906/tools/bin/../lib/gcc/arm-none-eabi/12.3.1/../../../../arm-none-eabi/lib/thumb/v7e-m+fp/hard/libc_nano.a(libc_a-findfp.o)
                0x0800ff50                __sinit
 .text._fwalk_sglue
                0x0800ff80       0x3c /Applications/STM32CubeIDE.app/Contents/Eclipse/plugins/com.st.stm32cube.ide.mcu.externaltools.gnu-tools-for-stm32.12.3.rel1.macos64_1.0.100.202403111906/tools/bin/../lib/gcc/arm-none-eabi/12.3.1/../../../../arm-none-eabi/lib/thumb/v7e-m+fp/hard/libc_nano.a(libc_a-fwalk.o)
                0x0800ff80                _fwalk_sglue
 .text._vsprintf_r
                0x0800ffbc       0x2c /Applications/STM32CubeIDE.app/Contents/Eclipse/plugins/com.st.stm32cube.ide.mcu.externaltools.gnu-tools-for-stm32.12.3.rel1.macos64_1.0.100.202403111906/tools/bin/../lib/gcc/arm-none-eabi/12.3.1/../../../../arm-none-eabi/lib/thumb/v7e-m+fp/hard/libc_nano.a(libc_a-vsprintf.o)
                0x0800ffbc                _vsiprintf_r
                0x0800ffbc                _vsprintf_r
 .text.vsprintf
                0x0800ffe8       0x14 /Applications/STM32CubeIDE.app/Contents/Eclipse/plugins/com.st.stm32cube.ide.mcu.externaltools.gnu-tools-for-stm32.12.3.rel1.macos64_1.0.100.202403111906/tools/bin/../lib/gcc/arm-none-eabi/12.3.1/../../../../arm-none-eabi/lib/thumb/v7e-m+fp/hard/libc_nano.a(libc_a-vsprintf.o)
                0x0800ffe8                vsprintf
                0x0800ffe8                vsiprintf
 .text.memset   0x0800fffc       0x10 /Applications/STM32CubeIDE.app/Contents/Eclipse/plugins/com.st.stm32cube.ide.mcu.externaltools.gnu-tools-for-stm32.12.3.rel1.macos64_1.0.100.202403111906/tools/bin/../lib/gcc/arm-none-eabi/12.3.1/../../../../arm-none-eabi/lib/thumb/v7e-m+fp/hard/libc_nano.a(libc_a-memset.o)
                0x0800fffc                memset
 .text._localeconv_r
                0x0801000c        0x8 /Applications/STM32CubeIDE.app/Contents/Eclipse/plugins/com.st.stm32cube.ide.mcu.externaltools.gnu-tools-for-stm32.12.3.rel1.macos64_1.0.100.202403111906/tools/bin/../lib/gcc/arm-none-eabi/12.3.1/../../../../arm-none-eabi/lib/thumb/v7e-m+fp/hard/libc_nano.a(libc_a-localeconv.o)
                0x0801000c                _localeconv_r
 .text._reclaim_reent
                0x08010014       0xac /Applications/STM32CubeIDE.app/Contents/Eclipse/plugins/com.st.stm32cube.ide.mcu.externaltools.gnu-tools-for-stm32.12.3.rel1.macos64_1.0.100.202403111906/tools/bin/../lib/gcc/arm-none-eabi/12.3.1/../../../../arm-none-eabi/lib/thumb/v7e-m+fp/hard/libc_nano.a(libc_a-reent.o)
                0x08010014                _reclaim_reent
 .text.__errno  0x080100c0        0xc /Applications/STM32CubeIDE.app/Contents/Eclipse/plugins/com.st.stm32cube.ide.mcu.externaltools.gnu-tools-for-stm32.12.3.rel1.macos64_1.0.100.202403111906/tools/bin/../lib/gcc/arm-none-eabi/12.3.1/../../../../arm-none-eabi/lib/thumb/v7e-m+fp/hard/libc_nano.a(libc_a-errno.o)
                0x080100c0                __errno
 .text.__libc_init_array
                0x080100cc       0x48 /Applications/STM32CubeIDE.app/Contents/Eclipse/plugins/com.st.stm32cube.ide.mcu.externaltools.gnu-tools-for-stm32.12.3.rel1.macos64_1.0.100.202403111906/tools/bin/../lib/gcc/arm-none-eabi/12.3.1/../../../../arm-none-eabi/lib/thumb/v7e-m+fp/hard/libc_nano.a(libc_a-init.o)
                0x080100cc                __libc_init_array
 .text.__retarget_lock_init_recursive
                0x08010114        0x2 /Applications/STM32CubeIDE.app/Contents/Eclipse/plugins/com.st.stm32cube.ide.mcu.externaltools.gnu-tools-for-stm32.12.3.rel1.macos64_1.0.100.202403111906/tools/bin/../lib/gcc/arm-none-eabi/12.3.1/../../../../arm-none-eabi/lib/thumb/v7e-m+fp/hard/libc_nano.a(libc_a-lock.o)
                0x08010114                __retarget_lock_init_recursive
 .text.__retarget_lock_acquire_recursive
                0x08010116        0x2 /Applications/STM32CubeIDE.app/Contents/Eclipse/plugins/com.st.stm32cube.ide.mcu.externaltools.gnu-tools-for-stm32.12.3.rel1.macos64_1.0.100.202403111906/tools/bin/../lib/gcc/arm-none-eabi/12.3.1/../../../../arm-none-eabi/lib/thumb/v7e-m+fp/hard/libc_nano.a(libc_a-lock.o)
                0x08010116                __retarget_lock_acquire_recursive
 .text.__retarget_lock_release_recursive
                0x08010118        0x2 /Applications/STM32CubeIDE.app/Contents/Eclipse/plugins/com.st.stm32cube.ide.mcu.externaltools.gnu-tools-for-stm32.12.3.rel1.macos64_1.0.100.202403111906/tools/bin/../lib/gcc/arm-none-eabi/12.3.1/../../../../arm-none-eabi/lib/thumb/v7e-m+fp/hard/libc_nano.a(libc_a-lock.o)
                0x08010118                __retarget_lock_release_recursive
 .text.memcpy   0x0801011a       0x1c /Applications/STM32CubeIDE.app/Contents/Eclipse/plugins/com.st.stm32cube.ide.mcu.externaltools.gnu-tools-for-stm32.12.3.rel1.macos64_1.0.100.202403111906/tools/bin/../lib/gcc/arm-none-eabi/12.3.1/../../../../arm-none-eabi/lib/thumb/v7e-m+fp/hard/libc_nano.a(libc_a-memcpy-stub.o)
                0x0801011a                memcpy
 .text.quorem   0x08010136      0x110 /Applications/STM32CubeIDE.app/Contents/Eclipse/plugins/com.st.stm32cube.ide.mcu.externaltools.gnu-tools-for-stm32.12.3.rel1.macos64_1.0.100.202403111906/tools/bin/../lib/gcc/arm-none-eabi/12.3.1/../../../../arm-none-eabi/lib/thumb/v7e-m+fp/hard/libc_nano.a(libc_a-dtoa.o)
 *fill*         0x08010246        0x2 
 .text._dtoa_r  0x08010248      0xb88 /Applications/STM32CubeIDE.app/Contents/Eclipse/plugins/com.st.stm32cube.ide.mcu.externaltools.gnu-tools-for-stm32.12.3.rel1.macos64_1.0.100.202403111906/tools/bin/../lib/gcc/arm-none-eabi/12.3.1/../../../../arm-none-eabi/lib/thumb/v7e-m+fp/hard/libc_nano.a(libc_a-dtoa.o)
                0x08010248                _dtoa_r
 .text._free_r  0x08010dd0       0x94 /Applications/STM32CubeIDE.app/Contents/Eclipse/plugins/com.st.stm32cube.ide.mcu.externaltools.gnu-tools-for-stm32.12.3.rel1.macos64_1.0.100.202403111906/tools/bin/../lib/gcc/arm-none-eabi/12.3.1/../../../../arm-none-eabi/lib/thumb/v7e-m+fp/hard/libc_nano.a(libc_a-freer.o)
                0x08010dd0                _free_r
 .text.__ssputs_r
                0x08010e64       0xb6 /Applications/STM32CubeIDE.app/Contents/Eclipse/plugins/com.st.stm32cube.ide.mcu.externaltools.gnu-tools-for-stm32.12.3.rel1.macos64_1.0.100.202403111906/tools/bin/../lib/gcc/arm-none-eabi/12.3.1/../../../../arm-none-eabi/lib/thumb/v7e-m+fp/hard/libc_nano.a(libc_a-nano-svfprintf.o)
                0x08010e64                __ssputs_r
 *fill*         0x08010f1a        0x2 
 .text._svfprintf_r
                0x08010f1c      0x1f8 /Applications/STM32CubeIDE.app/Contents/Eclipse/plugins/com.st.stm32cube.ide.mcu.externaltools.gnu-tools-for-stm32.12.3.rel1.macos64_1.0.100.202403111906/tools/bin/../lib/gcc/arm-none-eabi/12.3.1/../../../../arm-none-eabi/lib/thumb/v7e-m+fp/hard/libc_nano.a(libc_a-nano-svfprintf.o)
                0x08010f1c                _svfprintf_r
                0x08010f1c                _svfiprintf_r
 .text.malloc   0x08011114       0x10 /Applications/STM32CubeIDE.app/Contents/Eclipse/plugins/com.st.stm32cube.ide.mcu.externaltools.gnu-tools-for-stm32.12.3.rel1.macos64_1.0.100.202403111906/tools/bin/../lib/gcc/arm-none-eabi/12.3.1/../../../../arm-none-eabi/lib/thumb/v7e-m+fp/hard/libc_nano.a(libc_a-malloc.o)
                0x08011114                malloc
 .text.sbrk_aligned
                0x08011124       0x44 /Applications/STM32CubeIDE.app/Contents/Eclipse/plugins/com.st.stm32cube.ide.mcu.externaltools.gnu-tools-for-stm32.12.3.rel1.macos64_1.0.100.202403111906/tools/bin/../lib/gcc/arm-none-eabi/12.3.1/../../../../arm-none-eabi/lib/thumb/v7e-m+fp/hard/libc_nano.a(libc_a-mallocr.o)
 .text._malloc_r
                0x08011168      0x100 /Applications/STM32CubeIDE.app/Contents/Eclipse/plugins/com.st.stm32cube.ide.mcu.externaltools.gnu-tools-for-stm32.12.3.rel1.macos64_1.0.100.202403111906/tools/bin/../lib/gcc/arm-none-eabi/12.3.1/../../../../arm-none-eabi/lib/thumb/v7e-m+fp/hard/libc_nano.a(libc_a-mallocr.o)
                0x08011168                _malloc_r
 .text.__sflush_r
                0x08011268      0x108 /Applications/STM32CubeIDE.app/Contents/Eclipse/plugins/com.st.stm32cube.ide.mcu.externaltools.gnu-tools-for-stm32.12.3.rel1.macos64_1.0.100.202403111906/tools/bin/../lib/gcc/arm-none-eabi/12.3.1/../../../../arm-none-eabi/lib/thumb/v7e-m+fp/hard/libc_nano.a(libc_a-fflush.o)
                0x08011268                __sflush_r
 .text._fflush_r
                0x08011370       0x50 /Applications/STM32CubeIDE.app/Contents/Eclipse/plugins/com.st.stm32cube.ide.mcu.externaltools.gnu-tools-for-stm32.12.3.rel1.macos64_1.0.100.202403111906/tools/bin/../lib/gcc/arm-none-eabi/12.3.1/../../../../arm-none-eabi/lib/thumb/v7e-m+fp/hard/libc_nano.a(libc_a-fflush.o)
                0x08011370                _fflush_r
 .text.__malloc_lock
                0x080113c0        0xc /Applications/STM32CubeIDE.app/Contents/Eclipse/plugins/com.st.stm32cube.ide.mcu.externaltools.gnu-tools-for-stm32.12.3.rel1.macos64_1.0.100.202403111906/tools/bin/../lib/gcc/arm-none-eabi/12.3.1/../../../../arm-none-eabi/lib/thumb/v7e-m+fp/hard/libc_nano.a(libc_a-mlock.o)
                0x080113c0                __malloc_lock
 .text.__malloc_unlock
                0x080113cc        0xc /Applications/STM32CubeIDE.app/Contents/Eclipse/plugins/com.st.stm32cube.ide.mcu.externaltools.gnu-tools-for-stm32.12.3.rel1.macos64_1.0.100.202403111906/tools/bin/../lib/gcc/arm-none-eabi/12.3.1/../../../../arm-none-eabi/lib/thumb/v7e-m+fp/hard/libc_nano.a(libc_a-mlock.o)
                0x080113cc                __malloc_unlock
 .text._Balloc  0x080113d8       0x80 /Applications/STM32CubeIDE.app/Contents/Eclipse/plugins/com.st.stm32cube.ide.mcu.externaltools.gnu-tools-for-stm32.12.3.rel1.macos64_1.0.100.202403111906/tools/bin/../lib/gcc/arm-none-eabi/12.3.1/../../../../arm-none-eabi/lib/thumb/v7e-m+fp/hard/libc_nano.a(libc_a-mprec.o)
                0x080113d8                _Balloc
 .text._Bfree   0x08011458       0x44 /Applications/STM32CubeIDE.app/Contents/Eclipse/plugins/com.st.stm32cube.ide.mcu.externaltools.gnu-tools-for-stm32.12.3.rel1.macos64_1.0.100.202403111906/tools/bin/../lib/gcc/arm-none-eabi/12.3.1/../../../../arm-none-eabi/lib/thumb/v7e-m+fp/hard/libc_nano.a(libc_a-mprec.o)
                0x08011458                _Bfree
 .text.__multadd
                0x0801149c       0x8c /Applications/STM32CubeIDE.app/Contents/Eclipse/plugins/com.st.stm32cube.ide.mcu.externaltools.gnu-tools-for-stm32.12.3.rel1.macos64_1.0.100.202403111906/tools/bin/../lib/gcc/arm-none-eabi/12.3.1/../../../../arm-none-eabi/lib/thumb/v7e-m+fp/hard/libc_nano.a(libc_a-mprec.o)
                0x0801149c                __multadd
 .text.__hi0bits
                0x08011528       0x3e /Applications/STM32CubeIDE.app/Contents/Eclipse/plugins/com.st.stm32cube.ide.mcu.externaltools.gnu-tools-for-stm32.12.3.rel1.macos64_1.0.100.202403111906/tools/bin/../lib/gcc/arm-none-eabi/12.3.1/../../../../arm-none-eabi/lib/thumb/v7e-m+fp/hard/libc_nano.a(libc_a-mprec.o)
                0x08011528                __hi0bits
 .text.__lo0bits
                0x08011566       0x5a /Applications/STM32CubeIDE.app/Contents/Eclipse/plugins/com.st.stm32cube.ide.mcu.externaltools.gnu-tools-for-stm32.12.3.rel1.macos64_1.0.100.202403111906/tools/bin/../lib/gcc/arm-none-eabi/12.3.1/../../../../arm-none-eabi/lib/thumb/v7e-m+fp/hard/libc_nano.a(libc_a-mprec.o)
                0x08011566                __lo0bits
 .text.__i2b    0x080115c0       0x2c /Applications/STM32CubeIDE.app/Contents/Eclipse/plugins/com.st.stm32cube.ide.mcu.externaltools.gnu-tools-for-stm32.12.3.rel1.macos64_1.0.100.202403111906/tools/bin/../lib/gcc/arm-none-eabi/12.3.1/../../../../arm-none-eabi/lib/thumb/v7e-m+fp/hard/libc_nano.a(libc_a-mprec.o)
                0x080115c0                __i2b
 .text.__multiply
                0x080115ec      0x154 /Applications/STM32CubeIDE.app/Contents/Eclipse/plugins/com.st.stm32cube.ide.mcu.externaltools.gnu-tools-for-stm32.12.3.rel1.macos64_1.0.100.202403111906/tools/bin/../lib/gcc/arm-none-eabi/12.3.1/../../../../arm-none-eabi/lib/thumb/v7e-m+fp/hard/libc_nano.a(libc_a-mprec.o)
                0x080115ec                __multiply
 .text.__pow5mult
                0x08011740       0xb4 /Applications/STM32CubeIDE.app/Contents/Eclipse/plugins/com.st.stm32cube.ide.mcu.externaltools.gnu-tools-for-stm32.12.3.rel1.macos64_1.0.100.202403111906/tools/bin/../lib/gcc/arm-none-eabi/12.3.1/../../../../arm-none-eabi/lib/thumb/v7e-m+fp/hard/libc_nano.a(libc_a-mprec.o)
                0x08011740                __pow5mult
 .text.__lshift
                0x080117f4       0xd8 /Applications/STM32CubeIDE.app/Contents/Eclipse/plugins/com.st.stm32cube.ide.mcu.externaltools.gnu-tools-for-stm32.12.3.rel1.macos64_1.0.100.202403111906/tools/bin/../lib/gcc/arm-none-eabi/12.3.1/../../../../arm-none-eabi/lib/thumb/v7e-m+fp/hard/libc_nano.a(libc_a-mprec.o)
                0x080117f4                __lshift
 .text.__mcmp   0x080118cc       0x36 /Applications/STM32CubeIDE.app/Contents/Eclipse/plugins/com.st.stm32cube.ide.mcu.externaltools.gnu-tools-for-stm32.12.3.rel1.macos64_1.0.100.202403111906/tools/bin/../lib/gcc/arm-none-eabi/12.3.1/../../../../arm-none-eabi/lib/thumb/v7e-m+fp/hard/libc_nano.a(libc_a-mprec.o)
                0x080118cc                __mcmp
 *fill*         0x08011902        0x2 
 .text.__mdiff  0x08011904      0x128 /Applications/STM32CubeIDE.app/Contents/Eclipse/plugins/com.st.stm32cube.ide.mcu.externaltools.gnu-tools-for-stm32.12.3.rel1.macos64_1.0.100.202403111906/tools/bin/../lib/gcc/arm-none-eabi/12.3.1/../../../../arm-none-eabi/lib/thumb/v7e-m+fp/hard/libc_nano.a(libc_a-mprec.o)
                0x08011904                __mdiff
 .text.__d2b    0x08011a2c       0xb0 /Applications/STM32CubeIDE.app/Contents/Eclipse/plugins/com.st.stm32cube.ide.mcu.externaltools.gnu-tools-for-stm32.12.3.rel1.macos64_1.0.100.202403111906/tools/bin/../lib/gcc/arm-none-eabi/12.3.1/../../../../arm-none-eabi/lib/thumb/v7e-m+fp/hard/libc_nano.a(libc_a-mprec.o)
                0x08011a2c                __d2b
 .text.__sread  0x08011adc       0x22 /Applications/STM32CubeIDE.app/Contents/Eclipse/plugins/com.st.stm32cube.ide.mcu.externaltools.gnu-tools-for-stm32.12.3.rel1.macos64_1.0.100.202403111906/tools/bin/../lib/gcc/arm-none-eabi/12.3.1/../../../../arm-none-eabi/lib/thumb/v7e-m+fp/hard/libc_nano.a(libc_a-stdio.o)
                0x08011adc                __sread
 .text.__swrite
                0x08011afe       0x38 /Applications/STM32CubeIDE.app/Contents/Eclipse/plugins/com.st.stm32cube.ide.mcu.externaltools.gnu-tools-for-stm32.12.3.rel1.macos64_1.0.100.202403111906/tools/bin/../lib/gcc/arm-none-eabi/12.3.1/../../../../arm-none-eabi/lib/thumb/v7e-m+fp/hard/libc_nano.a(libc_a-stdio.o)
                0x08011afe                __swrite
 .text.__sseek  0x08011b36       0x24 /Applications/STM32CubeIDE.app/Contents/Eclipse/plugins/com.st.stm32cube.ide.mcu.externaltools.gnu-tools-for-stm32.12.3.rel1.macos64_1.0.100.202403111906/tools/bin/../lib/gcc/arm-none-eabi/12.3.1/../../../../arm-none-eabi/lib/thumb/v7e-m+fp/hard/libc_nano.a(libc_a-stdio.o)
                0x08011b36                __sseek
 .text.__sclose
                0x08011b5a        0x8 /Applications/STM32CubeIDE.app/Contents/Eclipse/plugins/com.st.stm32cube.ide.mcu.externaltools.gnu-tools-for-stm32.12.3.rel1.macos64_1.0.100.202403111906/tools/bin/../lib/gcc/arm-none-eabi/12.3.1/../../../../arm-none-eabi/lib/thumb/v7e-m+fp/hard/libc_nano.a(libc_a-stdio.o)
                0x08011b5a                __sclose
 .text._realloc_r
                0x08011b62       0x5c /Applications/STM32CubeIDE.app/Contents/Eclipse/plugins/com.st.stm32cube.ide.mcu.externaltools.gnu-tools-for-stm32.12.3.rel1.macos64_1.0.100.202403111906/tools/bin/../lib/gcc/arm-none-eabi/12.3.1/../../../../arm-none-eabi/lib/thumb/v7e-m+fp/hard/libc_nano.a(libc_a-reallocr.o)
                0x08011b62                _realloc_r
 .text.memmove  0x08011bbe       0x34 /Applications/STM32CubeIDE.app/Contents/Eclipse/plugins/com.st.stm32cube.ide.mcu.externaltools.gnu-tools-for-stm32.12.3.rel1.macos64_1.0.100.202403111906/tools/bin/../lib/gcc/arm-none-eabi/12.3.1/../../../../arm-none-eabi/lib/thumb/v7e-m+fp/hard/libc_nano.a(libc_a-memmove.o)
                0x08011bbe                memmove
 *fill*         0x08011bf2        0x2 
 .text._close_r
                0x08011bf4       0x20 /Applications/STM32CubeIDE.app/Contents/Eclipse/plugins/com.st.stm32cube.ide.mcu.externaltools.gnu-tools-for-stm32.12.3.rel1.macos64_1.0.100.202403111906/tools/bin/../lib/gcc/arm-none-eabi/12.3.1/../../../../arm-none-eabi/lib/thumb/v7e-m+fp/hard/libc_nano.a(libc_a-closer.o)
                0x08011bf4                _close_r
 .text._lseek_r
                0x08011c14       0x24 /Applications/STM32CubeIDE.app/Contents/Eclipse/plugins/com.st.stm32cube.ide.mcu.externaltools.gnu-tools-for-stm32.12.3.rel1.macos64_1.0.100.202403111906/tools/bin/../lib/gcc/arm-none-eabi/12.3.1/../../../../arm-none-eabi/lib/thumb/v7e-m+fp/hard/libc_nano.a(libc_a-lseekr.o)
                0x08011c14                _lseek_r
 .text._read_r  0x08011c38       0x24 /Applications/STM32CubeIDE.app/Contents/Eclipse/plugins/com.st.stm32cube.ide.mcu.externaltools.gnu-tools-for-stm32.12.3.rel1.macos64_1.0.100.202403111906/tools/bin/../lib/gcc/arm-none-eabi/12.3.1/../../../../arm-none-eabi/lib/thumb/v7e-m+fp/hard/libc_nano.a(libc_a-readr.o)
                0x08011c38                _read_r
 .text._sbrk_r  0x08011c5c       0x20 /Applications/STM32CubeIDE.app/Contents/Eclipse/plugins/com.st.stm32cube.ide.mcu.externaltools.gnu-tools-for-stm32.12.3.rel1.macos64_1.0.100.202403111906/tools/bin/../lib/gcc/arm-none-eabi/12.3.1/../../../../arm-none-eabi/lib/thumb/v7e-m+fp/hard/libc_nano.a(libc_a-sbrkr.o)
                0x08011c5c                _sbrk_r
 .text._write_r
                0x08011c7c       0x24 /Applications/STM32CubeIDE.app/Contents/Eclipse/plugins/com.st.stm32cube.ide.mcu.externaltools.gnu-tools-for-stm32.12.3.rel1.macos64_1.0.100.202403111906/tools/bin/../lib/gcc/arm-none-eabi/12.3.1/../../../../arm-none-eabi/lib/thumb/v7e-m+fp/hard/libc_nano.a(libc_a-writer.o)
                0x08011c7c                _write_r
 .text.__assert_func
                0x08011ca0       0x3c /Applications/STM32CubeIDE.app/Contents/Eclipse/plugins/com.st.stm32cube.ide.mcu.externaltools.gnu-tools-for-stm32.12.3.rel1.macos64_1.0.100.202403111906/tools/bin/../lib/gcc/arm-none-eabi/12.3.1/../../../../arm-none-eabi/lib/thumb/v7e-m+fp/hard/libc_nano.a(libc_a-assert.o)
                0x08011ca0                __assert_func
 .text._calloc_r
                0x08011cdc       0x28 /Applications/STM32CubeIDE.app/Contents/Eclipse/plugins/com.st.stm32cube.ide.mcu.externaltools.gnu-tools-for-stm32.12.3.rel1.macos64_1.0.100.202403111906/tools/bin/../lib/gcc/arm-none-eabi/12.3.1/../../../../arm-none-eabi/lib/thumb/v7e-m+fp/hard/libc_nano.a(libc_a-callocr.o)
                0x08011cdc                _calloc_r
 .text.__ascii_mbtowc
                0x08011d04       0x24 /Applications/STM32CubeIDE.app/Contents/Eclipse/plugins/com.st.stm32cube.ide.mcu.externaltools.gnu-tools-for-stm32.12.3.rel1.macos64_1.0.100.202403111906/tools/bin/../lib/gcc/arm-none-eabi/12.3.1/../../../../arm-none-eabi/lib/thumb/v7e-m+fp/hard/libc_nano.a(libc_a-mbtowc_r.o)
                0x08011d04                __ascii_mbtowc
 .text._malloc_usable_size_r
                0x08011d28       0x10 /Applications/STM32CubeIDE.app/Contents/Eclipse/plugins/com.st.stm32cube.ide.mcu.externaltools.gnu-tools-for-stm32.12.3.rel1.macos64_1.0.100.202403111906/tools/bin/../lib/gcc/arm-none-eabi/12.3.1/../../../../arm-none-eabi/lib/thumb/v7e-m+fp/hard/libc_nano.a(libc_a-msizer.o)
                0x08011d28                _malloc_usable_size_r
 .text.fprintf  0x08011d38       0x24 /Applications/STM32CubeIDE.app/Contents/Eclipse/plugins/com.st.stm32cube.ide.mcu.externaltools.gnu-tools-for-stm32.12.3.rel1.macos64_1.0.100.202403111906/tools/bin/../lib/gcc/arm-none-eabi/12.3.1/../../../../arm-none-eabi/lib/thumb/v7e-m+fp/hard/libc_nano.a(libc_a-fprintf.o)
                0x08011d38                fprintf
                0x08011d38                fiprintf
 .text.__ascii_wctomb
                0x08011d5c       0x1a /Applications/STM32CubeIDE.app/Contents/Eclipse/plugins/com.st.stm32cube.ide.mcu.externaltools.gnu-tools-for-stm32.12.3.rel1.macos64_1.0.100.202403111906/tools/bin/../lib/gcc/arm-none-eabi/12.3.1/../../../../arm-none-eabi/lib/thumb/v7e-m+fp/hard/libc_nano.a(libc_a-wctomb_r.o)
                0x08011d5c                __ascii_wctomb
 .text.abort    0x08011d76        0xe /Applications/STM32CubeIDE.app/Contents/Eclipse/plugins/com.st.stm32cube.ide.mcu.externaltools.gnu-tools-for-stm32.12.3.rel1.macos64_1.0.100.202403111906/tools/bin/../lib/gcc/arm-none-eabi/12.3.1/../../../../arm-none-eabi/lib/thumb/v7e-m+fp/hard/libc_nano.a(libc_a-abort.o)
                0x08011d76                abort
 .text.__sfputc_r
                0x08011d84       0x2e /Applications/STM32CubeIDE.app/Contents/Eclipse/plugins/com.st.stm32cube.ide.mcu.externaltools.gnu-tools-for-stm32.12.3.rel1.macos64_1.0.100.202403111906/tools/bin/../lib/gcc/arm-none-eabi/12.3.1/../../../../arm-none-eabi/lib/thumb/v7e-m+fp/hard/libc_nano.a(libc_a-nano-vfprintf.o)
 .text.__sfputs_r
                0x08011db2       0x24 /Applications/STM32CubeIDE.app/Contents/Eclipse/plugins/com.st.stm32cube.ide.mcu.externaltools.gnu-tools-for-stm32.12.3.rel1.macos64_1.0.100.202403111906/tools/bin/../lib/gcc/arm-none-eabi/12.3.1/../../../../arm-none-eabi/lib/thumb/v7e-m+fp/hard/libc_nano.a(libc_a-nano-vfprintf.o)
                0x08011db2                __sfputs_r
 *fill*         0x08011dd6        0x2 
 .text._vfprintf_r
                0x08011dd8      0x230 /Applications/STM32CubeIDE.app/Contents/Eclipse/plugins/com.st.stm32cube.ide.mcu.externaltools.gnu-tools-for-stm32.12.3.rel1.macos64_1.0.100.202403111906/tools/bin/../lib/gcc/arm-none-eabi/12.3.1/../../../../arm-none-eabi/lib/thumb/v7e-m+fp/hard/libc_nano.a(libc_a-nano-vfprintf.o)
                0x08011dd8                _vfiprintf_r
                0x08011dd8                _vfprintf_r
 .text.__swbuf_r
                0x08012008       0x7c /Applications/STM32CubeIDE.app/Contents/Eclipse/plugins/com.st.stm32cube.ide.mcu.externaltools.gnu-tools-for-stm32.12.3.rel1.macos64_1.0.100.202403111906/tools/bin/../lib/gcc/arm-none-eabi/12.3.1/../../../../arm-none-eabi/lib/thumb/v7e-m+fp/hard/libc_nano.a(libc_a-wbuf.o)
                0x08012008                __swbuf_r
 .text.__swsetup_r