../Core/Src/CAL_RM25.c:104:6:CAL_Update	8	static
../Core/Src/CAL_RM25.c:217:6:CUSTOM_CONTROLLER_ROBOT_RxEventCallback	16	static
../Core/Src/CAL_RM25.c:224:6:PC_CONTROL_RxEventCallback	24	static
../Core/Src/CAL_RM25.c:251:6:GAME_STATUS_RxEventCallback	32	static
../Core/Src/CAL_RM25.c:261:6:ROBOT_STATUS_RxEventCallback	32	static
../Core/Src/CAL_RM25.c:277:6:POWER_HEAT_DATA_RxEventCallback	32	static
../Core/Src/CAL_RM25.c:293:6:CAN_RxEventCallbackPT	48	static
../Core/Src/CAL_RM25.c:359:6:CAL_SendChassisCommands	56	static
../Core/Src/CAL_RM25.c:427:9:CAL_getBits	24	static
../Core/Src/CAL_RM25.c:436:9:CAL_getCH0	4	static
../Core/Src/CAL_RM25.c:440:9:CAL_getCH1	4	static
../Core/Src/CAL_RM25.c:444:9:CAL_getCH2	4	static
../Core/Src/CAL_RM25.c:449:9:CAL_getCH3	4	static
../Core/Src/CAL_RM25.c:453:9:CAL_getCH4	8	static
../Core/Src/CAL_RM25.c:461:9:CAL_getS1	8	static
../Core/Src/CAL_RM25.c:465:9:CAL_getShift	8	static
../Core/Src/CAL_RM25.c:473:9:CAL_getCtrl	8	static
../Core/Src/CAL_RM25.c:481:9:CAL_getQ	8	static
../Core/Src/CAL_RM25.c:489:9:CAL_getE	8	static
../Core/Src/CAL_RM25.c:497:9:CAL_getR	8	static
../Core/Src/CAL_RM25.c:505:9:CAL_getF	8	static
../Core/Src/CAL_RM25.c:513:9:CAL_getG	8	static
../Core/Src/CAL_RM25.c:521:9:CAL_getZ	8	static
../Core/Src/CAL_RM25.c:529:9:CAL_getX	8	static
../Core/Src/CAL_RM25.c:537:9:CAL_getC	8	static
../Core/Src/CAL_RM25.c:545:9:CAL_getV	8	static
../Core/Src/CAL_RM25.c:553:9:CAL_getB	8	static
../Core/Src/CAL_RM25.c:561:9:CAL_getLMB	8	static
../Core/Src/CAL_RM25.c:569:9:CAL_getRMB	8	static
../Core/Src/CAL_RM25.c:577:9:CAL_getMouseZ	8	static
../Core/Src/CAL_RM25.c:597:9:CAL_getGameType	4	static
../Core/Src/CAL_RM25.c:601:9:CAL_getCurrentStage	4	static
../Core/Src/CAL_RM25.c:605:10:CAL_getBufferEnergy	4	static
../Core/Src/CAL_RM25.c:609:10:CAL_getBarrel1Heat	4	static
../Core/Src/CAL_RM25.c:613:10:CAL_getBarrel2Heat	4	static
../Core/Src/CAL_RM25.c:617:10:CAL_getHeroHeat	4	static
../Core/Src/CAL_RM25.c:621:9:CAL_getRobotId	4	static
../Core/Src/CAL_RM25.c:625:9:CAL_getRobotLevel	4	static
../Core/Src/CAL_RM25.c:629:10:CAL_getCoolingValue	4	static
../Core/Src/CAL_RM25.c:633:10:CAL_getPowerLimit	4	static
../Core/Src/CAL_RM25.c:637:10:CAL_getHeatLimit	4	static
../Core/Src/CAL_RM25.c:641:9:CAL_getFrontBack	4	static
../Core/Src/CAL_RM25.c:645:9:CAL_getRightLeft	4	static
../Core/Src/CAL_RM25.c:649:9:CAL_getChassisSpin	4	static
../Core/Src/CAL_RM25.c:653:9:CAL_getTurretSpin	4	static
../Core/Src/CAL_RM25.c:657:9:CAL_getCurrentGyro	4	static
../Core/Src/CAL_RM25.c:661:9:CAL_getTriggerPressed	4	static
../Core/Src/CAL_RM25.c:665:9:CAL_getFireMode	4	static
