../Core/Src/main.c:170:5:main	8	static
../Core/Src/main.c:273:6:SystemClock_Config	88	static
../Core/Src/main.c:323:13:MX_CAN1_Init	8	static
../Core/Src/main.c:360:13:MX_CAN2_Init	8	static
../Core/Src/main.c:397:13:MX_I2C3_Init	8	static
../Core/Src/main.c:431:13:MX_SPI1_Init	8	static
../Core/Src/main.c:469:13:MX_TIM1_Init	80	static
../Core/Src/main.c:546:13:MX_TIM4_Init	64	static
../Core/Src/main.c:605:13:MX_TIM8_Init	80	static
../Core/Src/main.c:678:13:MX_TIM10_Init	40	static
../Core/Src/main.c:724:13:MX_USART1_UART_Init	8	static
../Core/Src/main.c:757:13:MX_USART3_UART_Init	8	static
../Core/Src/main.c:790:13:MX_USART6_UART_Init	8	static
../Core/Src/main.c:821:13:MX_DMA_Init	16	static
../Core/Src/main.c:852:13:MX_GPIO_Init	64	static
../Core/Src/main.c:933:9:positionPIDByMe	48	static
../Core/Src/main.c:959:6:TaskMain	16	static
../Core/Src/main.c:1002:6:TaskChassis	320	static
../Core/Src/main.c:1552:13:imu_temp_control_task	16	static
../Core/Src/main.c:1570:6:TaskTurret	16	static
../Core/Src/main.c:1585:6:Error_Handler	4	static,ignoring_inline_asm
