../Core/Src/CAL_RM25.c:104:6:CAL_Update	8	static
../Core/Src/CAL_RM25.c:217:6:CUSTOM_CONTROLLER_ROBOT_RxEventCallback	16	static
../Core/Src/CAL_RM25.c:224:6:PC_CONTROL_RxEventCallback	24	static
../Core/Src/CAL_RM25.c:251:6:GAME_STATUS_RxEventCallback	32	static
../Core/Src/CAL_RM25.c:261:6:ROBOT_STATUS_RxEventCallback	32	static
../Core/Src/CAL_RM25.c:277:6:POWER_HEAT_DATA_RxEventCallback	32	static
../Core/Src/CAL_RM25.c:293:6:CAN_RxEventCallbackPT	48	static
../Core/Src/CAL_RM25.c:359:6:CAL_SendChassisCommands	56	static
../Core/Src/CAL_RM25.c:428:9:CAL_getBits	24	static
../Core/Src/CAL_RM25.c:437:9:CAL_getCH0	4	static
../Core/Src/CAL_RM25.c:441:9:CAL_getCH1	4	static
../Core/Src/CAL_RM25.c:445:9:CAL_getCH2	4	static
../Core/Src/CAL_RM25.c:450:9:CAL_getCH3	4	static
../Core/Src/CAL_RM25.c:454:9:CAL_getCH4	8	static
../Core/Src/CAL_RM25.c:462:9:CAL_getS1	8	static
../Core/Src/CAL_RM25.c:466:9:CAL_getShift	8	static
../Core/Src/CAL_RM25.c:474:9:CAL_getCtrl	8	static
../Core/Src/CAL_RM25.c:482:9:CAL_getQ	8	static
../Core/Src/CAL_RM25.c:490:9:CAL_getE	8	static
../Core/Src/CAL_RM25.c:498:9:CAL_getR	8	static
../Core/Src/CAL_RM25.c:506:9:CAL_getF	8	static
../Core/Src/CAL_RM25.c:514:9:CAL_getG	8	static
../Core/Src/CAL_RM25.c:522:9:CAL_getZ	8	static
../Core/Src/CAL_RM25.c:530:9:CAL_getX	8	static
../Core/Src/CAL_RM25.c:538:9:CAL_getC	8	static
../Core/Src/CAL_RM25.c:546:9:CAL_getV	8	static
../Core/Src/CAL_RM25.c:554:9:CAL_getB	8	static
../Core/Src/CAL_RM25.c:562:9:CAL_getLMB	8	static
../Core/Src/CAL_RM25.c:570:9:CAL_getRMB	8	static
../Core/Src/CAL_RM25.c:578:9:CAL_getMouseZ	8	static
../Core/Src/CAL_RM25.c:598:9:CAL_getGameType	4	static
../Core/Src/CAL_RM25.c:602:9:CAL_getCurrentStage	4	static
../Core/Src/CAL_RM25.c:606:10:CAL_getBufferEnergy	4	static
../Core/Src/CAL_RM25.c:610:10:CAL_getBarrel1Heat	4	static
../Core/Src/CAL_RM25.c:614:10:CAL_getBarrel2Heat	4	static
../Core/Src/CAL_RM25.c:618:10:CAL_getHeroHeat	4	static
../Core/Src/CAL_RM25.c:622:9:CAL_getRobotId	4	static
../Core/Src/CAL_RM25.c:626:9:CAL_getRobotLevel	4	static
../Core/Src/CAL_RM25.c:630:10:CAL_getCoolingValue	4	static
../Core/Src/CAL_RM25.c:634:10:CAL_getPowerLimit	4	static
../Core/Src/CAL_RM25.c:638:10:CAL_getHeatLimit	4	static
../Core/Src/CAL_RM25.c:642:9:CAL_getFrontBack	4	static
../Core/Src/CAL_RM25.c:646:9:CAL_getRightLeft	4	static
../Core/Src/CAL_RM25.c:650:9:CAL_getChassisSpin	4	static
../Core/Src/CAL_RM25.c:654:9:CAL_getTurretSpin	4	static
../Core/Src/CAL_RM25.c:658:9:CAL_getCurrentGyro	4	static
../Core/Src/CAL_RM25.c:662:9:CAL_getTriggerPressed	4	static
../Core/Src/CAL_RM25.c:666:9:CAL_getFireMode	4	static
