../Core/Src/CAL_RM25.c:117:6:CAL_Update	8	static
../Core/Src/CAL_RM25.c:230:6:CUSTOM_CONTROLLER_ROBOT_RxEventCallback	16	static
../Core/Src/CAL_RM25.c:237:6:PC_CONTROL_RxEventCallback	24	static
../Core/Src/CAL_RM25.c:264:6:GAME_STATUS_RxEventCallback	32	static
../Core/Src/CAL_RM25.c:274:6:ROBOT_STATUS_RxEventCallback	32	static
../Core/Src/CAL_RM25.c:290:6:POWER_HEAT_DATA_RxEventCallback	32	static
../Core/Src/CAL_RM25.c:306:6:CAN_RxEventCallbackPT	64	static
../Core/Src/CAL_RM25.c:405:6:UART_RxEventCallback_RM25Passthrough	24	static
../Core/Src/CAL_RM25.c:440:6:CAL_SendChassisCommands	56	static
../Core/Src/CAL_RM25.c:508:9:CAL_getBits	24	static
../Core/Src/CAL_RM25.c:517:9:CAL_getCH0	4	static
../Core/Src/CAL_RM25.c:521:9:CAL_getCH1	4	static
../Core/Src/CAL_RM25.c:525:9:CAL_getCH2	4	static
../Core/Src/CAL_RM25.c:530:9:CAL_getCH3	4	static
../Core/Src/CAL_RM25.c:534:9:CAL_getCH4	8	static
../Core/Src/CAL_RM25.c:539:9:CAL_getS1	8	static
../Core/Src/CAL_RM25.c:543:9:CAL_getShift	8	static
../Core/Src/CAL_RM25.c:551:9:CAL_getCtrl	8	static
../Core/Src/CAL_RM25.c:559:9:CAL_getQ	8	static
../Core/Src/CAL_RM25.c:567:9:CAL_getE	8	static
../Core/Src/CAL_RM25.c:575:9:CAL_getR	8	static
../Core/Src/CAL_RM25.c:583:9:CAL_getF	8	static
../Core/Src/CAL_RM25.c:591:9:CAL_getG	8	static
../Core/Src/CAL_RM25.c:599:9:CAL_getZ	8	static
../Core/Src/CAL_RM25.c:607:9:CAL_getX	8	static
../Core/Src/CAL_RM25.c:615:9:CAL_getC	8	static
../Core/Src/CAL_RM25.c:623:9:CAL_getV	8	static
../Core/Src/CAL_RM25.c:631:9:CAL_getB	8	static
../Core/Src/CAL_RM25.c:639:9:CAL_getLMB	8	static
../Core/Src/CAL_RM25.c:647:9:CAL_getRMB	8	static
../Core/Src/CAL_RM25.c:655:9:CAL_getMouseZ	8	static
../Core/Src/CAL_RM25.c:675:9:CAL_getGameType	4	static
../Core/Src/CAL_RM25.c:679:9:CAL_getCurrentStage	4	static
../Core/Src/CAL_RM25.c:683:10:CAL_getBufferEnergy	4	static
../Core/Src/CAL_RM25.c:687:10:CAL_getBarrel1Heat	4	static
../Core/Src/CAL_RM25.c:691:10:CAL_getBarrel2Heat	4	static
../Core/Src/CAL_RM25.c:695:10:CAL_getHeroHeat	4	static
../Core/Src/CAL_RM25.c:699:9:CAL_getRobotId	4	static
../Core/Src/CAL_RM25.c:703:9:CAL_getRobotLevel	4	static
../Core/Src/CAL_RM25.c:707:10:CAL_getCoolingValue	4	static
../Core/Src/CAL_RM25.c:711:10:CAL_getPowerLimit	4	static
../Core/Src/CAL_RM25.c:715:10:CAL_getHeatLimit	4	static
../Core/Src/CAL_RM25.c:719:9:CAL_getFrontBack	4	static
../Core/Src/CAL_RM25.c:723:9:CAL_getRightLeft	4	static
../Core/Src/CAL_RM25.c:727:9:CAL_getChassisSpin	4	static
../Core/Src/CAL_RM25.c:731:9:CAL_getTurretSpin	4	static
../Core/Src/CAL_RM25.c:735:9:CAL_getCurrentGyro	4	static
../Core/Src/CAL_RM25.c:739:9:CAL_getTriggerPressed	4	static
../Core/Src/CAL_RM25.c:743:9:CAL_getFireMode	4	static
../Core/Src/CAL_RM25.c:747:9:CAL_getTargetX	4	static
../Core/Src/CAL_RM25.c:751:9:CAL_getTargetY	4	static
../Core/Src/CAL_RM25.c:755:9:CAL_getTargetWidth	4	static
../Core/Src/CAL_RM25.c:759:9:CAL_getTargetHeight	4	static
../Core/Src/CAL_RM25.c:763:9:CAL_getTargetColour	4	static
../Core/Src/CAL_RM25.c:767:9:CAL_getCVSeq	4	static
