../Core/Src/CAN_FD.c:36:6:bsp_can_init	8	static
../Core/Src/CAN_FD.c:50:6:can_filter_init	48	static
../Core/Src/CAN_FD.c:65:9:CANFD_GetRxHeaderDataLength	16	static
../Core/Src/CAN_FD.c:86:10:CANFD_GetTxHeaderDataLength	24	static
../Core/Src/CAN_FD.c:107:9:fdcanx_send_data	64	static
../Core/Src/CAN_FD.c:121:9:fdcanx_send_extended	64	static
../Core/Src/CAN_FD.c:135:9:fdcanx_receive	96	static
../Core/Src/CAN_FD.c:144:6:HAL_FDCAN_RxFifo0Callback	48	static
../Core/Src/CAN_FD.c:215:6:CAN_DriveMotor	24	static
../Core/Src/CAN_FD.c:234:6:CAN_setMotorCurrent	32	static
../Core/Src/CAN_FD.c:294:6:CAN_setMotorVoltage	32	static
../Core/Src/CAN_FD.c:329:6:CAN_setMotorCtrlVal	32	static
../Core/Src/CAN_FD.c:414:9:applyCtrlLimit	16	static
../Core/Src/CAN_FD.c:438:9:calcRPM_PID	56	static
../Core/Src/CAN_FD.c:468:9:calcPosition_PID	56	static
../Core/Src/CAN_FD.c:499:6:setMotorRPM	40	static
../Core/Src/CAN_FD.c:503:6:setMotorPosition	40	static
../Core/Src/CAN_FD.c:507:10:getRotorPosition	16	static
../Core/Src/CAN_FD.c:527:9:getMotorRPM	16	static
../Core/Src/CAN_FD.c:547:9:getMotorCurrent	16	static
../Core/Src/CAN_FD.c:567:9:getMotorTemperature	16	static
