../Core/Src/CAN_FD.c:43:6:bsp_can_init	8	static
../Core/Src/CAN_FD.c:57:6:can_filter_init	48	static
../Core/Src/CAN_FD.c:72:9:CANFD_GetRxHeaderDataLength	16	static
../Core/Src/CAN_FD.c:93:10:CANFD_GetTxHeaderDataLength	24	static
../Core/Src/CAN_FD.c:114:9:fdcanx_send_data	64	static
../Core/Src/CAN_FD.c:128:9:fdcanx_send_extended	64	static
../Core/Src/CAN_FD.c:142:9:fdcanx_receive	96	static
../Core/Src/CAN_FD.c:152:6:HAL_FDCAN_RxFifo0Callback	64	static
../Core/Src/CAN_FD.c:272:9:getRCfakechannel	16	static
../Core/Src/CAN_FD.c:276:6:CAN_DriveMotor	24	static
../Core/Src/CAN_FD.c:295:6:CAN_setMotorCurrent	32	static
../Core/Src/CAN_FD.c:355:6:CAN_setMotorVoltage	32	static
../Core/Src/CAN_FD.c:390:6:CAN_setMotorCtrlVal	32	static
../Core/Src/CAN_FD.c:475:9:applyCtrlLimit	16	static
../Core/Src/CAN_FD.c:499:9:calcRPM_PID	56	static
../Core/Src/CAN_FD.c:529:9:calcPosition_PID	56	static
../Core/Src/CAN_FD.c:560:6:setMotorRPM	40	static
../Core/Src/CAN_FD.c:564:6:setMotorPosition	40	static
../Core/Src/CAN_FD.c:568:10:getRotorPosition	16	static
../Core/Src/CAN_FD.c:589:9:getMotorRPM	16	static
../Core/Src/CAN_FD.c:609:9:getMotorCurrent	16	static
../Core/Src/CAN_FD.c:629:9:getMotorTemperature	16	static
