../Core/Src/main.c:173:5:main	8	static
../Core/Src/main.c:277:6:SystemClock_Config	88	static
../Core/Src/main.c:327:13:MX_CAN1_Init	8	static
../Core/Src/main.c:364:13:MX_CAN2_Init	8	static
../Core/Src/main.c:401:13:MX_I2C3_Init	8	static
../Core/Src/main.c:435:13:MX_SPI1_Init	8	static
../Core/Src/main.c:473:13:MX_TIM1_Init	80	static
../Core/Src/main.c:550:13:MX_TIM4_Init	64	static
../Core/Src/main.c:609:13:MX_TIM8_Init	80	static
../Core/Src/main.c:682:13:MX_TIM10_Init	40	static
../Core/Src/main.c:728:13:MX_USART1_UART_Init	8	static
../Core/Src/main.c:761:13:MX_USART3_UART_Init	8	static
../Core/Src/main.c:794:13:MX_USART6_UART_Init	8	static
../Core/Src/main.c:825:13:MX_DMA_Init	16	static
../Core/Src/main.c:856:13:MX_GPIO_Init	64	static
../Core/Src/main.c:947:6:TaskMain	16	static
../Core/Src/main.c:990:6:TaskChassis	48	static
../Core/Src/main.c:1103:13:imu_temp_control_task	16	static
../Core/Src/main.c:1121:6:TaskTurret	16	static
../Core/Src/main.c:1136:6:Error_Handler	4	static,ignoring_inline_asm
