../Core/Src/main.c:70:6:USART_PrintF	24	static
../Core/Src/main.c:75:6:usart_printf	8	static
../Core/Src/main.c:90:5:main	16	static
../Core/Src/main.c:325:6:SystemClock_Config	88	static
../Core/Src/main.c:371:13:MX_I2C1_Init	8	static
../Core/Src/main.c:405:13:MX_I2C3_Init	8	static
../Core/Src/main.c:439:13:MX_TIM4_Init	48	static
../Core/Src/main.c:488:13:MX_TIM11_Init	8	static
../Core/Src/main.c:519:13:MX_USART6_UART_Init	8	static
../Core/Src/main.c:552:13:MX_GPIO_Init	48	static
../Core/Src/main.c:614:6:Error_Handler	4	static,ignoring_inline_asm
