../Core/Src/UART_RM25.c:133:9:Get_CRC8_Check_Sum	32	static
../Core/Src/UART_RM25.c:151:9:Verify_CRC8_Check_Sum	24	static
../Core/Src/UART_RM25.c:170:10:Get_CRC16_Check_Sum	32	static
../Core/Src/UART_RM25.c:191:10:Verify_CRC16_Check_Sum	24	static
../Core/Src/UART_RM25.c:210:6:Append_CRC16_Check_Sum	24	static
../Core/Src/UART_RM25.c:226:6:UART_Printf	20	static
../Core/Src/UART_RM25.c:241:6:UART_Ex_Init	16	static
../Core/Src/UART_RM25.c:251:6:HAL_UARTEx_RxEventCallback	224	dynamic
../Core/Src/UART_RM25.c:530:6:UART_Transmit_RM	112	dynamic
../Core/Src/UART_RM25.c:680:9:getBits	24	static
../Core/Src/UART_RM25.c:688:13:GAME_STATUS_RxEventCallback	16	static
../Core/Src/UART_RM25.c:692:13:GAME_RESULT_RxEventCallback	16	static
../Core/Src/UART_RM25.c:696:13:ROBOT_HP_HEADER_RxEventCallback	16	static
../Core/Src/UART_RM25.c:700:13:EVENT_DATA_RxEventCallback	16	static
../Core/Src/UART_RM25.c:704:13:REFEREE_WARNING_RxEventCallback	16	static
../Core/Src/UART_RM25.c:708:13:DART_INFO_RxEventCallback	16	static
../Core/Src/UART_RM25.c:712:13:ROBOT_STATUS_RxEventCallback	16	static
../Core/Src/UART_RM25.c:716:13:POWER_HEAT_DATA_RxEventCallback	16	static
../Core/Src/UART_RM25.c:720:13:ROBOT_POSITION_RxEventCallback	24	static
../Core/Src/UART_RM25.c:724:13:BUFF_RxEventCallback	16	static
../Core/Src/UART_RM25.c:728:13:DAMAGE_SOURCE_RxEventCallback	16	static
../Core/Src/UART_RM25.c:732:13:PROJECTILE_INFO_RxEventCallback	16	static
../Core/Src/UART_RM25.c:736:13:PROJECTILE_ALLOWANCE_RxEventCallback	16	static
../Core/Src/UART_RM25.c:740:13:RFID_RxEventCallback	16	static
../Core/Src/UART_RM25.c:744:13:DART_COMMAND_RxEventCallback	16	static
../Core/Src/UART_RM25.c:748:13:TEAM_POSITION_RxEventCallback	48	static
../Core/Src/UART_RM25.c:752:13:RADAR_MARKING_RxEventCallback	16	static
../Core/Src/UART_RM25.c:756:13:SENTRY_RxEventCallback	16	static
../Core/Src/UART_RM25.c:760:13:RADAR_BUFF_RxEventCallback	16	static
../Core/Src/UART_RM25.c:764:13:ROBOT_INTERACTION_RxEventCallback	4	static
../Core/Src/UART_RM25.c:768:13:CUSTOM_CONTROLLER_ROBOT_RxEventCallback	16	static
../Core/Src/UART_RM25.c:772:13:MINIMAP_COMMAND_RxEventCallback	24	static
../Core/Src/UART_RM25.c:776:13:PC_CONTROL_RxEventCallback	16	static
../Core/Src/UART_RM25.c:780:13:MINIMAP_TARGET_RxEventCallback	24	static
../Core/Src/UART_RM25.c:784:13:CUSTOM_CONTROLLER_CLIENT_RxEventCallback	16	static
../Core/Src/UART_RM25.c:788:13:MINIMAP_DATA_RxEventCallback	24	static
../Core/Src/UART_RM25.c:792:13:CUSTOM_MESSAGE_RxEventCallback	16	static
