../Core/Src/CAL_RM25.c:106:6:CAL_Update	8	static
../Core/Src/CAL_RM25.c:219:6:CUSTOM_CONTROLLER_ROBOT_RxEventCallback	16	static
../Core/Src/CAL_RM25.c:226:6:PC_CONTROL_RxEventCallback	24	static
../Core/Src/CAL_RM25.c:253:6:GAME_STATUS_RxEventCallback	32	static
../Core/Src/CAL_RM25.c:263:6:ROBOT_STATUS_RxEventCallback	32	static
../Core/Src/CAL_RM25.c:279:6:POWER_HEAT_DATA_RxEventCallback	32	static
../Core/Src/CAL_RM25.c:295:6:CAN_RxEventCallbackPT	48	static
../Core/Src/CAL_RM25.c:361:6:CAL_SendChassisCommands	56	static
../Core/Src/CAL_RM25.c:429:9:CAL_getBits	24	static
../Core/Src/CAL_RM25.c:437:6:PROJECTILE_INFO_RxEventCallback	16	static
../Core/Src/CAL_RM25.c:441:9:CAL_getCH0	4	static
../Core/Src/CAL_RM25.c:445:9:CAL_getCH1	4	static
../Core/Src/CAL_RM25.c:449:9:CAL_getCH2	4	static
../Core/Src/CAL_RM25.c:454:9:CAL_getCH3	4	static
../Core/Src/CAL_RM25.c:458:9:CAL_getCH4	8	static
../Core/Src/CAL_RM25.c:466:9:CAL_getS1	8	static
../Core/Src/CAL_RM25.c:470:9:CAL_getShift	8	static
../Core/Src/CAL_RM25.c:478:9:CAL_getCtrl	8	static
../Core/Src/CAL_RM25.c:486:9:CAL_getQ	8	static
../Core/Src/CAL_RM25.c:494:9:CAL_getE	8	static
../Core/Src/CAL_RM25.c:502:9:CAL_getR	8	static
../Core/Src/CAL_RM25.c:510:9:CAL_getF	8	static
../Core/Src/CAL_RM25.c:518:9:CAL_getG	8	static
../Core/Src/CAL_RM25.c:526:9:CAL_getZ	8	static
../Core/Src/CAL_RM25.c:534:9:CAL_getX	8	static
../Core/Src/CAL_RM25.c:542:9:CAL_getC	8	static
../Core/Src/CAL_RM25.c:550:9:CAL_getV	8	static
../Core/Src/CAL_RM25.c:558:9:CAL_getB	8	static
../Core/Src/CAL_RM25.c:566:9:CAL_getLMB	8	static
../Core/Src/CAL_RM25.c:574:9:CAL_getRMB	8	static
../Core/Src/CAL_RM25.c:582:9:CAL_getMouseZ	8	static
../Core/Src/CAL_RM25.c:602:9:CAL_getGameType	4	static
../Core/Src/CAL_RM25.c:606:9:CAL_getCurrentStage	4	static
../Core/Src/CAL_RM25.c:610:10:CAL_getBufferEnergy	4	static
../Core/Src/CAL_RM25.c:614:10:CAL_getBarrel1Heat	4	static
../Core/Src/CAL_RM25.c:618:10:CAL_getBarrel2Heat	4	static
../Core/Src/CAL_RM25.c:622:10:CAL_getHeroHeat	4	static
../Core/Src/CAL_RM25.c:626:9:CAL_getRobotId	4	static
../Core/Src/CAL_RM25.c:630:9:CAL_getRobotLevel	4	static
../Core/Src/CAL_RM25.c:634:10:CAL_getCoolingValue	4	static
../Core/Src/CAL_RM25.c:638:10:CAL_getPowerLimit	4	static
../Core/Src/CAL_RM25.c:642:10:CAL_getHeatLimit	4	static
../Core/Src/CAL_RM25.c:646:9:CAL_getFrontBack	4	static
../Core/Src/CAL_RM25.c:650:9:CAL_getRightLeft	4	static
../Core/Src/CAL_RM25.c:654:9:CAL_getChassisSpin	4	static
../Core/Src/CAL_RM25.c:658:9:CAL_getTurretSpin	4	static
../Core/Src/CAL_RM25.c:662:9:CAL_getCurrentGyro	4	static
../Core/Src/CAL_RM25.c:666:9:CAL_getTriggerPressed	4	static
../Core/Src/CAL_RM25.c:670:9:CAL_getFireMode	4	static
../Core/Src/CAL_RM25.c:674:7:CAL_getInitialSpeed	4	static
