../Core/Src/CAN.c:37:6:HAL_CAN_RxFifo0MsgPendingCallback	56	static
../Core/Src/CAN.c:80:6:CAN_transmit	24	static
../Core/Src/CAN.c:94:6:CAN_ResetID	24	static
../Core/Src/CAN.c:111:6:CAN_DriveMotor	32	static
../Core/Src/CAN.c:137:6:CAN_defineMotor	16	static
../Core/Src/CAN.c:196:6:CAN_setMotorDefinition	16	static
../Core/Src/CAN.c:204:8:CAN_getMotorDefinition	16	static
../Core/Src/CAN.c:256:6:CAN_setMotorCurrent	32	static
../Core/Src/CAN.c:316:6:CAN_setMotorVoltage	32	static
../Core/Src/CAN.c:353:6:CAN_setMotorCtrlVal	32	static
../Core/Src/CAN.c:439:9:calcRPM_PID	56	static
../Core/Src/CAN.c:469:9:calcPosition_PID	56	static
../Core/Src/CAN.c:528:9:applyCtrlLimit	16	static
../Core/Src/CAN.c:552:6:setMotorRPM	40	static
../Core/Src/CAN.c:556:6:setMotorPosition	40	static
../Core/Src/CAN.c:560:10:getRotorPosition	16	static
../Core/Src/CAN.c:580:9:getMotorRPM	16	static
../Core/Src/CAN.c:600:9:getMotorCurrent	16	static
../Core/Src/CAN.c:620:9:getMotorTemperature	16	static
../Core/Src/CAN.c:641:6:CAN_Init	48	static
../Core/Src/CAN.c:666:13:CAN_RxEventCallbackPT	16	static
