../Core/Src/CAN.c:37:6:HAL_CAN_RxFifo0MsgPendingCallback	56	static
../Core/Src/CAN.c:80:6:CAN_transmit	24	static
../Core/Src/CAN.c:94:6:CAN_ResetID	24	static
../Core/Src/CAN.c:111:6:CAN_DriveMotor	32	static
../Core/Src/CAN.c:137:6:CAN_defineMotor	16	static
../Core/Src/CAN.c:196:6:CAN_setMotorDefinition	16	static
../Core/Src/CAN.c:204:8:CAN_getMotorDefinition	16	static
../Core/Src/CAN.c:256:6:CAN_setMotorCurrent	32	static
../Core/Src/CAN.c:316:6:CAN_setMotorVoltage	32	static
../Core/Src/CAN.c:353:6:CAN_setMotorCtrlVal	32	static
../Core/Src/CAN.c:440:9:calcRPM_PID	56	static
../Core/Src/CAN.c:470:9:calcPosition_PID	56	static
../Core/Src/CAN.c:529:9:applyCtrlLimit	16	static
../Core/Src/CAN.c:553:6:setMotorRPM	40	static
../Core/Src/CAN.c:557:6:setMotorPosition	40	static
../Core/Src/CAN.c:561:10:getRotorPosition	16	static
../Core/Src/CAN.c:581:9:getMotorRPM	16	static
../Core/Src/CAN.c:601:9:getMotorCurrent	16	static
../Core/Src/CAN.c:621:9:getMotorTemperature	16	static
../Core/Src/CAN.c:642:6:CAN_Init	48	static
../Core/Src/CAN.c:667:13:CAN_RxEventCallbackPT	16	static
