../Core/Src/main.c:135:5:main	8	static
../Core/Src/main.c:235:6:SystemClock_Config	88	static
../Core/Src/main.c:285:13:MX_CAN1_Init	8	static
../Core/Src/main.c:322:13:MX_CAN2_Init	8	static
../Core/Src/main.c:359:13:MX_I2C3_Init	8	static
../Core/Src/main.c:393:13:MX_SPI1_Init	8	static
../Core/Src/main.c:431:13:MX_TIM1_Init	80	static
../Core/Src/main.c:508:13:MX_TIM4_Init	64	static
../Core/Src/main.c:567:13:MX_TIM5_Init	48	static
../Core/Src/main.c:624:13:MX_TIM8_Init	80	static
../Core/Src/main.c:697:13:MX_TIM10_Init	40	static
../Core/Src/main.c:743:13:MX_USART1_UART_Init	8	static
../Core/Src/main.c:776:13:MX_USART3_UART_Init	8	static
../Core/Src/main.c:809:13:MX_USART6_UART_Init	8	static
../Core/Src/main.c:840:13:MX_DMA_Init	16	static
../Core/Src/main.c:865:13:MX_GPIO_Init	64	static
../Core/Src/main.c:954:6:StartFlowManager	24	static
../Core/Src/main.c:998:13:imu_temp_control_task	16	static
../Core/Src/main.c:1016:6:StartChassisTask	1592	static
../Core/Src/main.c:1090:6:Error_Handler	4	static,ignoring_inline_asm
