../Core/Src/main.c:134:5:main	8	static
../Core/Src/main.c:234:6:SystemClock_Config	88	static
../Core/Src/main.c:284:13:MX_CAN1_Init	8	static
../Core/Src/main.c:321:13:MX_CAN2_Init	8	static
../Core/Src/main.c:358:13:MX_I2C3_Init	8	static
../Core/Src/main.c:392:13:MX_SPI1_Init	8	static
../Core/Src/main.c:430:13:MX_TIM1_Init	80	static
../Core/Src/main.c:507:13:MX_TIM4_Init	64	static
../Core/Src/main.c:566:13:MX_TIM5_Init	48	static
../Core/Src/main.c:623:13:MX_TIM8_Init	80	static
../Core/Src/main.c:696:13:MX_TIM10_Init	40	static
../Core/Src/main.c:742:13:MX_USART1_UART_Init	8	static
../Core/Src/main.c:775:13:MX_USART3_UART_Init	8	static
../Core/Src/main.c:808:13:MX_USART6_UART_Init	8	static
../Core/Src/main.c:839:13:MX_DMA_Init	16	static
../Core/Src/main.c:864:13:MX_GPIO_Init	64	static
../Core/Src/main.c:953:6:StartFlowManager	24	static
../Core/Src/main.c:996:13:imu_temp_control_task	16	static
../Core/Src/main.c:1014:6:StartChassisTask	80	static
../Core/Src/main.c:1168:6:Error_Handler	4	static,ignoring_inline_asm
