Archive member included to satisfy reference by file (symbol)

/Applications/STM32CubeIDE.app/Contents/Eclipse/plugins/com.st.stm32cube.ide.mcu.externaltools.gnu-tools-for-stm32.12.3.rel1.macos64_1.0.100.202403111906/tools/bin/../lib/gcc/arm-none-eabi/12.3.1/../../../../arm-none-eabi/lib/thumb/v7e-m+fp/hard/libc_nano.a(libc_a-exit.o)
                              /Applications/STM32CubeIDE.app/Contents/Eclipse/plugins/com.st.stm32cube.ide.mcu.externaltools.gnu-tools-for-stm32.12.3.rel1.macos64_1.0.100.202403111906/tools/bin/../lib/gcc/arm-none-eabi/12.3.1/../../../../arm-none-eabi/lib/thumb/v7e-m+fp/hard/crt0.o (exit)
/Applications/STM32CubeIDE.app/Contents/Eclipse/plugins/com.st.stm32cube.ide.mcu.externaltools.gnu-tools-for-stm32.12.3.rel1.macos64_1.0.100.202403111906/tools/bin/../lib/gcc/arm-none-eabi/12.3.1/../../../../arm-none-eabi/lib/thumb/v7e-m+fp/hard/libc_nano.a(libc_a-findfp.o)
                              ./Middlewares/Third_Party/FreeRTOS/Source/tasks.o (__sf)
/Applications/STM32CubeIDE.app/Contents/Eclipse/plugins/com.st.stm32cube.ide.mcu.externaltools.gnu-tools-for-stm32.12.3.rel1.macos64_1.0.100.202403111906/tools/bin/../lib/gcc/arm-none-eabi/12.3.1/../../../../arm-none-eabi/lib/thumb/v7e-m+fp/hard/libc_nano.a(libc_a-fwalk.o)
                              /Applications/STM32CubeIDE.app/Contents/Eclipse/plugins/com.st.stm32cube.ide.mcu.externaltools.gnu-tools-for-stm32.12.3.rel1.macos64_1.0.100.202403111906/tools/bin/../lib/gcc/arm-none-eabi/12.3.1/../../../../arm-none-eabi/lib/thumb/v7e-m+fp/hard/libc_nano.a(libc_a-findfp.o) (_fwalk_sglue)
/Applications/STM32CubeIDE.app/Contents/Eclipse/plugins/com.st.stm32cube.ide.mcu.externaltools.gnu-tools-for-stm32.12.3.rel1.macos64_1.0.100.202403111906/tools/bin/../lib/gcc/arm-none-eabi/12.3.1/../../../../arm-none-eabi/lib/thumb/v7e-m+fp/hard/libc_nano.a(libc_a-memset.o)
                              /Applications/STM32CubeIDE.app/Contents/Eclipse/plugins/com.st.stm32cube.ide.mcu.externaltools.gnu-tools-for-stm32.12.3.rel1.macos64_1.0.100.202403111906/tools/bin/../lib/gcc/arm-none-eabi/12.3.1/../../../../arm-none-eabi/lib/thumb/v7e-m+fp/hard/crt0.o (memset)
/Applications/STM32CubeIDE.app/Contents/Eclipse/plugins/com.st.stm32cube.ide.mcu.externaltools.gnu-tools-for-stm32.12.3.rel1.macos64_1.0.100.202403111906/tools/bin/../lib/gcc/arm-none-eabi/12.3.1/../../../../arm-none-eabi/lib/thumb/v7e-m+fp/hard/libc_nano.a(libc_a-reent.o)
                              ./Middlewares/Third_Party/FreeRTOS/Source/tasks.o (_reclaim_reent)
/Applications/STM32CubeIDE.app/Contents/Eclipse/plugins/com.st.stm32cube.ide.mcu.externaltools.gnu-tools-for-stm32.12.3.rel1.macos64_1.0.100.202403111906/tools/bin/../lib/gcc/arm-none-eabi/12.3.1/../../../../arm-none-eabi/lib/thumb/v7e-m+fp/hard/libc_nano.a(libc_a-impure.o)
                              ./Middlewares/Third_Party/FreeRTOS/Source/tasks.o (_impure_ptr)
/Applications/STM32CubeIDE.app/Contents/Eclipse/plugins/com.st.stm32cube.ide.mcu.externaltools.gnu-tools-for-stm32.12.3.rel1.macos64_1.0.100.202403111906/tools/bin/../lib/gcc/arm-none-eabi/12.3.1/../../../../arm-none-eabi/lib/thumb/v7e-m+fp/hard/libc_nano.a(libc_a-errno.o)
                              ./Core/Src/syscalls.o (__errno)
/Applications/STM32CubeIDE.app/Contents/Eclipse/plugins/com.st.stm32cube.ide.mcu.externaltools.gnu-tools-for-stm32.12.3.rel1.macos64_1.0.100.202403111906/tools/bin/../lib/gcc/arm-none-eabi/12.3.1/../../../../arm-none-eabi/lib/thumb/v7e-m+fp/hard/libc_nano.a(libc_a-init.o)
                              /Applications/STM32CubeIDE.app/Contents/Eclipse/plugins/com.st.stm32cube.ide.mcu.externaltools.gnu-tools-for-stm32.12.3.rel1.macos64_1.0.100.202403111906/tools/bin/../lib/gcc/arm-none-eabi/12.3.1/../../../../arm-none-eabi/lib/thumb/v7e-m+fp/hard/crt0.o (__libc_init_array)
/Applications/STM32CubeIDE.app/Contents/Eclipse/plugins/com.st.stm32cube.ide.mcu.externaltools.gnu-tools-for-stm32.12.3.rel1.macos64_1.0.100.202403111906/tools/bin/../lib/gcc/arm-none-eabi/12.3.1/../../../../arm-none-eabi/lib/thumb/v7e-m+fp/hard/libc_nano.a(libc_a-lock.o)
                              /Applications/STM32CubeIDE.app/Contents/Eclipse/plugins/com.st.stm32cube.ide.mcu.externaltools.gnu-tools-for-stm32.12.3.rel1.macos64_1.0.100.202403111906/tools/bin/../lib/gcc/arm-none-eabi/12.3.1/../../../../arm-none-eabi/lib/thumb/v7e-m+fp/hard/libc_nano.a(libc_a-findfp.o) (__retarget_lock_init_recursive)
/Applications/STM32CubeIDE.app/Contents/Eclipse/plugins/com.st.stm32cube.ide.mcu.externaltools.gnu-tools-for-stm32.12.3.rel1.macos64_1.0.100.202403111906/tools/bin/../lib/gcc/arm-none-eabi/12.3.1/../../../../arm-none-eabi/lib/thumb/v7e-m+fp/hard/libc_nano.a(libc_a-memcpy-stub.o)
                              ./Core/Src/main.o (memcpy)
[...]
Memory Configuration

Name             Origin             Length             Attributes
CCMRAM           0x10000000         0x00010000         xrw
RAM              0x20000000         0x00020000         xrw
FLASH            0x08000000         0x00100000         xr
*default*        0x00000000         0xffffffff

Linker script and memory map

LOAD /Applications/STM32CubeIDE.app/Contents/Eclipse/plugins/com.st.stm32cube.ide.mcu.externaltools.gnu-tools-for-stm32.12.3.rel1.macos64_1.0.100.202403111906/tools/bin/../lib/gcc/arm-none-eabi/12.3.1/thumb/v7e-m+fp/hard/crti.o
LOAD /Applications/STM32CubeIDE.app/Contents/Eclipse/plugins/com.st.stm32cube.ide.mcu.externaltools.gnu-tools-for-stm32.12.3.rel1.macos64_1.0.100.202403111906/tools/bin/../lib/gcc/arm-none-eabi/12.3.1/thumb/v7e-m+fp/hard/crtbegin.o
LOAD /Applications/STM32CubeIDE.app/Contents/Eclipse/plugins/com.st.stm32cube.ide.mcu.externaltools.gnu-tools-for-stm32.12.3.rel1.macos64_1.0.100.202403111906/tools/bin/../lib/gcc/arm-none-eabi/12.3.1/../../../../arm-none-eabi/lib/thumb/v7e-m+fp/hard/crt0.o
LOAD ./Core/Src/freertos.o
LOAD ./Core/Src/main.o
LOAD ./Core/Src/pwm.o
LOAD ./Core/Src/stm32f4xx_hal_msp.o
LOAD ./Core/Src/stm32f4xx_it.o
LOAD ./Core/Src/syscalls.o
LOAD ./Core/Src/sysmem.o
LOAD ./Core/Src/system_stm32f4xx.o
LOAD ./Core/Startup/startup_stm32f407ighx.o
LOAD ./Drivers/STM32F4xx_HAL_Driver/Src/stm32f4xx_hal.o
LOAD ./Drivers/STM32F4xx_HAL_Driver/Src/stm32f4xx_hal_can.o
LOAD ./Drivers/STM32F4xx_HAL_Driver/Src/stm32f4xx_hal_cortex.o
LOAD ./Drivers/STM32F4xx_HAL_Driver/Src/stm32f4xx_hal_dma.o
LOAD ./Drivers/STM32F4xx_HAL_Driver/Src/stm32f4xx_hal_dma_ex.o
LOAD ./Drivers/STM32F4xx_HAL_Driver/Src/stm32f4xx_hal_exti.o
LOAD ./Drivers/STM32F4xx_HAL_Driver/Src/stm32f4xx_hal_flash.o
LOAD ./Drivers/STM32F4xx_HAL_Driver/Src/stm32f4xx_hal_flash_ex.o
LOAD ./Drivers/STM32F4xx_HAL_Driver/Src/stm32f4xx_hal_flash_ramfunc.o
LOAD ./Drivers/STM32F4xx_HAL_Driver/Src/stm32f4xx_hal_gpio.o
LOAD ./Drivers/STM32F4xx_HAL_Driver/Src/stm32f4xx_hal_i2c.o
LOAD ./Drivers/STM32F4xx_HAL_Driver/Src/stm32f4xx_hal_i2c_ex.o
LOAD ./Drivers/STM32F4xx_HAL_Driver/Src/stm32f4xx_hal_pwr.o
LOAD ./Drivers/STM32F4xx_HAL_Driver/Src/stm32f4xx_hal_pwr_ex.o
LOAD ./Drivers/STM32F4xx_HAL_Driver/Src/stm32f4xx_hal_rcc.o
LOAD ./Drivers/STM32F4xx_HAL_Driver/Src/stm32f4xx_hal_rcc_ex.o
LOAD ./Drivers/STM32F4xx_HAL_Driver/Src/stm32f4xx_hal_spi.o
LOAD ./Drivers/STM32F4xx_HAL_Driver/Src/stm32f4xx_hal_tim.o
LOAD ./Drivers/STM32F4xx_HAL_Driver/Src/stm32f4xx_hal_tim_ex.o
LOAD ./Drivers/STM32F4xx_HAL_Driver/Src/stm32f4xx_hal_uart.o
LOAD ./Middlewares/Third_Party/FreeRTOS/Source/CMSIS_RTOS_V2/cmsis_os2.o
LOAD ./Middlewares/Third_Party/FreeRTOS/Source/croutine.o
LOAD ./Middlewares/Third_Party/FreeRTOS/Source/event_groups.o
LOAD ./Middlewares/Third_Party/FreeRTOS/Source/list.o
LOAD ./Middlewares/Third_Party/FreeRTOS/Source/queue.o
LOAD ./Middlewares/Third_Party/FreeRTOS/Source/stream_buffer.o
LOAD ./Middlewares/Third_Party/FreeRTOS/Source/tasks.o
LOAD ./Middlewares/Third_Party/FreeRTOS/Source/timers.o
LOAD ./Middlewares/Third_Party/FreeRTOS/Source/portable/GCC/ARM_CM4F/port.o
LOAD ./Middlewares/Third_Party/FreeRTOS/Source/portable/MemMang/heap_4.o
START GROUP
LOAD /Applications/STM32CubeIDE.app/Contents/Eclipse/plugins/com.st.stm32cube.ide.mcu.externaltools.gnu-tools-for-stm32.12.3.rel1.macos64_1.0.100.202403111906/tools/bin/../lib/gcc/arm-none-eabi/12.3.1/../../../../arm-none-eabi/lib/thumb/v7e-m+fp/hard/libc_nano.a
LOAD /Applications/STM32CubeIDE.app/Contents/Eclipse/plugins/com.st.stm32cube.ide.mcu.externaltools.gnu-tools-for-stm32.12.3.rel1.macos64_1.0.100.202403111906/tools/bin/../lib/gcc/arm-none-eabi/12.3.1/../../../../arm-none-eabi/lib/thumb/v7e-m+fp/hard/libm.a
END GROUP
START GROUP
LOAD /Applications/STM32CubeIDE.app/Contents/Eclipse/plugins/com.st.stm32cube.ide.mcu.externaltools.gnu-tools-for-stm32.12.3.rel1.macos64_1.0.100.202403111906/tools/bin/../lib/gcc/arm-none-eabi/12.3.1/thumb/v7e-m+fp/hard/libgcc.a
LOAD /Applications/STM32CubeIDE.app/Contents/Eclipse/plugins/com.st.stm32cube.ide.mcu.externaltools.gnu-tools-for-stm32.12.3.rel1.macos64_1.0.100.202403111906/tools/bin/../lib/gcc/arm-none-eabi/12.3.1/../../../../arm-none-eabi/lib/thumb/v7e-m+fp/hard/libc_nano.a
END GROUP
START GROUP
LOAD /Applications/STM32CubeIDE.app/Contents/Eclipse/plugins/com.st.stm32cube.ide.mcu.externaltools.gnu-tools-for-stm32.12.3.rel1.macos64_1.0.100.202403111906/tools/bin/../lib/gcc/arm-none-eabi/12.3.1/thumb/v7e-m+fp/hard/libgcc.a
LOAD /Applications/STM32CubeIDE.app/Contents/Eclipse/plugins/com.st.stm32cube.ide.mcu.externaltools.gnu-tools-for-stm32.12.3.rel1.macos64_1.0.100.202403111906/tools/bin/../lib/gcc/arm-none-eabi/12.3.1/../../../../arm-none-eabi/lib/thumb/v7e-m+fp/hard/libc_nano.a
LOAD /Applications/STM32CubeIDE.app/Contents/Eclipse/plugins/com.st.stm32cube.ide.mcu.externaltools.gnu-tools-for-stm32.12.3.rel1.macos64_1.0.100.202403111906/tools/bin/../lib/gcc/arm-none-eabi/12.3.1/../../../../arm-none-eabi/lib/thumb/v7e-m+fp/hard/libnosys.a
END GROUP
START GROUP
LOAD /Applications/STM32CubeIDE.app/Contents/Eclipse/plugins/com.st.stm32cube.ide.mcu.externaltools.gnu-tools-for-stm32.12.3.rel1.macos64_1.0.100.202403111906/tools/bin/../lib/gcc/arm-none-eabi/12.3.1/thumb/v7e-m+fp/hard/libgcc.a
LOAD /Applications/STM32CubeIDE.app/Contents/Eclipse/plugins/com.st.stm32cube.ide.mcu.externaltools.gnu-tools-for-stm32.12.3.rel1.macos64_1.0.100.202403111906/tools/bin/../lib/gcc/arm-none-eabi/12.3.1/../../../../arm-none-eabi/lib/thumb/v7e-m+fp/hard/libc_nano.a
LOAD /Applications/STM32CubeIDE.app/Contents/Eclipse/plugins/com.st.stm32cube.ide.mcu.externaltools.gnu-tools-for-stm32.12.3.rel1.macos64_1.0.100.202403111906/tools/bin/../lib/gcc/arm-none-eabi/12.3.1/../../../../arm-none-eabi/lib/thumb/v7e-m+fp/hard/libnosys.a
END GROUP
LOAD /Applications/STM32CubeIDE.app/Contents/Eclipse/plugins/com.st.stm32cube.ide.mcu.externaltools.gnu-tools-for-stm32.12.3.rel1.macos64_1.0.100.202403111906/tools/bin/../lib/gcc/arm-none-eabi/12.3.1/thumb/v7e-m+fp/hard/crtend.o
LOAD /Applications/STM32CubeIDE.app/Contents/Eclipse/plugins/com.st.stm32cube.ide.mcu.externaltools.gnu-tools-for-stm32.12.3.rel1.macos64_1.0.100.202403111906/tools/bin/../lib/gcc/arm-none-eabi/12.3.1/thumb/v7e-m+fp/hard/crtn.o
                0x20020000                        _estack = (ORIGIN (RAM) + LENGTH (RAM))
                0x00000200                        _Min_Heap_Size = 0x200
                0x00000400                        _Min_Stack_Size = 0x400

.isr_vector     0x08000000      0x188
                0x08000000                        . = ALIGN (0x4)
 *(.isr_vector)
 .isr_vector    0x08000000      0x188 ./Core/Startup/startup_stm32f407ighx.o
                0x08000000                g_pfnVectors
                0x08000188                        . = ALIGN (0x4)

.text           0x08000190     0x8ea0
                0x08000190                        . = ALIGN (0x4)
 *(.text)
 .text          0x08000190       0x40 /Applications/STM32CubeIDE.app/Contents/Eclipse/plugins/com.st.stm32cube.ide.mcu.externaltools.gnu-tools-for-stm32.12.3.rel1.macos64_1.0.100.202403111906/tools/bin/../lib/gcc/arm-none-eabi/12.3.1/thumb/v7e-m+fp/hard/crtbegin.o
 .text          0x080001d0       0x30 /Applications/STM32CubeIDE.app/Contents/Eclipse/plugins/com.st.stm32cube.ide.mcu.externaltools.gnu-tools-for-stm32.12.3.rel1.macos64_1.0.100.202403111906/tools/bin/../lib/gcc/arm-none-eabi/12.3.1/thumb/v7e-m+fp/hard/libgcc.a(_aeabi_uldivmod.o)
                0x080001d0                __aeabi_uldivmod
 .text          0x08000200      0x2bc /Applications/STM32CubeIDE.app/Contents/Eclipse/plugins/com.st.stm32cube.ide.mcu.externaltools.gnu-tools-for-stm32.12.3.rel1.macos64_1.0.100.202403111906/tools/bin/../lib/gcc/arm-none-eabi/12.3.1/thumb/v7e-m+fp/hard/libgcc.a(_udivmoddi4.o)
                0x08000200                __udivmoddi4
 .text          0x080004bc        0x4 /Applications/STM32CubeIDE.app/Contents/Eclipse/plugins/com.st.stm32cube.ide.mcu.externaltools.gnu-tools-for-stm32.12.3.rel1.macos64_1.0.100.202403111906/tools/bin/../lib/gcc/arm-none-eabi/12.3.1/thumb/v7e-m+fp/hard/libgcc.a(_dvmd_tls.o)
                0x080004bc                __aeabi_ldiv0
                0x080004bc                __aeabi_idiv0
 *(.text*)
 .text.main     0x080004c0       0xc0 ./Core/Src/main.o
                0x080004c0                main
 .text.SystemClock_Config
                0x08000580       0xd8 ./Core/Src/main.o
                0x08000580                SystemClock_Config
 .text.MX_CAN1_Init
                0x08000658       0x6c ./Core/Src/main.o
 .text.MX_CAN2_Init
                0x080006c4       0x6c ./Core/Src/main.o
 .text.MX_I2C3_Init
                0x08000730       0x5c ./Core/Src/main.o
 .text.MX_SPI1_Init
                0x0800078c       0x6c ./Core/Src/main.o
 .text.MX_TIM1_Init
                0x080007f8      0x150 ./Core/Src/main.o
 .text.MX_TIM4_Init
                0x08000948       0xec ./Core/Src/main.o
 .text.MX_TIM5_Init
                0x08000a34       0xe0 ./Core/Src/main.o
 .text.MX_TIM8_Init
                0x08000b14      0x138 ./Core/Src/main.o
 .text.MX_TIM10_Init
                0x08000c4c       0x9c ./Core/Src/main.o
 .text.MX_USART1_UART_Init
                0x08000ce8       0x54 ./Core/Src/main.o
 .text.MX_USART3_UART_Init
                0x08000d3c       0x58 ./Core/Src/main.o
 .text.MX_USART6_UART_Init
                0x08000d94       0x54 ./Core/Src/main.o
 .text.MX_DMA_Init
                0x08000de8       0x9c ./Core/Src/main.o
 .text.MX_GPIO_Init
                0x08000e84      0x1f4 ./Core/Src/main.o
 .text.TaskMain
                0x08001078       0x10 ./Core/Src/main.o
                0x08001078                TaskMain
 .text.TaskChassis
                0x08001088       0xac ./Core/Src/main.o
                0x08001088                TaskChassis
 .text.imu_temp_control_task
                0x08001134       0x10 ./Core/Src/main.o
                0x08001134                imu_temp_control_task
 .text.TaskTurret
                0x08001144       0x10 ./Core/Src/main.o
                0x08001144                TaskTurret
 .text.Error_Handler
                0x08001154        0xc ./Core/Src/main.o
                0x08001154                Error_Handler
 .text.PWMInit  0x08001160       0x48 ./Core/Src/pwm.o
                0x08001160                PWMInit
 .text.calculateOutputPeriodToGetFrequency
                0x080011a8       0xe0 ./Core/Src/pwm.o
                0x080011a8                calculateOutputPeriodToGetFrequency
 .text.safeOutputPeriodValueCalculator
                0x08001288       0x38 ./Core/Src/pwm.o
                0x08001288                safeOutputPeriodValueCalculator
 .text.calculateOutputPeriodValue
                0x080012c0       0xe4 ./Core/Src/pwm.o
                0x080012c0                calculateOutputPeriodValue
 .text.PWMInitialize
                0x080013a4      0x14c ./Core/Src/pwm.o
                0x080013a4                PWMInitialize
 .text.initializePeriod
                0x080014f0       0xb0 ./Core/Src/pwm.o
                0x080014f0                initializePeriod
 .text.PWMOutput
                0x080015a0       0x64 ./Core/Src/pwm.o
                0x080015a0                PWMOutput
 .text.PWMTimerStarter
                0x08001604      0x244 ./Core/Src/pwm.o
                0x08001604                PWMTimerStarter
 .text.HAL_MspInit
                0x08001848       0x58 ./Core/Src/stm32f4xx_hal_msp.o
                0x08001848                HAL_MspInit
 .text.HAL_CAN_MspInit
                0x080018a0      0x160 ./Core/Src/stm32f4xx_hal_msp.o
                0x080018a0                HAL_CAN_MspInit
 .text.HAL_I2C_MspInit
                0x08001a00       0xd4 ./Core/Src/stm32f4xx_hal_msp.o
                0x08001a00                HAL_I2C_MspInit
 .text.HAL_SPI_MspInit
                0x08001ad4       0xd0 ./Core/Src/stm32f4xx_hal_msp.o
                0x08001ad4                HAL_SPI_MspInit
 .text.HAL_TIM_PWM_MspInit
                0x08001ba4       0x9c ./Core/Src/stm32f4xx_hal_msp.o
                0x08001ba4                HAL_TIM_PWM_MspInit
 .text.HAL_TIM_Base_MspInit
                0x08001c40       0x70 ./Core/Src/stm32f4xx_hal_msp.o
                0x08001c40                HAL_TIM_Base_MspInit
 .text.HAL_TIM_MspPostInit
                0x08001cb0      0x1f8 ./Core/Src/stm32f4xx_hal_msp.o
                0x08001cb0                HAL_TIM_MspPostInit
 .text.HAL_UART_MspInit
                0x08001ea8      0x3e8 ./Core/Src/stm32f4xx_hal_msp.o
                0x08001ea8                HAL_UART_MspInit
 .text.NMI_Handler
                0x08002290        0xc ./Core/Src/stm32f4xx_it.o
                0x08002290                NMI_Handler
 .text.HardFault_Handler
                0x0800229c        0x8 ./Core/Src/stm32f4xx_it.o
                0x0800229c                HardFault_Handler
 .text.MemManage_Handler
                0x080022a4        0x8 ./Core/Src/stm32f4xx_it.o
                0x080022a4                MemManage_Handler
 .text.BusFault_Handler
                0x080022ac        0x8 ./Core/Src/stm32f4xx_it.o
                0x080022ac                BusFault_Handler
 .text.UsageFault_Handler
                0x080022b4        0x8 ./Core/Src/stm32f4xx_it.o
                0x080022b4                UsageFault_Handler
 .text.DebugMon_Handler
                0x080022bc        0xe ./Core/Src/stm32f4xx_it.o
                0x080022bc                DebugMon_Handler
 .text.SysTick_Handler
                0x080022ca       0x1a ./Core/Src/stm32f4xx_it.o
                0x080022ca                SysTick_Handler
 .text.EXTI3_IRQHandler
                0x080022e4        0xe ./Core/Src/stm32f4xx_it.o
                0x080022e4                EXTI3_IRQHandler
 .text.EXTI4_IRQHandler
                0x080022f2        0xe ./Core/Src/stm32f4xx_it.o
                0x080022f2                EXTI4_IRQHandler
 .text.DMA1_Stream1_IRQHandler
                0x08002300       0x14 ./Core/Src/stm32f4xx_it.o
                0x08002300                DMA1_Stream1_IRQHandler
 .text.CAN1_RX0_IRQHandler
                0x08002314       0x14 ./Core/Src/stm32f4xx_it.o
                0x08002314                CAN1_RX0_IRQHandler
 .text.USART1_IRQHandler
                0x08002328       0x14 ./Core/Src/stm32f4xx_it.o
                0x08002328                USART1_IRQHandler
 .text.DMA2_Stream1_IRQHandler
                0x0800233c       0x14 ./Core/Src/stm32f4xx_it.o
                0x0800233c                DMA2_Stream1_IRQHandler
 .text.DMA2_Stream2_IRQHandler
                0x08002350       0x14 ./Core/Src/stm32f4xx_it.o
                0x08002350                DMA2_Stream2_IRQHandler
 .text.CAN2_RX0_IRQHandler
                0x08002364       0x14 ./Core/Src/stm32f4xx_it.o
                0x08002364                CAN2_RX0_IRQHandler
 .text.DMA2_Stream6_IRQHandler
                0x08002378       0x14 ./Core/Src/stm32f4xx_it.o
                0x08002378                DMA2_Stream6_IRQHandler
 .text.DMA2_Stream7_IRQHandler
                0x0800238c       0x14 ./Core/Src/stm32f4xx_it.o
                0x0800238c                DMA2_Stream7_IRQHandler
 .text.USART6_IRQHandler
                0x080023a0       0x14 ./Core/Src/stm32f4xx_it.o
                0x080023a0                USART6_IRQHandler
 .text.SystemInit
                0x080023b4       0x24 ./Core/Src/system_stm32f4xx.o
                0x080023b4                SystemInit
 .text.Reset_Handler
                0x080023d8       0x50 ./Core/Startup/startup_stm32f407ighx.o
                0x080023d8                Reset_Handler
 .text.Default_Handler
                0x08002428        0x2 ./Core/Startup/startup_stm32f407ighx.o
                0x08002428                DMA1_Stream3_IRQHandler
                0x08002428                HASH_RNG_IRQHandler
                0x08002428                EXTI2_IRQHandler
                0x08002428                TIM8_CC_IRQHandler
                0x08002428                TIM1_CC_IRQHandler
                0x08002428                DMA2_Stream5_IRQHandler
                0x08002428                DMA1_Stream5_IRQHandler
                0x08002428                PVD_IRQHandler
                0x08002428                SDIO_IRQHandler
                0x08002428                TAMP_STAMP_IRQHandler
                0x08002428                CAN2_RX1_IRQHandler
                0x08002428                TIM8_TRG_COM_TIM14_IRQHandler
                0x08002428                TIM1_UP_TIM10_IRQHandler
                0x08002428                TIM8_UP_TIM13_IRQHandler
                0x08002428                I2C3_ER_IRQHandler
                0x08002428                EXTI0_IRQHandler
                0x08002428                I2C2_EV_IRQHandler
                0x08002428                DMA1_Stream2_IRQHandler
                0x08002428                FPU_IRQHandler
                0x08002428                OTG_HS_WKUP_IRQHandler
                0x08002428                CAN2_SCE_IRQHandler
                0x08002428                SPI1_IRQHandler
                0x08002428                TIM6_DAC_IRQHandler
                0x08002428                TIM1_BRK_TIM9_IRQHandler
                0x08002428                DCMI_IRQHandler
                0x08002428                DMA2_Stream3_IRQHandler
                0x08002428                USART3_IRQHandler
                0x08002428                CAN1_RX1_IRQHandler
                0x08002428                UART5_IRQHandler
                0x08002428                DMA2_Stream0_IRQHandler
                0x08002428                TIM4_IRQHandler
                0x08002428                I2C1_EV_IRQHandler
                0x08002428                DMA1_Stream6_IRQHandler
                0x08002428                UART4_IRQHandler
                0x08002428                TIM3_IRQHandler
                0x08002428                RCC_IRQHandler
                0x08002428                TIM8_BRK_TIM12_IRQHandler
                0x08002428                Default_Handler
                0x08002428                EXTI15_10_IRQHandler
                0x08002428                ADC_IRQHandler
                0x08002428                DMA1_Stream7_IRQHandler
                0x08002428                TIM7_IRQHandler
                0x08002428                CAN2_TX_IRQHandler
                0x08002428                TIM5_IRQHandler
                0x08002428                I2C3_EV_IRQHandler
                0x08002428                EXTI9_5_IRQHandler
                0x08002428                RTC_WKUP_IRQHandler
                0x08002428                ETH_WKUP_IRQHandler
                0x08002428                SPI2_IRQHandler
                0x08002428                OTG_HS_EP1_IN_IRQHandler
                0x08002428                DMA1_Stream0_IRQHandler
                0x08002428                CAN1_TX_IRQHandler
                0x08002428                FSMC_IRQHandler
                0x08002428                ETH_IRQHandler
                0x08002428                OTG_HS_EP1_OUT_IRQHandler
                0x08002428                WWDG_IRQHandler
                0x08002428                TIM2_IRQHandler
                0x08002428                OTG_FS_WKUP_IRQHandler
                0x08002428                TIM1_TRG_COM_TIM11_IRQHandler
                0x08002428                OTG_HS_IRQHandler
                0x08002428                EXTI1_IRQHandler
                0x08002428                USART2_IRQHandler
                0x08002428                I2C2_ER_IRQHandler
                0x08002428                CAN1_SCE_IRQHandler
                0x08002428                FLASH_IRQHandler
                0x08002428                DMA2_Stream4_IRQHandler
                0x08002428                OTG_FS_IRQHandler
                0x08002428                SPI3_IRQHandler
                0x08002428                DMA1_Stream4_IRQHandler
                0x08002428                I2C1_ER_IRQHandler
                0x08002428                RTC_Alarm_IRQHandler
 *fill*         0x0800242a        0x2 
 .text.HAL_Init
                0x0800242c       0x44 ./Drivers/STM32F4xx_HAL_Driver/Src/stm32f4xx_hal.o
                0x0800242c                HAL_Init
 .text.HAL_InitTick
                0x08002470       0x60 ./Drivers/STM32F4xx_HAL_Driver/Src/stm32f4xx_hal.o
                0x08002470                HAL_InitTick
 .text.HAL_IncTick
                0x080024d0       0x28 ./Drivers/STM32F4xx_HAL_Driver/Src/stm32f4xx_hal.o
                0x080024d0                HAL_IncTick
 .text.HAL_GetTick
                0x080024f8       0x18 ./Drivers/STM32F4xx_HAL_Driver/Src/stm32f4xx_hal.o
                0x080024f8                HAL_GetTick
 .text.HAL_CAN_Init
                0x08002510      0x1f6 ./Drivers/STM32F4xx_HAL_Driver/Src/stm32f4xx_hal_can.o
                0x08002510                HAL_CAN_Init
 .text.HAL_CAN_IRQHandler
                0x08002706      0x36e ./Drivers/STM32F4xx_HAL_Driver/Src/stm32f4xx_hal_can.o
                0x08002706                HAL_CAN_IRQHandler
 .text.HAL_CAN_TxMailbox0CompleteCallback
                0x08002a74       0x14 ./Drivers/STM32F4xx_HAL_Driver/Src/stm32f4xx_hal_can.o
                0x08002a74                HAL_CAN_TxMailbox0CompleteCallback
 .text.HAL_CAN_TxMailbox1CompleteCallback
                0x08002a88       0x14 ./Drivers/STM32F4xx_HAL_Driver/Src/stm32f4xx_hal_can.o
                0x08002a88                HAL_CAN_TxMailbox1CompleteCallback
 .text.HAL_CAN_TxMailbox2CompleteCallback
                0x08002a9c       0x14 ./Drivers/STM32F4xx_HAL_Driver/Src/stm32f4xx_hal_can.o
                0x08002a9c                HAL_CAN_TxMailbox2CompleteCallback
 .text.HAL_CAN_TxMailbox0AbortCallback
                0x08002ab0       0x14 ./Drivers/STM32F4xx_HAL_Driver/Src/stm32f4xx_hal_can.o
                0x08002ab0                HAL_CAN_TxMailbox0AbortCallback
 .text.HAL_CAN_TxMailbox1AbortCallback
                0x08002ac4       0x14 ./Drivers/STM32F4xx_HAL_Driver/Src/stm32f4xx_hal_can.o
                0x08002ac4                HAL_CAN_TxMailbox1AbortCallback
 .text.HAL_CAN_TxMailbox2AbortCallback
                0x08002ad8       0x14 ./Drivers/STM32F4xx_HAL_Driver/Src/stm32f4xx_hal_can.o
                0x08002ad8                HAL_CAN_TxMailbox2AbortCallback
 .text.HAL_CAN_RxFifo0MsgPendingCallback
                0x08002aec       0x14 ./Drivers/STM32F4xx_HAL_Driver/Src/stm32f4xx_hal_can.o
                0x08002aec                HAL_CAN_RxFifo0MsgPendingCallback
 .text.HAL_CAN_RxFifo0FullCallback
                0x08002b00       0x14 ./Drivers/STM32F4xx_HAL_Driver/Src/stm32f4xx_hal_can.o
                0x08002b00                HAL_CAN_RxFifo0FullCallback
 .text.HAL_CAN_RxFifo1MsgPendingCallback
                0x08002b14       0x14 ./Drivers/STM32F4xx_HAL_Driver/Src/stm32f4xx_hal_can.o
                0x08002b14                HAL_CAN_RxFifo1MsgPendingCallback
 .text.HAL_CAN_RxFifo1FullCallback
                0x08002b28       0x14 ./Drivers/STM32F4xx_HAL_Driver/Src/stm32f4xx_hal_can.o
                0x08002b28                HAL_CAN_RxFifo1FullCallback
 .text.HAL_CAN_SleepCallback
                0x08002b3c       0x14 ./Drivers/STM32F4xx_HAL_Driver/Src/stm32f4xx_hal_can.o
                0x08002b3c                HAL_CAN_SleepCallback
 .text.HAL_CAN_WakeUpFromRxMsgCallback
                0x08002b50       0x14 ./Drivers/STM32F4xx_HAL_Driver/Src/stm32f4xx_hal_can.o
                0x08002b50                HAL_CAN_WakeUpFromRxMsgCallback
 .text.HAL_CAN_ErrorCallback
                0x08002b64       0x14 ./Drivers/STM32F4xx_HAL_Driver/Src/stm32f4xx_hal_can.o
                0x08002b64                HAL_CAN_ErrorCallback
 .text.__NVIC_SetPriorityGrouping
                0x08002b78       0x48 ./Drivers/STM32F4xx_HAL_Driver/Src/stm32f4xx_hal_cortex.o
 .text.__NVIC_GetPriorityGrouping
                0x08002bc0       0x1c ./Drivers/STM32F4xx_HAL_Driver/Src/stm32f4xx_hal_cortex.o
 .text.__NVIC_EnableIRQ
                0x08002bdc       0x3c ./Drivers/STM32F4xx_HAL_Driver/Src/stm32f4xx_hal_cortex.o
 .text.__NVIC_SetPriority
                0x08002c18       0x54 ./Drivers/STM32F4xx_HAL_Driver/Src/stm32f4xx_hal_cortex.o
 .text.NVIC_EncodePriority
                0x08002c6c       0x66 ./Drivers/STM32F4xx_HAL_Driver/Src/stm32f4xx_hal_cortex.o
 *fill*         0x08002cd2        0x2 
 .text.SysTick_Config
                0x08002cd4       0x44 ./Drivers/STM32F4xx_HAL_Driver/Src/stm32f4xx_hal_cortex.o
 .text.HAL_NVIC_SetPriorityGrouping
                0x08002d18       0x16 ./Drivers/STM32F4xx_HAL_Driver/Src/stm32f4xx_hal_cortex.o
                0x08002d18                HAL_NVIC_SetPriorityGrouping
 .text.HAL_NVIC_SetPriority
                0x08002d2e       0x38 ./Drivers/STM32F4xx_HAL_Driver/Src/stm32f4xx_hal_cortex.o
                0x08002d2e                HAL_NVIC_SetPriority
 .text.HAL_NVIC_EnableIRQ
                0x08002d66       0x1c ./Drivers/STM32F4xx_HAL_Driver/Src/stm32f4xx_hal_cortex.o
                0x08002d66                HAL_NVIC_EnableIRQ
 .text.HAL_SYSTICK_Config
                0x08002d82       0x18 ./Drivers/STM32F4xx_HAL_Driver/Src/stm32f4xx_hal_cortex.o
                0x08002d82                HAL_SYSTICK_Config
 *fill*         0x08002d9a        0x2 
 .text.HAL_DMA_Init
                0x08002d9c      0x15c ./Drivers/STM32F4xx_HAL_Driver/Src/stm32f4xx_hal_dma.o
                0x08002d9c                HAL_DMA_Init
 .text.HAL_DMA_Abort
                0x08002ef8       0xe0 ./Drivers/STM32F4xx_HAL_Driver/Src/stm32f4xx_hal_dma.o
                0x08002ef8                HAL_DMA_Abort
 .text.HAL_DMA_Abort_IT
                0x08002fd8       0x44 ./Drivers/STM32F4xx_HAL_Driver/Src/stm32f4xx_hal_dma.o
                0x08002fd8                HAL_DMA_Abort_IT
 .text.HAL_DMA_IRQHandler
                0x0800301c      0x314 ./Drivers/STM32F4xx_HAL_Driver/Src/stm32f4xx_hal_dma.o
                0x0800301c                HAL_DMA_IRQHandler
 .text.DMA_CalcBaseAndBitshift
                0x08003330       0x6c ./Drivers/STM32F4xx_HAL_Driver/Src/stm32f4xx_hal_dma.o
 .text.DMA_CheckFifoParam
                0x0800339c       0xf8 ./Drivers/STM32F4xx_HAL_Driver/Src/stm32f4xx_hal_dma.o
 .text.HAL_GPIO_Init
                0x08003494      0x338 ./Drivers/STM32F4xx_HAL_Driver/Src/stm32f4xx_hal_gpio.o
                0x08003494                HAL_GPIO_Init
 .text.HAL_GPIO_WritePin
                0x080037cc       0x32 ./Drivers/STM32F4xx_HAL_Driver/Src/stm32f4xx_hal_gpio.o
                0x080037cc                HAL_GPIO_WritePin
 *fill*         0x080037fe        0x2 
 .text.HAL_GPIO_EXTI_IRQHandler
                0x08003800       0x30 ./Drivers/STM32F4xx_HAL_Driver/Src/stm32f4xx_hal_gpio.o
                0x08003800                HAL_GPIO_EXTI_IRQHandler
 .text.HAL_GPIO_EXTI_Callback
                0x08003830       0x16 ./Drivers/STM32F4xx_HAL_Driver/Src/stm32f4xx_hal_gpio.o
                0x08003830                HAL_GPIO_EXTI_Callback
 *fill*         0x08003846        0x2 
 .text.HAL_I2C_Init
                0x08003848      0x288 ./Drivers/STM32F4xx_HAL_Driver/Src/stm32f4xx_hal_i2c.o
                0x08003848                HAL_I2C_Init
 .text.HAL_RCC_OscConfig
                0x08003ad0      0x4f0 ./Drivers/STM32F4xx_HAL_Driver/Src/stm32f4xx_hal_rcc.o
                0x08003ad0                HAL_RCC_OscConfig
 .text.HAL_RCC_ClockConfig
                0x08003fc0      0x1cc ./Drivers/STM32F4xx_HAL_Driver/Src/stm32f4xx_hal_rcc.o
                0x08003fc0                HAL_RCC_ClockConfig
 .text.HAL_RCC_EnableCSS
                0x0800418c       0x18 ./Drivers/STM32F4xx_HAL_Driver/Src/stm32f4xx_hal_rcc.o
                0x0800418c                HAL_RCC_EnableCSS
 .text.HAL_RCC_GetSysClockFreq
                0x080041a4      0x18c ./Drivers/STM32F4xx_HAL_Driver/Src/stm32f4xx_hal_rcc.o
                0x080041a4                HAL_RCC_GetSysClockFreq
 .text.HAL_RCC_GetHCLKFreq
                0x08004330       0x18 ./Drivers/STM32F4xx_HAL_Driver/Src/stm32f4xx_hal_rcc.o
                0x08004330                HAL_RCC_GetHCLKFreq
 .text.HAL_RCC_GetPCLK1Freq
                0x08004348       0x28 ./Drivers/STM32F4xx_HAL_Driver/Src/stm32f4xx_hal_rcc.o
                0x08004348                HAL_RCC_GetPCLK1Freq
 .text.HAL_RCC_GetPCLK2Freq
                0x08004370       0x28 ./Drivers/STM32F4xx_HAL_Driver/Src/stm32f4xx_hal_rcc.o
                0x08004370                HAL_RCC_GetPCLK2Freq
 .text.HAL_RCC_NMI_IRQHandler
                0x08004398       0x28 ./Drivers/STM32F4xx_HAL_Driver/Src/stm32f4xx_hal_rcc.o
                0x08004398                HAL_RCC_NMI_IRQHandler
 .text.HAL_RCC_CSSCallback
                0x080043c0        0xe ./Drivers/STM32F4xx_HAL_Driver/Src/stm32f4xx_hal_rcc.o
                0x080043c0                HAL_RCC_CSSCallback
 .text.HAL_SPI_Init
                0x080043ce      0x112 ./Drivers/STM32F4xx_HAL_Driver/Src/stm32f4xx_hal_spi.o
                0x080043ce                HAL_SPI_Init
 .text.HAL_TIM_Base_Init
                0x080044e0       0x9e ./Drivers/STM32F4xx_HAL_Driver/Src/stm32f4xx_hal_tim.o
                0x080044e0                HAL_TIM_Base_Init
 *fill*         0x0800457e        0x2 
 .text.HAL_TIM_Base_Start
                0x08004580       0xd0 ./Drivers/STM32F4xx_HAL_Driver/Src/stm32f4xx_hal_tim.o
                0x08004580                HAL_TIM_Base_Start
 .text.HAL_TIM_PWM_Init
                0x08004650       0x9e ./Drivers/STM32F4xx_HAL_Driver/Src/stm32f4xx_hal_tim.o
                0x08004650                HAL_TIM_PWM_Init
 *fill*         0x080046ee        0x2 
 .text.HAL_TIM_PWM_Start
                0x080046f0      0x190 ./Drivers/STM32F4xx_HAL_Driver/Src/stm32f4xx_hal_tim.o
                0x080046f0                HAL_TIM_PWM_Start
 .text.HAL_TIM_PWM_Stop
                0x08004880       0xe0 ./Drivers/STM32F4xx_HAL_Driver/Src/stm32f4xx_hal_tim.o
                0x08004880                HAL_TIM_PWM_Stop
 .text.HAL_TIM_PWM_ConfigChannel
                0x08004960      0x184 ./Drivers/STM32F4xx_HAL_Driver/Src/stm32f4xx_hal_tim.o
                0x08004960                HAL_TIM_PWM_ConfigChannel
 .text.HAL_TIM_ConfigClockSource
                0x08004ae4      0x18e ./Drivers/STM32F4xx_HAL_Driver/Src/stm32f4xx_hal_tim.o
                0x08004ae4                HAL_TIM_ConfigClockSource
 *fill*         0x08004c72        0x2 
 .text.TIM_Base_SetConfig
                0x08004c74      0x158 ./Drivers/STM32F4xx_HAL_Driver/Src/stm32f4xx_hal_tim.o
                0x08004c74                TIM_Base_SetConfig
 .text.TIM_OC1_SetConfig
                0x08004dcc       0xe0 ./Drivers/STM32F4xx_HAL_Driver/Src/stm32f4xx_hal_tim.o
 .text.TIM_OC2_SetConfig
                0x08004eac       0xec ./Drivers/STM32F4xx_HAL_Driver/Src/stm32f4xx_hal_tim.o
                0x08004eac                TIM_OC2_SetConfig
 .text.TIM_OC3_SetConfig
                0x08004f98       0xe8 ./Drivers/STM32F4xx_HAL_Driver/Src/stm32f4xx_hal_tim.o
 .text.TIM_OC4_SetConfig
                0x08005080       0xac ./Drivers/STM32F4xx_HAL_Driver/Src/stm32f4xx_hal_tim.o
 .text.TIM_TI1_ConfigInputStage
                0x0800512c       0x5e ./Drivers/STM32F4xx_HAL_Driver/Src/stm32f4xx_hal_tim.o
 .text.TIM_TI2_ConfigInputStage
                0x0800518a       0x60 ./Drivers/STM32F4xx_HAL_Driver/Src/stm32f4xx_hal_tim.o
 .text.TIM_ITRx_SetConfig
                0x080051ea       0x36 ./Drivers/STM32F4xx_HAL_Driver/Src/stm32f4xx_hal_tim.o
 .text.TIM_ETR_SetConfig
                0x08005220       0x40 ./Drivers/STM32F4xx_HAL_Driver/Src/stm32f4xx_hal_tim.o
                0x08005220                TIM_ETR_SetConfig
 .text.TIM_CCxChannelCmd
                0x08005260       0x4a ./Drivers/STM32F4xx_HAL_Driver/Src/stm32f4xx_hal_tim.o
                0x08005260                TIM_CCxChannelCmd
 *fill*         0x080052aa        0x2 
 .text.HAL_TIMEx_MasterConfigSynchronization
                0x080052ac       0xf8 ./Drivers/STM32F4xx_HAL_Driver/Src/stm32f4xx_hal_tim_ex.o
                0x080052ac                HAL_TIMEx_MasterConfigSynchronization
 .text.HAL_TIMEx_ConfigBreakDeadTime
                0x080053a4       0xa4 ./Drivers/STM32F4xx_HAL_Driver/Src/stm32f4xx_hal_tim_ex.o
                0x080053a4                HAL_TIMEx_ConfigBreakDeadTime
 .text.HAL_UART_Init
                0x08005448       0xa0 ./Drivers/STM32F4xx_HAL_Driver/Src/stm32f4xx_hal_uart.o
                0x08005448                HAL_UART_Init
 .text.HAL_UART_IRQHandler
                0x080054e8      0x524 ./Drivers/STM32F4xx_HAL_Driver/Src/stm32f4xx_hal_uart.o
                0x080054e8                HAL_UART_IRQHandler
 .text.HAL_UART_TxCpltCallback
                0x08005a0c       0x14 ./Drivers/STM32F4xx_HAL_Driver/Src/stm32f4xx_hal_uart.o
                0x08005a0c                HAL_UART_TxCpltCallback
 .text.HAL_UART_RxCpltCallback
                0x08005a20       0x14 ./Drivers/STM32F4xx_HAL_Driver/Src/stm32f4xx_hal_uart.o
                0x08005a20                HAL_UART_RxCpltCallback
 .text.HAL_UART_ErrorCallback
                0x08005a34       0x14 ./Drivers/STM32F4xx_HAL_Driver/Src/stm32f4xx_hal_uart.o
                0x08005a34                HAL_UART_ErrorCallback
 .text.HAL_UARTEx_RxEventCallback
                0x08005a48       0x18 ./Drivers/STM32F4xx_HAL_Driver/Src/stm32f4xx_hal_uart.o
                0x08005a48                HAL_UARTEx_RxEventCallback
 .text.UART_EndRxTransfer
                0x08005a60       0xc6 ./Drivers/STM32F4xx_HAL_Driver/Src/stm32f4xx_hal_uart.o
 .text.UART_DMAAbortOnError
                0x08005b26       0x28 ./Drivers/STM32F4xx_HAL_Driver/Src/stm32f4xx_hal_uart.o
 .text.UART_Transmit_IT
                0x08005b4e       0xa0 ./Drivers/STM32F4xx_HAL_Driver/Src/stm32f4xx_hal_uart.o
 .text.UART_EndTransmit_IT
                0x08005bee       0x30 ./Drivers/STM32F4xx_HAL_Driver/Src/stm32f4xx_hal_uart.o
 .text.UART_Receive_IT
                0x08005c1e      0x17c ./Drivers/STM32F4xx_HAL_Driver/Src/stm32f4xx_hal_uart.o
 *fill*         0x08005d9a        0x2 
 .text.UART_SetConfig
                0x08005d9c      0x4e8 ./Drivers/STM32F4xx_HAL_Driver/Src/stm32f4xx_hal_uart.o
 .text.__NVIC_SetPriority
                0x08006284       0x54 ./Middlewares/Third_Party/FreeRTOS/Source/CMSIS_RTOS_V2/cmsis_os2.o
 .text.SVC_Setup
                0x080062d8       0x12 ./Middlewares/Third_Party/FreeRTOS/Source/CMSIS_RTOS_V2/cmsis_os2.o
 *fill*         0x080062ea        0x2 
 .text.osKernelInitialize
                0x080062ec       0x48 ./Middlewares/Third_Party/FreeRTOS/Source/CMSIS_RTOS_V2/cmsis_os2.o
                0x080062ec                osKernelInitialize
 .text.osKernelStart
                0x08006334       0x4c ./Middlewares/Third_Party/FreeRTOS/Source/CMSIS_RTOS_V2/cmsis_os2.o
                0x08006334                osKernelStart
 .text.osThreadNew
                0x08006380      0x124 ./Middlewares/Third_Party/FreeRTOS/Source/CMSIS_RTOS_V2/cmsis_os2.o
                0x08006380                osThreadNew
 .text.osDelay  0x080064a4       0x36 ./Middlewares/Third_Party/FreeRTOS/Source/CMSIS_RTOS_V2/cmsis_os2.o
                0x080064a4                osDelay
 *fill*         0x080064da        0x2 
 .text.vApplicationGetIdleTaskMemory
                0x080064dc       0x34 ./Middlewares/Third_Party/FreeRTOS/Source/CMSIS_RTOS_V2/cmsis_os2.o
                0x080064dc                vApplicationGetIdleTaskMemory
 .text.vApplicationGetTimerTaskMemory
                0x08006510       0x34 ./Middlewares/Third_Party/FreeRTOS/Source/CMSIS_RTOS_V2/cmsis_os2.o
                0x08006510                vApplicationGetTimerTaskMemory
 .text.vListInitialise
                0x08006544       0x40 ./Middlewares/Third_Party/FreeRTOS/Source/list.o
                0x08006544                vListInitialise
 .text.vListInitialiseItem
                0x08006584       0x1a ./Middlewares/Third_Party/FreeRTOS/Source/list.o
                0x08006584                vListInitialiseItem
 .text.vListInsertEnd
                0x0800659e       0x48 ./Middlewares/Third_Party/FreeRTOS/Source/list.o
                0x0800659e                vListInsertEnd
 .text.vListInsert
                0x080065e6       0x72 ./Middlewares/Third_Party/FreeRTOS/Source/list.o
                0x080065e6                vListInsert
 .text.uxListRemove
                0x08006658       0x54 ./Middlewares/Third_Party/FreeRTOS/Source/list.o
                0x08006658                uxListRemove
 .text.xQueueGenericReset
                0x080066ac       0xd4 ./Middlewares/Third_Party/FreeRTOS/Source/queue.o
                0x080066ac                xQueueGenericReset
 .text.xQueueGenericCreateStatic
                0x08006780       0xfa ./Middlewares/Third_Party/FreeRTOS/Source/queue.o
                0x08006780                xQueueGenericCreateStatic
 .text.prvInitialiseNewQueue
                0x0800687a       0x46 ./Middlewares/Third_Party/FreeRTOS/Source/queue.o
 .text.xQueueGenericSend
                0x080068c0      0x204 ./Middlewares/Third_Party/FreeRTOS/Source/queue.o
                0x080068c0                xQueueGenericSend
 .text.xQueueGenericSendFromISR
                0x08006ac4      0x13c ./Middlewares/Third_Party/FreeRTOS/Source/queue.o
                0x08006ac4                xQueueGenericSendFromISR
 .text.xQueueReceive
                0x08006c00      0x1c4 ./Middlewares/Third_Party/FreeRTOS/Source/queue.o
                0x08006c00                xQueueReceive
 .text.prvCopyDataToQueue
                0x08006dc4       0xd4 ./Middlewares/Third_Party/FreeRTOS/Source/queue.o
 .text.prvCopyDataFromQueue
                0x08006e98       0x4c ./Middlewares/Third_Party/FreeRTOS/Source/queue.o
 .text.prvUnlockQueue
                0x08006ee4       0xa4 ./Middlewares/Third_Party/FreeRTOS/Source/queue.o
 .text.prvIsQueueEmpty
                0x08006f88       0x2c ./Middlewares/Third_Party/FreeRTOS/Source/queue.o
 .text.prvIsQueueFull
                0x08006fb4       0x30 ./Middlewares/Third_Party/FreeRTOS/Source/queue.o
 .text.vQueueAddToRegistry
                0x08006fe4       0x54 ./Middlewares/Third_Party/FreeRTOS/Source/queue.o
                0x08006fe4                vQueueAddToRegistry
 .text.vQueueWaitForMessageRestricted
                0x08007038       0x68 ./Middlewares/Third_Party/FreeRTOS/Source/queue.o
                0x08007038                vQueueWaitForMessageRestricted
 .text.xTaskCreateStatic
                0x080070a0       0xc0 ./Middlewares/Third_Party/FreeRTOS/Source/tasks.o
                0x080070a0                xTaskCreateStatic
 .text.xTaskCreate
                0x08007160       0x8a ./Middlewares/Third_Party/FreeRTOS/Source/tasks.o
                0x08007160                xTaskCreate
 *fill*         0x080071ea        0x2 
 .text.prvInitialiseNewTask
                0x080071ec      0x150 ./Middlewares/Third_Party/FreeRTOS/Source/tasks.o
 .text.prvAddNewTaskToReadyList
                0x0800733c       0xe0 ./Middlewares/Third_Party/FreeRTOS/Source/tasks.o
 .text.vTaskDelay
                0x0800741c       0x6c ./Middlewares/Third_Party/FreeRTOS/Source/tasks.o
                0x0800741c                vTaskDelay
 .text.vTaskStartScheduler
                0x08007488       0xe0 ./Middlewares/Third_Party/FreeRTOS/Source/tasks.o
                0x08007488                vTaskStartScheduler
 .text.vTaskSuspendAll
                0x08007568       0x1c ./Middlewares/Third_Party/FreeRTOS/Source/tasks.o
                0x08007568                vTaskSuspendAll
 .text.xTaskResumeAll
                0x08007584      0x13c ./Middlewares/Third_Party/FreeRTOS/Source/tasks.o
                0x08007584                xTaskResumeAll
 .text.xTaskGetTickCount
                0x080076c0       0x20 ./Middlewares/Third_Party/FreeRTOS/Source/tasks.o
                0x080076c0                xTaskGetTickCount
 .text.xTaskIncrementTick
                0x080076e0      0x174 ./Middlewares/Third_Party/FreeRTOS/Source/tasks.o
                0x080076e0                xTaskIncrementTick
 .text.vTaskSwitchContext
                0x08007854       0xcc ./Middlewares/Third_Party/FreeRTOS/Source/tasks.o
                0x08007854                vTaskSwitchContext
 .text.vTaskPlaceOnEventList
                0x08007920       0x4c ./Middlewares/Third_Party/FreeRTOS/Source/tasks.o
                0x08007920                vTaskPlaceOnEventList
 .text.vTaskPlaceOnEventListRestricted
                0x0800796c       0x58 ./Middlewares/Third_Party/FreeRTOS/Source/tasks.o
                0x0800796c                vTaskPlaceOnEventListRestricted
 .text.xTaskRemoveFromEventList
                0x080079c4       0xc8 ./Middlewares/Third_Party/FreeRTOS/Source/tasks.o
                0x080079c4                xTaskRemoveFromEventList
 .text.vTaskInternalSetTimeOutState
                0x08007a8c       0x2c ./Middlewares/Third_Party/FreeRTOS/Source/tasks.o
                0x08007a8c                vTaskInternalSetTimeOutState
 .text.xTaskCheckForTimeOut
                0x08007ab8       0xc8 ./Middlewares/Third_Party/FreeRTOS/Source/tasks.o
                0x08007ab8                xTaskCheckForTimeOut
 .text.vTaskMissedYield
                0x08007b80       0x18 ./Middlewares/Third_Party/FreeRTOS/Source/tasks.o
                0x08007b80                vTaskMissedYield
 .text.prvIdleTask
                0x08007b98       0x30 ./Middlewares/Third_Party/FreeRTOS/Source/tasks.o
 .text.prvInitialiseTaskLists
                0x08007bc8       0x80 ./Middlewares/Third_Party/FreeRTOS/Source/tasks.o
 .text.prvCheckTasksWaitingTermination
                0x08007c48       0x5c ./Middlewares/Third_Party/FreeRTOS/Source/tasks.o
 .text.prvDeleteTCB
                0x08007ca4       0x6a ./Middlewares/Third_Party/FreeRTOS/Source/tasks.o
 *fill*         0x08007d0e        0x2 
 .text.prvResetNextTaskUnblockTime
                0x08007d10       0x40 ./Middlewares/Third_Party/FreeRTOS/Source/tasks.o
 .text.xTaskGetSchedulerState
                0x08007d50       0x3c ./Middlewares/Third_Party/FreeRTOS/Source/tasks.o
                0x08007d50                xTaskGetSchedulerState
 .text.xTaskPriorityDisinherit
                0x08007d8c       0xe0 ./Middlewares/Third_Party/FreeRTOS/Source/tasks.o
                0x08007d8c                xTaskPriorityDisinherit
 .text.prvAddCurrentTaskToDelayedList
                0x08007e6c       0xa8 ./Middlewares/Third_Party/FreeRTOS/Source/tasks.o
 .text.xTimerCreateTimerTask
                0x08007f14       0x94 ./Middlewares/Third_Party/FreeRTOS/Source/timers.o
                0x08007f14                xTimerCreateTimerTask
 .text.xTimerGenericCommand
                0x08007fa8       0x9c ./Middlewares/Third_Party/FreeRTOS/Source/timers.o
                0x08007fa8                xTimerGenericCommand
 .text.prvProcessExpiredTimer
                0x08008044       0x9c ./Middlewares/Third_Party/FreeRTOS/Source/timers.o
 .text.prvTimerTask
                0x080080e0       0x26 ./Middlewares/Third_Party/FreeRTOS/Source/timers.o
 *fill*         0x08008106        0x2 
 .text.prvProcessTimerOrBlockTask
                0x08008108       0x9c ./Middlewares/Third_Party/FreeRTOS/Source/timers.o
 .text.prvGetNextExpireTime
                0x080081a4       0x48 ./Middlewares/Third_Party/FreeRTOS/Source/timers.o
 .text.prvSampleTimeNow
                0x080081ec       0x40 ./Middlewares/Third_Party/FreeRTOS/Source/timers.o
 .text.prvInsertTimerInActiveList
                0x0800822c       0x84 ./Middlewares/Third_Party/FreeRTOS/Source/timers.o
 .text.prvProcessReceivedCommands
                0x080082b0      0x1cc ./Middlewares/Third_Party/FreeRTOS/Source/timers.o
 .text.prvSwitchTimerLists
                0x0800847c       0xcc ./Middlewares/Third_Party/FreeRTOS/Source/timers.o
 .text.prvCheckForValidListAndQueue
                0x08008548       0x80 ./Middlewares/Third_Party/FreeRTOS/Source/timers.o
 .text.pxPortInitialiseStack
                0x080085c8       0x68 ./Middlewares/Third_Party/FreeRTOS/Source/portable/GCC/ARM_CM4F/port.o
                0x080085c8                pxPortInitialiseStack
 .text.prvTaskExitError
                0x08008630       0x5c ./Middlewares/Third_Party/FreeRTOS/Source/portable/GCC/ARM_CM4F/port.o
 *fill*         0x0800868c        0x4 
 .text.SVC_Handler
                0x08008690       0x28 ./Middlewares/Third_Party/FreeRTOS/Source/portable/GCC/ARM_CM4F/port.o
                0x08008690                SVC_Handler
 .text.prvPortStartFirstTask
                0x080086b8       0x28 ./Middlewares/Third_Party/FreeRTOS/Source/portable/GCC/ARM_CM4F/port.o
 .text.xPortStartScheduler
                0x080086e0      0x148 ./Middlewares/Third_Party/FreeRTOS/Source/portable/GCC/ARM_CM4F/port.o
                0x080086e0                xPortStartScheduler
 .text.vPortEnterCritical
                0x08008828       0x64 ./Middlewares/Third_Party/FreeRTOS/Source/portable/GCC/ARM_CM4F/port.o
                0x08008828                vPortEnterCritical
 .text.vPortExitCritical
                0x0800888c       0x54 ./Middlewares/Third_Party/FreeRTOS/Source/portable/GCC/ARM_CM4F/port.o
                0x0800888c                vPortExitCritical
 .text.PendSV_Handler
                0x080088e0       0x68 ./Middlewares/Third_Party/FreeRTOS/Source/portable/GCC/ARM_CM4F/port.o
                0x080088e0                PendSV_Handler
 .text.xPortSysTickHandler
                0x08008948       0x44 ./Middlewares/Third_Party/FreeRTOS/Source/portable/GCC/ARM_CM4F/port.o
                0x08008948                xPortSysTickHandler
 .text.vPortSetupTimerInterrupt
                0x0800898c       0x48 ./Middlewares/Third_Party/FreeRTOS/Source/portable/GCC/ARM_CM4F/port.o
                0x0800898c                vPortSetupTimerInterrupt
 .text.vPortEnableVFP
                0x080089d4       0x14 ./Middlewares/Third_Party/FreeRTOS/Source/portable/GCC/ARM_CM4F/port.o
 .text.vPortValidateInterruptPriority
                0x080089e8       0x84 ./Middlewares/Third_Party/FreeRTOS/Source/portable/GCC/ARM_CM4F/port.o
                0x080089e8                vPortValidateInterruptPriority
 .text.pvPortMalloc
                0x08008a6c      0x19c ./Middlewares/Third_Party/FreeRTOS/Source/portable/MemMang/heap_4.o
                0x08008a6c                pvPortMalloc
 .text.vPortFree
                0x08008c08       0xc8 ./Middlewares/Third_Party/FreeRTOS/Source/portable/MemMang/heap_4.o
                0x08008c08                vPortFree
 .text.prvHeapInit
                0x08008cd0       0xc4 ./Middlewares/Third_Party/FreeRTOS/Source/portable/MemMang/heap_4.o
 .text.prvInsertBlockIntoFreeList
                0x08008d94       0xb4 ./Middlewares/Third_Party/FreeRTOS/Source/portable/MemMang/heap_4.o
 .text.memset   0x08008e48       0x10 /Applications/STM32CubeIDE.app/Contents/Eclipse/plugins/com.st.stm32cube.ide.mcu.externaltools.gnu-tools-for-stm32.12.3.rel1.macos64_1.0.100.202403111906/tools/bin/../lib/gcc/arm-none-eabi/12.3.1/../../../../arm-none-eabi/lib/thumb/v7e-m+fp/hard/libc_nano.a(libc_a-memset.o)
                0x08008e48                memset
 .text._reclaim_reent
                0x08008e58       0xac /Applications/STM32CubeIDE.app/Contents/Eclipse/plugins/com.st.stm32cube.ide.mcu.externaltools.gnu-tools-for-stm32.12.3.rel1.macos64_1.0.100.202403111906/tools/bin/../lib/gcc/arm-none-eabi/12.3.1/../../../../arm-none-eabi/lib/thumb/v7e-m+fp/hard/libc_nano.a(libc_a-reent.o)
                0x08008e58                _reclaim_reent
 .text.__libc_init_array
                0x08008f04       0x48 /Applications/STM32CubeIDE.app/Contents/Eclipse/plugins/com.st.stm32cube.ide.mcu.externaltools.gnu-tools-for-stm32.12.3.rel1.macos64_1.0.100.202403111906/tools/bin/../lib/gcc/arm-none-eabi/12.3.1/../../../../arm-none-eabi/lib/thumb/v7e-m+fp/hard/libc_nano.a(libc_a-init.o)
                0x08008f04                __libc_init_array
 .text.__retarget_lock_acquire_recursive
                0x08008f4c        0x2 /Applications/STM32CubeIDE.app/Contents/Eclipse/plugins/com.st.stm32cube.ide.mcu.externaltools.gnu-tools-for-stm32.12.3.rel1.macos64_1.0.100.202403111906/tools/bin/../lib/gcc/arm-none-eabi/12.3.1/../../../../arm-none-eabi/lib/thumb/v7e-m+fp/hard/libc_nano.a(libc_a-lock.o)
                0x08008f4c                __retarget_lock_acquire_recursive
 .text.__retarget_lock_release_recursive
                0x08008f4e        0x2 /Applications/STM32CubeIDE.app/Contents/Eclipse/plugins/com.st.stm32cube.ide.mcu.externaltools.gnu-tools-for-stm32.12.3.rel1.macos64_1.0.100.202403111906/tools/bin/../lib/gcc/arm-none-eabi/12.3.1/../../../../arm-none-eabi/lib/thumb/v7e-m+fp/hard/libc_nano.a(libc_a-lock.o)
                0x08008f4e                __retarget_lock_release_recursive
 .text.memcpy   0x08008f50       0x1c /Applications/STM32CubeIDE.app/Contents/Eclipse/plugins/com.st.stm32cube.ide.mcu.externaltools.gnu-tools-for-stm32.12.3.rel1.macos64_1.0.100.202403111906/tools/bin/../lib/gcc/arm-none-eabi/12.3.1/../../../../arm-none-eabi/lib/thumb/v7e-m+fp/hard/libc_nano.a(libc_a-memcpy-stub.o)
                0x08008f50                memcpy
 .text._free_r  0x08008f6c       0x94 /Applications/STM32CubeIDE.app/Contents/Eclipse/plugins/com.st.stm32cube.ide.mcu.externaltools.gnu-tools-for-stm32.12.3.rel1.macos64_1.0.100.202403111906/tools/bin/../lib/gcc/arm-none-eabi/12.3.1/../../../../arm-none-eabi/lib/thumb/v7e-m+fp/hard/libc_nano.a(libc_a-freer.o)
                0x08008f6c                _free_r
 .text.__malloc_lock
                0x08009000        0xc /Applications/STM32CubeIDE.app/Contents/Eclipse/plugins/com.st.stm32cube.ide.mcu.externaltools.gnu-tools-for-stm32.12.3.rel1.macos64_1.0.100.202403111906/tools/bin/../lib/gcc/arm-none-eabi/12.3.1/../../../../arm-none-eabi/lib/thumb/v7e-m+fp/hard/libc_nano.a(libc_a-mlock.o)
                0x08009000                __malloc_lock
 .text.__malloc_unlock
                0x0800900c        0xc /Applications/STM32CubeIDE.app/Contents/Eclipse/plugins/com.st.stm32cube.ide.mcu.externaltools.gnu-tools-for-stm32.12.3.rel1.macos64_1.0.100.202403111906/tools/bin/../lib/gcc/arm-none-eabi/12.3.1/../../../../arm-none-eabi/lib/thumb/v7e-m+fp/hard/libc_nano.a(libc_a-mlock.o)
                0x0800900c                __malloc_unlock
 *(.glue_7)
 .glue_7        0x08009018        0x0 linker stubs
 *(.glue_7t)
 .glue_7t       0x08009018        0x0 linker stubs
 *(.eh_frame)
 .eh_frame      0x08009018        0x0 /Applications/STM32CubeIDE.app/Contents/Eclipse/plugins/com.st.stm32cube.ide.mcu.externaltools.gnu-tools-for-stm32.12.3.rel1.macos64_1.0.100.202403111906/tools/bin/../lib/gcc/arm-none-eabi/12.3.1/thumb/v7e-m+fp/hard/crtbegin.o
 *(.init)
 .init          0x08009018        0x4 /Applications/STM32CubeIDE.app/Contents/Eclipse/plugins/com.st.stm32cube.ide.mcu.externaltools.gnu-tools-for-stm32.12.3.rel1.macos64_1.0.100.202403111906/tools/bin/../lib/gcc/arm-none-eabi/12.3.1/thumb/v7e-m+fp/hard/crti.o
                0x08009018                _init
 .init          0x0800901c        0x8 /Applications/STM32CubeIDE.app/Contents/Eclipse/plugins/com.st.stm32cube.ide.mcu.externaltools.gnu-tools-for-stm32.12.3.rel1.macos64_1.0.100.202403111906/tools/bin/../lib/gcc/arm-none-eabi/12.3.1/thumb/v7e-m+fp/hard/crtn.o
 *(.fini)
 .fini          0x08009024        0x4 /Applications/STM32CubeIDE.app/Contents/Eclipse/plugins/com.st.stm32cube.ide.mcu.externaltools.gnu-tools-for-stm32.12.3.rel1.macos64_1.0.100.202403111906/tools/bin/../lib/gcc/arm-none-eabi/12.3.1/thumb/v7e-m+fp/hard/crti.o
                0x08009024                _fini
 .fini          0x08009028        0x8 /Applications/STM32CubeIDE.app/Contents/Eclipse/plugins/com.st.stm32cube.ide.mcu.externaltools.gnu-tools-for-stm32.12.3.rel1.macos64_1.0.100.202403111906/tools/bin/../lib/gcc/arm-none-eabi/12.3.1/thumb/v7e-m+fp/hard/crtn.o
                0x08009030                        . = ALIGN (0x4)
                0x08009030                        _etext = .

.vfp11_veneer   0x08009030        0x0
 .vfp11_veneer  0x08009030        0x0 linker stubs

.v4_bx          0x08009030        0x0
 .v4_bx         0x08009030        0x0 linker stubs

.iplt           0x08009030        0x0
 .iplt          0x08009030        0x0 /Applications/STM32CubeIDE.app/Contents/Eclipse/plugins/com.st.stm32cube.ide.mcu.externaltools.gnu-tools-for-stm32.12.3.rel1.macos64_1.0.100.202403111906/tools/bin/../lib/gcc/arm-none-eabi/12.3.1/thumb/v7e-m+fp/hard/crtbegin.o

.rodata         0x08009030       0xfc
                0x08009030                        . = ALIGN (0x4)
 *(.rodata)
 .rodata        0x08009030       0x33 ./Core/Src/main.o
 *fill*         0x08009063        0x1 
 .rodata        0x08009064        0x5 ./Middlewares/Third_Party/FreeRTOS/Source/tasks.o
 *fill*         0x08009069        0x3 
 .rodata        0x0800906c        0xd ./Middlewares/Third_Party/FreeRTOS/Source/timers.o
 *(.rodata*)
 *fill*         0x08009079        0x3 
 .rodata.defaultTask_attributes
                0x0800907c       0x24 ./Core/Src/main.o
                0x0800907c                defaultTask_attributes
 .rodata.chassisTask_attributes
                0x080090a0       0x24 ./Core/Src/main.o
                0x080090a0                chassisTask_attributes
 .rodata.IMUtempPIDtask_attributes
                0x080090c4       0x24 ./Core/Src/main.o
                0x080090c4                IMUtempPIDtask_attributes
 .rodata.turretTask_attributes
                0x080090e8       0x24 ./Core/Src/main.o
                0x080090e8                turretTask_attributes
 .rodata.AHBPrescTable
                0x0800910c       0x10 ./Core/Src/system_stm32f4xx.o
                0x0800910c                AHBPrescTable
 .rodata.APBPrescTable
                0x0800911c        0x8 ./Core/Src/system_stm32f4xx.o
                0x0800911c                APBPrescTable
 .rodata.flagBitshiftOffset.0
                0x08009124        0x8 ./Drivers/STM32F4xx_HAL_Driver/Src/stm32f4xx_hal_dma.o
                0x0800912c                        . = ALIGN (0x4)

.ARM.extab      0x0800912c        0x0
                0x0800912c                        . = ALIGN (0x4)
 *(.ARM.extab* .gnu.linkonce.armextab.*)
                0x0800912c                        . = ALIGN (0x4)

.ARM            0x0800912c        0x8
                0x0800912c                        . = ALIGN (0x4)
                0x0800912c                        __exidx_start = .
 *(.ARM.exidx*)
 .ARM.exidx     0x0800912c        0x8 /Applications/STM32CubeIDE.app/Contents/Eclipse/plugins/com.st.stm32cube.ide.mcu.externaltools.gnu-tools-for-stm32.12.3.rel1.macos64_1.0.100.202403111906/tools/bin/../lib/gcc/arm-none-eabi/12.3.1/thumb/v7e-m+fp/hard/libgcc.a(_udivmoddi4.o)
                0x08009134                        __exidx_end = .
                0x08009134                        . = ALIGN (0x4)

.preinit_array  0x08009134        0x0
                0x08009134                        . = ALIGN (0x4)
                0x08009134                        PROVIDE (__preinit_array_start = .)
 *(.preinit_array*)
                0x08009134                        PROVIDE (__preinit_array_end = .)
                0x08009134                        . = ALIGN (0x4)

.init_array     0x08009134        0x4
                0x08009134                        . = ALIGN (0x4)
                0x08009134                        PROVIDE (__init_array_start = .)
 *(SORT_BY_NAME(.init_array.*))
 *(.init_array*)
 .init_array    0x08009134        0x4 /Applications/STM32CubeIDE.app/Contents/Eclipse/plugins/com.st.stm32cube.ide.mcu.externaltools.gnu-tools-for-stm32.12.3.rel1.macos64_1.0.100.202403111906/tools/bin/../lib/gcc/arm-none-eabi/12.3.1/thumb/v7e-m+fp/hard/crtbegin.o
                0x08009138                        PROVIDE (__init_array_end = .)
                0x08009138                        . = ALIGN (0x4)

.fini_array     0x08009138        0x4
                0x08009138                        . = ALIGN (0x4)
                [!provide]                        PROVIDE (__fini_array_start = .)
 *(SORT_BY_NAME(.fini_array.*))
 *(.fini_array*)
 .fini_array    0x08009138        0x4 /Applications/STM32CubeIDE.app/Contents/Eclipse/plugins/com.st.stm32cube.ide.mcu.externaltools.gnu-tools-for-stm32.12.3.rel1.macos64_1.0.100.202403111906/tools/bin/../lib/gcc/arm-none-eabi/12.3.1/thumb/v7e-m+fp/hard/crtbegin.o
                [!provide]                        PROVIDE (__fini_array_end = .)
                0x0800913c                        . = ALIGN (0x4)
                0x0800913c                        _sidata = LOADADDR (.data)

.rel.dyn        0x0800913c        0x0
 .rel.iplt      0x0800913c        0x0 /Applications/STM32CubeIDE.app/Contents/Eclipse/plugins/com.st.stm32cube.ide.mcu.externaltools.gnu-tools-for-stm32.12.3.rel1.macos64_1.0.100.202403111906/tools/bin/../lib/gcc/arm-none-eabi/12.3.1/thumb/v7e-m+fp/hard/crtbegin.o

.data           0x20000000       0x60 load address 0x0800913c
                0x20000000                        . = ALIGN (0x4)
                0x20000000                        _sdata = .
 *(.data)
 *(.data*)
 .data.SystemCoreClock
                0x20000000        0x4 ./Core/Src/system_stm32f4xx.o
                0x20000000                SystemCoreClock
 .data.uwTickPrio
                0x20000004        0x4 ./Drivers/STM32F4xx_HAL_Driver/Src/stm32f4xx_hal.o
                0x20000004                uwTickPrio
 .data.uwTickFreq
                0x20000008        0x1 ./Drivers/STM32F4xx_HAL_Driver/Src/stm32f4xx_hal.o
                0x20000008                uwTickFreq
 *fill*         0x20000009        0x3 
 .data.uxCriticalNesting
                0x2000000c        0x4 ./Middlewares/Third_Party/FreeRTOS/Source/portable/GCC/ARM_CM4F/port.o
 .data._impure_ptr
                0x20000010        0x4 /Applications/STM32CubeIDE.app/Contents/Eclipse/plugins/com.st.stm32cube.ide.mcu.externaltools.gnu-tools-for-stm32.12.3.rel1.macos64_1.0.100.202403111906/tools/bin/../lib/gcc/arm-none-eabi/12.3.1/../../../../arm-none-eabi/lib/thumb/v7e-m+fp/hard/libc_nano.a(libc_a-impure.o)
                0x20000010                _impure_ptr
 .data._impure_data
                0x20000014       0x4c /Applications/STM32CubeIDE.app/Contents/Eclipse/plugins/com.st.stm32cube.ide.mcu.externaltools.gnu-tools-for-stm32.12.3.rel1.macos64_1.0.100.202403111906/tools/bin/../lib/gcc/arm-none-eabi/12.3.1/../../../../arm-none-eabi/lib/thumb/v7e-m+fp/hard/libc_nano.a(libc_a-impure.o)
                0x20000014                _impure_data
 *(.RamFunc)
 *(.RamFunc*)
                0x20000060                        . = ALIGN (0x4)
                0x20000060                        _edata = .
                0x0800919c                        _siccmram = LOADADDR (.ccmram)

.igot.plt       0x20000060        0x0 load address 0x0800919c
 .igot.plt      0x20000060        0x0 /Applications/STM32CubeIDE.app/Contents/Eclipse/plugins/com.st.stm32cube.ide.mcu.externaltools.gnu-tools-for-stm32.12.3.rel1.macos64_1.0.100.202403111906/tools/bin/../lib/gcc/arm-none-eabi/12.3.1/thumb/v7e-m+fp/hard/crtbegin.o

.ccmram         0x10000000        0x0 load address 0x0800919c
                0x10000000                        . = ALIGN (0x4)
                0x10000000                        _sccmram = .
 *(.ccmram)
 *(.ccmram*)
                0x10000000                        . = ALIGN (0x4)
                0x10000000                        _eccmram = .
                0x10000000                        . = ALIGN (0x4)

.bss            0x20000060     0x50ec
                0x20000060                        _sbss = .
                0x20000060                        __bss_start__ = _sbss
 *(.bss)
 .bss           0x20000060       0x1c /Applications/STM32CubeIDE.app/Contents/Eclipse/plugins/com.st.stm32cube.ide.mcu.externaltools.gnu-tools-for-stm32.12.3.rel1.macos64_1.0.100.202403111906/tools/bin/../lib/gcc/arm-none-eabi/12.3.1/thumb/v7e-m+fp/hard/crtbegin.o
 *(.bss*)
 .bss.hcan1     0x2000007c       0x28 ./Core/Src/main.o
                0x2000007c                hcan1
 .bss.hcan2     0x200000a4       0x28 ./Core/Src/main.o
                0x200000a4                hcan2
 .bss.hi2c3     0x200000cc       0x54 ./Core/Src/main.o
                0x200000cc                hi2c3
 .bss.hspi1     0x20000120       0x58 ./Core/Src/main.o
                0x20000120                hspi1
 .bss.htim1     0x20000178       0x48 ./Core/Src/main.o
                0x20000178                htim1
 .bss.htim4     0x200001c0       0x48 ./Core/Src/main.o
                0x200001c0                htim4
 .bss.htim5     0x20000208       0x48 ./Core/Src/main.o
                0x20000208                htim5
 .bss.htim8     0x20000250       0x48 ./Core/Src/main.o
                0x20000250                htim8
 .bss.htim10    0x20000298       0x48 ./Core/Src/main.o
                0x20000298                htim10
 .bss.huart1    0x200002e0       0x48 ./Core/Src/main.o
                0x200002e0                huart1
 .bss.huart3    0x20000328       0x48 ./Core/Src/main.o
                0x20000328                huart3
 .bss.huart6    0x20000370       0x48 ./Core/Src/main.o
                0x20000370                huart6
 .bss.hdma_usart1_tx
                0x200003b8       0x60 ./Core/Src/main.o
                0x200003b8                hdma_usart1_tx
 .bss.hdma_usart1_rx
                0x20000418       0x60 ./Core/Src/main.o
                0x20000418                hdma_usart1_rx
 .bss.hdma_usart3_rx
                0x20000478       0x60 ./Core/Src/main.o
                0x20000478                hdma_usart3_rx
 .bss.hdma_usart6_rx
                0x200004d8       0x60 ./Core/Src/main.o
                0x200004d8                hdma_usart6_rx
 .bss.hdma_usart6_tx
                0x20000538       0x60 ./Core/Src/main.o
                0x20000538                hdma_usart6_tx
 .bss.defaultTaskHandle
                0x20000598        0x4 ./Core/Src/main.o
                0x20000598                defaultTaskHandle
 .bss.chassisTaskHandle
                0x2000059c        0x4 ./Core/Src/main.o
                0x2000059c                chassisTaskHandle
 .bss.IMUtempPIDtaskHandle
                0x200005a0        0x4 ./Core/Src/main.o
                0x200005a0                IMUtempPIDtaskHandle
 .bss.turretTaskHandle
                0x200005a4        0x4 ./Core/Src/main.o
                0x200005a4                turretTaskHandle
 .bss.tim1      0x200005a8        0x4 ./Core/Src/pwm.o
                0x200005a8                tim1
 .bss.tim4      0x200005ac        0x4 ./Core/Src/pwm.o
                0x200005ac                tim4
 .bss.tim5      0x200005b0        0x4 ./Core/Src/pwm.o
                0x200005b0                tim5
 .bss.tim8      0x200005b4        0x4 ./Core/Src/pwm.o
                0x200005b4                tim8
 .bss.whichPWMisOn
                0x200005b8        0xb ./Core/Src/pwm.o
                0x200005b8                whichPWMisOn
 *fill*         0x200005c3        0x1 
 .bss.subPeriod
                0x200005c4       0x2c ./Core/Src/pwm.o
                0x200005c4                subPeriod
 .bss.period    0x200005f0       0x2c ./Core/Src/pwm.o
                0x200005f0                period
 .bss.HAL_RCC_CAN1_CLK_ENABLED
                0x2000061c        0x4 ./Core/Src/stm32f4xx_hal_msp.o
 .bss.uwTick    0x20000620        0x4 ./Drivers/STM32F4xx_HAL_Driver/Src/stm32f4xx_hal.o
                0x20000620                uwTick
 .bss.KernelState
                0x20000624        0x4 ./Middlewares/Third_Party/FreeRTOS/Source/CMSIS_RTOS_V2/cmsis_os2.o
 .bss.Idle_TCB.3
                0x20000628       0xa8 ./Middlewares/Third_Party/FreeRTOS/Source/CMSIS_RTOS_V2/cmsis_os2.o
 .bss.Idle_Stack.2
                0x200006d0      0x200 ./Middlewares/Third_Party/FreeRTOS/Source/CMSIS_RTOS_V2/cmsis_os2.o
 .bss.Timer_TCB.1
                0x200008d0       0xa8 ./Middlewares/Third_Party/FreeRTOS/Source/CMSIS_RTOS_V2/cmsis_os2.o
 .bss.Timer_Stack.0
                0x20000978      0x400 ./Middlewares/Third_Party/FreeRTOS/Source/CMSIS_RTOS_V2/cmsis_os2.o
 .bss.xQueueRegistry
                0x20000d78       0x40 ./Middlewares/Third_Party/FreeRTOS/Source/queue.o
                0x20000d78                xQueueRegistry
 .bss.pxCurrentTCB
                0x20000db8        0x4 ./Middlewares/Third_Party/FreeRTOS/Source/tasks.o
                0x20000db8                pxCurrentTCB
 .bss.pxReadyTasksLists
                0x20000dbc      0x460 ./Middlewares/Third_Party/FreeRTOS/Source/tasks.o
 .bss.xDelayedTaskList1
                0x2000121c       0x14 ./Middlewares/Third_Party/FreeRTOS/Source/tasks.o
 .bss.xDelayedTaskList2
                0x20001230       0x14 ./Middlewares/Third_Party/FreeRTOS/Source/tasks.o
 .bss.pxDelayedTaskList
                0x20001244        0x4 ./Middlewares/Third_Party/FreeRTOS/Source/tasks.o
 .bss.pxOverflowDelayedTaskList
                0x20001248        0x4 ./Middlewares/Third_Party/FreeRTOS/Source/tasks.o
 .bss.xPendingReadyList
                0x2000124c       0x14 ./Middlewares/Third_Party/FreeRTOS/Source/tasks.o
 .bss.xTasksWaitingTermination
                0x20001260       0x14 ./Middlewares/Third_Party/FreeRTOS/Source/tasks.o
 .bss.uxDeletedTasksWaitingCleanUp
                0x20001274        0x4 ./Middlewares/Third_Party/FreeRTOS/Source/tasks.o
 .bss.xSuspendedTaskList
                0x20001278       0x14 ./Middlewares/Third_Party/FreeRTOS/Source/tasks.o
 .bss.uxCurrentNumberOfTasks
                0x2000128c        0x4 ./Middlewares/Third_Party/FreeRTOS/Source/tasks.o
 .bss.xTickCount
                0x20001290        0x4 ./Middlewares/Third_Party/FreeRTOS/Source/tasks.o
 .bss.uxTopReadyPriority
                0x20001294        0x4 ./Middlewares/Third_Party/FreeRTOS/Source/tasks.o
 .bss.xSchedulerRunning
                0x20001298        0x4 ./Middlewares/Third_Party/FreeRTOS/Source/tasks.o
 .bss.xPendedTicks
                0x2000129c        0x4 ./Middlewares/Third_Party/FreeRTOS/Source/tasks.o
 .bss.xYieldPending
                0x200012a0        0x4 ./Middlewares/Third_Party/FreeRTOS/Source/tasks.o
 .bss.xNumOfOverflows
                0x200012a4        0x4 ./Middlewares/Third_Party/FreeRTOS/Source/tasks.o
 .bss.uxTaskNumber
                0x200012a8        0x4 ./Middlewares/Third_Party/FreeRTOS/Source/tasks.o
 .bss.xNextTaskUnblockTime
                0x200012ac        0x4 ./Middlewares/Third_Party/FreeRTOS/Source/tasks.o
 .bss.xIdleTaskHandle
                0x200012b0        0x4 ./Middlewares/Third_Party/FreeRTOS/Source/tasks.o
 .bss.uxSchedulerSuspended
                0x200012b4        0x4 ./Middlewares/Third_Party/FreeRTOS/Source/tasks.o
 .bss.xActiveTimerList1
                0x200012b8       0x14 ./Middlewares/Third_Party/FreeRTOS/Source/timers.o
 .bss.xActiveTimerList2
                0x200012cc       0x14 ./Middlewares/Third_Party/FreeRTOS/Source/timers.o
 .bss.pxCurrentTimerList
                0x200012e0        0x4 ./Middlewares/Third_Party/FreeRTOS/Source/timers.o
 .bss.pxOverflowTimerList
                0x200012e4        0x4 ./Middlewares/Third_Party/FreeRTOS/Source/timers.o
 .bss.xTimerQueue
                0x200012e8        0x4 ./Middlewares/Third_Party/FreeRTOS/Source/timers.o
 .bss.xTimerTaskHandle
                0x200012ec        0x4 ./Middlewares/Third_Party/FreeRTOS/Source/timers.o
 .bss.xLastTime.2
                0x200012f0        0x4 ./Middlewares/Third_Party/FreeRTOS/Source/timers.o
 .bss.ucStaticTimerQueueStorage.1
                0x200012f4       0xa0 ./Middlewares/Third_Party/FreeRTOS/Source/timers.o
 .bss.xStaticTimerQueue.0
                0x20001394       0x50 ./Middlewares/Third_Party/FreeRTOS/Source/timers.o
 .bss.ucMaxSysCallPriority
                0x200013e4        0x1 ./Middlewares/Third_Party/FreeRTOS/Source/portable/GCC/ARM_CM4F/port.o
 *fill*         0x200013e5        0x3 
 .bss.ulMaxPRIGROUPValue
                0x200013e8        0x4 ./Middlewares/Third_Party/FreeRTOS/Source/portable/GCC/ARM_CM4F/port.o
 .bss.ucHeap    0x200013ec     0x3c00 ./Middlewares/Third_Party/FreeRTOS/Source/portable/MemMang/heap_4.o
 .bss.xStart    0x20004fec        0x8 ./Middlewares/Third_Party/FreeRTOS/Source/portable/MemMang/heap_4.o
 .bss.pxEnd     0x20004ff4        0x4 ./Middlewares/Third_Party/FreeRTOS/Source/portable/MemMang/heap_4.o
 .bss.xFreeBytesRemaining
                0x20004ff8        0x4 ./Middlewares/Third_Party/FreeRTOS/Source/portable/MemMang/heap_4.o
 .bss.xMinimumEverFreeBytesRemaining
                0x20004ffc        0x4 ./Middlewares/Third_Party/FreeRTOS/Source/portable/MemMang/heap_4.o
 .bss.xNumberOfSuccessfulAllocations
                0x20005000        0x4 ./Middlewares/Third_Party/FreeRTOS/Source/portable/MemMang/heap_4.o
 .bss.xNumberOfSuccessfulFrees
                0x20005004        0x4 ./Middlewares/Third_Party/FreeRTOS/Source/portable/MemMang/heap_4.o
 .bss.xBlockAllocatedBit
                0x20005008        0x4 ./Middlewares/Third_Party/FreeRTOS/Source/portable/MemMang/heap_4.o
 .bss.__sf      0x2000500c      0x138 /Applications/STM32CubeIDE.app/Contents/Eclipse/plugins/com.st.stm32cube.ide.mcu.externaltools.gnu-tools-for-stm32.12.3.rel1.macos64_1.0.100.202403111906/tools/bin/../lib/gcc/arm-none-eabi/12.3.1/../../../../arm-none-eabi/lib/thumb/v7e-m+fp/hard/libc_nano.a(libc_a-findfp.o)
                0x2000500c                __sf
 .bss.__lock___malloc_recursive_mutex
                0x20005144        0x1 /Applications/STM32CubeIDE.app/Contents/Eclipse/plugins/com.st.stm32cube.ide.mcu.externaltools.gnu-tools-for-stm32.12.3.rel1.macos64_1.0.100.202403111906/tools/bin/../lib/gcc/arm-none-eabi/12.3.1/../../../../arm-none-eabi/lib/thumb/v7e-m+fp/hard/libc_nano.a(libc_a-lock.o)
                0x20005144                __lock___malloc_recursive_mutex
 *fill*         0x20005145        0x3 
 .bss.__malloc_free_list
                0x20005148        0x4 /Applications/STM32CubeIDE.app/Contents/Eclipse/plugins/com.st.stm32cube.ide.mcu.externaltools.gnu-tools-for-stm32.12.3.rel1.macos64_1.0.100.202403111906/tools/bin/../lib/gcc/arm-none-eabi/12.3.1/../../../../arm-none-eabi/lib/thumb/v7e-m+fp/hard/libc_nano.a(libc_a-mallocr.o)
                0x20005148                __malloc_free_list
 *(COMMON)
                0x2000514c                        . = ALIGN (0x4)
                0x2000514c                        _ebss = .
                0x2000514c                        __bss_end__ = _ebss

._user_heap_stack
                0x2000514c      0x604
                0x20005150                        . = ALIGN (0x8)
 *fill*         0x2000514c        0x4 
                [!provide]                        PROVIDE (end = .)
                0x20005150                        PROVIDE (_end = .)
                0x20005350                        . = (. + _Min_Heap_Size)
 *fill*         0x20005150      0x200 
                0x20005750                        . = (. + _Min_Stack_Size)
 *fill*         0x20005350      0x400 
                0x20005750                        . = ALIGN (0x8)

/DISCARD/
 libc.a(*)
 libm.a(*)
 libgcc.a(*)

.ARM.attributes
                0x00000000       0x30
 *(.ARM.attributes)
 .ARM.attributes
                0x00000000       0x22 /Applications/STM32CubeIDE.app/Contents/Eclipse/plugins/com.st.stm32cube.ide.mcu.externaltools.gnu-tools-for-stm32.12.3.rel1.macos64_1.0.100.202403111906/tools/bin/../lib/gcc/arm-none-eabi/12.3.1/thumb/v7e-m+fp/hard/crti.o
 .ARM.attributes
                0x00000022       0x34 /Applications/STM32CubeIDE.app/Contents/Eclipse/plugins/com.st.stm32cube.ide.mcu.externaltools.gnu-tools-for-stm32.12.3.rel1.macos64_1.0.100.202403111906/tools/bin/../lib/gcc/arm-none-eabi/12.3.1/thumb/v7e-m+fp/hard/crtbegin.o
 .ARM.attributes
                0x00000056       0x34 ./Core/Src/main.o
 .ARM.attributes
                0x0000008a       0x34 ./Core/Src/pwm.o
 .ARM.attributes
                0x000000be       0x34 ./Core/Src/stm32f4xx_hal_msp.o
 .ARM.attributes
                0x000000f2       0x34 ./Core/Src/stm32f4xx_it.o
 .ARM.attributes
                0x00000126       0x34 ./Core/Src/system_stm32f4xx.o
 .ARM.attributes
                0x0000015a       0x21 ./Core/Startup/startup_stm32f407ighx.o
 .ARM.attributes
                0x0000017b       0x34 ./Drivers/STM32F4xx_HAL_Driver/Src/stm32f4xx_hal.o
 .ARM.attributes
                0x000001af       0x34 ./Drivers/STM32F4xx_HAL_Driver/Src/stm32f4xx_hal_can.o
 .ARM.attributes
                0x000001e3       0x34 ./Drivers/STM32F4xx_HAL_Driver/Src/stm32f4xx_hal_cortex.o
 .ARM.attributes
                0x00000217       0x34 ./Drivers/STM32F4xx_HAL_Driver/Src/stm32f4xx_hal_dma.o
 .ARM.attributes
                0x0000024b       0x34 ./Drivers/STM32F4xx_HAL_Driver/Src/stm32f4xx_hal_gpio.o
 .ARM.attributes
                0x0000027f       0x34 ./Drivers/STM32F4xx_HAL_Driver/Src/stm32f4xx_hal_i2c.o
 .ARM.attributes
                0x000002b3       0x34 ./Drivers/STM32F4xx_HAL_Driver/Src/stm32f4xx_hal_rcc.o
 .ARM.attributes
                0x000002e7       0x34 ./Drivers/STM32F4xx_HAL_Driver/Src/stm32f4xx_hal_spi.o
 .ARM.attributes
                0x0000031b       0x34 ./Drivers/STM32F4xx_HAL_Driver/Src/stm32f4xx_hal_tim.o
 .ARM.attributes
                0x0000034f       0x34 ./Drivers/STM32F4xx_HAL_Driver/Src/stm32f4xx_hal_tim_ex.o
 .ARM.attributes
                0x00000383       0x34 ./Drivers/STM32F4xx_HAL_Driver/Src/stm32f4xx_hal_uart.o
 .ARM.attributes
                0x000003b7       0x34 ./Middlewares/Third_Party/FreeRTOS/Source/CMSIS_RTOS_V2/cmsis_os2.o
 .ARM.attributes
                0x000003eb       0x34 ./Middlewares/Third_Party/FreeRTOS/Source/list.o
 .ARM.attributes
                0x0000041f       0x34 ./Middlewares/Third_Party/FreeRTOS/Source/queue.o
 .ARM.attributes
                0x00000453       0x34 ./Middlewares/Third_Party/FreeRTOS/Source/tasks.o
 .ARM.attributes
                0x00000487       0x34 ./Middlewares/Third_Party/FreeRTOS/Source/timers.o
 .ARM.attributes
                0x000004bb       0x34 ./Middlewares/Third_Party/FreeRTOS/Source/portable/GCC/ARM_CM4F/port.o
 .ARM.attributes
                0x000004ef       0x34 ./Middlewares/Third_Party/FreeRTOS/Source/portable/MemMang/heap_4.o
 .ARM.attributes
                0x00000523       0x34 /Applications/STM32CubeIDE.app/Contents/Eclipse/plugins/com.st.stm32cube.ide.mcu.externaltools.gnu-tools-for-stm32.12.3.rel1.macos64_1.0.100.202403111906/tools/bin/../lib/gcc/arm-none-eabi/12.3.1/../../../../arm-none-eabi/lib/thumb/v7e-m+fp/hard/libc_nano.a(libc_a-findfp.o)
 .ARM.attributes
                0x00000557       0x34 /Applications/STM32CubeIDE.app/Contents/Eclipse/plugins/com.st.stm32cube.ide.mcu.externaltools.gnu-tools-for-stm32.12.3.rel1.macos64_1.0.100.202403111906/tools/bin/../lib/gcc/arm-none-eabi/12.3.1/../../../../arm-none-eabi/lib/thumb/v7e-m+fp/hard/libc_nano.a(libc_a-memset.o)
 .ARM.attributes
                0x0000058b       0x34 /Applications/STM32CubeIDE.app/Contents/Eclipse/plugins/com.st.stm32cube.ide.mcu.externaltools.gnu-tools-for-stm32.12.3.rel1.macos64_1.0.100.202403111906/tools/bin/../lib/gcc/arm-none-eabi/12.3.1/../../../../arm-none-eabi/lib/thumb/v7e-m+fp/hard/libc_nano.a(libc_a-reent.o)
 .ARM.attributes
                0x000005bf       0x34 /Applications/STM32CubeIDE.app/Contents/Eclipse/plugins/com.st.stm32cube.ide.mcu.externaltools.gnu-tools-for-stm32.12.3.rel1.macos64_1.0.100.202403111906/tools/bin/../lib/gcc/arm-none-eabi/12.3.1/../../../../arm-none-eabi/lib/thumb/v7e-m+fp/hard/libc_nano.a(libc_a-impure.o)
 .ARM.attributes
                0x000005f3       0x34 /Applications/STM32CubeIDE.app/Contents/Eclipse/plugins/com.st.stm32cube.ide.mcu.externaltools.gnu-tools-for-stm32.12.3.rel1.macos64_1.0.100.202403111906/tools/bin/../lib/gcc/arm-none-eabi/12.3.1/../../../../arm-none-eabi/lib/thumb/v7e-m+fp/hard/libc_nano.a(libc_a-init.o)
 .ARM.attributes
                0x00000627       0x34 /Applications/STM32CubeIDE.app/Contents/Eclipse/plugins/com.st.stm32cube.ide.mcu.externaltools.gnu-tools-for-stm32.12.3.rel1.macos64_1.0.100.202403111906/tools/bin/../lib/gcc/arm-none-eabi/12.3.1/../../../../arm-none-eabi/lib/thumb/v7e-m+fp/hard/libc_nano.a(libc_a-lock.o)
 .ARM.attributes
                0x0000065b       0x34 /Applications/STM32CubeIDE.app/Contents/Eclipse/plugins/com.st.stm32cube.ide.mcu.externaltools.gnu-tools-for-stm32.12.3.rel1.macos64_1.0.100.202403111906/tools/bin/../lib/gcc/arm-none-eabi/12.3.1/../../../../arm-none-eabi/lib/thumb/v7e-m+fp/hard/libc_nano.a(libc_a-memcpy-stub.o)
 .ARM.attributes
                0x0000068f       0x34 /Applications/STM32CubeIDE.app/Contents/Eclipse/plugins/com.st.stm32cube.ide.mcu.externaltools.gnu-tools-for-stm32.12.3.rel1.macos64_1.0.100.202403111906/tools/bin/../lib/gcc/arm-none-eabi/12.3.1/../../../../arm-none-eabi/lib/thumb/v7e-m+fp/hard/libc_nano.a(libc_a-freer.o)
 .ARM.attributes
                0x000006c3       0x34 /Applications/STM32CubeIDE.app/Contents/Eclipse/plugins/com.st.stm32cube.ide.mcu.externaltools.gnu-tools-for-stm32.12.3.rel1.macos64_1.0.100.202403111906/tools/bin/../lib/gcc/arm-none-eabi/12.3.1/../../../../arm-none-eabi/lib/thumb/v7e-m+fp/hard/libc_nano.a(libc_a-mallocr.o)
 .ARM.attributes
                0x000006f7       0x34 /Applications/STM32CubeIDE.app/Contents/Eclipse/plugins/com.st.stm32cube.ide.mcu.externaltools.gnu-tools-for-stm32.12.3.rel1.macos64_1.0.100.202403111906/tools/bin/../lib/gcc/arm-none-eabi/12.3.1/../../../../arm-none-eabi/lib/thumb/v7e-m+fp/hard/libc_nano.a(libc_a-mlock.o)
 .ARM.attributes
                0x0000072b       0x22 /Applications/STM32CubeIDE.app/Contents/Eclipse/plugins/com.st.stm32cube.ide.mcu.externaltools.gnu-tools-for-stm32.12.3.rel1.macos64_1.0.100.202403111906/tools/bin/../lib/gcc/arm-none-eabi/12.3.1/thumb/v7e-m+fp/hard/libgcc.a(_aeabi_uldivmod.o)
 .ARM.attributes
                0x0000074d       0x34 /Applications/STM32CubeIDE.app/Contents/Eclipse/plugins/com.st.stm32cube.ide.mcu.externaltools.gnu-tools-for-stm32.12.3.rel1.macos64_1.0.100.202403111906/tools/bin/../lib/gcc/arm-none-eabi/12.3.1/thumb/v7e-m+fp/hard/libgcc.a(_udivmoddi4.o)
 .ARM.attributes
                0x00000781       0x22 /Applications/STM32CubeIDE.app/Contents/Eclipse/plugins/com.st.stm32cube.ide.mcu.externaltools.gnu-tools-for-stm32.12.3.rel1.macos64_1.0.100.202403111906/tools/bin/../lib/gcc/arm-none-eabi/12.3.1/thumb/v7e-m+fp/hard/libgcc.a(_dvmd_tls.o)
 .ARM.attributes
                0x000007a3       0x22 /Applications/STM32CubeIDE.app/Contents/Eclipse/plugins/com.st.stm32cube.ide.mcu.externaltools.gnu-tools-for-stm32.12.3.rel1.macos64_1.0.100.202403111906/tools/bin/../lib/gcc/arm-none-eabi/12.3.1/thumb/v7e-m+fp/hard/crtn.o
OUTPUT(Custom PWM Library.elf elf32-littlearm)
LOAD linker stubs
LOAD /Applications/STM32CubeIDE.app/Contents/Eclipse/plugins/com.st.stm32cube.ide.mcu.externaltools.gnu-tools-for-stm32.12.3.rel1.macos64_1.0.100.202403111906/tools/bin/../lib/gcc/arm-none-eabi/12.3.1/../../../../arm-none-eabi/lib/thumb/v7e-m+fp/hard/libc.a
LOAD /Applications/STM32CubeIDE.app/Contents/Eclipse/plugins/com.st.stm32cube.ide.mcu.externaltools.gnu-tools-for-stm32.12.3.rel1.macos64_1.0.100.202403111906/tools/bin/../lib/gcc/arm-none-eabi/12.3.1/../../../../arm-none-eabi/lib/thumb/v7e-m+fp/hard/libm.a
LOAD /Applications/STM32CubeIDE.app/Contents/Eclipse/plugins/com.st.stm32cube.ide.mcu.externaltools.gnu-tools-for-stm32.12.3.rel1.macos64_1.0.100.202403111906/tools/bin/../lib/gcc/arm-none-eabi/12.3.1/thumb/v7e-m+fp/hard/libgcc.a

.debug_info     0x00000000    0x1f1a5
 .debug_info    0x00000000     0x256a ./Core/Src/main.o
 .debug_info    0x0000256a      0xa7e ./Core/Src/pwm.o
 .debug_info    0x00002fe8     0x1d16 ./Core/Src/stm32f4xx_hal_msp.o
 .debug_info    0x00004cfe      0xb38 ./Core/Src/stm32f4xx_it.o
 .debug_info    0x00005836      0x512 ./Core/Src/system_stm32f4xx.o
 .debug_info    0x00005d48       0x30 ./Core/Startup/startup_stm32f407ighx.o
 .debug_info    0x00005d78      0x944 ./Drivers/STM32F4xx_HAL_Driver/Src/stm32f4xx_hal.o
 .debug_info    0x000066bc      0xf49 ./Drivers/STM32F4xx_HAL_Driver/Src/stm32f4xx_hal_can.o
 .debug_info    0x00007605      0xd57 ./Drivers/STM32F4xx_HAL_Driver/Src/stm32f4xx_hal_cortex.o
 .debug_info    0x0000835c      0x8e7 ./Drivers/STM32F4xx_HAL_Driver/Src/stm32f4xx_hal_dma.o
 .debug_info    0x00008c43      0x6c3 ./Drivers/STM32F4xx_HAL_Driver/Src/stm32f4xx_hal_gpio.o
 .debug_info    0x00009306     0x2415 ./Drivers/STM32F4xx_HAL_Driver/Src/stm32f4xx_hal_i2c.o
 .debug_info    0x0000b71b      0x8b1 ./Drivers/STM32F4xx_HAL_Driver/Src/stm32f4xx_hal_rcc.o
 .debug_info    0x0000bfcc     0x15fb ./Drivers/STM32F4xx_HAL_Driver/Src/stm32f4xx_hal_spi.o
 .debug_info    0x0000d5c7     0x299d ./Drivers/STM32F4xx_HAL_Driver/Src/stm32f4xx_hal_tim.o
 .debug_info    0x0000ff64     0x14db ./Drivers/STM32F4xx_HAL_Driver/Src/stm32f4xx_hal_tim_ex.o
 .debug_info    0x0001143f     0x2f4f ./Drivers/STM32F4xx_HAL_Driver/Src/stm32f4xx_hal_uart.o
 .debug_info    0x0001438e     0x40ee ./Middlewares/Third_Party/FreeRTOS/Source/CMSIS_RTOS_V2/cmsis_os2.o
 .debug_info    0x0001847c      0x2af ./Middlewares/Third_Party/FreeRTOS/Source/list.o
 .debug_info    0x0001872b     0x1b79 ./Middlewares/Third_Party/FreeRTOS/Source/queue.o
 .debug_info    0x0001a2a4     0x29fe ./Middlewares/Third_Party/FreeRTOS/Source/tasks.o
 .debug_info    0x0001cca2     0x1b50 ./Middlewares/Third_Party/FreeRTOS/Source/timers.o
 .debug_info    0x0001e7f2      0x4de ./Middlewares/Third_Party/FreeRTOS/Source/portable/GCC/ARM_CM4F/port.o
 .debug_info    0x0001ecd0      0x4d5 ./Middlewares/Third_Party/FreeRTOS/Source/portable/MemMang/heap_4.o

.debug_abbrev   0x00000000     0x3d04
 .debug_abbrev  0x00000000      0x344 ./Core/Src/main.o
 .debug_abbrev  0x00000344      0x239 ./Core/Src/pwm.o
 .debug_abbrev  0x0000057d      0x2af ./Core/Src/stm32f4xx_hal_msp.o
 .debug_abbrev  0x0000082c      0x223 ./Core/Src/stm32f4xx_it.o
 .debug_abbrev  0x00000a4f      0x11a ./Core/Src/system_stm32f4xx.o
 .debug_abbrev  0x00000b69       0x24 ./Core/Startup/startup_stm32f407ighx.o
 .debug_abbrev  0x00000b8d      0x214 ./Drivers/STM32F4xx_HAL_Driver/Src/stm32f4xx_hal.o
 .debug_abbrev  0x00000da1      0x258 ./Drivers/STM32F4xx_HAL_Driver/Src/stm32f4xx_hal_can.o
 .debug_abbrev  0x00000ff9      0x328 ./Drivers/STM32F4xx_HAL_Driver/Src/stm32f4xx_hal_cortex.o
 .debug_abbrev  0x00001321      0x264 ./Drivers/STM32F4xx_HAL_Driver/Src/stm32f4xx_hal_dma.o
 .debug_abbrev  0x00001585      0x1d4 ./Drivers/STM32F4xx_HAL_Driver/Src/stm32f4xx_hal_gpio.o
 .debug_abbrev  0x00001759      0x2ad ./Drivers/STM32F4xx_HAL_Driver/Src/stm32f4xx_hal_i2c.o
 .debug_abbrev  0x00001a06      0x2b6 ./Drivers/STM32F4xx_HAL_Driver/Src/stm32f4xx_hal_rcc.o
 .debug_abbrev  0x00001cbc      0x284 ./Drivers/STM32F4xx_HAL_Driver/Src/stm32f4xx_hal_spi.o
 .debug_abbrev  0x00001f40      0x278 ./Drivers/STM32F4xx_HAL_Driver/Src/stm32f4xx_hal_tim.o
 .debug_abbrev  0x000021b8      0x283 ./Drivers/STM32F4xx_HAL_Driver/Src/stm32f4xx_hal_tim_ex.o
 .debug_abbrev  0x0000243b      0x30e ./Drivers/STM32F4xx_HAL_Driver/Src/stm32f4xx_hal_uart.o
 .debug_abbrev  0x00002749      0x530 ./Middlewares/Third_Party/FreeRTOS/Source/CMSIS_RTOS_V2/cmsis_os2.o
 .debug_abbrev  0x00002c79       0xf5 ./Middlewares/Third_Party/FreeRTOS/Source/list.o
 .debug_abbrev  0x00002d6e      0x3b6 ./Middlewares/Third_Party/FreeRTOS/Source/queue.o
 .debug_abbrev  0x00003124      0x3ff ./Middlewares/Third_Party/FreeRTOS/Source/tasks.o
 .debug_abbrev  0x00003523      0x368 ./Middlewares/Third_Party/FreeRTOS/Source/timers.o
 .debug_abbrev  0x0000388b      0x25c ./Middlewares/Third_Party/FreeRTOS/Source/portable/GCC/ARM_CM4F/port.o
 .debug_abbrev  0x00003ae7      0x21d ./Middlewares/Third_Party/FreeRTOS/Source/portable/MemMang/heap_4.o

.debug_aranges  0x00000000     0x1b28
 .debug_aranges
                0x00000000       0xc0 ./Core/Src/main.o
 .debug_aranges
                0x000000c0       0x58 ./Core/Src/pwm.o
 .debug_aranges
                0x00000118       0x88 ./Core/Src/stm32f4xx_hal_msp.o
 .debug_aranges
                0x000001a0       0xa8 ./Core/Src/stm32f4xx_it.o
 .debug_aranges
                0x00000248       0x28 ./Core/Src/system_stm32f4xx.o
 .debug_aranges
                0x00000270       0x28 ./Core/Startup/startup_stm32f407ighx.o
 .debug_aranges
                0x00000298       0xf0 ./Drivers/STM32F4xx_HAL_Driver/Src/stm32f4xx_hal.o
 .debug_aranges
                0x00000388      0x138 ./Drivers/STM32F4xx_HAL_Driver/Src/stm32f4xx_hal_can.o
 .debug_aranges
                0x000004c0      0x120 ./Drivers/STM32F4xx_HAL_Driver/Src/stm32f4xx_hal_cortex.o
 .debug_aranges
                0x000005e0       0x90 ./Drivers/STM32F4xx_HAL_Driver/Src/stm32f4xx_hal_dma.o
 .debug_aranges
                0x00000670       0x58 ./Drivers/STM32F4xx_HAL_Driver/Src/stm32f4xx_hal_gpio.o
 .debug_aranges
                0x000006c8      0x2a8 ./Drivers/STM32F4xx_HAL_Driver/Src/stm32f4xx_hal_i2c.o
 .debug_aranges
                0x00000970       0x88 ./Drivers/STM32F4xx_HAL_Driver/Src/stm32f4xx_hal_rcc.o
 .debug_aranges
                0x000009f8      0x1d0 ./Drivers/STM32F4xx_HAL_Driver/Src/stm32f4xx_hal_spi.o
 .debug_aranges
                0x00000bc8      0x3d0 ./Drivers/STM32F4xx_HAL_Driver/Src/stm32f4xx_hal_tim.o
 .debug_aranges
                0x00000f98      0x168 ./Drivers/STM32F4xx_HAL_Driver/Src/stm32f4xx_hal_tim_ex.o
 .debug_aranges
                0x00001100      0x208 ./Drivers/STM32F4xx_HAL_Driver/Src/stm32f4xx_hal_uart.o
 .debug_aranges
                0x00001308      0x2a8 ./Middlewares/Third_Party/FreeRTOS/Source/CMSIS_RTOS_V2/cmsis_os2.o
 .debug_aranges
                0x000015b0       0x40 ./Middlewares/Third_Party/FreeRTOS/Source/list.o
 .debug_aranges
                0x000015f0      0x158 ./Middlewares/Third_Party/FreeRTOS/Source/queue.o
 .debug_aranges
                0x00001748      0x218 ./Middlewares/Third_Party/FreeRTOS/Source/tasks.o
 .debug_aranges
                0x00001960       0xf0 ./Middlewares/Third_Party/FreeRTOS/Source/timers.o
 .debug_aranges
                0x00001a50       0x80 ./Middlewares/Third_Party/FreeRTOS/Source/portable/GCC/ARM_CM4F/port.o
 .debug_aranges
                0x00001ad0       0x58 ./Middlewares/Third_Party/FreeRTOS/Source/portable/MemMang/heap_4.o

.debug_rnglists
                0x00000000     0x155d
 .debug_rnglists
                0x00000000       0x95 ./Core/Src/main.o
 .debug_rnglists
                0x00000095       0x42 ./Core/Src/pwm.o
 .debug_rnglists
                0x000000d7       0x69 ./Core/Src/stm32f4xx_hal_msp.o
 .debug_rnglists
                0x00000140       0x79 ./Core/Src/stm32f4xx_it.o
 .debug_rnglists
                0x000001b9       0x1a ./Core/Src/system_stm32f4xx.o
 .debug_rnglists
                0x000001d3       0x19 ./Core/Startup/startup_stm32f407ighx.o
 .debug_rnglists
                0x000001ec       0xaf ./Drivers/STM32F4xx_HAL_Driver/Src/stm32f4xx_hal.o
 .debug_rnglists
                0x0000029b       0xee ./Drivers/STM32F4xx_HAL_Driver/Src/stm32f4xx_hal_can.o
 .debug_rnglists
                0x00000389       0xd4 ./Drivers/STM32F4xx_HAL_Driver/Src/stm32f4xx_hal_cortex.o
 .debug_rnglists
                0x0000045d       0x70 ./Drivers/STM32F4xx_HAL_Driver/Src/stm32f4xx_hal_dma.o
 .debug_rnglists
                0x000004cd       0x3f ./Drivers/STM32F4xx_HAL_Driver/Src/stm32f4xx_hal_gpio.o
 .debug_rnglists
                0x0000050c      0x23c ./Drivers/STM32F4xx_HAL_Driver/Src/stm32f4xx_hal_i2c.o
 .debug_rnglists
                0x00000748       0x66 ./Drivers/STM32F4xx_HAL_Driver/Src/stm32f4xx_hal_rcc.o
 .debug_rnglists
                0x000007ae      0x16f ./Drivers/STM32F4xx_HAL_Driver/Src/stm32f4xx_hal_spi.o
 .debug_rnglists
                0x0000091d      0x31a ./Drivers/STM32F4xx_HAL_Driver/Src/stm32f4xx_hal_tim.o
 .debug_rnglists
                0x00000c37      0x125 ./Drivers/STM32F4xx_HAL_Driver/Src/stm32f4xx_hal_tim_ex.o
 .debug_rnglists
                0x00000d5c      0x1bc ./Drivers/STM32F4xx_HAL_Driver/Src/stm32f4xx_hal_uart.o
 .debug_rnglists
                0x00000f18      0x20c ./Middlewares/Third_Party/FreeRTOS/Source/CMSIS_RTOS_V2/cmsis_os2.o
 .debug_rnglists
                0x00001124       0x2b ./Middlewares/Third_Party/FreeRTOS/Source/list.o
 .debug_rnglists
                0x0000114f      0x109 ./Middlewares/Third_Party/FreeRTOS/Source/queue.o
 .debug_rnglists
                0x00001258      0x1ae ./Middlewares/Third_Party/FreeRTOS/Source/tasks.o
 .debug_rnglists
                0x00001406       0xb8 ./Middlewares/Third_Party/FreeRTOS/Source/timers.o
 .debug_rnglists
                0x000014be       0x5d ./Middlewares/Third_Party/FreeRTOS/Source/portable/GCC/ARM_CM4F/port.o
 .debug_rnglists
                0x0000151b       0x42 ./Middlewares/Third_Party/FreeRTOS/Source/portable/MemMang/heap_4.o

.debug_macro    0x00000000     0x3b7c
 .debug_macro   0x00000000      0x346 ./Core/Src/main.o
 .debug_macro   0x00000346      0x17c ./Core/Src/main.o
 .debug_macro   0x000004c2       0x66 ./Core/Src/main.o
 .debug_macro   0x00000528       0x74 ./Core/Src/main.o
 .debug_macro   0x0000059c       0xdd ./Core/Src/main.o
 .debug_macro   0x00000679      0x219 ./Core/Src/pwm.o
 .debug_macro   0x00000892      0x20b ./Core/Src/stm32f4xx_hal_msp.o
 .debug_macro   0x00000a9d      0x31a ./Core/Src/stm32f4xx_it.o
 .debug_macro   0x00000db7      0x1fc ./Core/Src/system_stm32f4xx.o
 .debug_macro   0x00000fb3      0x25c ./Drivers/STM32F4xx_HAL_Driver/Src/stm32f4xx_hal.o
 .debug_macro   0x0000120f      0x20b ./Drivers/STM32F4xx_HAL_Driver/Src/stm32f4xx_hal_can.o
 .debug_macro   0x0000141a      0x1fc ./Drivers/STM32F4xx_HAL_Driver/Src/stm32f4xx_hal_cortex.o
 .debug_macro   0x00001616      0x202 ./Drivers/STM32F4xx_HAL_Driver/Src/stm32f4xx_hal_dma.o
 .debug_macro   0x00001818      0x202 ./Drivers/STM32F4xx_HAL_Driver/Src/stm32f4xx_hal_gpio.o
 .debug_macro   0x00001a1a      0x24a ./Drivers/STM32F4xx_HAL_Driver/Src/stm32f4xx_hal_i2c.o
 .debug_macro   0x00001c64      0x220 ./Drivers/STM32F4xx_HAL_Driver/Src/stm32f4xx_hal_rcc.o
 .debug_macro   0x00001e84      0x20b ./Drivers/STM32F4xx_HAL_Driver/Src/stm32f4xx_hal_spi.o
 .debug_macro   0x0000208f      0x1fd ./Drivers/STM32F4xx_HAL_Driver/Src/stm32f4xx_hal_tim.o
 .debug_macro   0x0000228c      0x1fc ./Drivers/STM32F4xx_HAL_Driver/Src/stm32f4xx_hal_tim_ex.o
 .debug_macro   0x00002488      0x1fd ./Drivers/STM32F4xx_HAL_Driver/Src/stm32f4xx_hal_uart.o
 .debug_macro   0x00002685      0x405 ./Middlewares/Third_Party/FreeRTOS/Source/CMSIS_RTOS_V2/cmsis_os2.o
 .debug_macro   0x00002a8a       0x10 ./Middlewares/Third_Party/FreeRTOS/Source/CMSIS_RTOS_V2/cmsis_os2.o
 .debug_macro   0x00002a9a       0x20 ./Middlewares/Third_Party/FreeRTOS/Source/CMSIS_RTOS_V2/cmsis_os2.o
 .debug_macro   0x00002aba       0x10 ./Middlewares/Third_Party/FreeRTOS/Source/CMSIS_RTOS_V2/cmsis_os2.o
 .debug_macro   0x00002aca       0xf5 ./Middlewares/Third_Party/FreeRTOS/Source/CMSIS_RTOS_V2/cmsis_os2.o
 .debug_macro   0x00002bbf       0x16 ./Middlewares/Third_Party/FreeRTOS/Source/CMSIS_RTOS_V2/cmsis_os2.o
 .debug_macro   0x00002bd5       0x91 ./Middlewares/Third_Party/FreeRTOS/Source/CMSIS_RTOS_V2/cmsis_os2.o
 .debug_macro   0x00002c66       0x8d ./Middlewares/Third_Party/FreeRTOS/Source/CMSIS_RTOS_V2/cmsis_os2.o
 .debug_macro   0x00002cf3       0x9a ./Middlewares/Third_Party/FreeRTOS/Source/CMSIS_RTOS_V2/cmsis_os2.o
 .debug_macro   0x00002d8d       0x22 ./Middlewares/Third_Party/FreeRTOS/Source/CMSIS_RTOS_V2/cmsis_os2.o
 .debug_macro   0x00002daf       0x56 ./Middlewares/Third_Party/FreeRTOS/Source/CMSIS_RTOS_V2/cmsis_os2.o
 .debug_macro   0x00002e05      0x199 ./Middlewares/Third_Party/FreeRTOS/Source/list.o
 .debug_macro   0x00002f9e      0x228 ./Middlewares/Third_Party/FreeRTOS/Source/queue.o
 .debug_macro   0x000031c6       0x16 ./Middlewares/Third_Party/FreeRTOS/Source/queue.o
 .debug_macro   0x000031dc       0x87 ./Middlewares/Third_Party/FreeRTOS/Source/queue.o
 .debug_macro   0x00003263      0x291 ./Middlewares/Third_Party/FreeRTOS/Source/tasks.o
 .debug_macro   0x000034f4       0x10 ./Middlewares/Third_Party/FreeRTOS/Source/tasks.o
 .debug_macro   0x00003504      0x1ee ./Middlewares/Third_Party/FreeRTOS/Source/timers.o
 .debug_macro   0x000036f2       0x97 ./Middlewares/Third_Party/FreeRTOS/Source/timers.o
 .debug_macro   0x00003789      0x233 ./Middlewares/Third_Party/FreeRTOS/Source/portable/GCC/ARM_CM4F/port.o
 .debug_macro   0x000039bc      0x1c0 ./Middlewares/Third_Party/FreeRTOS/Source/portable/MemMang/heap_4.o

.debug_line     0x00000000    0x1dfb6
 .debug_line    0x00000000      0xfa4 ./Core/Src/main.o
 .debug_line    0x00000fa4      0xa5d ./Core/Src/pwm.o
 .debug_line    0x00001a01      0xbdb ./Core/Src/stm32f4xx_hal_msp.o
 .debug_line    0x000025dc      0xb2b ./Core/Src/stm32f4xx_it.o
 .debug_line    0x00003107      0x7c7 ./Core/Src/system_stm32f4xx.o
 .debug_line    0x000038ce       0x7a ./Core/Startup/startup_stm32f407ighx.o
 .debug_line    0x00003948      0xa30 ./Drivers/STM32F4xx_HAL_Driver/Src/stm32f4xx_hal.o
 .debug_line    0x00004378     0x11df ./Drivers/STM32F4xx_HAL_Driver/Src/stm32f4xx_hal_can.o
 .debug_line    0x00005557      0xcf8 ./Drivers/STM32F4xx_HAL_Driver/Src/stm32f4xx_hal_cortex.o
 .debug_line    0x0000624f      0xfa0 ./Drivers/STM32F4xx_HAL_Driver/Src/stm32f4xx_hal_dma.o
 .debug_line    0x000071ef      0xbbc ./Drivers/STM32F4xx_HAL_Driver/Src/stm32f4xx_hal_gpio.o
 .debug_line    0x00007dab     0x3b76 ./Drivers/STM32F4xx_HAL_Driver/Src/stm32f4xx_hal_i2c.o
 .debug_line    0x0000b921      0xda1 ./Drivers/STM32F4xx_HAL_Driver/Src/stm32f4xx_hal_rcc.o
 .debug_line    0x0000c6c2     0x1d2b ./Drivers/STM32F4xx_HAL_Driver/Src/stm32f4xx_hal_spi.o
 .debug_line    0x0000e3ed     0x37d4 ./Drivers/STM32F4xx_HAL_Driver/Src/stm32f4xx_hal_tim.o
 .debug_line    0x00011bc1     0x1a26 ./Drivers/STM32F4xx_HAL_Driver/Src/stm32f4xx_hal_tim_ex.o
 .debug_line    0x000135e7     0x2902 ./Drivers/STM32F4xx_HAL_Driver/Src/stm32f4xx_hal_uart.o
 .debug_line    0x00015ee9     0x237e ./Middlewares/Third_Party/FreeRTOS/Source/CMSIS_RTOS_V2/cmsis_os2.o
 .debug_line    0x00018267      0x73a ./Middlewares/Third_Party/FreeRTOS/Source/list.o
 .debug_line    0x000189a1     0x1704 ./Middlewares/Third_Party/FreeRTOS/Source/queue.o
 .debug_line    0x0001a0a5     0x1ee7 ./Middlewares/Third_Party/FreeRTOS/Source/tasks.o
 .debug_line    0x0001bf8c      0xdc2 ./Middlewares/Third_Party/FreeRTOS/Source/timers.o
 .debug_line    0x0001cd4e      0x903 ./Middlewares/Third_Party/FreeRTOS/Source/portable/GCC/ARM_CM4F/port.o
 .debug_line    0x0001d651      0x965 ./Middlewares/Third_Party/FreeRTOS/Source/portable/MemMang/heap_4.o

.debug_str      0x00000000    0xdc4a4
 .debug_str     0x00000000    0xd0e9c ./Core/Src/main.o
                              0xd1306 (size before relaxing)
 .debug_str     0x000d0e9c      0x16c ./Core/Src/pwm.o