../Core/Src/main.c:143:5:main	8	static
../Core/Src/main.c:238:6:SystemClock_Config	88	static
../Core/Src/main.c:288:13:MX_CAN1_Init	8	static
../Core/Src/main.c:325:13:MX_CAN2_Init	8	static
../Core/Src/main.c:362:13:MX_SPI1_Init	8	static
../Core/Src/main.c:400:13:MX_TIM1_Init	80	static
../Core/Src/main.c:477:13:MX_TIM4_Init	64	static
../Core/Src/main.c:536:13:MX_TIM8_Init	80	static
../Core/Src/main.c:609:13:MX_USART1_UART_Init	8	static
../Core/Src/main.c:642:13:MX_USART3_UART_Init	8	static
../Core/Src/main.c:675:13:MX_USART6_UART_Init	8	static
../Core/Src/main.c:706:13:MX_DMA_Init	16	static
../Core/Src/main.c:737:13:MX_GPIO_Init	64	static
../Core/Src/main.c:786:6:TaskMain	16	static
../Core/Src/main.c:820:6:TaskChassis	48	static
../Core/Src/main.c:883:6:Error_Handler	4	static,ignoring_inline_asm
